2026-06-15 12:31:45,696 start
2026-06-15 12:31:45,696 articletxt/1358.txt
2026-06-15 12:31:45,696 TITLE: Assess a new strategy and develop a new mixer to improve anaerobic microbial activities and clean biogas production Title of processing article
2026-06-15 12:32:17,585 {
  "pretreatments": [
    {
      "id": 0,
      "description": "Mechanical size reduction of kitchen waste using a cutter and home-type coffee grinder to produce fine particles with a diameter lower than 4 mm."
    },
    {
      "id": 1,
      "description": "Anaerobization via nitrogen gas (N2 99%) injection into 1.8 L vessels for up to 5 minutes, maintaining anaerobic conditions for 5 days prior to digestion."
    },
    {
      "id": 2,
      "description": "Chemical pretreatment using sodium hydroxide (NaOH) applied at varying concentrations ranging from 0% to 4% of the total substrate weight."
    },
    {
      "id": 3,
      "description": "Chemical pretreatment using hydrogen peroxide (H2O2) applied at varying concentrations ranging from 0% to 4% of the total substrate weight."
    }
  ]
}
2026-06-15 12:32:47,160 articletxt/1569.txt
2026-06-15 12:32:47,160 TITLE: Enhancement of anaerobic digestion efficiency of wastewater sludge and olive waste: Synergistic effect of co-digestion and ultrasonic/microwave sludge pre-treatment Title of processing article
2026-06-15 12:33:13,070 {
  "pretreatments": [
    {
      "id": 0,
      "description": "Mechanical shredding and blending of olive pomace using a blender to reduce the substrate into small particles prior to reactor addition."
    },
    {
      "id": 1,
      "description": "Ultrasonic pre-treatment of wastewater sludge using an ultrasonic homogeniser at a frequency of 20 kHz, 70% amplitude, and 200 W power for durations of 15 and 30 minutes, corresponding to specific energies of 15,000 and 25,000 kJ/kg TS."
    },
    {
      "id": 2,
      "description": "Microwave thermal pre-treatment of wastewater sludge using a microwave digestion unit applied at 175 °C and 2000 kPa for 30 minutes to induce thermal disintegration."
    }
  ]
}
2026-06-15 12:33:32,293 articletxt/542.txt
2026-06-15 12:33:32,293 TITLE: Enhancing volatile fatty acid (VFA) and bio-methane production from lawn grass with pretreatment Title of processing article
2026-06-15 12:34:06,222 {
  "pretreatments": [
    {
      "id": 0,
      "description": "Size reduction: Mechanical grinding of residential grass clippings using a hammer mill to reduce particle size to less than 1 mm, followed by sieving through a 42 mesh Tyler Standard Screen Scale to obtain particles smaller than 0.354 mm (and separately selecting 0.354–0.5 mm particles for specific experimental sets)."
    },
    {
      "id": 1,
      "description": "Ozone pretreatment: Adjustment of grass particles to 90% moisture content, followed by exposure to ozone in an enclosed stainless steel reactor under semi-continuous mode at a concentration of 5.3% (w/w) and flow rate of 2000 ml/min for 10 minutes, yielding an ozone dose of 0.79 g O3/g TS."
    },
    {
      "id": 2,
      "description": "Soaking aqueous ammonia (SAA) pretreatment: Soaking grass waste in a 28–30% ammonium hydroxide solution at a solid-to-liquid ratio of 2:10 at 50°C for 24 hours under static conditions without agitation."
    },
    {
      "id": 3,
      "description": "Ozone combined with SAA (OSAA) pretreatment: Sequential treatment process consisting of ozone exposure for 10 minutes followed immediately by soaking in aqueous ammonia solution for 6 hours."
    }
  ]
}
2026-06-15 12:34:43,777 articletxt/1117.txt
2026-06-15 12:34:43,777 TITLE: Enhancing methane production from dewatered waste activated sludge through alkaline and photocatalytic pretreatment Title of processing article
2026-06-15 12:35:13,787 {
  "pretreatments": [
    {
      "id": 0,
      "description": "Mechanical thickening and dewatering: The collected WAS was thickened and the settled fraction was dewatered using a sand drying bed prior to storage."
    },
    {
      "id": 1,
      "description": "Alkaline pretreatment: DWAS was treated with NaOH solutions at concentrations of 0.2, 0.4, 0.6, and 0.8% w/v (corresponding to 2, 4, 6, and 8 g NaOH/100 g TS). The mixture was stirred for 5 min at 200 rpm, incubated for 3 h at 37 °C, and neutralized to pH 7 using H2SO4."
    },
    {
      "id": 2,
      "description": "Photocatalytic pretreatment: DWAS was treated with TiO2 nanoparticles at doses of 0.3, 0.4, 0.5, and 0.6 g/L. The suspension underwent continuous stirring for 3 h at 37 °C while irradiated by four UV-B lamps (100 W each, 320 nm wavelength)."
    }
  ]
}
2026-06-15 12:35:35,325 articletxt/833.txt
2026-06-15 12:35:35,325 TITLE: Enhanced mesophilic anaerobic digestion of food waste by thermal pretreatment: Substrate versus digestate heating Title of processing article
2026-06-15 12:35:59,374 {
  "pretreatments": [
    {
      "id": 0,
      "description": "Mechanical blending and homogenization of various foods (fruits, vegetables, meat, rice, paste, and dairy products) to prepare a fresh synthetic food waste slurry for each experimental set."
    },
    {
      "id": 1,
      "description": "Thermophilic pretreatment (TPP) where both the substrate and inoculum are mixed together and heated at temperatures ranging from 50 to 80 °C for durations between 6 and 48 hours prior to cooling to mesophilic digestion conditions."
    },
    {
      "id": 2,
      "description": "Conventional thermal pretreatment (CTP) where only the substrate is heated at temperatures ranging from 50 to 80 °C for durations between 6 minutes and 1.5 hours (and up to 12 hours in comparative tests) before the inoculum is added."
    }
  ]
}
2026-06-15 12:36:14,976 articletxt/937.txt
2026-06-15 12:36:14,977 TITLE: Assessment of organosolv, hydrothermal, and combined organosolv and hydrothermal with enzymatic pretreatment to increase the production of biogas from Napier grass and Napier silage Title of processing article
2026-06-15 12:36:57,599 {
  "pretreatments": [
    {
      "id": 0,
      "description": "Mechanical size reduction: Napier grass was chopped using a forage chopper to a particle size of approximately 5 cm × 5 cm and subsequently ground in a food blender until it passed through a 40-mesh screen (<0.425 mm) to achieve fine particulate substrate."
    },
    {
      "id": 1,
      "description": "Ensiling (anaerobic fermentation): Chopped Napier grass was placed in a closed container and allowed to undergo self-fermentation for two weeks, altering the chemical composition by forming volatile fatty acids, lactic acid, ammonia, and alcohols."
    },
    {
      "id": 2,
      "description": "Organosolv pretreatment: Biomass was mixed with 50% (v/v) aqueous ethanol at a solid-to-liquid ratio of 1:10, with or without the addition of 1% (w/w) catalysts (H2SO4, HCl, CH3COOH, or NaOH), and heated in high-pressure stainless-steel vessels at 190 °C for reaction times of 15, 30, 45, or 60 min."
    },
    {
      "id": 3,
      "description": "Hydrothermal pretreatment: Biomass was mixed with distilled water, with or without the addition of 1% (w/w) catalysts (H2SO4, HCl, CH3COOH, or NaOH), and heated at 190 °C for reaction times of 15, 30, 45, or 60 min to utilize water auto-ionization for hemicellulose hydrolysis."
    },
    {
      "id": 4,
      "description": "Enzymatic hydrolysis pretreatment: Solid residues were mixed with 50 mM sodium citrate buffer at pH 5.0, sterilized at 121 °C for 15 min, and incubated with Cellic® CTec2 enzyme at an activity of 20 FPU/g-substrate at 50 °C with shaking at 150 rpm for 72 h to convert structural carbohydrates into fermentable sugars."
    },
    {
      "id": 5,
      "description": "Enzyme-only pretreatment control: Napier grass or silage was treated solely with Cellic® CTec2 enzyme at 20 FPU/g-substrate in citrate buffer (pH 5.0) at 50 °C for 72 h, without prior organosolv or hydrothermal treatment."
    },
    {
      "id": 6,
      "description": "Untreated substrate control: Napier grass or silage subjected only to mechanical size reduction and ensiling, with no additional chemical, thermal, or enzymatic treatments applied prior to anaerobic digestion."
    }
  ]
}
2026-06-15 12:37:54,990 articletxt/752.txt
2026-06-15 12:37:54,990 TITLE: Accelerated biomethane production from lignocellulosic biomass: Pretreated by mixed enzymes secreted by Trichoderma viride and Aspergillus sp. Title of processing article
2026-06-15 12:38:21,499 {
  "pretreatments": [
    {
      "id": 0,
      "description": "Mechanical size reduction: Maize straw was chopped to pieces of 5-8 cm using a manual chopper and ground with a FZ-102 Mini Plant Grinder to obtain MS powder with a particle size less than 2 mm."
    },
    {
      "id": 1,
      "description": "Enzymatic pretreatment: 9 g of dry MS powder was combined with 50 mL of crude enzyme solution (mixed at varying ratios of Trichoderma viride to Aspergillus sp. extracts: 5/0, 4/1, 3/2, 2/3, 1/4, and 0/5) in a 1 L reagent bottle and incubated at 50 °C for 6 days. A control treatment was performed using 50 mL of deionized water under identical conditions."
    }
  ]
}
2026-06-15 12:38:34,352 articletxt/52.txt
2026-06-15 12:38:34,352 TITLE: Integration of subcritical water pretreatment and anaerobic digestion technologies for valorization of açai processing industries residues Title of processing article
2026-06-15 12:38:53,735 {
  "pretreatments": [
    {
      "id": 0,
      "description": "Mechanical degradation (milling) of açai seeds using a mill equipped with a 1 mm sieve."
    },
    {
      "id": 1,
      "description": "Subcritical water hydrothermal pretreatment applied at a constant pressure of 15 MPa and solid-to-water ratio of 80 g water per g of seed, with temperatures evaluated at 170 °C and 200 °C for a residence/hydrolysis time of 20 minutes."
    }
  ]
}
2026-06-15 12:39:08,425 articletxt/1619.txt
2026-06-15 12:39:08,425 TITLE: TiO2 - chitosan thin film induced solar photocatalytic deflocculation of sludge for profitable bacterial pretreatment and biofuel production Title of processing article
2026-06-15 12:39:39,520 {"pretreatments":[{"id":0,"description":"Solar photocatalytic deflocculation using TiO2-chitosan nanocomposite thin film (TCTF), where sludge in a glass tray is treated with the optimized TCTF dosage and exposed to solar radiation for 25 minutes."},{"id":1,"description":"Enzyme-secreting bacterial disintegration via inoculation with Bacillus jerish strains (KC597266 and KC597267) at 1 g dry cell weight/L, incubated at 40°C under constant mixing for 42 hours while maintaining pH at 6.5."},{"id":2,"description":"Solar photocatalytic treatment using suspended TiO2 nanoparticles (dosages ranging from 0.01 to 0.1 g/g SS) mixed with sludge and exposed to solar radiation for 15 minutes."}]}
2026-06-15 12:40:00,924 articletxt/768.txt
2026-06-15 12:40:00,924 TITLE: Examining the mechanisms of short-term solubilization of ground food waste for high-rate anaerobic digestion Title of processing article
2026-06-15 12:40:36,463 {
  "pretreatments": [
    {
      "id": 0,
      "description": "Mechanical grinding: Standard food waste was macerated using three bench-scale methods: an in-sink food disposer with a 0.75 cm strainer hole size, a manual meat grinder with medium extrusion plates (1.0 cm openings), and a manual meat grinder with small extrusion plates (0.5 cm openings). The primary mechanism for particle size reduction was the shear action of a helical impeller against the grinder wall, which ruptured cells and disrupted tissues."
    },
    {
      "id": 1,
      "description": "Enzymatic treatment: A commercial digestive enzyme formulation (Digest®) containing cellulases, amylases, proteases, and lipases derived from Aspergillus niger and Aspergillus oryzae was added in excess at a dosage rate of 1 g per 10 g of food waste to enable maximum short-term hydrolysis kinetics."
    },
    {
      "id": 2,
      "description": "Chemical buffering: The ground substrate was diluted with deionized water to 3.5 g COD L⁻¹ and buffered using a phosphate buffer (0.5 M NaOH titrated into 0.5 M KH₂PO₄) to maintain a stable pH of 6.5, thereby excluding pH inhibition during the solubilization phase."
    },
    {
      "id": 3,
      "description": "Thermal conditioning: The pretreated substrate in assay beakers was incubated at a constant temperature of 35 °C using a controlled water bath under static conditions for an 8-hour period to facilitate the solubilization process."
    }
  ]
}
2026-06-15 12:41:05,429 articletxt/105.txt
2026-06-15 12:41:05,429 TITLE: Accelerated high-solids anaerobic digestion of sewage sludge using low-temperature thermal pretreatment Title of processing article
2026-06-15 12:41:23,241 {
  "pretreatments": [
    {
      "id": 0,
      "description": "Dilution of dewatered sewage sludge with deionized water to adjust the total solids (TS) concentration to 15% for use as the experimental substrate."
    },
    {
      "id": 1,
      "description": "Low-temperature thermal pretreatment conducted by sealing sludge samples in stainless steel tubes and submerging them in a thermostatic water bath at temperatures between 50 °C and 80 °C for durations of 15 to 90 min (measured from the moment the target temperature is reached), followed by rapid cooling in cold water down to 33 °C."
    }
  ]
}
2026-06-15 12:41:37,449 articletxt/1127.txt
2026-06-15 12:41:37,449 TITLE: Enhanced simultaneous saccharification and fermentation of Napier grass and Napier silage for two stage bio-hydrogen and methane production using organosolv and hydrothermal Title of processing article
2026-06-15 12:42:09,655 {
  "pretreatments": [
    {
      "id": 0,
      "description": "Mechanical size reduction: Dried Napier grass and Napier silage were blended using a food blender and passed through a 40-mesh screen to obtain particles smaller than 0.425 mm."
    },
    {
      "id": 1,
      "description": "Organosolv pretreatment: The milled biomass was heated in stainless-steel vessels at 190 °C for 60 min using 50% (v/v) aqueous ethanol as the solvent. Catalysts applied included 1% w/w sodium hydroxide for Napier grass, 1% w/w sulfuric acid for Napier silage, and a non-catalyzed auto-catalyzed control."
    },
    {
      "id": 2,
      "description": "Hydrothermal pretreatment: The milled biomass was heated in stainless-steel vessels at 190 °C for 60 min using distilled water as the solvent. A catalyst of 1% w/w sulfuric acid was applied to both Napier grass and silage, alongside a non-catalyzed auto-catalyzed control."
    }
  ]
}
2026-06-15 12:42:43,837 articletxt/1325.txt
2026-06-15 12:42:43,837 TITLE: Biorefinery for efficient xanthan gum, ethanol, and biogas production from potato crop residues Title of processing article
2026-06-15 12:43:08,362 {
  "pretreatments": [
    {
      "id": 0,
      "description": "Ball-milling followed by sieving through 20 and 80 mesh screens to collect homogenized particles with a size of less than 1 mm."
    },
    {
      "id": 1,
      "description": "Thermal treatment conducted in a pressure reactor at temperatures of 120, 140, or 180 °C for a duration of 60 minutes."
    },
    {
      "id": 2,
      "description": "Chemical solvent treatment involving mixing the substrate with an ethanol-water solution at concentrations of 50% or 75% (v/v) as the organosolv medium."
    },
    {
      "id": 3,
      "description": "Chemical acid catalyst treatment consisting of adding 1% (w/w) sulfuric acid (H2SO4) to the organosolv solution during pretreatment."
    },
    {
      "id": 4,
      "description": "Enzymatic hydrolysis applying a commercial enzyme mixture (Cellic CTec2 and Cellic HTec2 in a 1:9 ratio, activity of 20 FPU per gram of dry substrate) in sodium citrate buffer (50 mM, pH 4.8) at 45 ± 1 °C for 72 hours under shaking at 120 rpm."
    }
  ]
}
2026-06-15 12:43:42,774 articletxt/588.txt
2026-06-15 12:43:42,775 TITLE: Assessment of pretreatment and digestion temperature on anaerobic digestion of whiskey byproducts and microbial taxonomy Title of processing article
2026-06-15 12:44:09,972 {
  "pretreatments": [
    {
      "id": 0,
      "description": "Steam pretreatment (thermal) conducted in an autoclave at 135 °C for 15 minutes without any added chemicals, used to investigate the effect of the inherent low pH of thin and thick stillage during thermal heating."
    },
    {
      "id": 1,
      "description": "Dilute sulfuric acid chemical pretreatment combined with thermal treatment, involving the addition of H2SO4 to a final concentration of 2% v/v followed by autoclaving at 135 °C for 15 minutes. After cooling to room temperature, the pH was adjusted to 6.5–7.0 using 1 M NaOH solution."
    }
  ]
}
2026-06-15 12:44:28,608 articletxt/676.txt
2026-06-15 12:44:28,608 TITLE: Improving the methane production from zucchini stem by response surface methodology and different pretreatments Title of processing article
2026-06-15 12:45:02,485 {
  "pretreatments": [
    {
      "id": 0,
      "description": "Mechanical shredding of zucchini stems into particles with a size of approximately 3-5 mm."
    },
    {
      "id": 1,
      "description": "KOH chemical pretreatment using concentrations of 1%, 2%, 3%, and 4% (mass fraction), applied at a moisture content of 95% for 24 hours at room temperature, followed by separation from the liquid."
    },
    {
      "id": 2,
      "description": "Ca(OH)₂ chemical pretreatment using concentrations of 1%, 2%, 3%, and 4% (mass fraction), applied at a moisture content of 95% for 24 hours at room temperature, followed by separation from the liquid."
    },
    {
      "id": 3,
      "description": "NaOH chemical pretreatment using concentrations of 1%, 2%, 3%, and 4% (mass fraction), applied at a moisture content of 95% for 24 hours at room temperature, followed by separation from the liquid."
    },
    {
      "id": 4,
      "description": "AHP (alkaline hydrogen peroxide) chemical pretreatment using concentrations of 1%, 2%, 3%, and 4% (mass fraction) with pH adjusted to 11.5 using NaOH, applied at a moisture content of 95% for 24 hours at room temperature, followed by separation from the liquid."
    },
    {
      "id": 5,
      "description": "HCl chemical pretreatment using concentrations of 1%, 2%, 3%, and 4% (mass fraction), applied at a moisture content of 95% for 24 hours at room temperature, followed by separation from the liquid."
    },
    {
      "id": 6,
      "description": "Microwave (MW) physical pretreatment applying power levels of 300 W, 500 W, and 700 W for 10 minutes to substrates at a moisture content of 95%, followed by separation from the liquid."
    }
  ]
}
2026-06-15 12:45:52,606 articletxt/837.txt
2026-06-15 12:45:52,606 TITLE: Kinetics of thermophilic batch anaerobic digestion of thermal hydrolysed waste activated sludge Title of processing article
2026-06-15 12:46:13,999 {"pretreatments":[{"id":0,"description":"Thermal pretreatment (thermal hydrolysis) performed in a 10 L agitated autoclave containing approximately 6 L of sludge. Two heating modes were utilized: electric mode and steam injection mode. The process was conducted at multiple temperatures: 110 °C, 165 °C, and 220 °C in electric mode, and 165 °C in steam mode. Once the target temperature was reached, treatments lasted for 30 minutes. This pretreatment aimed to disintegrate particulate organic matter, transferring it to the soluble phase (<0.45 μm), and was evaluated based on the solubilisation of COD and volatile solids prior to thermophilic batch anaerobic digestion."}]}
2026-06-15 12:46:19,651 articletxt/1556.txt
2026-06-15 12:46:19,652 TITLE: Agave tequilana bagasse for methane production in batch and sequencing batch reactors: Acid catalyst effect, batch optimization and stability of the semi-continuous process Title of processing article
2026-06-15 12:46:46,034 {
  "pretreatments": [
    {
      "id": 0,
      "description": "Mechanical degradation: The raw Agave tequilana bagasse fibers were processed using a blade mill to reduce their size to an average length of 0.5 cm."
    },
    {
      "id": 1,
      "description": "Chemical pretreatment (Acid hydrolysis): The milled bagasse was dispersed at a solid loading of 5% (w/v) in solutions of either hydrochloric acid (HCl) or sulfuric acid (H2SO4) serving as catalysts. Acid concentrations were systematically varied and optimized, with final optimal conditions reaching approximately 1.8-1.9%."
    },
    {
      "id": 2,
      "description": "Thermal pretreatment: The bagasse-acid mixture was heated in an oven for varying durations (optimized between 103 and 133 minutes) and at different temperatures (optimized between 119 °C and 157 °C) to depolymerize the holocellulose fractions and release fermentable sugars."
    }
  ]
}
2026-06-15 12:47:06,404 articletxt/1263.txt
2026-06-15 12:47:06,404 TITLE: Cleaner energy for cleaner production: Modeling and optimization of biogas generation from Carica papayas (Pawpaw) fruit peels Title of processing article
2026-06-15 12:47:31,445 {
  "pretreatments": [
    {
      "id": 0,
      "description": "Mechanical treatment: The biomass was ground into ≤20 mm mesh sizes using a hammer mill."
    },
    {
      "id": 1,
      "description": "Thermal treatment: The substrate underwent heating at 80 °C for 60 minutes in a water bath."
    },
    {
      "id": 2,
      "description": "Chemical (alkaline) treatment: The substrate was treated with 3 g of NaOH per 100 g of total solids at 55 °C for 24 hours, maintaining a solid loading of 35 g TS/L."
    }
  ]
}
2026-06-15 12:47:47,299 articletxt/485.txt
2026-06-15 12:47:47,299 TITLE: Mechanical pretreatments of different agri-based feedstock in full-scale biogas plants under real operational conditions Title of processing article
2026-06-15 12:48:16,270 {
  "pretreatments": [
    {
      "id": 0,
      "description": "Knife Milling (KM): Applied to substrates with total solids content higher than 85%. Operates inside a milling chamber containing mobile milling elements mounted on a central shaft. It applies mechanical forces to disaggregate solid particles and slice fibers through cutting fragments and dissociating lignocellulosic biomass via impact and shear between the knives and an internal sieve. This process produces small chopped pieces, reduces coarse particles (>5 mm) by 99%, and increases specific surface area by up to 189%."
    },
    {
      "id": 1,
      "description": "Hammer Milling (HM): Applied to substrates with total solids content ranging between 20% and 85%. Consists of a rotor equipped with a set of attached hammers that turn and impact the feed material against a breaker plate. Mechanical stress is driven by an impact zone and compression forces resulting from collisions between the hammers and the breaker plate, which remove fragments and dissociate pieces into long thin fibers. This treatment reduces particles >5 mm by 33% and increases specific surface area by 17%."
    },
    {
      "id": 2,
      "description": "Extrusion (EX): Raw materials are fed into one end of a system where a driving screw transports them along a barrel. As the material moves, it is subjected to friction heat, mixing, and vigorous shearing forces upon pressure release at the finishing end. The primary mechanical stresses arise from shear and friction between the rotating screw and the extruder walls, causing considerable abrasion, breakdown of cell walls, and structural deformation. This treatment reduces particles >5 mm by 40% and increases specific surface area by 63%."
    },
    {
      "id": 3,
      "description": "Wet Shredding: Implemented as a wet shredder integrated with a heavy material separator within the pretreatment line. It homogenizes fluid substrates and performs initial size reduction while protecting downstream equipment from foreign matter damage, blockages, and pump clogging. Acts on solid and liquid substrate mixtures before subsequent cavitation treatment, modifying the physical structure and rheology of the feedstock."
    },
    {
      "id": 4,
      "description": "Hydrodynamic Cavitation: Utilizes a stator and rotor assembly where a solid cylinder rotor (connected to a variable frequency drive) controls rotation speed, energy input, and cavitation intensity. The process generates cavitation through the formation, growth, and implosive collapse of microbubbles in the liquid carrier. This implosion creates extreme localized temperature and pressure, along with massive shear forces that disintegrate lignocellulosic structures, making fibers more accessible to microbial degradation. Applied in recirculation on digestate, it reduces particles >5 mm by 50% and increases specific surface area by 9%."
    }
  ]
}
2026-06-15 12:48:48,802 articletxt/1798.txt
2026-06-15 12:48:48,802 TITLE: Biological pre-hydrolysis and thermal pretreatment applied for anaerobic digestion improvement: Kinetic study and statistical variable selection Title of processing article
2026-06-15 12:49:13,684 {
  "pretreatments": [
    {
      "id": 0,
      "description": "Mechanical degradation: The received food waste was mixed with a kitchen blender to reduce particle size prior to experimental use."
    },
    {
      "id": 1,
      "description": "Thermal pretreatment (TP): Substrate samples were placed in an oven and subjected to five different temperatures (60, 80, 100, 120, and 140 °C). Treatment durations were set to 1 hour for the 60 and 80 °C conditions, and 30 minutes for the 100, 120, and 140 °C conditions."
    },
    {
      "id": 2,
      "description": "Biological pre-hydrolysis (BPH): Food waste was mixed with anaerobic inoculum at a 10:1 (w/w) ratio and placed in 1 L glass vessels. The vessels were flushed with nitrogen gas for five minutes and then incubated for 40 hours under varying temperature profiles: constant 37 °C, constant 55 °C, a sequential shift from 37 °C (20 h) to 55 °C (20 h), and a sequential shift from 55 °C (20 h) to 37 °C (20 h)."
    }
  ]
}
2026-06-15 12:49:45,785 articletxt/930.txt
2026-06-15 12:49:45,785 TITLE: The selection of pretreatment options for anaerobic digestion (AD): A case study in olive oil waste production Title of processing article
2026-06-15 12:50:34,217 {
  "pretreatments": [
    {
      "id": 0,
      "description": "Basic pretreatment (BP): Addition of 2 N NaOH to the mixture until pH 12 is reached, followed by stirring at 70 rpm for 24 hours at 30 ± 1 °C. The broth is neutralized with 2 N HCl before inoculum addition."
    },
    {
      "id": 1,
      "description": "FeSO₄ salt pretreatment (SP_FeII): Acidification of the reaction medium to pH 2 using 2 N HCl, mixed at ambient temperature for 30 minutes at 70 rpm. FeSO₄ solid salt is added to achieve a 5 g/L concentration, followed by mixing at 70 rpm and 30 ± 1 °C for 24 hours. Finally, the pH is neutralized with 2 N NaOH."
    },
    {
      "id": 2,
      "description": "FeCl₃ salt pretreatment (SP_FeIII): Procedure identical to the FeSO₄ pretreatment, but using FeCl₃ as the specific additive salt to achieve a 5 g/L concentration."
    },
    {
      "id": 3,
      "description": "MnSO₄ salt pretreatment (SP_Mn): Procedure identical to the FeSO₄ pretreatment, but using MnSO₄·H₂O as the specific additive salt to achieve a 5 g/L concentration."
    },
    {
      "id": 4,
      "description": "CaCO₃ salt pretreatment (SP_Ca): Addition of CaCO₃ solid salt to achieve a 5 g/L concentration without prior acidification. The mixture is mixed at 70 rpm and 30 ± 1 °C for 24 hours, followed by pH adjustment to approximately 7 using 2 N NaOH."
    },
    {
      "id": 5,
      "description": "Ultrasonic pretreatment (USP): Application of ultrasonic rays at 30 °C and atmospheric pressure using a 1.8 kW power source in an ultrasonic bath containing tap water. Two energy doses were evaluated: a high dose of 8000 kJ/L and an energy-sustainable dose of 750 kJ/L, applied for varying durations to achieve the target energy per unit volume."
    },
    {
      "id": 6,
      "description": "Water dilution (WP): Dilution of the OP and OMWW feed mixture with tap water to adjust the total solid concentration to approximately 10% w/w (or a mixture concentration of ~120 g/L)."
    }
  ]
}
2026-06-15 12:51:24,178 articletxt/625.txt
2026-06-15 12:51:24,178 TITLE: Effect of ultrasonic assisted KOH pretreatment on physiochemical characteristic and anaerobic digestion performance of wheat straw Title of processing article
2026-06-15 12:51:50,652 {
  "pretreatments": [
    {
      "id": 0,
      "description": "Mechanical degradation: Wheat straw was chopped into 5–10 cm pieces using a paper chopper, then crushed to a mesh size of 5-10 mm using a hammer mill (Fe130, Staida Co., Tianjin)."
    },
    {
      "id": 1,
      "description": "Alkaline chemical pretreatment: Substrate was treated with potassium hydroxide (KOH) at concentrations of 2%, 4%, and 6% (w/w), maintaining a wheat straw to KOH to water ratio of 1:0.02–0.06:6 (w/w). The KOH solution was allowed to equilibrate for 3–5 minutes to prevent exothermic heat effects before being thoroughly mixed with the biomass."
    },
    {
      "id": 2,
      "description": "Ultrasonic pretreatment: Applied using an ultrasonic bath (KH5200DE) at a constant frequency of 20 kHz and ambient temperature (~22°C). The treatment lasted 36 hours until pH stabilization, with the bath water level maintained above the biomass containers to ensure maximum cavitation effects. Each run processed 50 g TS/L of wheat straw in triplicate."
    }
  ]
}
2026-06-15 12:52:05,525 articletxt/1515.txt
2026-06-15 12:52:05,525 TITLE: Effect of pretreatments on cellulosic composition and morphology of pine needle for possible utilization as substrate for anaerobic digestion Title of processing article
2026-06-15 12:52:22,188 {
  "pretreatments": [
    {
      "id": 0,
      "description": "Milling (mechanical treatment): Naturally dried pine needles were ground using an electric blender and subsequently sieved through a mesh of 20 mesh size to achieve particle size reduction and initial physical breakdown."
    },
    {
      "id": 1,
      "description": "Steam explosion (thermal/mechanical treatment): The milled pine needle samples were autoclaved in a flask plugged with non-absorbent cotton at 121 °C for 30 minutes to apply high-pressure steam and disrupt the lignocellulosic matrix."
    },
    {
      "id": 2,
      "description": "Acid-base-acid pretreatment (chemical treatment): The pine needle biomass was repeatedly exposed to alternating cycles of acid (HCl) and alkali (NaOH) with a cycle duration of 30 minutes each, continuing until the resulting wash-out liquid was clear."
    }
  ]
}
2026-06-15 12:52:50,118 articletxt/2.txt
2026-06-15 12:52:50,118 TITLE: Effect of hydrothermal pretreatment on Miscanthus anaerobic digestion Title of processing article
2026-06-15 12:53:18,349 {
  "pretreatments": [
    {
      "id": 0,
      "description": "Mechanical size reduction and screening: The Miscanthus biomass was broken with a paper cutter and subsequently screened to collect particles that passed through a 20-mesh sieve and were retained by a 40-mesh sieve."
    },
    {
      "id": 1,
      "description": "Hydrothermal pretreatment: A mixture of 2.5 g of Miscanthus particles and 25 mL of distilled water was sealed in stainless steel reactors and heated at temperatures of 125, 150, 175, and 200 °C for 30 minutes with continuous mixing at 20 rpm in a high-temperature rotation chamber. Following the treatment, the reactors were cooled to room temperature using cold water."
    }
  ]
}
2026-06-15 12:53:33,622 articletxt/333.txt
2026-06-15 12:53:33,622 TITLE: Chemical pretreatment of lignocellulosic agroindustrial waste for methane production Title of processing article
2026-06-15 12:54:23,915 {
  "pretreatments": [
    {
      "id": 0,
      "description": "Mechanical size reduction/comminution applied during substrate preparation to disrupt physical structure and increase accessible surface area. Winery waste and juice industry waste were comminuted without drying using a food processor, while cotton gin waste was processed through a universal cutting mill to achieve a particle size of less than 500 μm prior to subsequent chemical treatments."
    },
    {
      "id": 1,
      "description": "Alkaline chemical pretreatment using sodium hydroxide (NaOH) as the reactive reagent. Conducted under varying dosages, process durations, and temperatures (25, 60, or 90 °C) across three operational condition sets to swell lignocellulosic materials via solvation and saponification reactions, followed by centrifugation at 3900 rpm for 15 min and filtration."
    },
    {
      "id": 2,
      "description": "Alkaline chemical pretreatment utilizing sodium bicarbonate (NaHCO3) under variable reagent dosages, exposure times, and thermal conditions (25–90 °C) to promote lignin degradation and solubilization, with post-treatment separation achieved via centrifugation and 0.45 μm filtration."
    },
    {
      "id": 3,
      "description": "Saline chemical pretreatment employing sodium chloride (NaCl) inorganic salts to degrade hemicellulose and remove loosely bound lignin fractions. Applied across different condition sets with varying concentrations, temperatures, and durations, followed by solid-liquid separation."
    },
    {
      "id": 4,
      "description": "Acidic chemical pretreatment using citric acid (H3Cit) to disrupt covalent bonds, hydrogen bonds, and Van der Waals forces in cellulose and hemicellulose structures. Executed under multiple dosages and thermal regimes (25, 60, 90 °C), then centrifuged and filtered to isolate treated solids."
    },
    {
      "id": 5,
      "description": "Acidic chemical pretreatment conducted with acetic acid (AcOH) to hydrolyze hemicellulose and cellulose components by breaking structural bonds. Operated under varied dosages, durations, and temperatures, with subsequent recovery of solid fractions via centrifugation and filtration."
    },
    {
      "id": 6,
      "description": "Oxidative chemical pretreatment utilizing hydrogen peroxide (H2O2) to degrade lignin and hemicellulose through strong oxidation and hydroxyl radical release, making cellulose more accessible. Applied across three condition sets with varying thermal and dosage parameters, followed by centrifugation at 3900 rpm for 15 min."
    },
    {
      "id": 7,
      "description": "Organic solvent chemical pretreatment employing acetone (Me2CO) to solubilize hemicellulose and partially hydrolyze lignin by affecting internal lignin bonds and lignin-hemicellulose linkages. Conducted under specific dosages, temperatures, and exposure times, then separated via centrifugation and filtration."
    },
    {
      "id": 8,
      "description": "Organic solvent chemical pretreatment using ethanol (EtOH) to dissolve hemicellulose and hydrolyze lignin fractions. Applied at varying reagent amounts, process durations, and temperatures (25, 60, 90 °C), with post-treatment solid recovery achieved through centrifugation at 3900 rpm for 15 min and filtration."
    },
    {
      "id": 9,
      "description": "Thermal treatment applied to substrate slurries using either an incubator (25 °C) or an oven (60 and 90 °C) for predetermined durations ranging up to 24 hours across three condition sets. This heating step was utilized to maintain constant temperature during chemical reactions and enhance solubilization kinetics prior to solid-liquid separation."
    }
  ]
}
2026-06-15 12:55:30,361 articletxt/815.txt
2026-06-15 12:55:30,362 TITLE: Understanding the role of mechanical pretreatment before anaerobic digestion: Lab-scale investigations Title of processing article
2026-06-15 12:56:01,798 {
  "pretreatments": [
    {
      "id": 0,
      "description": "Lab-scale shredding (I-PT): Applied using a low-speed knife mill to reduce the particle size of agricultural feedstocks, specifically targeting and breaking down larger fibers and particles greater than 20 mm."
    },
    {
      "id": 1,
      "description": "Lab-scale shredding and mixing (II-PT): Performed by combining the initial shredding step with a pulping operation using water addition at a 10:1 Water/Total Solids ratio to homogenize the organic matter and favor the extraction of soluble compounds into the liquid phase."
    },
    {
      "id": 2,
      "description": "Lab-scale shredding, mixing, and blending (III-PT): Builds upon the previous steps by adding a fine blending operation (functioning like industrial wet grinders) with water addition at a 10:1 Water/TS ratio to disrupt lignocellulosic structures, break down fibers further into particles under 0.25 mm, and create a homogeneous liquid slurry."
    },
    {
      "id": 3,
      "description": "Full-scale mobile hammer mill pretreatment: Applied to cattle manure (M3) at an on-farm anaerobic digestion site using a Noremat Valormax BA915D mobile hammer mill for size reduction and mechanical handling improvement."
    },
    {
      "id": 4,
      "description": "Full-scale fixed hammer mill pretreatment: Applied to cattle manure (M4) at an on-farm anaerobic digestion site using a fixed (online) hammer mill to mechanically treat the substrate prior to digestion."
    },
    {
      "id": 5,
      "description": "Full-scale X-Chopper chain mill pretreatment: Applied to a mixture of maize and triticale silage with cattle manure (SM) at the METHELEC anaerobic digestion plant using an Xergi X-Chopper chain mill for particle size reduction and structural alteration."
    }
  ]
}
2026-06-15 12:56:39,686 articletxt/553.txt
2026-06-15 12:56:39,686 TITLE: Comparison between ensilage and fungal pretreatment for storage of giant reed and subsequent methane production Title of processing article
2026-06-15 12:57:04,509 {
  "pretreatments": [
    {
        "id": 0,
        "description": "Mechanical size reduction: Ground to pass through a 12 mm sieve using a shredder-chipper (Mighty Mac) prior to storage."
    },
    {
        "id": 1,
        "description": "Ensilage (anaerobic wet storage): Supplemented with water to reach a total solids content of around 40%, vacuum-packed in bags to minimize oxygen, and stored anaerobically at room temperature (25 ± 3 °C) for 60 days."
    },
    {
        "id": 2,
        "description": "Fungal pretreatment (aerobic biodegradation): Autoclaved at 121 °C for 30 minutes, inoculated with homogenized liquid mycelia of Ceriporiopsis subvermispora, supplemented with sterilized DI water to obtain a final moisture content of around 70% (w/w wet basis), and incubated aerobically under cotton stoppers at 28 ± 1 °C for 30 days without stirring."
    }
  ]
}
2026-06-15 12:57:25,386 articletxt/201.txt
2026-06-15 12:57:25,386 TITLE: Conjoint effect of microwave irradiation and metal nanoparticles on biogas augmentation from anaerobic digestion of green algae Title of processing article
2026-06-15 12:57:51,606 {
  "pretreatments": [
    {
      "id": 0,
      "description": "Microwave irradiation pretreatment applied to Enteromorpha biomass suspended at a solid-liquid ratio of 1:20. The treatment was conducted using a microwave oven at 600 W power for 6 minutes, with the solution stirred after every minute."
    },
    {
      "id": 1,
      "description": "Addition of Cobalt and Nickel metal nanoparticles (spherical shape, average size < 100 nm) to the substrate at a concentration of 1 mg/L each. The nanoparticles were dispersed in distilled water containing 0.1 mM sodium dodecylbenzene sulfonate (SDS) surfactant to reduce agglomeration prior to application."
    }
  ]
}
2026-06-15 12:58:10,841 articletxt/1683.txt
2026-06-15 12:58:10,841 TITLE: Process design and economic evaluation for methane and electricity production from Agave bagasse using different pretreatments Title of processing article
2026-06-15 12:58:34,134 {
  "pretreatments": [
    {
      "id": 0,
      "description": "Mechanical conditioning/milling: Two rounds of shredding and grinding followed by screening to achieve a final particle size of 3 ± 0.5 mm, hydrating the biomass, and mechanically conveying it to the pretreatment section."
    },
    {
      "id": 1,
      "description": "Biological pretreatment: Application of the native Agave bagasse microbiota (primarily Clostridium, Lactobacillus, and Enterobacter) for joint hydrolysis of xylan into volatile fatty acids (simulated solely as acetic acid), operating at the highest solid loading among scenarios but with low solubilization efficiency."
    },
    {
      "id": 2,
      "description": "Enzymatic pretreatment: Treatment with a commercial enzyme cocktail (Cellulase 50XL) at a dose of 293 endoglucanase units (EGU) per gram of bagasse in a 50 mM citrate buffer at pH 6, primarily releasing glucose, galactose, arabinose, and other sugars that represent 69% of the total COD."
    },
    {
      "id": 3,
      "description": "Dilute acid pretreatment: Hydrolysis using 1.8% HCl under soft operating conditions to solubilize all xylan and partially cellulose, recovering sugars while eliminating the generation of inhibitory compounds."
    },
    {
      "id": 4,
      "description": "Steam explosion pretreatment: Processing in a plug flow reactor coupled to a flask tank for instant depressurization, which solubilizes xylan into a mixture of sugars and acetic acid while generating low concentrations of furfural (0.7 g/L) and hydroxymethylfurfural (0.12 g/L), operating at the lowest solid loading."
    }
  ]
}
2026-06-15 12:59:06,981 articletxt/1132.txt
2026-06-15 12:59:06,981 TITLE: Improving biogas production from different parts of spruce tree using leading pretreatments Title of processing article
2026-06-15 12:59:55,832 { "pretreatments": [ { "id": 0, "description": "Mechanical degradation: Substrates were individually cut into small pieces, milled to produce chips smaller than 2 cm, and screened to obtain powder with a particle size between 295 and 833 µm." }, { "id": 1, "description": "Thermal pretreatment (Phosphoric acid process): The substrate mixture was placed in a water bath at 50 °C for 50 min." }, { "id": 2, "description": "Chemical pretreatment (Phosphoric acid process): Concentrated phosphoric acid (83–85.9%) was added to the heated substrate, followed by cold acetone addition and centrifugation at 3400 rpm for 20 min to precipitate cellulose and hemicellulose." }, { "id": 3, "description": "Thermal pretreatment (Organosolv process): The substrate suspension was heated in a stainless steel reactor placed in an oil bath at 150 °C for 30 min." }, { "id": 4, "description": "Chemical pretreatment (Organosolv process): Substrates were treated with a reaction mixture of 75% (v/v) ethanol and 1% (w/w based on dry substrate weight) sulfuric acid catalyst at a solid-to-liquid ratio of 1:8." }, { "id": 5, "description": "Thermal pretreatment (Dilute acid process): The substrate mixture was heated in an oil bath reactor at 140 °C for 5 min." }, { "id": 6, "description": "Chemical pretreatment (Dilute acid process): Substrates were mixed with a 0.5% (w/w) sulfuric acid solution at a solid-to-liquid ratio of 1:10." } ] }
2026-06-15 13:00:53,668 articletxt/1608.txt
2026-06-15 13:00:53,668 TITLE: Enhanced digestibility and fermentability of sugarcane bagasse in biofuel production by surfactant-assisted dilute acid pretreatment Title of processing article
2026-06-15 13:01:36,863 {
  "pretreatments": [
    {
        "id": 0,
        "description": "Mechanical degradation via milling and screening of dried sugarcane bagasse to a particle size <1 mm"
    },
    {
        "id": 1,
        "description": "Liquid hot water (LHW) pretreatment conducted in a steam sterilizer at 121 °C for 60 min with a solid-to-liquid ratio of 1:10"
    },
    {
        "id": 2,
        "description": "Organosolve pretreatment using 60% ethanol conducted in a pressure bottle at 121 °C for 60 min with a solid-to-liquid ratio of 1:10"
    },
    {
        "id": 3,
        "description": "Dilute acid pretreatment using 1–3% H2SO4 conducted in a pressure bottle at 121 °C for 60 min with a solid-to-liquid ratio of 1:10"
    },
    {
        "id": 4,
        "description": "Dilute alkali pretreatment using 0.5% NaOH conducted in a pressure bottle at 121 °C for 60 min with a solid-to-liquid ratio of 1:10"
    },
    {
        "id": 5,
        "description": "Surfactant-assisted addition of PEG 6000, Triton X-100, or Tween 80 at 1.5% w/v co-applied during the thermochemical pretreatment steps"
    }
  ]
}
2026-06-15 13:02:22,225 articletxt/87.txt
2026-06-15 13:02:22,225 TITLE: Mesophilic aerobic digestion: An efficient and inexpensive biological pretreatment to improve biogas production from highly-recalcitrant pinewood Title of processing article
2026-06-15 13:02:53,852 {
  "pretreatments": [
    {
      "id": 0,
      "description": "Mechanical degradation via cutting pinewood into small pieces with a carpentry chopper, followed by powdering using a grinder and sieving through a Mesh 20 sieve."
    },
    {
      "id": 1,
      "description": "Chemical pretreatment by soaking pinewood in an 8 wt% sodium hydroxide (NaOH) solution at room temperature for 10 minutes with continuous stirring."
    },
    {
      "id": 2,
      "description": "Thermal treatment achieved by heating the biomass mixture to 100 °C and maintaining this temperature for 10 minutes, applied during both the alkaline and liquid hot water processes."
    },
    {
      "id": 3,
      "description": "Liquid hot water (LHW) pretreatment acting as a physicochemical method, following the exact same procedural steps as the alkaline pretreatment but substituting distilled water for the NaOH solution."
    },
    {
      "id": 4,
      "description": "Biological aerobic digestion pretreatment conducted at 37 °C and 90 rpm for 10 days in open-cap bottles, combining pinewood (0.25 g dry weight) with 20 mL of aerobic sludge and 5 mL of tap water until volatile fatty acid production reaches equilibrium."
    },
    {
      "id": 5,
      "description": "Ultrasonic physical pretreatment where the substrate or slurry is incubated in an ultrasonic bath operating at a frequency of 40 kHz for 30 minutes at a temperature of 40 °C."
    }
  ]
}
2026-06-15 13:03:36,107 articletxt/1114.txt
2026-06-15 13:03:36,107 TITLE: Effect of hydrothermal pretreatment on two-stage anaerobic digestion of food waste and Enteromorpha: Digestion performance, bioenergy efficiency, and microbial community dynamics Title of processing article
2026-06-15 13:04:04,142 {
  "pretreatments": [
    {
      "id": 0,
      "description": "Mechanical milling of food waste using a food grinder after removing impurities such as bones, plastic bags, and plastic cups."
    },
    {
      "id": 1,
      "description": "Mechanical pulverization of Enteromorpha to approximately 0.25 mm particle size using a hammer mill after removing sands and plastic bags."
    },
    {
      "id": 2,
      "description": "Hydrothermal pretreatment (HTP) conducted at temperatures of 50, 80, 110, or 140 °C for 20 minutes, with a total volatile solids concentration of 30 g·L⁻¹, an FW-to-Enteromorpha ratio of 3:1 on a volatile solids basis, moisture content adjusted to 90%, and addition of oyster shells at 8% (w/w) of the total dry weight of the substrates."
    }
  ]
}
2026-06-15 13:04:25,421 articletxt/106.txt
2026-06-15 13:04:25,421 TITLE: Pretreatment of sugarcane bagasse with dilute citric acid and enzymatic hydrolysis: Use of black liquor and solid fraction for biogas production Title of processing article
2026-06-15 13:05:02,442 {
  "pretreatments": [
    {
      "id": 0,
      "description": "Thermal treatment: Raw sugarcane bagasse mixed with an aqueous solution was heated in a pressurized 316L stainless steel tubular reactor placed in a glycerin-filled thermostatic bath at temperatures ranging from 120 to 180 °C (specifically 120 °C for the anaerobic digestion trials) for reaction times between 20 and 90 min (specifically 55 min), followed by immediate cooling in an ice-water bath."
    },
    {
      "id": 1,
      "description": "Chemical treatment: Dilute citric acid was added at concentrations from 3 to 12 wt% relative to raw SCB dry weight (specifically 9.75 wt%) to solubilize hemicelluloses and modify lignin. The mixture was then subjected to solid-liquid separation via mechanical pressing at 9 tons, yielding the black liquor (liquid fraction) and pretreated solid fraction."
    },
    {
      "id": 2,
      "description": "Enzymatic hydrolysis treatment: The pretreated solid fraction was incubated with a commercial enzyme cocktail (Cellic® CTec 3 HS containing advanced AA9 molecules, T. reesei cellulases, β-glucosidases, and hemicellulases) at an initial concentration of 10 FPU/g cellulose in a sodium citrate buffer (pH 4.8–5.5) at 45–50 °C (specifically 50 °C), with a liquid-to-solid ratio of 10 mL/g, under stirring at 150 rpm for 72 h to depolymerize cellulose and hemicellulose into monomeric sugars."
    }
  ]
}
2026-06-15 13:05:26,529 articletxt/1749.txt
2026-06-15 13:05:26,529 TITLE: Impact of the thermo-alkaline pretreatment on the anaerobic digestion of poly(butylene adipate-co-terephthalate) (PBAT) and poly(lactic acid) (PLA) blended plastics Title of processing article
2026-06-15 13:05:50,137 {
  "pretreatments": [
    {
      "id": 0,
      "description": "Mechanical size reduction of commercial PBAT/PLA plastic bags by manually cutting them into 2 cm × 2 cm square pieces prior to anaerobic digestion."
    },
    {
      "id": 1,
      "description": "Chemical pretreatment involving immersion in a sodium hydroxide (NaOH) alkaline solution at a concentration of 1% (w/v), with a solid-to-liquid ratio of 50 g total solids per liter, applied for 48 hours."
    },
    {
      "id": 2,
      "description": "Thermal pretreatment consisting of heating the plastic samples in a water bath at 70°C for 48 hours (applied concurrently with the alkaline solution)."
    }
  ]
}
2026-06-15 13:06:12,506 articletxt/1424.txt
2026-06-15 13:06:12,506 TITLE: Fractionation of sugarcane bagasse using hydrothermal and advanced oxidative pretreatments for bioethanol and biogas production in lignocellulose biorefineries Title of processing article
2026-06-15 13:06:56,851 {
  "pretreatments": [
    {
      "id": 0,
      "description": "Thermal treatment via hydrothermal pretreatment conducted in a pressure reactor at 183 °C for 41 min (including 41 min heating and 17 min isothermal phase) with a liquid-to-solid ratio of 3.94 mL g⁻¹."
    },
    {
      "id": 1,
      "description": "Chemical acid treatment via autohydrolysis catalysis, where the temperature increase to 183 °C decreases the pKw of water, generating hydronium ions that catalyze the hydrolysis of hemicellulose acetyl groups and ether bonds without external chemical additives."
    },
    {
      "id": 2,
      "description": "Mechanical milling/grinding performed in a Wiley mill after drying, reducing the particle size until the material passes through a 40-mesh (0.42 mm) sieve to prepare the biomass for subsequent extraction."
    },
    {
      "id": 3,
      "description": "Alkaline extraction applied using an aqueous 0.2 mol L⁻¹ NaOH solution at a liquid-to-solid ratio of 10 mL g⁻¹, agitated in a blunt-bladed blender at 2800 rpm for 30 s to solubilize and remove partially modified and low molar mass lignin fragments."
    },
    {
      "id": 4,
      "description": "Advanced oxidative pretreatment (AOP) conducted at 25 °C with pH maintained at ~11.6 using NaOH drops, optimized with an H₂O₂ load of 0.3 g per gram of alkaline-extracted SB, a liquid-to-solid ratio of 9.67 mL g⁻¹, and a reaction time of 8 h under 150 rpm mechanical stirring."
    },
    {
      "id": 5,
      "description": "Mechanical fiber deconstruction applied post-AOP using a blunt-bladed blender operated at 2800 rpm for 30 s to physically disrupt and disaggregate the cellulose pulp fibers before washing and enzymatic hydrolysis."
    }
  ]
}
2026-06-15 13:07:45,659 articletxt/526.txt
2026-06-15 13:07:45,659 TITLE: Increased solubilization of excess sludge does not always result in enhanced anaerobic digestion efficiency Title of processing article
2026-06-15 13:08:12,246 {
  "pretreatments": [
    {
      "id": 0,
      "description": "Ultrasonic treatment performed using a VCX-750 ultrasonicator (Sonics and Materials, USA) at a frequency of 20 kHz. Applied to 100 mL of excess sludge at 750 W power and 40% amplitude for durations of 5, 10, 20, 40, and 60 minutes."
    },
    {
      "id": 1,
      "description": "Alkaline pretreatment conducted by adding a 6 mol/L KOH solution to 300 mL of excess sludge to achieve pH levels of 9, 10, 11, 12, and 13. The sludge was mixed for 1 hour using a magnetic stirrer at 200 rpm, with continuous alkali injection maintained throughout the hour to offset pH decline, followed by neutralization after the 1-hour reaction period."
    }
  ]
}
2026-06-15 13:08:21,265 articletxt/189.txt
2026-06-15 13:08:21,265 TITLE: Evaluation of hydrothermal pretreatment for biological treatment of lignocellulosic feedstock (pepper plant and eggplant) Title of processing article
2026-06-15 13:08:42,489 {
  "pretreatments": [
    {
      "id": 0,
      "description": "Mechanical crushing of pepper plant and eggplant residues to facilitate homogenization and handling prior to processing."
    },
    {
      "id": 1,
      "description": "Hydrothermal pretreatment performed in closed bottles containing 15 g of substrate each, heat-treated in an autoclave at 120 °C and 2 atm for durations ranging from 0 to 70 minutes using a time-programming system."
    }
  ]
}
2026-06-15 13:08:54,825 articletxt/328.txt
2026-06-15 13:08:54,825 TITLE: Prerequisite – An electrohydrolysis pretreatment for anaerobic digestion of lignocellulose waste material Title of processing article
2026-06-15 13:09:15,349 {
  "pretreatments": [
    {
      "id": 0,
      "description": "Electrohydrolysis pretreatment where pulp and paper mill sludge (PPMS) is mixed with distilled water at a 1:3 ratio to form a slurry. Direct current (DC) is applied between graphite anode and cathode electrodes immersed in the slurry, utilizing electrophoresis, ohmic heating, and electroosmosis to solubilize organic matter and break polymer bonds. The slurry is continuously agitated using a flash mixer rotating at 300 rpm to maintain suspension. The optimized treatment conditions are an applied voltage of 15 V and an exposure time of 45 minutes."
    }
  ]
}
2026-06-15 13:09:23,041 articletxt/1832.txt
2026-06-15 13:09:23,041 TITLE: Peracetic acid pretreatment improves biogas production from anaerobic digestion of sewage sludge by promoting organic matter release, conversion and affecting microbial community Title of processing article
2026-06-15 13:09:43,666 {
  "pretreatments": [
    {
      "id": 0,
      "description": "Chemical pretreatment applied to feed sludge using peracetic acid (PAA) at dosages of 1, 2, 3, and 4 mM/g VS (volatile solids). The PAA was added to the sludge and mixed by stirring with a magnetic stirrer at 450 rpm for 30 minutes at 25 °C."
    }
  ]
}
2026-06-15 13:09:52,635 articletxt/1624.txt
2026-06-15 13:09:52,635 TITLE: Anaerobic bioprocessing of wastewater-derived duckweed: Maximizing product yields in a biorefinery value cascade Title of processing article
2026-06-15 13:10:20,618 {
  "pretreatments": [
    {
      "id": 0,
      "description": "Enzymatic liquefaction and saccharification: Raw duckweed was sterilized by autoclaving with water for 30 min at 121 °C. The pH was adjusted to 7.0 ± 0.1 with 2 M hydrochloric acid, cooled to 90 °C, and treated with α-amylase (5000 units g starch⁻¹) for liquefaction at 90 °C for one hour. Subsequently, the pH was adjusted to 5.2 ± 0.1 with sodium citrate buffer (yielding 25 mM in total volume), followed by the addition of glucoamylase (334 units g starch⁻¹) and cellulase (60 filter paper units g cellulose⁻¹) for saccharification at 50 °C with mixing at 120 rpm for 24 h."
    },
    {
      "id": 1,
      "description": "Liquid hot water pretreatment: Duckweed and distilled water were placed in a stainless steel Parr reactor with a pressure limit of 345 bar. The temperature was ramped up to 150 °C within 15 min, followed by pressurization with nitrogen gas for 5 min."
    }
  ]
}
2026-06-15 13:10:35,926 articletxt/761.txt
2026-06-15 13:10:35,926 TITLE: Influence of pretreatment conditions on lignocellulosic fractions and methane production from grape pomace Title of processing article
2026-06-15 13:11:20,130 {
  "pretreatments": [
    {
      "id": 0,
      "description": "Freezing pretreatment: Fresh grape pomace was frozen at −20 °C and −80 °C for 48 hours, followed by thawing for 24 hours at 6 °C."
    },
    {
      "id": 1,
      "description": "Alkaline chemical treatment (NaOH): Substrate was soaked in NaOH solutions at concentrations of 6% and 10% w/w on a dry basis, continuously mixed at 150 rpm at ambient temperature (20 ± 1 °C) for 24 hours, then neutralized to pH 7.5 with concentrated HCl or NaOH."
    },
    {
      "id": 2,
      "description": "Alkaline chemical treatment (NH3): Substrate was soaked in NH3 solutions at concentrations of 6% and 10% w/w on a dry basis, continuously mixed at 150 rpm at ambient temperature (20 ± 1 °C) for 24 hours, then neutralized to pH 7.5 with concentrated HCl or NaOH."
    },
    {
      "id": 3,
      "description": "Acid chemical treatment (HCl): Substrate was soaked in HCl solutions at concentrations of 6% and 10% w/w on a dry basis, continuously mixed at 150 rpm at ambient temperature (20 ± 1 °C) for 24 hours, then neutralized to pH 7.5 with concentrated HCl or NaOH."
    },
    {
      "id": 4,
      "description": "Pulsed Electric Fields (PEF) pretreatment: Applied using a high voltage power supply (2.5 kV) and pulse generator at an intensity of 3600 V cm−1. Rectangular monopolar trains of 240 pulses with 50·10−6 s duration were applied at frequencies of 24–240 Hz to achieve target disintegration levels (Z0, Z0.5, Z1) based on specific energy inputs calculated from conductivity changes. A 5-minute pause between trains maintained temperature elevation below 5 °C."
    },
    {
      "id": 5,
      "description": "Ultrasound (US) pretreatment: Conducted using a 50 kHz, 60 W ultrasonic processor in a bath with a solid load of 50 g L−1, maintaining temperature below 25 °C. Disintegration levels Z0.5 and Z1 were achieved by varying sonication duration (40 min and 70 min respectively), corresponding to specific energy inputs of 400 kJ kg−1 and 700 kJ kg−1."
    },
    {
      "id": 6,
      "description": "Mechanical grinding/blending: Prior to continuous mode feeding, the substrate was processed in a blender for 10 minutes at 22,000 rpm in a total volume of 0.8 L to reduce particle size."
    }
  ]
}
2026-06-15 13:12:14,947 articletxt/1463.txt
2026-06-15 13:12:14,947 TITLE: Combined treatment of alkaline and disperser for improving solubilization and anaerobic biodegradability of dairy waste activated sludge Title of processing article
2026-06-15 13:12:39,800 {
  "pretreatments": [
    {
      "id": 0,
      "description": "Alkaline chemical pretreatment where different alkaline agents (NaOH, KOH, and Ca(OH)₂) were added to sludge batches to adjust the pH to 8, 9, 10, or 11. Applied without temperature regulation, this treatment aims to weaken microbial cell walls, induce swelling of particulate organics, and disrupt floc structures via hydroxyl anions prior to anaerobic digestion."
    },
    {
      "id": 1,
      "description": "Mechanical pretreatment using a high-speed disperser (IKA T25 Ultra Turrax Digital) operating at rotor speeds ranging from 4,000 to 24,000 rpm for durations of 15 to 180 minutes. The device generates high shear gradients, pressure changes, cavitation, turbulence, and impingement forces within the rotor/stator gap to lyse cells and disintegrate sludge flocs, with specific energy input calculated based on angular velocity and torque relative to total solids mass."
    }
  ]
}
2026-06-15 13:12:57,847 articletxt/1115.txt
2026-06-15 13:12:57,847 TITLE: Synergistic pretreatment of waste activated sludge using CaO2 in combination with microwave irradiation to enhance methane production during anaerobic digestion Title of processing article
2026-06-15 13:13:36,592 {
  "pretreatments": [
    {
      "id": 0,
      "description": "Microwave irradiation applied using a domestic microwave apparatus (700 W max, 2450 MHz) at power levels of 160, 320, and 480 W for durations of 2, 4, and 6 minutes, with the optimal condition selected as 480 W for 2 minutes."
    },
    {
      "id": 1,
      "description": "Calcium peroxide (CaO2) oxidation where CaO2 powder was added to the sludge at dosages of 0.05, 0.1, and 0.2 g/gVSS, mixed for 2 minutes, and applied either alone or sequentially combined with microwave irradiation."
    },
    {
      "id": 2,
      "description": "Calcium hydroxide (Ca(OH)2) addition where Ca(OH)2 powder was added at a dosage of 0.05 g/gVSS (stoichiometrically calculated from 0.1 g CaO2/gVSS), applied either alone or combined with microwave irradiation (480 W, 2 min)."
    },
    {
      "id": 3,
      "description": "Hydrogen peroxide (H2O2) addition where liquid H2O2 was added at a dosage of 0.048 g/gVSS (stoichiometrically calculated from 0.1 g CaO2/gVSS), applied either alone or combined with microwave irradiation (480 W, 2 min)."
    },
    {
      "id": 4,
      "description": "Mechanical screening where raw WAS was filtered through a 1 mm × 1 mm mesh screen prior to concentration."
    },
    {
      "id": 5,
      "description": "Gravity settling/concentration where the screened sludge was concentrated by settling for approximately 24 hours at 4 °C prior to pretreatment and digestion."
    }
  ]
}
2026-06-15 13:14:21,978 articletxt/409.txt
2026-06-15 13:14:21,978 TITLE: Continuous anaerobic digestion of zucchini stem after pretreatment Title of processing article
2026-06-15 13:14:49,545 {
  "pretreatments": [
    {
      "id": 0,
      "description": "Mechanical size reduction: Zucchini stem was cut into 3–5 mm pieces prior to use."
    },
    {
      "id": 1,
      "description": "Chemical pretreatment with 2% KOH (mass concentration): Conducted at 95% moisture content, mixed uniformly and stored at room temperature for 24 hours before separation from the mixture."
    },
    {
      "id": 2,
      "description": "Chemical pretreatment with 4% NaOH (mass concentration): Conducted at 95% moisture content, mixed uniformly and stored at room temperature for 24 hours before separation from the mixture."
    },
    {
      "id": 3,
      "description": "Chemical pretreatment with 4% alkaline hydrogen peroxide (AHP) (mass concentration): The pH was adjusted to 11.5 by adding NaOH. Conducted at 95% moisture content, mixed uniformly and stored at room temperature for 24 hours before separation from the mixture."
    }
  ]
}
2026-06-15 13:15:18,854 articletxt/652.txt
2026-06-15 13:15:18,855 TITLE: Enhanced solid-state anaerobic digestion of corn stover by alkaline pretreatment Title of processing article
2026-06-15 13:15:43,377 {
  "pretreatments": [
    {
      "id": 0,
      "description": "Mechanical size reduction: Corn stover was ground to pass through a 5 mm sieve prior to further processing."
    },
    {
      "id": 1,
      "description": "Alkaline pretreatment: Substrate was mixed with NaOH solutions at concentrations of 0.25 M, 0.625 M, 1.25 M, and 1.85 M (corresponding to loadings of 1.0%, 2.5%, 5.0%, and 7.5% w/w on a dry basis). The treatment was conducted under solid-state conditions using a limited amount of water at ambient temperature (20 ± 0.5 °C) for 24 hours in sealed bags. A concurrent application approach was also tested where lower NaOH concentrations (0.25 M, 0.625 M, and 1.25 M) were mixed with the substrate and effluent immediately before feeding into the digestion reactor."
    }
  ]
}
2026-06-15 13:15:54,368 articletxt/1062.txt
2026-06-15 13:15:54,368 TITLE: Zero-valent iron enhanced methanogenic activity in anaerobic digestion of waste activated sludge after heat and alkali pretreatment Title of processing article
2026-06-15 13:16:25,593 {
  "pretreatments": [
    {
      "id": 0,
      "description": "Heat treatment: Raw waste activated sludge was heated at 102 °C for 30 minutes to rupture bacterial cell walls and membranes and inactivate methanogens, then cooled to room temperature before use."
    },
    {
      "id": 1,
      "description": "Alkali pH adjustment: The pH of the sludge mixture was adjusted and maintained at 10 throughout the digestion period by adding 4 M NaOH to enhance hydrolysis-acidification while suppressing methanogenic activity."
    },
    {
      "id": 2,
      "description": "Settling concentration: The raw waste activated sludge obtained from a municipal secondary sedimentation tank was concentrated by settling for 24 hours at room temperature before storage at 4 °C and subsequent use in the experiments."
    },
    {
      "id": 3,
      "description": "Zero-valent iron (ZVI) addition: ZVI powder (0.2 mm diameter, 0.05 m²/g BET surface area, >98% purity) was added to the reaction vessels containing the pretreated sludge at dosage levels of 0, 1, 2, 5, and 10 g/L prior to initiating anaerobic digestion."
    }
  ]
}
2026-06-15 13:17:08,375 articletxt/1101.txt
2026-06-15 13:17:08,375 TITLE: The effects of waste-activated sludge pretreatment using hydrodynamic cavitation for methane production Title of processing article
2026-06-15 13:17:38,515 {
  "pretreatments": [
    {
      "id": 0,
      "description": "Thermal pretreatment: Sludge samples (50 ml) were heated in Teflon-lined reactors at temperatures ranging from 110 °C to 150 °C for 20 minutes using an oil bath."
    },
    {
      "id": 1,
      "description": "Alkaline pretreatment: Addition of 5 N Ca(OH)2, KOH, and NaOH solutions to 50 ml of WAS to attain final pH values ranging from 8 to 13. Samples were continuously mixed for 1 hour when applied individually."
    },
    {
      "id": 2,
      "description": "Ultrasonic pretreatment: Applied to 50 ml of WAS using a 20 kHz frequency transducer (VCX-750) at 20% amplitude (max 750 W). Reaction times were set to 1, 5, 10, 15, and 20 minutes."
    },
    {
      "id": 3,
      "description": "Hydrodynamic cavitation (HC) pretreatment: Fluid flow forced through a stainless steel hydrocavitator equipped with a radial orifice plate containing 27 holes of 1 mm diameter within a 20 mm pipeline. Upstream and downstream pressures maintained at approximately 0.7 MPa and 0.07 MPa respectively, resulting in a fluid velocity of 21.2 m/s and a cavitation number of 2.79. Reaction times were set to 1, 5, 10, 15, and 20 minutes."
    }
  ]
}
2026-06-15 13:18:03,323 articletxt/1028.txt
2026-06-15 13:18:03,323 TITLE: Effect of inoculum pre-treatment on mesophilic hydrogen and methane production from food waste using two-stage anaerobic digestion Title of processing article
2026-06-15 13:18:31,193 {
  "pretreatments": [
    {
      "id": 0,
      "description": "Heat shock treatment applied to granular sludge inoculum, where the sample was boiled at 90 °C for 30 min."
    },
    {
      "id": 1,
      "description": "Aeration treatment applied to granular sludge inoculum, where the sample was aerated for 24 h using an aquarium pump with an air flow rate of 3 L/min."
    },
    {
      "id": 2,
      "description": "Alkaline pre-treatment applied to granular sludge inoculum, where the pH of the sample was adjusted to 12.0 ± 0.1 using 3 N NaOH and maintained for 24 h."
    },
    {
      "id": 3,
      "description": "Waste frying oil (WFO) pre-treatment applied to granular sludge inoculum, where a saponified WFO solution was prepared and added to the sample at a concentration of 15 g/L WFO per 33 gVS sludge/L of solution, then maintained for 24 h."
    },
    {
      "id": 4,
      "description": "Mechanical shredding and mixing applied to synthetic food waste substrate, where the samples were combined and processed in a kitchen mill to create a homogenous blend prior to use in anaerobic digestion tests."
    }
  ]
}
2026-06-15 13:19:22,911 articletxt/1293.txt
2026-06-15 13:19:22,911 TITLE: Improvement of biogas production from pine wood by alkali pretreatment Title of processing article
2026-06-15 13:19:44,392 {
  "pretreatments": [
    {
      "id": 0,
      "description": "Mechanical pretreatment involving debarking, cutting, grinding, and screening of pine wood chips to a homogeneous particle size of less than 1 mm (20 mesh)."
    },
    {
      "id": 1,
      "description": "Chemical pretreatment consisting of mixing milled pine wood with an 8% (w/w) NaOH solution for 10 minutes at room temperature."
    },
    {
      "id": 2,
      "description": "Thermal pretreatment involving incubation of the mixture at either low temperature (0 °C) or high temperature (100 °C) for retention times of 10, 30, or 60 minutes, with mixing every 10 minutes during incubation."
    }
  ]
}
2026-06-15 13:20:02,826 articletxt/860.txt
2026-06-15 13:20:02,826 TITLE: Evaluation of thermal, ultrasonic and alkali pretreatments on mixed-microalgal biomass to enhance anaerobic methane production Title of processing article
2026-06-15 13:20:25,835 {
  "pretreatments": [
    {
      "id": 0,
      "description": "Thermal pretreatment conducted for 30 minutes at temperatures of 50 °C and 80 °C using a water bath (CW-10G, Jeio Tech), and at 120 °C using an autoclave (HAC-045, LK LabKorea)."
    },
    {
      "id": 1,
      "description": "Ultrasonic pretreatment conducted for durations of 30, 90, and 180 seconds on an ultrasonicator (VCX-130, Vibra-Cell) operating at 130 W."
    },
    {
      "id": 2,
      "description": "Alkali pretreatment adjusting the pH to 9, 11, and 13 by the addition of 5 N NaOH."
    }
  ]
}
2026-06-15 13:20:41,977 articletxt/16.txt
2026-06-15 13:20:41,977 TITLE: Mechanical pretreatment effects on macroalgae-derived biogas production in co-digestion with sludge in Ireland Title of processing article
2026-06-15 13:21:03,881 {
  "pretreatments": [
    {
      "id": 0,
      "description": "Mechanical pretreatment using a modified Hollander beater machine (model Reina) with a bladed drum spinning at 580 RPM positioned over a sharp grooved bed-plate. The system applies combined cutting and high-pressure beating actions to the substrate. Wet macroalgal biomass was mixed with water (20 L) and processed for varying beating times of 0, 5, and 10 minutes, producing algal pulp for subsequent co-digestion."
    }
  ]
}
2026-06-15 13:21:10,446 articletxt/1617.txt
2026-06-15 13:21:10,446 TITLE: Surfactant assisted microwave disintegration of green marine macroalgae for enhanced anaerobic biodegradability and biomethane recovery Title of processing article
2026-06-15 13:21:33,330 {
  "pretreatments": [
    {
      "id": 0,
      "description": "Mechanical size reduction by splicing the fresh kelp (Chaetomorpha antennina) into small pieces less than 2 cm in length to minimize sample size, improve surface area, and facilitate effective disintegration."
    },
    {
      "id": 1,
      "description": "Microwave pretreatment (MP) where an aqueous substrate suspension (1:50 ratio) was irradiated in a sealed polytetrafluoroethylene container at microwave powers ranging from 90 to 720 W for durations of 1 to 60 minutes, with optimum conditions identified as 450 W for 15 minutes."
    },
    {
      "id": 2,
      "description": "Chemical treatment via the addition of sodium dodecylbenzene sulfonate (SDBS), an anionic surfactant, at concentrations ranging from 0.005 to 0.5 g/g total solids during the microwave pretreatment process to reduce interfacial surface tension and enhance the release of soluble organics and intracellular biopolymers."
    }
  ]
}
2026-06-15 13:22:00,685 end
2026-06-15 13:22:00,685 3014: total time in seconds
2026-06-15 13:22:00,685 0.8374967910846074: total time in hours
2026-06-15 13:22:00,685 0.9481095748127631: time per article in minutes
