2026-06-05 12:32:12,509 articletxt/930.txt
2026-06-05 12:32:12,510 Title of processing article: TITLE: The selection of pretreatment options for anaerobic digestion (AD): A case study in olive oil waste production
2026-06-05 12:34:37,150 HTTP Request: POST http://127.0.0.1:11434/api/generate "HTTP/1.1 200 OK"
2026-06-05 12:34:37,154 3,6,10
2026-06-05 12:34:37,154 The user wants me to identify pretreatments described in the provided article and classify them against a list of 14 questions (qids).

**Step 1: Identify all pretreatments applied to the substrates in the methodology.**

1.  **Dilution with water (WP):** This is explicitly mentioned in Section 5.1 "Dilution with water and OMWW". It is described as a pretreatment option.
    *   *Check questions:*
        *   Does it fit Qid 1 (mechanical treatment)? No, it's physical dilution (addition of solvent), not mechanical size reduction/cutting.
        *   Does it fit Qid 2 (thermal)? No.
        *   Does it fit Qid 3 (ultrasound)? No, that's specific ultrasound.
        *   Does it fit Qid 4 (pressure)? No.
        *   Does it fit Qid 5 (direct electrical application)? No, it's mechanical energy transfer via electricity? Wait, Qid 5 says "exclude all equipment that uses electricity". Water is not equipment. It's just dilution.
        *   Does it fit Qid 6 (alkaline)? No, water is neutral.
        *   Does it fit Qid 7 (acidic)? No.
        *   Does it fit Qid 8 (oxidizer)? No.
        *   Does it fit Qid 9 (solvent)? Water is a solvent, but Qid 9 says "ignore implicit cases such as the use of water in a process". The methodology says "dilution of olive oil waste residues with tap water". This is explicitly mentioned in the context of "Dilution". Qid 9 asks if it mentions a solvent system. It explicitly says "use of water in a process".
        *   Does it fit Qid 10 (chemical pretreatment)? No, it's dilution.
        *   Does it fit Qid 11 (enzyme)? No.
        *   Does it fit Qid 12 (fungi)? No.
        *   Does it fit Qid 13 (microbial)? No, it's just water.
        *   Does it fit Qid 58 (microaerobic)? No.
        *   Let's check Qid 9 again. "An aqueous chemical solution is NOT a solvent pretreatment unless the paper explicitly frames it as a solvent system." The methodology describes "dilution with tap water". This is usually not a solvent pretreatment in this context (solvent extraction is different). However, the text *explicitly* mentions "dilution of olive oil waste residues with tap water".
        *   Wait, I need to check if there are any *other* pretreatments.

2.  **Pretreatment 1: Dilution with water (WP):**
    *   Section 5.1: "The dilution of olive oil waste residues with tap water (WP) was able to increase both biogas production".
    *   It is considered a pretreatment option.

3.  **Pretreatment 2: Basic pretreatment (BP):**
    *   Section 3.1: "Basic pretreatment (BP) tests were conducted by adding 2 N NaOH to the mixture until a pH of 12 was reached".
    *   This is alkaline treatment.

4.  **Pretreatment 3: Salt pretreatment (SP):**
    *   Section 3.2: "Salt pretreatments (SP): OP and OMWW mixtures were treated with FeSO_4 (SP_FeII), MnSO_4 (SP_Mn), FeCl_3 (SP_FeIII) or CaCO_3 (SP_Ca)".
    *   These are salt treatments (chemical).

5.  **Pretreatment 4: Ultrasonic pretreatment (USP):**
    *   Section 3.3: "Ultrasonic pretreatment (USP)".
    *   This is mechanical disruption via sound waves (ultrasound).

6.  **Pretreatment 5: Combined Pretreatments (CP):**
    *   Section 3.4: "Two different pretreatment combinations, ultrasonic plus CaCO_3 pretreatment (CP_Ca) and ultrasonic plus FeCl_3 pretreatment (CP_FeIII)".
    *   These are combinations of USP and Salt pretreatment.

7.  **Pretreatment 6: No pretreatment (NP):**
    *   This is the control, not a pretreatment.

**Reviewing specific question mappings:**

*   **Qid 1:** "Does the methodology explicitly describe any physical process that mechanically alters the substrate (e.g., size reduction, structural disruption or similar)? Instructions for reasoning: 1.Identify any mechanical treatment (e.g., grinding, milling, shredding, physical disruption, or similar) applied to the substrate, consider mechanical as a blade physically cutting or crushing the material. 2. Confirm that the mechanical treatment is applied to the substrate and not to the inoculum or for analytical characterization. 3.confirm it is a direct effect from a mechanical blade and not an indirect effect from other procedure such as ultrasounds, pressure or similar 4. exclude freezing, or pressure to separate phases if that is the identified method"
    *   **Analysis:** The text mentions "Ultrasonic pretreatment (USP)" in Section 3.3. Is ultrasound considered a mechanical treatment? Qid 1 instructions say: "confirm it is a direct effect from a mechanical blade and not an indirect effect from other procedure such as ultrasounds". So ultrasound is excluded from Qid 1.
    *   **Conclusion:** No match for Qid 1 in the context of the instruction's exclusion of ultrasound. However, if there is no mechanical cutting/grinding mentioned, no match.

*   **Qid 2:** "Does the methodology explicitly describe the use of thermal pretreatment on a substrate, for thermal pretreatment consider high temperatures treatments as well as mentions of mild thermal pretreatment. Do not consider drying as a valid pretreatment"
    *   **Analysis:** No mention of heating/thermal pretreatment *during* the test other than the ambient temperature (30°C) which is the reactor temperature, not a thermal pretreatment process like drying or autoclaving.

*   **Qid 3:** "Does the methodology explicitly describe the use of ultrasound pretreatment on a substrate"
    *   **Analysis:** Yes, Section 3.3 "Ultrasonic pretreatment (USP)" is described.
    *   **Answer:** 3.

*   **Qid 4:** "Does the methodology explicitly describe the use of pressure-based pretreatment on a substrate... exclude... hydrothermal methods"
    *   **Analysis:** No mention of pressure-based pretreatment.

*   **Qid 5:** "Does the methodology explicitly describe the use of a direct electrical application on the substrate for pretreatment... This exclude all equipment that uses electricity such as but not only ultrasounds and microwave"
    *   **Analysis:**
    *   **Ultrasound:** Excluded per instructions.
    *   **Microwave:** Not mentioned.
    *   **Direct electrical application:** Ultrasonic is electrical. However, the instruction says "exclude all equipment that uses electricity such as but not only ultrasounds". This means I should not pick ultrasound for this question.
    *   **Is there any other?** The "Direct electrical application" usually implies electrical heating or plasma, but here it's explicitly "excludes... ultrasounds". So the answer should be **None** or **-1**. Wait, the instructions say "identify ALL the different pretreatments... describe...". The questions are for classification. I need to find which question fits the *identified treatment*.
    *   Since USP is an electrical application, Qid 5 excludes it.
    *   Is there any other electrical application? No.
    *   So for Qid 5, the answer is likely **-1** (doesn't fit).

*   **Qid 6:** "Does the methodology explicitly describe the use of alkaline pretreatment on a substrate, by the addition of a alkaline agent. This exclude pH adjustment, it must be for pretreatment purposes"
    *   **Analysis:**
        *   **Qid 3 (Ultrasound):** Yes, Section 3.3 USP.
        *   **Qid 10 (Chemical):** Salt pretreatment.
        *   **Qid 2 (Thermal):** No.
        *   **Qid 11 (Enzyme):** No.
        *   **Qid 12 (Fungi):** No.
        *   **Qid 13 (Microbial):** No.
        *   **Qid 14 (External material):** No.
        *   **Qid 58 (Microaerobic):** No.
        *   **Qid 6:** Yes, Section 3.1 "Basic pretreatment (BP) ... adding 2 N NaOH".
        *   **Answer:** 6.

*   **Qid 7:** "Does the methodology explicitly describe the use of acidic pretreatment... exclude pH adjustment... for pretreatment purposes"
    *   **Analysis:**
        *   **Qid 7:** Yes, Section 3.1 BP (acidic HCl used to neutralize NaOH). Wait, Section 3.1 says "The broth was neutralized with 2 N HCl before the addition of inoculum". This is pH adjustment.
        *   **Section 3.2:** "The reaction mediums were treated with 2 N HCl until a pH of 2 was reached".
        *   **Section 3.4:** "For these tests the medium was first treated with ultrasonic rays... then with the salts".
        *   **Salt Pretreatment (SP_FeII, SP_FeIIII, SP_Ca):** Section 3.2 says "The reaction mediums were treated with 2 N HCl until a pH of 2 was reached... Then mixed at ambient temperature".
        *   **Section 5.1:** "A pH drop is often caused by an increase in volatile fatty acids (VFA)...".
        *   **Section 5.5:** "In [20] are reported tests on four different adsorbent matrices... For these tests the medium was first treated with ultrasonic rays... then with the salts".
        *   **Wait:** Let's check Section 3.1. "BP tests were conducted by adding 2 N NaOH to the mixture until a pH of 12 was reached, then stirring... The broth was neutralized with 2 N HCl".
        *   **Salt Pretreatment (SP_FeII):** "The reaction mediums were treated with 2 N HCl until a pH of 2 was reached".
        *   **Salt Pretreatment (SP_Ca):** "Instead, a pH of approximately 7 was reached by using 2 N NaOH after the addition of the salt."
        *   **Conclusion:** The HCl is used to adjust pH *before* the salt pretreatment. This is pH adjustment, not a chemical pretreatment (acidic agent). Qid 7 explicitly says "exclude pH adjustment for the digestion or other reaction, it must be for pretreatment purposes".
        *   **Wait:** The instruction for Qid 7 is to identify if there is an acidic agent used *for pretreatment*.
        *   **Section 3.1:** "The broth was neutralized with 2 N HCl before the addition of inoculum." This is for inoculum prep, not pretreatment of the substrate itself.
        *   **Section 3.2:** "The reaction mediums were treated with 2 N HCl until a pH of 2 was reached and then mixed at ambient temperature for 30 min at 70 rpm. Following this, the specific salt being tested was added at the desired concentration."
        *   **Conclusion:** The pH adjustment (HCl) is a pretreatment step for the *salt* pretreatment.
        *   **However:** Qid 7 says "exclude pH adjustment". So even if an acid is used, if it's for pH adjustment, it's excluded.
        *   **Is there any acidic agent used for pretreatment purposes other than pH adjustment?** No. The acid is used to lower pH before salt addition. This counts as pH adjustment.
        *   **Conclusion:** Qid 7 = **-1**.

*   **Qid 8:** "Does the methodology explicitly describe the use of an oxidizer agent? Consider photocatalysis with TiO2 as an oxidizer"
    *   **Analysis:** No oxidizers mentioned.

*   **Qid 9:** "Does the methodology explicitly describe the use of solvent for pretreatment on a substrate (e.g., organosolv, ioniq liquid,...), and mentions it as a solvent somewhere in the text (does not have to be in the methodology). Ignore implicit cases such as the use of water in a process. The methodology must clearly identifies a solvent system as an intentional pretreatment medium rather than merely using chemicals dissolved in water. An aqueous chemical solution is NOT a solvent pretreatment unless the paper explicitly frames it as a solvent system."
    *   **Analysis:**
        *   **Water (WP):** "dilution of olive oil waste residues with tap water".
        *   **Instruction:** "Ignore implicit cases such as the use of water in a process."
        *   **Instruction:** "An aqueous chemical solution is NOT a solvent pretreatment unless the paper explicitly frames it as a solvent system."
        *   **Analysis:** The text describes "Dilution of olive oil waste residues with tap water (WP)" in Section 5.1.
        *   **Does it mention "solvent system"?** No, just "tap water".
        *   **Conclusion:** Water is not explicitly a solvent system for pretreatment. It's just dilution.
        *   **Wait:** Is there any other solvent mentioned? No.
        *   **Answer:** -1 (Does not fit).

*   **Qid 10:** "Does the methodology explicitly describe the use of a chemical pretreatment different from the more prevalent techniques (alkaline, acidic, oxidation and solvent)? Examples of those techniques can be (surfactant, solubilizer, salts,or other) on a substrate, where chemical pretreatment signifies the degradation of complex material to improve bioavailability using some chemical compound"
    *   **Analysis:**
        *   **Qid 1 (Mechanical):** No.
        *   **Qid 2 (Thermal):** No.
        *   **Qid 3 (Ultrasound):** Yes.
        *   **Qid 4 (Pressure):** No.
        *   **Qid 5 (Electrical):** No.
        *   **Qid 6 (Alkaline):** Yes.
        *   **Qid 7 (Acidic):** No.
        *   **Qid 8 (Oxidizer):** No.
        *   **Qid 9 (Solvent):** No.
        *   **Qid 10 (Chemical):** This covers salts (FeSO4, FeCl3, MnSO4, CaCO3).
        *   **Conclusion:** Yes, Salt pretreatment is a chemical pretreatment different from alkaline (NaOH), acidic (HCl), oxidation (O2/H2O2), and solvent (water).
        *   **Answer:** 10.

*   **Qid 11:** "Does the methodology explicitly describe the use of an enzyme for pretreatment on a substrate (this also includes crude enzyme treatments), This exclude any bacteria, fungi, or other secreting enzyme organism, it refers to the direct use of enzymes."
    *   **Analysis:** No enzymes mentioned.

*   **Qid 12:** "Does the methodology explicitly describe the use of a fungi for pretreatment on a substrate (this excludes enzymes extracted from a fungi)"
    *   **Analysis:** No fungi mentioned.

*   **Qid 13:** "Does the methodology explicitly describe the use of a microbial, such as isolate bacterial cultures or specialised microbila consortia, pretreatment on a substrate. You must exclude mediums rich in microorganisms(digestate, sludge,...) as well as fungi, and extracted enzymes."
    *   **Analysis:** Inoculum is bovine manure (Section 2.1). Is this considered a pretreatment?
    *   **Instruction:** "Consider only the methodology".
    *   **Instruction:** "Identify ALL the different pretreatments applied to the substrates".
    *   **Instruction:** "Inoculum is not necessary for starting the anaerobical biological activity...".
    *   **Question 14 (External active organic material):** "Excluding inoculum or other sludge... does the methodology explicitly describe the use of a external active organic material, such as but not only: rumen, compost, digestate, aerobic sludge or similar, as a pretreatment step... specifically to degrade or modify the substrate before anaerobic digestion...".
    *   **Inoculum:** Section 2.1: "bovine manure was used as inoculum... To guarantee that methanogenic bacteria were present...".
    *   **Inoculum is not a pretreatment.**
    *   **Answer:** -1.

*   **Qid 58:** "Does the methodology explicitly references a microaerobic pretreatment by direct injection of limited air quantity in the anaerobic digester or in the substrate. Specifically, without the inclusion of an additional bacterial consortium or organic material that degrate the substrate under low oxygen conditions?"
    *   **Analysis:** No mention of microaerobic injection.

**Summary of Matching Qids:**

*   **USP (Ultrasonic):** Qid 3.
*   **Basic Pretreatment (NaOH):** Qid 6.
*   **Salt Pretreatment (FeCl3, CaCO3):** Qid 10 (Chemical).
*   **Dilution with water:** Not Qid 1 (mechanical), Qid 9 (water), Qid 3 (ultrasound), Qid 10 (chemical).
    *   Wait, is Dilution with water Qid 9? "An aqueous chemical solution is NOT a solvent pretreatment unless the paper explicitly frames it as a solvent system."
    *   Water is not explicitly a "solvent system".
    *   So Qid 9 = -1.
    *   Is there any Qid 1 match? "mechanical treatment... exclude... pressure to separate phases". Water is not mechanical.
    *   Is there any Qid 7 match? Acidic agent used for pH adjustment? Yes, but excluded by Qid 7 instruction ("exclude pH adjustment").
    *   Is there any Qid 14 match? "external active organic material... pretreatment step". No.
    *   Is there any Qid 5 match? No.
    *   Is there any Qid 2 match? No.
    *   Is there any Qid 5 match? No.
    *   Is there any Qid 8 match? No.
    *   Is there any Qid 11 match? No.
    *   Is there any Qid 12 match? No.
    *   Is there any Qid 13 match? No.
    *   Is there any Qid 58 match? No.
    *   Is there any Qid 4 match? No.
    *   Is there any Qid 5 match? No.

    *   So only Qid 3 and Qid 6 and Qid 10?
    *   Let's re-read Qid 10 instruction. "chemical pretreatment different from the more prevalent techniques (alkaline, acidic, oxidation and solvent)".
    *   Salt pretreatment fits this.
    *   Let's re-read Qid 3 instruction. "Does the methodology explicitly describe the use of ultrasound pretreatment on a substrate". Yes.
    *   Let's re-read Qid 6 instruction. "Does the methodology explicitly describe the use of alkaline pretreatment on a substrate... by the addition of a alkaline agent... This exclude pH adjustment, it must be for pretreatment purposes". Yes, NaOH is added.
    *   Let's re-read Qid 9 instruction. "Ignore implicit cases such as the use of water in a process...".
    *   So Water = -1.
    *   Let's re-read Qid 7 instruction. "exclude pH adjustment... for pretreatment purposes". Acid used for pH adjustment. So Qid 7 = -1.
    *   Let's re-read Qid 1 instruction. "mechanical treatment... exclude... pressure to separate phases". Water is not mechanical.
    *   Let's re-read Qid 5 instruction. "direct electrical application... exclude... ultrasounds". Since USP is excluded, Qid 5 = -1.
    *   Let's re-read Qid 2 instruction. "Do not consider drying as a valid pretreatment". Water is not drying.

    *   Wait, is Dilution with water considered "physical process that mechanically alters the substrate"? No.
    *   Is it "direct electrical application"? No.
    *   Is it "ultrasound"? No.

    *   Wait, I missed something in Step 1. "Identify ALL the different pretreatments applied to the substrates... even if not mentioned as a pretreatment: this includes potential treatments during substrate sample preparation, only exclude the following 3 and nothing else:drying, washing and freezing for storage."
    *   Are there sample preparation steps?
    *   **Section 2.1:** "OP and OMWW samples originated from...". "Table 1 summarizes...".
    *   **Section 2.2:** "The 250 mL bottle was flushed with N2 gas". This is analytical characterization (analytical measurements), not a pretreatment.
    *   **Section 2.2:** "At the beginning of each experiment, the bottle was flushed with N2 gas". This is to eliminate oxygen. Is this a pretreatment?
    *   **Section 2.2:** "The 500 mL bottle served as the gasholder...".
    *   **Section 2.2:** "As biogas is produced it moves from the first bottle into the second".
    *   **Section 2.2:** "The three bottles were agitated on a rotating shaker at 70 rpm". This is agitation, not mechanical treatment of substrate size.
    *   **Section 2.2:** "The bottles were agitated...".
    *   **Section 3:** "Pretreatment tests...".
    *   **Section 4.1:** "Regression curve was calculated...".
    *   **Section 4.2:** "Energy conversion...".
    *   **Section 5:** Results.
    *   **Section 6:** Conclusion.
    *   **Section 2.1:** "bovine manure was used as inoculum". Inoculum is not a pretreatment (excluded by Qid 13).
    *   **Section 2.2:** "flushed with N2 gas". This is for anaerobic conditions. Not a pretreatment of the substrate.
    *   **Section 2.3:** "The pH of the system was determined via a pH meter...".
    *   **Section 2.4:** "The tests were stopped when biogas production shut down".
    *   **Section 3:** "Several pretreatment processes were evaluated (Table 2)... basic pretreatment (BP); salt pretreatment (SP)... physical pretreatment using ultrasound (USP)... double combinations...".
    *   **Table 2:** Lists pretreatments.

    *   **So the pretreatments are:**
        1.  Dilution with water (WP) (Section 5.1).
        2.  Basic pretreatment (BP) (Section 3.1).
        3.  Salt pretreatment (SP_FeII, SP_FeIII, SP_Mn, SP_Ca) (Section 3.2).
        4.  Ultrasonic pretreatment (USP) (Section 3.3).
        5.  Combined pretreatment (CP_Ca, CP_FeIII) (Section 3.4).

    *   **Now mapping to Qids:**
        *   **Dilution with water (WP):**
            *   Qid 9: "ignore implicit cases such as the use of water in a process".
            *   Result: -1.
        *   **Basic pretreatment (BP):**
            *   Qid 6: "addition of a alkaline agent... exclude pH adjustment". NaOH is added to reach pH 12.
            *   Result: 6.
        *   **Salt pretreatment (SP):**
            *   Qid 10: "chemical pretreatment different from the more prevalent techniques (alkaline, acidic, oxidation and solvent)".
            *   Result: 10.
        *   **Ultrasonic pretreatment (USP):**
            *   Qid 3: "ultrasound pretreatment on a substrate".
            *   Result: 3.
        *   **Combined Pretreatments (CP):**
            *   Qid 3: "ultrasound pretreatment on a substrate".
            *   Qid 10: "chemical pretreatment".
            *   Qid 6: "alkaline pretreatment".
            *   Qid 3: "ultrasound pretreatment".
            *   Qid 10: "chemical pretreatment".
            *   Wait, the question asks for the qids that *fit* the treatment.
            *   The prompt says "you can only choose one".
            *   So for a combined test, does it fit Qid 3? Yes, it's a combination of USP.
            *   Does it fit Qid 6? No, NaOH is not the main agent (USP is the main agent).
            *   Does it fit Qid 10? Yes, it's a chemical pretreatment (USP + Salt).
            *   However, the prompt asks "you can only choose one".
            *   I should list all qids that the treatment fits.
            *   But the instruction says "identify ALL the different pretreatments... You must for each identified treatment identify which question from the list fits the treatment, you can only choose one".
            *   This implies one qid per treatment.
            *   If a treatment involves multiple things (e.g. USP + Salt), which qid fits best?
            *   USP = Qid 3.
            *   Salt = Qid 10.
            *   Combined = USP + Salt.
            *   Does the combined treatment fit Qid 3 or Qid 10 or both?
            *   The instruction says "identify which question from the list fits the treatment".
            *   If I treat it as a single classification, I need to choose one qid.
            *   Usually, if a treatment is "Ultrasonic + Salt", it's a "Combined Pretreatment".
            *   Does it fit Qid 3 (Ultrasound)? Yes, it uses ultrasound.
            *   Does it fit Qid 10 (Chemical)? Yes, it uses salt.
            *   Which one is more specific?
            *   If the question is "Does the methodology explicitly describe the use of ultrasound pretreatment", yes for CP.
            *   If the question is "Does the methodology explicitly describe the use of a chemical pretreatment different from the more prevalent techniques", yes for CP.
            *   The instruction says "only choose one".
            *   I will list all qids that apply to *any* identified treatment, or pick the most specific one.
            *   However, the instruction says "identify which question from the list fits the treatment".
            *   If a treatment fits Qid 3, I should include 3.
            *   If it fits Qid 6, I should include 6.
            *   If it fits Qid 10, I should include 10.
            *   But the instruction says "you can only choose one". This suggests one qid per treatment.
            *   So for CP, which one?
            *   Let's check the qid definitions again.
            *   Qid 3: "ultrasound pretreatment".
            *   Qid 10: "chemical pretreatment different from the more prevalent techniques... salts...".
            *   If the treatment is "Ultrasonic + Salt", is it a "chemical pretreatment" or an "ultrasound pretreatment"?
            *   Usually, ultrasound is a physical method. Salt is chemical.
            *   Qid 10 says "chemical pretreatment different from the more prevalent techniques (alkaline, acidic, oxidation and solvent)". Salt fits this.
            *   Qid 3 says "ultrasound pretreatment".
            *   Which is the primary classification?
            *   In the methodology, CP tests are "ultrasonic plus CaCO3 pretreatment".
            *   So it includes both.
            *   Given the constraint "only choose one", I need to decide.
            *   Often, "Chemical Pretreatment" (Qid 10) is the broader category including salts.
            *   However, Qid 3 is specific to US.
            *   If I have to choose, Qid 3 is more specific to the US component. Qid 10 is more specific to the Salt component.
            *   But the instruction says "identify ALL the different pretreatments".
            *   Wait, Step 2 says "For each identified treatment identify which question from the list fits the treatment, you can only choose one".
            *   So I must pick one qid per treatment.
            *   If the treatment is "Ultrasonic + Salt", does it fit Qid 10 (Chemical) or Qid 3 (Ultrasound)?
            *   Given the instruction "exclude... pressure to separate phases", "ultrasound" is Qid 3.
            *   "Chemical" is Qid 10.
            *   Which one is the "pretreatment"? Both.
            *   Let's assume the primary classification based on the list.
            *   If I look at the list, Qid 3 is "ultrasound pretreatment".
            *   Qid 10 is "chemical pretreatment... salts...".
            *   If I select Qid 10, it covers salts.
            *   If I select Qid 3, it covers ultrasound.
            *   If I select Qid 3, does it cover salts? Yes.
            *   If I select Qid 10, does it cover ultrasound? No.
            *   Usually, the most distinct feature is the chemical agent.
            *   However, if I must pick one, I will prioritize Qid 10 because it covers the chemical nature which is often the defining characteristic of salt pretreatment.
            *   But wait, Qid 3 is specifically about "ultrasound pretreatment".
            *   Let's check if there is a "combined" qid. No.
            *   So for CP, I will select Qid 10 as the best fit for "chemical pretreatment".
            *   Wait, but USP is the primary method for CP.
            *   Let's look at Qid 6. "alkaline pretreatment". BP uses NaOH. So BP = 6.
            *   So for BP, I select 6.
            *   For Salt, I select 10.
            *   For USP, I select 3.
            *   For CP, I select 10 (since it includes salt).
            *   Wait, what about the "Dilution with water"?
            *   Qid 9 says "An aqueous chemical solution is NOT a solvent pretreatment".
            *   So WP = -1.
            *   What about "No pretreatment"? Not a pretreatment.

            *   So the list is: 6, 10, 3.
            *   For CP, if I can only choose one, I will choose 10 as the chemical one covers both salt and ultrasound? No.
            *   If I choose 3, it covers ultrasound.
            *   If I choose 10, it covers chemical.
            *   Which is more specific? Salt pretreatment (SP) is chemical. USP is mechanical/physical.
            *   So for SP (Salt), I select 10.
            *   For USP (USP), I select 3.
            *   For CP (USP + Salt), I select 10 (Chemical).
            *   For BP (NaOH), I select 6 (Alkaline).
            *   Wait, is NaOH considered chemical? Yes, Qid 10 says "chemical pretreatment different from the more prevalent techniques (alkaline, acidic...)". So NaOH fits Qid 10? No, Qid 10 says "different from... alkaline...". So NaOH is *not* Qid 10.
            *   So BP fits Qid 6 (Alkaline).
            *   USP fits Qid 3 (Ultrasound).
            *   Salt fits Qid 10 (Chemical, excluding alkaline/acidic/solvent).
            *   So Salt pretreatment = 10.
            *   So CP = 10 (since it's chemical).
            *   So the final list: 6, 10, 3.

    *   Wait, I need to check if I missed any other pretreatments.
    *   Section 3.2 "SP_Ca" is Salt.
    *   Section 3.2 "SP_FeII" is Salt.
    *   Section 3.2 "SP_FeIII" is Salt.
    *   Section 3.3 "USP".
    *   Section 3.4 "CP_Ca" is USP + Salt.
    *   Section 3.4 "CP_FeIII" is USP + Salt.
    *   Section 3.1 "BP".
    *   Section 5.1 "Dilution with water".

    *   Are there any others?
    *   Section 2.1 "bovine manure". Inoculum. Not a pretreatment.
    *   Section 2.2 "flushed with N2". Not a pretreatment.
    *   Section 2.3 "analytical measurements". Not a pretreatment.
    *   Section 2.4 "BMP". Not a pretreatment.
    *   Section 3.1 "Basic pretreatment".
    *   Section 3.2 "Salt pretreatment".
    *   Section 3.3 "Ultrasonic pretreatment".
    *   Section 3.4 "Combined Pretreatments".
    *   Section 5.1 "Dilution with water".

    *   So the treatments are BP, Salt, USP, CP, WP.
    *   Qids mapping:
        *   BP (NaOH): Qid 6 (Alkaline).
        *   Salt (FeCl3, CaCO3): Qid 10 (Chemical).
        *   USP (Ultrasound): Qid 3 (Ultrasound).
        *   CP (USP + Salt): Qid 10 (Chemical).
        *   WP (Water): Qid -1 (Water is not solvent).
    *   So the list is 3, 6, 10.

    *   Wait, is there any Qid for Dilution?
    *   Qid 9: "ignore implicit cases such as the use of water in a process".
    *   So WP is -1.
    *   Is there any Qid for "No pretreatment"? No.
    *   So 3, 6, 10.
    *   Wait, I need to check Qid 10 again. "chemical pretreatment different from the more prevalent techniques (alkaline, acidic, oxidation and solvent)".
    *   So BP (Alkaline) = 6.
    *   USP = 3.
    *   Salt = 10.
    *   CP = 10 (since it contains salt).
    *   WP = -1.

    *   Wait, I need to check if Qid 10 allows for "chemical pretreatment different from... alkaline".
    *   Yes, Salt fits this.
    *   So the list is 3, 6, 10.
    *   But for CP, does it fit Qid 3? Yes. Does it fit Qid 6? No. Does it fit Qid 10? Yes.
    *   So for CP, I must choose one.
    *   If I choose Qid 10, it fits the chemical aspect.
    *   If I choose Qid 3, it fits the mechanical aspect.
    *   I will choose Qid 10 because Salt is the primary chemical agent in the "Combined" test description ("ultrasonic plus CaCO3 pretreatment"). Wait, the combined test description says "ultrasonic plus CaCO3".
    *   But USP is Qid 3. Salt is Qid 10.
    *   I will list all qids that fit.
    *   Wait, the instruction says "you can only choose one".
    *   So for each identified treatment, I pick one qid.
    *   If I treat USP as a treatment, I pick 3.
    *   If I treat Salt as a treatment, I pick 10.
    *   If I treat CP as a treatment, I pick 10 (since Salt is the chemical).
    *   So the list is 3, 6, 10.
    *   Wait, I need to check if there are any other qids.
    *   Qid 58: Microaerobic. No.
    *   Qid 11: Enzyme. No.
    *   Qid 12: Fungi. No.
    *   Qid 13: Microbial. No.
    *   Qid 14: External active material. No.
    *   Qid 1: Mechanical. No.
    *   Qid 2: Thermal. No.
    *   Qid 4: Pressure. No.
    *   Qid 7: Acidic. No (excluded pH adjustment).
    *   Qid 8: Oxidizer. No.
    *   Qid 9: Solvent. No (Water ignored).

    *   So the qids are 3, 6, 10.
    *   Wait, I need to check if I should include CP separately.
    *   The prompt says "Identify ALL the different pretreatments... You must for each identified treatment identify which question from the list fits the treatment, you can only choose one".
    *   So I should list all qids that match *any* of the identified treatments.
    *   If a treatment matches Qid 3, I list 3.
    *   If a treatment matches Qid 6, I list 6.
    *   If a treatment matches Qid 10, I list 10.
    *   So for WP, I don't list anything (-1).
    *   For BP, I list 6.
    *   For Salt, I list 10.
    *   For USP, I list 3.
    *   For CP, I list 10.
    *   So the list is 3, 6, 10.
    *   Wait, does USP fit Qid 3? Yes.
    *   Does Salt fit Qid 10? Yes.
    *   Does BP fit Qid 6? Yes.
    *   Does CP fit Qid 10? Yes (since it contains Salt).
    *   So I should include 3, 6, 10.

    *   Wait, I need to check if I missed any pretreatment in Step 1.
    *   "Consider only the methodology".
    *   "Identify ALL the different pretreatments applied to the substrates... even if not mentioned as a pretreatment: this includes potential treatments during substrate sample preparation, only exclude the following 3 and nothing else:drying, washing and freezing for storage."
    *   "Dilution with water" is mentioned in Section 5.1 as a pretreatment option.
    *   "Basic pretreatment" is Section 3.1.
    *   "Salt pretreatment" is Section 3.2.
    *   "Ultrasonic pretreatment" is Section 3.3.
    *   "Combined Pretreatments" is Section 3.4.
    *   So these are all.
    *   So the qids are 3, 6, 10.
    *   Wait, I need to check if CP fits Qid 3.
    *   Qid 3 says "ultrasound pretreatment on a substrate".
    *   CP contains USP. So it fits Qid 3.
    *   Does CP fit Qid 10?
    *   Qid 10 says "chemical pretreatment different from the more prevalent techniques (alkaline, acidic, oxidation and solvent)".
    *   CP contains Salt (Chemical). So it fits Qid 10.
    *   So I should list 3 and 10 for CP.
    *   But the instruction says "for each identified treatment... you can only choose one".
    *   So I must pick one per treatment.
    *   So if I treat USP, I pick 3.
    *   If I treat Salt, I pick 10.
    *   If I treat CP, I pick 10 (since Salt is the chemical).
    *   But USP is a separate treatment from Salt in the methodology.
    *   So I have three separate treatments: BP, Salt, USP. And CP is a combination.
    *   So I should list qids for each unique treatment.
    *   But CP is a combination. Does it count as a separate treatment?
    *   The prompt says "Identify ALL the different pretreatments".
    *   If CP is a combination, is it a separate pretreatment?
    *   Section 3.4: "Two different pretreatment combinations... were tested as a means of increasing biogas production."
    *   So they are separate tests.
    *   So for CP, I should pick one qid.
    *   If I pick 3, it fits USP.
    *   If I pick 10, it fits Salt.
    *   If I pick 3, it fits USP.
    *   So for CP, I should pick 10 because Salt is the chemical agent that makes it unique from USP? Or USP is the mechanical agent.
    *   Let's check Qid 10 again. "chemical pretreatment different from the more prevalent techniques (alkaline, acidic, oxidation and solvent)".
    *   USP is not chemical (it's mechanical).
    *   Salt is chemical.
    *   So CP = Salt = Qid 10.
    *   So the list is 3, 6, 10.
    *   Wait, I need to check if USP fits Qid 3. Yes.
    *   So the list is 3, 6, 10.

    *   Wait, I need to check if I should list Qid 3 and Qid 10 separately.
    *   Yes, because BP, Salt, USP, and CP are distinct treatments.
    *   So I will list 3, 6, 10.
    *   Wait, is there any Qid for Dilution?
    *   Qid 9: "ignore implicit cases such as the use of water in a process".
    *   So WP is -1.
    *   So the final list is 3, 6, 10.
