2026-06-05 10:51:37,152 articletxt/16.txt
2026-06-05 10:51:37,152 Title of processing article: TITLE: Mechanical pretreatment effects on macroalgae-derived biogas production in co-digestion with sludge in Ireland
2026-06-05 10:56:59,132 HTTP Request: POST http://127.0.0.1:11434/api/generate "HTTP/1.1 200 OK"
2026-06-05 10:56:59,135 321 seconds of runtime
2026-06-05 10:56:59,140 
2026-06-05 10:56:59,140 wrong format on the response:  for article: articletxt/16.txt
2026-06-05 10:56:59,141 articletxt/752.txt
2026-06-05 10:56:59,141 Title of processing article: TITLE: Accelerated biomethane production from lignocellulosic biomass: Pretreated by mixed enzymes secreted by Trichoderma viride and Aspergillus sp.
2026-06-05 11:02:22,840 HTTP Request: POST http://127.0.0.1:11434/api/generate "HTTP/1.1 200 OK"
2026-06-05 11:02:22,874 323 seconds of runtime
2026-06-05 11:02:22,887 
2026-06-05 11:02:22,887 wrong format on the response:  for article: articletxt/752.txt
2026-06-05 11:02:22,888 articletxt/1798.txt
2026-06-05 11:02:22,889 Title of processing article: TITLE: Biological pre-hydrolysis and thermal pretreatment applied for anaerobic digestion improvement: Kinetic study and statistical variable selection
2026-06-05 11:07:54,813 HTTP Request: POST http://127.0.0.1:11434/api/generate "HTTP/1.1 200 OK"
2026-06-05 11:07:54,819 331 seconds of runtime
2026-06-05 11:07:54,827 
2026-06-05 11:07:54,827 wrong format on the response:  for article: articletxt/1798.txt
2026-06-05 11:07:54,827 articletxt/1608.txt
2026-06-05 11:07:54,828 Title of processing article: TITLE: Enhanced digestibility and fermentability of sugarcane bagasse in biofuel production by surfactant-assisted dilute acid pretreatment
