2026-06-06 17:40:27,333 start
2026-06-06 17:40:27,333 articletxt/16.txt
2026-06-06 17:40:27,334 Title of processing article: TITLE: Mechanical pretreatment effects on macroalgae-derived biogas production in co-digestion with sludge in Ireland
2026-06-06 17:40:44,236 [2, 10, 14]
2026-06-06 17:40:44,236 
2026-06-06 17:40:44,236 articletxt/752.txt
2026-06-06 17:40:44,236 Title of processing article: TITLE: Accelerated biomethane production from lignocellulosic biomass: Pretreated by mixed enzymes secreted by Trichoderma viride and Aspergillus sp.
2026-06-06 17:40:54,704 [2, 3, 4, 5, 6, 7, 8, 9, 10, 11, 12, 13, 14, 58]
2026-06-06 17:40:54,705 
2026-06-06 17:40:54,705 articletxt/1798.txt
2026-06-06 17:40:54,705 Title of processing article: TITLE: Biological pre-hydrolysis and thermal pretreatment applied for anaerobic digestion improvement: Kinetic study and statistical variable selection
2026-06-06 17:41:03,799 [1, 2, 3, 4, 5, 6, 7, 8, 9, 10, 11, 12, 13, 14, 58]
2026-06-06 17:41:03,799 
2026-06-06 17:41:03,799 articletxt/1608.txt
2026-06-06 17:41:03,800 Title of processing article: TITLE: Enhanced digestibility and fermentability of sugarcane bagasse in biofuel production by surfactant-assisted dilute acid pretreatment
2026-06-06 17:41:13,071 [2, 3, 4, 5, 6, 7, 8, 9, 10, 11, 12, 13, 14, 58]
2026-06-06 17:41:13,071 
2026-06-06 17:41:13,071 articletxt/553.txt
2026-06-06 17:41:13,072 Title of processing article: TITLE: Comparison between ensilage and fungal pretreatment for storage of giant reed and subsequent methane production
2026-06-06 17:41:20,948 [2, 6, 8, 10, 11, 12]
2026-06-06 17:41:20,948 
2026-06-06 17:41:20,948 articletxt/1617.txt
2026-06-06 17:41:20,949 Title of processing article: TITLE: Surfactant assisted microwave disintegration of green marine macroalgae for enhanced anaerobic biodegradability and biomethane recovery
2026-06-06 17:41:27,638 [2, 5, 10, 11, 14]
2026-06-06 17:41:27,638 
2026-06-06 17:41:27,638 articletxt/937.txt
2026-06-06 17:41:27,638 Title of processing article: TITLE: Assessment of organosolv, hydrothermal, and combined organosolv and hydrothermal with enzymatic pretreatment to increase the production of biogas from Napier grass and Napier silage
2026-06-06 17:41:37,035 [2, 6, 7, 12, 13, 14, 17]
2026-06-06 17:41:37,035 
2026-06-06 17:41:37,035 articletxt/328.txt
2026-06-06 17:41:37,036 Title of processing article: TITLE: Prerequisite – An electrohydrolysis pretreatment for anaerobic digestion of lignocellulose waste material
2026-06-06 17:41:42,673 [2, 6, 5, 1, 10]
2026-06-06 17:41:42,673 
2026-06-06 17:41:42,673 articletxt/87.txt
2026-06-06 17:41:42,673 Title of processing article: TITLE: Mesophilic aerobic digestion: An efficient and inexpensive biological pretreatment to improve biogas production from highly-recalcitrant pinewood
2026-06-06 17:41:50,860 [2, 3, 4, 5, 6, 7, 8, 9, 10, 11, 12, 13, 14, 58]
2026-06-06 17:41:50,860 
2026-06-06 17:41:50,860 articletxt/2.txt
2026-06-06 17:41:50,861 Title of processing article: TITLE: Effect of hydrothermal pretreatment on Miscanthus anaerobic digestion
2026-06-06 17:41:57,522 [2, 6, 7, 9, 10]
2026-06-06 17:41:57,522 
2026-06-06 17:41:57,523 articletxt/625.txt
2026-06-06 17:41:57,523 Title of processing article: TITLE: Effect of ultrasonic assisted KOH pretreatment on physiochemical characteristic and anaerobic digestion performance of wheat straw
2026-06-06 17:42:04,346 [2, 3, 16, 23, 24]
2026-06-06 17:42:04,346 
2026-06-06 17:42:04,346 articletxt/189.txt
2026-06-06 17:42:04,347 Title of processing article: TITLE: Evaluation of hydrothermal pretreatment for biological treatment of lignocellulosic feedstock (pepper plant and eggplant)
2026-06-06 17:42:11,950 [2, 3, 4, 5, 6, 7, 8, 9, 10, 11, 12, 13, 14, 58]
2026-06-06 17:42:11,950 
2026-06-06 17:42:11,951 articletxt/1028.txt
2026-06-06 17:42:11,951 Title of processing article: TITLE: Effect of inoculum pre-treatment on mesophilic hydrogen and methane production from food waste using two-stage anaerobic digestion
2026-06-06 17:42:19,406 [1, 2, 3, 4, 5, 6, 7, 8, 9, 10, 11, 12, 13, 14, 58]
2026-06-06 17:42:19,406 
2026-06-06 17:42:19,407 articletxt/1293.txt
2026-06-06 17:42:19,407 Title of processing article: TITLE: Improvement of biogas production from pine wood by alkali pretreatment
2026-06-06 17:42:24,080 [2, 6, 10]
2026-06-06 17:42:24,080 
2026-06-06 17:42:24,081 articletxt/930.txt
2026-06-06 17:42:24,081 Title of processing article: TITLE: The selection of pretreatment options for anaerobic digestion (AD): A case study in olive oil waste production
2026-06-06 17:42:34,118 [1, 2, 3, 4, 5, 6, 7, 8, 9, 10, 11, 12, 13, 14, 58]
2026-06-06 17:42:34,118 
2026-06-06 17:42:34,119 articletxt/1624.txt
2026-06-06 17:42:34,119 Title of processing article: TITLE: Anaerobic bioprocessing of wastewater-derived duckweed: Maximizing product yields in a biorefinery value cascade
2026-06-06 17:42:45,786 [2, 3, 4, 5, 6, 7, 8, 9, 10, 11, 12, 13, 14, 58]
2026-06-06 17:42:45,786 
2026-06-06 17:42:45,787 articletxt/1263.txt
2026-06-06 17:42:45,787 Title of processing article: TITLE: Cleaner energy for cleaner production: Modeling and optimization of biogas generation from Carica papayas (Pawpaw) fruit peels
2026-06-06 17:42:55,848 [2, 3, 4, 5, 6, 7, 8, 9, 10, 11, 12, 13, 14, 58]
2026-06-06 17:42:55,848 
2026-06-06 17:42:55,871 articletxt/1114.txt
2026-06-06 17:42:55,872 Title of processing article: TITLE: Effect of hydrothermal pretreatment on two-stage anaerobic digestion of food waste and Enteromorpha: Digestion performance, bioenergy efficiency, and microbial community dynamics
2026-06-06 17:43:06,846 [2, 3, 4, 5, 6, 7, 8, 9, 10, 11, 12, 13, 14, 58]
2026-06-06 17:43:06,846 
2026-06-06 17:43:06,847 articletxt/1832.txt
2026-06-06 17:43:06,847 Title of processing article: TITLE: Peracetic acid pretreatment improves biogas production from anaerobic digestion of sewage sludge by promoting organic matter release, conversion and affecting microbial community
2026-06-06 17:43:17,069 [2, 3, 4, 5, 6, 7, 8, 9, 10, 11, 12, 13, 14, 58]
2026-06-06 17:43:17,069 
2026-06-06 17:43:17,070 articletxt/860.txt
2026-06-06 17:43:17,070 Title of processing article: TITLE: Evaluation of thermal, ultrasonic and alkali pretreatments on mixed-microalgal biomass to enhance anaerobic methane production
2026-06-06 17:43:24,747 [2, 3, 6, 9, 10, 11, 12, 13, 14, 58]
2026-06-06 17:43:24,747 
2026-06-06 17:43:24,747 articletxt/1127.txt
2026-06-06 17:43:24,747 Title of processing article: TITLE: Enhanced simultaneous saccharification and fermentation of Napier grass and Napier silage for two stage bio-hydrogen and methane production using organosolv and hydrothermal
2026-06-06 17:43:33,310 [2, 6, 7, 10, 16]
2026-06-06 17:43:33,310 
2026-06-06 17:43:33,310 articletxt/676.txt
2026-06-06 17:43:33,311 Title of processing article: TITLE: Improving the methane production from zucchini stem by response surface methodology and different pretreatments
2026-06-06 17:43:40,038 [2, 6, 7, 10, 16]
2026-06-06 17:43:40,038 
2026-06-06 17:43:40,039 articletxt/1101.txt
2026-06-06 17:43:40,039 Title of processing article: TITLE: The effects of waste-activated sludge pretreatment using hydrodynamic cavitation for methane production
2026-06-06 17:43:45,280 [2, 4, 6, 8, 10, 11, 13]
2026-06-06 17:43:45,281 
2026-06-06 17:43:45,303 articletxt/201.txt
2026-06-06 17:43:45,303 Title of processing article: TITLE: Conjoint effect of microwave irradiation and metal nanoparticles on biogas augmentation from anaerobic digestion of green algae
2026-06-06 17:43:51,315 [2, 6, 8, 9, 10]
2026-06-06 17:43:51,315 
2026-06-06 17:43:51,316 articletxt/1683.txt
2026-06-06 17:43:51,316 Title of processing article: TITLE: Process design and economic evaluation for methane and electricity production from Agave bagasse using different pretreatments
2026-06-06 17:43:57,909 [2, 6, 7, 8, 9, 10, 11, 12]
2026-06-06 17:43:57,909 
2026-06-06 17:43:57,910 articletxt/1117.txt
2026-06-06 17:43:57,910 Title of processing article: TITLE: Enhancing methane production from dewatered waste activated sludge through alkaline and photocatalytic pretreatment
2026-06-06 17:44:08,226 [2, 5, 6, 8, 10, 11, 13]
2026-06-06 17:44:08,227 
2026-06-06 17:44:08,227 articletxt/105.txt
2026-06-06 17:44:08,227 Title of processing article: TITLE: Accelerated high-solids anaerobic digestion of sewage sludge using low-temperature thermal pretreatment
2026-06-06 17:44:17,750 [2, 3, 4, 5, 6, 7, 8, 9, 10, 11, 12, 13, 14, 58]
2026-06-06 17:44:17,750 
2026-06-06 17:44:17,773 articletxt/761.txt
2026-06-06 17:44:17,773 Title of processing article: TITLE: Influence of pretreatment conditions on lignocellulosic fractions and methane production from grape pomace
2026-06-06 17:44:27,417 [2, 3, 4, 5, 6, 7, 8, 9, 10, 11, 12, 13, 14, 58]
2026-06-06 17:44:27,417 
2026-06-06 17:44:27,417 articletxt/1749.txt
2026-06-06 17:44:27,418 Title of processing article: TITLE: Impact of the thermo-alkaline pretreatment on the anaerobic digestion of poly(butylene adipate-co-terephthalate) (PBAT) and poly(lactic acid) (PLA) blended plastics
2026-06-06 17:44:37,318 [2, 6, 7, 8, 9, 10, 11, 12, 13, 14, 15]
2026-06-06 17:44:37,319 
2026-06-06 17:44:37,319 articletxt/1325.txt
2026-06-06 17:44:37,319 Title of processing article: TITLE: Biorefinery for efficient xanthan gum, ethanol, and biogas production from potato crop residues
2026-06-06 17:44:46,187 [2, 6, 7, 8, 9, 11, 13, 14, 17]
2026-06-06 17:44:46,188 
2026-06-06 17:44:46,188 articletxt/1358.txt
2026-06-06 17:44:46,188 Title of processing article: TITLE: Assess a new strategy and develop a new mixer to improve anaerobic microbial activities and clean biogas production
2026-06-06 17:44:54,701 [2, 6, 7, 12, 14, 58]
2026-06-06 17:44:54,701 
2026-06-06 17:44:54,701 articletxt/542.txt
2026-06-06 17:44:54,702 Title of processing article: TITLE: Enhancing volatile fatty acid (VFA) and bio-methane production from lawn grass with pretreatment
2026-06-06 17:45:02,248 [1, 2, 3, 4, 5, 6, 7, 8, 9, 10, 11, 12, 13, 14, 58]
2026-06-06 17:45:02,248 
2026-06-06 17:45:02,248 articletxt/768.txt
2026-06-06 17:45:02,248 Title of processing article: TITLE: Examining the mechanisms of short-term solubilization of ground food waste for high-rate anaerobic digestion
2026-06-06 17:45:09,901 [2, 3, 4, 5, 6, 7, 8, 9, 10, 11, 12, 13, 14, 58]
2026-06-06 17:45:09,901 
2026-06-06 17:45:09,901 articletxt/1569.txt
2026-06-06 17:45:09,901 Title of processing article: TITLE: Enhancement of anaerobic digestion efficiency of wastewater sludge and olive waste: Synergistic effect of co-digestion and ultrasonic/microwave sludge pre-treatment
2026-06-06 17:45:17,707 [2, 3, 4, 5, 6, 7, 8, 9, 10, 11, 12, 13, 14, 58]
2026-06-06 17:45:17,707 
2026-06-06 17:45:17,707 articletxt/526.txt
2026-06-06 17:45:17,708 Title of processing article: TITLE: Increased solubilization of excess sludge does not always result in enhanced anaerobic digestion efficiency
2026-06-06 17:45:22,365 [2, 3, 6, 9, 10]
2026-06-06 17:45:22,365 
2026-06-06 17:45:22,366 articletxt/106.txt
2026-06-06 17:45:22,366 Title of processing article: TITLE: Pretreatment of sugarcane bagasse with dilute citric acid and enzymatic hydrolysis: Use of black liquor and solid fraction for biogas production
2026-06-06 17:45:32,764 [2, 6, 7, 8, 9, 10, 11, 12, 13, 14, 15]
2026-06-06 17:45:32,764 
2026-06-06 17:45:32,765 articletxt/588.txt
2026-06-06 17:45:32,765 Title of processing article: TITLE: Assessment of pretreatment and digestion temperature on anaerobic digestion of whiskey byproducts and microbial taxonomy
2026-06-06 17:45:44,235 [2, 3, 4, 5, 6, 7, 8, 9, 10, 11, 12, 13, 14, 58]
2026-06-06 17:45:44,235 
2026-06-06 17:45:44,236 articletxt/333.txt
2026-06-06 17:45:44,236 Title of processing article: TITLE: Chemical pretreatment of lignocellulosic agroindustrial waste for methane production
2026-06-06 17:45:56,982 [2, 6, 7, 9, 10, 13]
2026-06-06 17:45:56,982 
2026-06-06 17:45:56,982 articletxt/652.txt
2026-06-06 17:45:56,983 Title of processing article: TITLE: Enhanced solid-state anaerobic digestion of corn stover by alkaline pretreatment
2026-06-06 17:46:03,119 [2, 6, 12, 14]
2026-06-06 17:46:03,119 
2026-06-06 17:46:03,119 articletxt/1515.txt
2026-06-06 17:46:03,120 Title of processing article: TITLE: Effect of pretreatments on cellulosic composition and morphology of pine needle for possible utilization as substrate for anaerobic digestion
2026-06-06 17:46:11,284 [1, 2, 3, 4, 5, 6, 7, 8, 9, 10]
2026-06-06 17:46:11,284 
2026-06-06 17:46:11,284 articletxt/1556.txt
2026-06-06 17:46:11,285 Title of processing article: TITLE: Agave tequilana bagasse for methane production in batch and sequencing batch reactors: Acid catalyst effect, batch optimization and stability of the semi-continuous process
2026-06-06 17:46:18,904 [2, 6, 7, 11, 14]
2026-06-06 17:46:18,904 
2026-06-06 17:46:18,904 articletxt/409.txt
2026-06-06 17:46:18,905 Title of processing article: TITLE: Continuous anaerobic digestion of zucchini stem after pretreatment
2026-06-06 17:46:26,184 [2, 6, 7, 10, 14]
2026-06-06 17:46:26,184 
2026-06-06 17:46:26,184 articletxt/815.txt
2026-06-06 17:46:26,185 Title of processing article: TITLE: Understanding the role of mechanical pretreatment before anaerobic digestion: Lab-scale investigations
2026-06-06 17:46:34,870 [2, 3, 4, 5, 6, 7, 8, 9, 10, 11, 12, 13, 14, 15]
2026-06-06 17:46:34,871 
2026-06-06 17:46:34,871 articletxt/833.txt
2026-06-06 17:46:34,871 Title of processing article: TITLE: Enhanced mesophilic anaerobic digestion of food waste by thermal pretreatment: Substrate versus digestate heating
2026-06-06 17:46:41,810 [2, 3, 6, 7, 9, 10, 11, 13, 14, 58]
2026-06-06 17:46:41,810 
2026-06-06 17:46:41,810 articletxt/1424.txt
2026-06-06 17:46:41,811 Title of processing article: TITLE: Fractionation of sugarcane bagasse using hydrothermal and advanced oxidative pretreatments for bioethanol and biogas production in lignocellulose biorefineries
2026-06-06 17:46:57,273 [2, 3, 7, 9, 10, 11, 13, 14, 58]
2026-06-06 17:46:57,273 
2026-06-06 17:46:57,274 articletxt/1132.txt
2026-06-06 17:46:57,274 Title of processing article: TITLE: Improving biogas production from different parts of spruce tree using leading pretreatments
2026-06-06 17:47:06,282 [2, 6, 7, 10, 11]
2026-06-06 17:47:06,282 
2026-06-06 17:47:06,282 articletxt/837.txt
2026-06-06 17:47:06,282 Title of processing article: TITLE: Kinetics of thermophilic batch anaerobic digestion of thermal hydrolysed waste activated sludge
2026-06-06 17:47:13,495 [2, 3, 4, 5, 6, 7, 8, 9, 10, 11, 12, 13, 14, 58]
2026-06-06 17:47:13,495 
2026-06-06 17:47:13,496 articletxt/1463.txt
2026-06-06 17:47:13,496 Title of processing article: TITLE: Combined treatment of alkaline and disperser for improving solubilization and anaerobic biodegradability of dairy waste activated sludge
2026-06-06 17:47:23,031 [2, 3, 4, 5, 6, 7, 8, 9, 10, 11, 12, 13, 14, 58]
2026-06-06 17:47:23,031 
2026-06-06 17:47:23,031 articletxt/1619.txt
2026-06-06 17:47:23,032 Title of processing article: TITLE: TiO2 - chitosan thin film induced solar photocatalytic deflocculation of sludge for profitable bacterial pretreatment and biofuel production
2026-06-06 17:47:32,118 [1, 2, 3, 4, 5, 6, 7, 8, 9, 10]
2026-06-06 17:47:32,118 
2026-06-06 17:47:32,119 articletxt/485.txt
2026-06-06 17:47:32,119 Title of processing article: TITLE: Mechanical pretreatments of different agri-based feedstock in full-scale biogas plants under real operational conditions
2026-06-06 17:47:41,231 [2, 6, 8, 9, 10, 11, 12, 13, 14, 58]
2026-06-06 17:47:41,231 
2026-06-06 17:47:41,231 articletxt/52.txt
2026-06-06 17:47:41,232 Title of processing article: TITLE: Integration of subcritical water pretreatment and anaerobic digestion technologies for valorization of açai processing industries residues
2026-06-06 17:47:52,936 [2, 3, 4, 5, 6, 7, 8, 9, 10, 11, 12, 13, 14, 58]
2026-06-06 17:47:52,959 
2026-06-06 17:47:52,959 articletxt/1115.txt
2026-06-06 17:47:52,960 Title of processing article: TITLE: Synergistic pretreatment of waste activated sludge using CaO2 in combination with microwave irradiation to enhance methane production during anaerobic digestion
2026-06-06 17:48:04,155 [2, 3, 6, 7, 8, 9, 10, 11]
2026-06-06 17:48:04,156 
2026-06-06 17:48:04,156 articletxt/1062.txt
2026-06-06 17:48:04,156 Title of processing article: TITLE: Zero-valent iron enhanced methanogenic activity in anaerobic digestion of waste activated sludge after heat and alkali pretreatment
2026-06-06 17:48:10,432 [2, 6, 10, 11, 14]
2026-06-06 17:48:10,433 
2026-06-06 17:48:10,433 end
2026-06-06 17:48:10,433 463: total time in seconds
2026-06-06 17:48:10,433 0.12863882303237914: total time in hours
2026-06-06 17:48:10,433 0.14562885626307073: time per article in minutes
