2026-06-05 16:53:34,476 start
2026-06-05 16:53:34,477 articletxt/16.txt
2026-06-05 16:53:34,477 TITLE: Mechanical pretreatment effects on macroalgae-derived biogas production in co-digestion with sludge in Ireland
2026-06-05 16:53:34,477 1
2026-06-05 16:53:41,869 ['True', '']
2026-06-05 16:53:41,869 2
2026-06-05 16:53:42,686 ['True', '']
2026-06-05 16:53:42,686 3
2026-06-05 16:53:43,454 ['True', '']
2026-06-05 16:53:43,454 4
2026-06-05 16:53:44,251 ['True', '']
2026-06-05 16:53:44,251 5
2026-06-05 16:53:45,002 ['True', '']
2026-06-05 16:53:45,002 6
2026-06-05 16:53:45,790 ['False', '']
2026-06-05 16:53:45,791 7
2026-06-05 16:53:46,547 ['True', '']
2026-06-05 16:53:46,548 8
2026-06-05 16:53:47,264 ['True', '']
2026-06-05 16:53:47,285 9
2026-06-05 16:53:48,113 ['false', '']
2026-06-05 16:53:48,113 10
2026-06-05 16:53:48,901 ['True', '']
2026-06-05 16:53:48,901 11
2026-06-05 16:53:49,675 ['false', '']
2026-06-05 16:53:49,675 12
2026-06-05 16:53:50,400 ['True', '']
2026-06-05 16:53:50,400 13
2026-06-05 16:53:51,137 ['True', '']
2026-06-05 16:53:51,137 14
2026-06-05 16:53:51,936 ['True', '']
2026-06-05 16:53:51,936 58
2026-06-05 16:53:52,686 ['True', '']
2026-06-05 16:53:52,687 articletxt/752.txt
2026-06-05 16:53:52,709 TITLE: Accelerated biomethane production from lignocellulosic biomass: Pretreated by mixed enzymes secreted by Trichoderma viride and Aspergillus sp.
2026-06-05 16:53:52,709 1
2026-06-05 16:53:58,417 ['True', '']
2026-06-05 16:53:58,417 2
2026-06-05 16:53:59,847 ['True', '']
2026-06-05 16:53:59,847 3
2026-06-05 16:54:01,276 ['False', '']
2026-06-05 16:54:01,277 4
2026-06-05 16:54:02,758 ['false', '']
2026-06-05 16:54:02,758 5
2026-06-05 16:54:04,166 ['True', '']
2026-06-05 16:54:04,181 6
2026-06-05 16:54:05,583 ['True', '']
2026-06-05 16:54:05,583 7
2026-06-05 16:54:07,048 ['True', '']
2026-06-05 16:54:07,048 8
2026-06-05 16:54:08,450 ['True', '']
2026-06-05 16:54:08,450 9
2026-06-05 16:54:09,963 ['True', '']
2026-06-05 16:54:09,985 10
2026-06-05 16:54:11,397 ['True', '']
2026-06-05 16:54:11,397 11
2026-06-05 16:54:12,920 ['true', '']
2026-06-05 16:54:12,920 12
2026-06-05 16:54:14,315 ['True', '']
2026-06-05 16:54:14,315 13
2026-06-05 16:54:15,760 ['True', '']
2026-06-05 16:54:15,760 14
2026-06-05 16:54:17,325 ['True', '']
2026-06-05 16:54:17,325 58
2026-06-05 16:54:18,730 ['True', '']
2026-06-05 16:54:18,731 articletxt/1798.txt
2026-06-05 16:54:18,732 TITLE: Biological pre-hydrolysis and thermal pretreatment applied for anaerobic digestion improvement: Kinetic study and statistical variable selection
2026-06-05 16:54:18,732 1
2026-06-05 16:54:23,375 ['True', '']
2026-06-05 16:54:23,375 2
2026-06-05 16:54:24,919 ['False', '']
2026-06-05 16:54:24,919 3
2026-06-05 16:54:26,371 ['True', '']
2026-06-05 16:54:26,371 4
2026-06-05 16:54:27,948 ['false', '']
2026-06-05 16:54:27,948 5
2026-06-05 16:54:29,470 ['false', '']
2026-06-05 16:54:29,471 6
2026-06-05 16:54:30,984 ['True', '']
2026-06-05 16:54:30,985 7
2026-06-05 16:54:32,471 ['True', '']
2026-06-05 16:54:32,471 8
2026-06-05 16:54:33,909 ['false', '']
2026-06-05 16:54:33,909 9
2026-06-05 16:54:35,456 ['True', '']
2026-06-05 16:54:35,457 10
2026-06-05 16:54:36,959 ['True', '']
2026-06-05 16:54:36,959 11
2026-06-05 16:54:38,448 ['True', '']
2026-06-05 16:54:38,448 12
2026-06-05 16:54:39,912 ['True', '']
2026-06-05 16:54:39,912 13
2026-06-05 16:54:41,350 ['True', '']
2026-06-05 16:54:41,350 14
2026-06-05 16:54:42,870 ['True', '']
2026-06-05 16:54:42,870 58
2026-06-05 16:54:44,357 ['True', '']
2026-06-05 16:54:44,357 articletxt/1608.txt
2026-06-05 16:54:44,358 TITLE: Enhanced digestibility and fermentability of sugarcane bagasse in biofuel production by surfactant-assisted dilute acid pretreatment
2026-06-05 16:54:44,358 1
2026-06-05 16:54:49,376 ['True', '']
2026-06-05 16:54:49,376 2
2026-06-05 16:54:50,165 ['True', '']
2026-06-05 16:54:50,165 3
2026-06-05 16:54:50,903 ['True', '']
2026-06-05 16:54:50,903 4
2026-06-05 16:54:51,667 ['True', '']
2026-06-05 16:54:51,667 5
2026-06-05 16:54:52,464 ['True', '']
2026-06-05 16:54:52,465 6
2026-06-05 16:54:53,270 ['True', '']
2026-06-05 16:54:53,270 7
2026-06-05 16:54:54,000 ['False', '']
2026-06-05 16:54:54,000 8
2026-06-05 16:54:54,776 ['True', '']
2026-06-05 16:54:54,776 9
2026-06-05 16:54:55,683 ['true', '']
2026-06-05 16:54:55,684 10
2026-06-05 16:54:56,490 ['False', '']
2026-06-05 16:54:56,490 11
2026-06-05 16:54:57,293 ['true', '']
2026-06-05 16:54:57,293 12
2026-06-05 16:54:58,051 ['True', '']
2026-06-05 16:54:58,051 13
2026-06-05 16:54:58,789 ['True', '']
2026-06-05 16:54:58,789 14
2026-06-05 16:54:59,627 ['True', '']
2026-06-05 16:54:59,627 58
2026-06-05 16:55:00,366 ['True', '']
2026-06-05 16:55:00,366 articletxt/553.txt
2026-06-05 16:55:00,366 TITLE: Comparison between ensilage and fungal pretreatment for storage of giant reed and subsequent methane production
2026-06-05 16:55:00,366 1
2026-06-05 16:55:04,710 ['True', '']
2026-06-05 16:55:04,710 2
2026-06-05 16:55:05,923 ['True', '']
2026-06-05 16:55:05,923 3
2026-06-05 16:55:07,036 ['True', '']
2026-06-05 16:55:07,036 4
2026-06-05 16:55:08,195 ['false', '']
2026-06-05 16:55:08,195 5
2026-06-05 16:55:09,328 ['True', '']
2026-06-05 16:55:09,328 6
2026-06-05 16:55:10,501 ['True', '']
2026-06-05 16:55:10,501 7
2026-06-05 16:55:11,738 ['True', '']
2026-06-05 16:55:11,738 8
2026-06-05 16:55:12,928 ['True', '']
2026-06-05 16:55:12,929 9
2026-06-05 16:55:14,087 ['True', '']
2026-06-05 16:55:14,088 10
2026-06-05 16:55:15,301 ['True', '']
2026-06-05 16:55:15,301 11
2026-06-05 16:55:16,461 ['True', '']
2026-06-05 16:55:16,462 12
2026-06-05 16:55:17,531 ['False', '']
2026-06-05 16:55:17,531 13
2026-06-05 16:55:18,673 ['True', '']
2026-06-05 16:55:18,673 14
2026-06-05 16:55:19,883 ['True', '']
2026-06-05 16:55:19,884 58
2026-06-05 16:55:21,076 ['True', '']
2026-06-05 16:55:21,076 articletxt/1617.txt
2026-06-05 16:55:21,100 TITLE: Surfactant assisted microwave disintegration of green marine macroalgae for enhanced anaerobic biodegradability and biomethane recovery
2026-06-05 16:55:21,100 1
2026-06-05 16:55:24,657 ['True', '']
2026-06-05 16:55:24,658 2
2026-06-05 16:55:26,058 ['True', '']
2026-06-05 16:55:26,058 3
2026-06-05 16:55:27,479 ['True', '']
2026-06-05 16:55:27,480 4
2026-06-05 16:55:28,874 ['True', '']
2026-06-05 16:55:28,874 5
2026-06-05 16:55:30,275 ['True', '']
2026-06-05 16:55:30,275 6
2026-06-05 16:55:31,626 ['True', '']
2026-06-05 16:55:31,626 7
2026-06-05 16:55:33,077 ['True', '']
2026-06-05 16:55:33,077 8
2026-06-05 16:55:34,493 ['True', '']
2026-06-05 16:55:34,493 9
2026-06-05 16:55:35,924 ['True', '']
2026-06-05 16:55:35,924 10
2026-06-05 16:55:37,366 ['False', '']
2026-06-05 16:55:37,366 11
2026-06-05 16:55:38,766 ['True', '']
2026-06-05 16:55:38,767 12
2026-06-05 16:55:40,155 ['True', '']
2026-06-05 16:55:40,155 13
2026-06-05 16:55:41,612 ['True', '']
2026-06-05 16:55:41,612 14
2026-06-05 16:55:43,076 ['True', '']
2026-06-05 16:55:43,077 58
2026-06-05 16:55:44,424 ['True', '']
2026-06-05 16:55:44,424 articletxt/937.txt
2026-06-05 16:55:44,447 TITLE: Assessment of organosolv, hydrothermal, and combined organosolv and hydrothermal with enzymatic pretreatment to increase the production of biogas from Napier grass and Napier silage
2026-06-05 16:55:44,447 1
2026-06-05 16:55:49,961 ['false', '']
2026-06-05 16:55:49,961 2
2026-06-05 16:55:51,115 ['False', '']
2026-06-05 16:55:51,115 3
2026-06-05 16:55:52,271 ['True', '']
2026-06-05 16:55:52,271 4
2026-06-05 16:55:53,383 ['True', '']
2026-06-05 16:55:53,383 5
2026-06-05 16:55:54,545 ['True', '']
2026-06-05 16:55:54,545 6
2026-06-05 16:55:55,697 ['False', '']
2026-06-05 16:55:55,697 7
2026-06-05 16:55:56,883 ['False', '']
2026-06-05 16:55:56,883 8
2026-06-05 16:55:58,041 ['True', '']
2026-06-05 16:55:58,042 9
2026-06-05 16:55:59,241 ['FALSE', '']
2026-06-05 16:55:59,241 10
2026-06-05 16:56:00,409 ['True', '']
2026-06-05 16:56:00,409 11
2026-06-05 16:56:01,632 ['false', '']
2026-06-05 16:56:01,632 12
2026-06-05 16:56:02,731 ['True', '']
2026-06-05 16:56:02,731 13
2026-06-05 16:56:03,904 ['True', '']
2026-06-05 16:56:03,904 14
2026-06-05 16:56:05,122 ['True', '']
2026-06-05 16:56:05,122 58
2026-06-05 16:56:06,320 ['True', '']
2026-06-05 16:56:06,321 articletxt/328.txt
2026-06-05 16:56:06,344 TITLE: Prerequisite – An electrohydrolysis pretreatment for anaerobic digestion of lignocellulose waste material
2026-06-05 16:56:06,345 1
2026-06-05 16:56:09,388 ['true', '']
2026-06-05 16:56:09,388 2
2026-06-05 16:56:10,209 ['True', '']
2026-06-05 16:56:10,210 3
2026-06-05 16:56:10,981 ['True', '']
2026-06-05 16:56:10,982 4
2026-06-05 16:56:11,756 ['True', '']
2026-06-05 16:56:11,756 5
2026-06-05 16:56:12,575 ['False', '']
2026-06-05 16:56:12,575 6
2026-06-05 16:56:13,375 ['True', '']
2026-06-05 16:56:13,375 7
2026-06-05 16:56:14,177 ['True', '']
2026-06-05 16:56:14,177 8
2026-06-05 16:56:14,963 ['True', '']
2026-06-05 16:56:14,963 9
2026-06-05 16:56:15,875 ['false', '']
2026-06-05 16:56:15,875 10
2026-06-05 16:56:16,715 ['True', '']
2026-06-05 16:56:16,715 11
2026-06-05 16:56:17,531 ['false', '']
2026-06-05 16:56:17,531 12
2026-06-05 16:56:18,296 ['True', '']
2026-06-05 16:56:18,296 13
2026-06-05 16:56:19,093 ['True', '']
2026-06-05 16:56:19,093 14
2026-06-05 16:56:19,936 ['True', '']
2026-06-05 16:56:19,936 58
2026-06-05 16:56:20,700 ['True', '']
2026-06-05 16:56:20,700 articletxt/87.txt
2026-06-05 16:56:20,724 TITLE: Mesophilic aerobic digestion: An efficient and inexpensive biological pretreatment to improve biogas production from highly-recalcitrant pinewood
2026-06-05 16:56:20,724 1
2026-06-05 16:56:24,976 ['false', '']
2026-06-05 16:56:24,976 2
2026-06-05 16:56:26,083 ['True', '']
2026-06-05 16:56:26,083 3
2026-06-05 16:56:27,144 ['False', '']
2026-06-05 16:56:27,145 4
2026-06-05 16:56:28,228 ['True', '']
2026-06-05 16:56:28,228 5
2026-06-05 16:56:29,329 ['True', '']
2026-06-05 16:56:29,329 6
2026-06-05 16:56:30,453 ['False', '']
2026-06-05 16:56:30,453 7
2026-06-05 16:56:31,503 ['True', '']
2026-06-05 16:56:31,503 8
2026-06-05 16:56:32,565 ['True', '']
2026-06-05 16:56:32,565 9
2026-06-05 16:56:33,686 ['TRUE', '']
2026-06-05 16:56:33,686 10
2026-06-05 16:56:34,716 ['True', '']
2026-06-05 16:56:34,738 11
2026-06-05 16:56:35,867 ['false', '']
2026-06-05 16:56:35,868 12
2026-06-05 16:56:36,948 ['True', '']
2026-06-05 16:56:36,948 13
2026-06-05 16:56:38,005 ['True', '']
2026-06-05 16:56:38,005 14
2026-06-05 16:56:39,170 ['True', '']
2026-06-05 16:56:39,170 58
2026-06-05 16:56:40,259 ['True', '']
2026-06-05 16:56:40,259 articletxt/2.txt
2026-06-05 16:56:40,283 TITLE: Effect of hydrothermal pretreatment on Miscanthus anaerobic digestion
2026-06-05 16:56:40,283 1
2026-06-05 16:56:43,994 ['True', '']
2026-06-05 16:56:43,994 2
2026-06-05 16:56:45,504 ['False', '']
2026-06-05 16:56:45,504 3
2026-06-05 16:56:47,060 ['True', '']
2026-06-05 16:56:47,060 4
2026-06-05 16:56:48,571 ['True', '']
2026-06-05 16:56:48,571 5
2026-06-05 16:56:50,096 ['True', '']
2026-06-05 16:56:50,096 6
2026-06-05 16:56:51,659 ['False', '']
2026-06-05 16:56:51,659 7
2026-06-05 16:56:53,189 ['True', '']
2026-06-05 16:56:53,189 8
2026-06-05 16:56:54,706 ['false', '']
2026-06-05 16:56:54,706 9
2026-06-05 16:56:56,233 ['false', '']
2026-06-05 16:56:56,233 10
2026-06-05 16:56:57,784 ['True', '']
2026-06-05 16:56:57,784 11
2026-06-05 16:56:59,313 ['true', '']
2026-06-05 16:56:59,313 12
2026-06-05 16:57:00,786 ['True', '']
2026-06-05 16:57:00,786 13
2026-06-05 16:57:02,310 ['True', '']
2026-06-05 16:57:02,311 14
2026-06-05 16:57:03,865 ['True', '']
2026-06-05 16:57:03,865 58
2026-06-05 16:57:05,437 ['True', '']
2026-06-05 16:57:05,438 articletxt/625.txt
2026-06-05 16:57:05,440 TITLE: Effect of ultrasonic assisted KOH pretreatment on physiochemical characteristic and anaerobic digestion performance of wheat straw
2026-06-05 16:57:05,440 1
2026-06-05 16:57:09,159 ['True', '']
2026-06-05 16:57:09,182 2
2026-06-05 16:57:10,807 ['false', '']
2026-06-05 16:57:10,808 3
2026-06-05 16:57:12,361 ['False', '']
2026-06-05 16:57:12,361 4
2026-06-05 16:57:13,928 ['false', '']
2026-06-05 16:57:13,928 5
2026-06-05 16:57:15,563 ['True', '']
2026-06-05 16:57:15,563 6
2026-06-05 16:57:17,109 ['False', '']
2026-06-05 16:57:17,109 7
2026-06-05 16:57:18,682 ['false', '']
2026-06-05 16:57:18,682 8
2026-06-05 16:57:20,279 ['false', '']
2026-06-05 16:57:20,279 9
2026-06-05 16:57:21,924 ['True', '']
2026-06-05 16:57:21,924 10
2026-06-05 16:57:23,542 ['True', '']
2026-06-05 16:57:23,542 11
2026-06-05 16:57:25,112 ['False', '']
2026-06-05 16:57:25,113 12
2026-06-05 16:57:26,683 ['True', '']
2026-06-05 16:57:26,683 13
2026-06-05 16:57:28,265 ['false', '']
2026-06-05 16:57:28,265 14
2026-06-05 16:57:29,864 ['True', '']
2026-06-05 16:57:29,864 58
2026-06-05 16:57:31,436 ['True', '']
2026-06-05 16:57:31,436 articletxt/189.txt
2026-06-05 16:57:31,439 TITLE: Evaluation of hydrothermal pretreatment for biological treatment of lignocellulosic feedstock (pepper plant and eggplant)
2026-06-05 16:57:31,439 1
2026-06-05 16:57:35,289 ['true', '']
2026-06-05 16:57:35,289 2
2026-06-05 16:57:35,916 ['False', '']
2026-06-05 16:57:35,916 3
2026-06-05 16:57:36,570 ['True', '']
2026-06-05 16:57:36,570 4
2026-06-05 16:57:37,221 ['True', '']
2026-06-05 16:57:37,221 5
2026-06-05 16:57:37,833 ['True', '']
2026-06-05 16:57:37,833 6
2026-06-05 16:57:38,484 ['True', '']
2026-06-05 16:57:38,484 7
2026-06-05 16:57:39,113 ['True', '']
2026-06-05 16:57:39,113 8
2026-06-05 16:57:39,760 ['True', '']
2026-06-05 16:57:39,760 9
2026-06-05 16:57:40,482 ['false', '']
2026-06-05 16:57:40,482 10
2026-06-05 16:57:41,099 ['True', '']
2026-06-05 16:57:41,099 11
2026-06-05 16:57:41,729 ['false', '']
2026-06-05 16:57:41,729 12
2026-06-05 16:57:42,348 ['True', '']
2026-06-05 16:57:42,348 13
2026-06-05 16:57:42,963 ['True', '']
2026-06-05 16:57:42,963 14
2026-06-05 16:57:43,723 ['True', '']
2026-06-05 16:57:43,723 58
2026-06-05 16:57:44,355 ['True', '']
2026-06-05 16:57:44,356 articletxt/1028.txt
2026-06-05 16:57:44,379 TITLE: Effect of inoculum pre-treatment on mesophilic hydrogen and methane production from food waste using two-stage anaerobic digestion
2026-06-05 16:57:44,379 1
2026-06-05 16:57:48,022 ['false', '']
2026-06-05 16:57:48,023 2
2026-06-05 16:57:49,499 ['True', '']
2026-06-05 16:57:49,500 3
2026-06-05 16:57:50,913 ['True', '']
2026-06-05 16:57:50,913 4
2026-06-05 16:57:52,343 ['false', '']
2026-06-05 16:57:52,343 5
2026-06-05 16:57:53,746 ['True', '']
2026-06-05 16:57:53,746 6
2026-06-05 16:57:55,161 ['True', '']
2026-06-05 16:57:55,161 7
2026-06-05 16:57:56,619 ['True', '']
2026-06-05 16:57:56,619 8
2026-06-05 16:57:57,987 ['false', '']
2026-06-05 16:57:57,987 9
2026-06-05 16:57:59,478 ['true', '']
2026-06-05 16:57:59,479 10
2026-06-05 16:58:00,880 ['True', '']
2026-06-05 16:58:00,880 11
2026-06-05 16:58:02,277 ['False', '']
2026-06-05 16:58:02,277 12
2026-06-05 16:58:03,713 ['True', '']
2026-06-05 16:58:03,713 13
2026-06-05 16:58:05,086 ['True', '']
2026-06-05 16:58:05,086 14
2026-06-05 16:58:06,673 ['True', '']
2026-06-05 16:58:06,673 58
2026-06-05 16:58:08,137 ['True', '']
2026-06-05 16:58:08,138 articletxt/1293.txt
2026-06-05 16:58:08,161 TITLE: Improvement of biogas production from pine wood by alkali pretreatment
2026-06-05 16:58:08,161 1
2026-06-05 16:58:10,475 ['false', '']
2026-06-05 16:58:10,475 2
2026-06-05 16:58:11,723 ['False', '']
2026-06-05 16:58:11,723 3
2026-06-05 16:58:12,890 ['False', '']
2026-06-05 16:58:12,890 4
2026-06-05 16:58:14,094 ['True', '']
2026-06-05 16:58:14,094 5
2026-06-05 16:58:15,235 ['True', '']
2026-06-05 16:58:15,235 6
2026-06-05 16:58:16,358 ['False', '']
2026-06-05 16:58:16,358 7
2026-06-05 16:58:17,629 ['False', '']
2026-06-05 16:58:17,629 8
2026-06-05 16:58:18,822 ['True', '']
2026-06-05 16:58:18,823 9
2026-06-05 16:58:20,034 ['false', '']
2026-06-05 16:58:20,034 10
2026-06-05 16:58:21,213 ['True', '']
2026-06-05 16:58:21,214 11
2026-06-05 16:58:22,420 ['False', '']
2026-06-05 16:58:22,420 12
2026-06-05 16:58:23,577 ['True', '']
2026-06-05 16:58:23,577 13
2026-06-05 16:58:24,829 ['True', '']
2026-06-05 16:58:24,829 14
2026-06-05 16:58:26,032 ['True', '']
2026-06-05 16:58:26,032 58
2026-06-05 16:58:27,223 ['True', '']
2026-06-05 16:58:27,224 articletxt/930.txt
2026-06-05 16:58:27,224 TITLE: The selection of pretreatment options for anaerobic digestion (AD): A case study in olive oil waste production
2026-06-05 16:58:27,224 1
2026-06-05 16:58:32,581 ['False', '']
2026-06-05 16:58:32,581 2
2026-06-05 16:58:33,634 ['True', '']
2026-06-05 16:58:33,634 3
2026-06-05 16:58:34,662 ['False', '']
2026-06-05 16:58:34,662 4
2026-06-05 16:58:35,731 ['True', '']
2026-06-05 16:58:35,731 5
2026-06-05 16:58:36,794 ['True', '']
2026-06-05 16:58:36,794 6
2026-06-05 16:58:37,844 ['False', '']
2026-06-05 16:58:37,844 7
2026-06-05 16:58:38,879 ['True', '']
2026-06-05 16:58:38,879 8
2026-06-05 16:58:39,886 ['True', '']
2026-06-05 16:58:39,887 9
2026-06-05 16:58:40,985 ['True', '']
2026-06-05 16:58:40,985 10
2026-06-05 16:58:42,059 ['True', '']
2026-06-05 16:58:42,059 11
2026-06-05 16:58:43,086 ['false', '']
2026-06-05 16:58:43,086 12
2026-06-05 16:58:44,134 ['True', '']
2026-06-05 16:58:44,134 13
2026-06-05 16:58:45,237 ['True', '']
2026-06-05 16:58:45,238 14
2026-06-05 16:58:46,324 ['True', '']
2026-06-05 16:58:46,325 58
2026-06-05 16:58:47,344 ['True', '']
2026-06-05 16:58:47,344 articletxt/1624.txt
2026-06-05 16:58:47,368 TITLE: Anaerobic bioprocessing of wastewater-derived duckweed: Maximizing product yields in a biorefinery value cascade
2026-06-05 16:58:47,368 1
2026-06-05 16:58:53,881 ['True', '']
2026-06-05 16:58:53,881 2
2026-06-05 16:58:54,933 ['True', '']
2026-06-05 16:58:54,933 3
2026-06-05 16:58:55,897 ['True', '']
2026-06-05 16:58:55,897 4
2026-06-05 16:58:56,953 ['True', '']
2026-06-05 16:58:56,953 5
2026-06-05 16:58:57,935 ['True', '']
2026-06-05 16:58:57,936 6
2026-06-05 16:58:58,966 ['True', '']
2026-06-05 16:58:58,966 7
2026-06-05 16:59:00,027 ['True', '']
2026-06-05 16:59:00,027 8
2026-06-05 16:59:01,106 ['True', '']
2026-06-05 16:59:01,106 9
2026-06-05 16:59:02,213 ['True', '']
2026-06-05 16:59:02,214 10
2026-06-05 16:59:03,223 ['True', '']
2026-06-05 16:59:03,223 11
2026-06-05 16:59:04,342 ['true', '']
2026-06-05 16:59:04,342 12
2026-06-05 16:59:05,335 ['True', '']
2026-06-05 16:59:05,335 13
2026-06-05 16:59:06,306 ['True', '']
2026-06-05 16:59:06,306 14
2026-06-05 16:59:07,418 ['True', '']
2026-06-05 16:59:07,418 58
2026-06-05 16:59:08,454 ['True', '']
2026-06-05 16:59:08,455 articletxt/1263.txt
2026-06-05 16:59:08,478 TITLE: Cleaner energy for cleaner production: Modeling and optimization of biogas generation from Carica papayas (Pawpaw) fruit peels
2026-06-05 16:59:08,478 1
2026-06-05 16:59:13,910 ['True', '']
2026-06-05 16:59:13,910 2
2026-06-05 16:59:15,048 ['False', '']
2026-06-05 16:59:15,048 3
2026-06-05 16:59:16,132 ['True', '']
2026-06-05 16:59:16,132 4
2026-06-05 16:59:17,292 ['True', '']
2026-06-05 16:59:17,292 5
2026-06-05 16:59:18,333 ['True', '']
2026-06-05 16:59:18,333 6
2026-06-05 16:59:19,396 ['False', '']
2026-06-05 16:59:19,396 7
2026-06-05 16:59:20,557 ['True', '']
2026-06-05 16:59:20,557 8
2026-06-05 16:59:21,673 ['True', '']
2026-06-05 16:59:21,674 9
2026-06-05 16:59:22,836 ['True', '']
2026-06-05 16:59:22,836 10
2026-06-05 16:59:23,953 ['True', '']
2026-06-05 16:59:23,953 11
2026-06-05 16:59:25,101 ['True', '']
2026-06-05 16:59:25,123 12
2026-06-05 16:59:26,241 ['True', '']
2026-06-05 16:59:26,241 13
2026-06-05 16:59:27,317 ['True', '']
2026-06-05 16:59:27,318 14
2026-06-05 16:59:28,437 ['True', '']
2026-06-05 16:59:28,437 58
2026-06-05 16:59:29,547 ['True', '']
2026-06-05 16:59:29,548 articletxt/1114.txt
2026-06-05 16:59:29,571 TITLE: Effect of hydrothermal pretreatment on two-stage anaerobic digestion of food waste and Enteromorpha: Digestion performance, bioenergy efficiency, and microbial community dynamics
2026-06-05 16:59:29,571 1
2026-06-05 16:59:35,560 ['True', '']
2026-06-05 16:59:35,560 2
2026-06-05 16:59:37,264 ['False', '']
2026-06-05 16:59:37,265 3
2026-06-05 16:59:38,900 ['True', '']
2026-06-05 16:59:38,900 4
2026-06-05 16:59:40,519 ['True', '']
2026-06-05 16:59:40,519 5
2026-06-05 16:59:42,149 ['True', '']
2026-06-05 16:59:42,149 6
2026-06-05 16:59:43,808 ['True', '']
2026-06-05 16:59:43,808 7
2026-06-05 16:59:45,448 ['True', '']
2026-06-05 16:59:45,449 8
2026-06-05 16:59:47,221 ['True', '']
2026-06-05 16:59:47,221 9
2026-06-05 16:59:48,998 ['false', '']
2026-06-05 16:59:48,998 10
2026-06-05 16:59:50,716 ['True', '']
2026-06-05 16:59:50,716 11
2026-06-05 16:59:52,405 ['false', '']
2026-06-05 16:59:52,405 12
2026-06-05 16:59:54,007 ['True', '']
2026-06-05 16:59:54,007 13
2026-06-05 16:59:55,712 ['True', '']
2026-06-05 16:59:55,712 14
2026-06-05 16:59:57,451 ['True', '']
2026-06-05 16:59:57,451 58
2026-06-05 16:59:59,072 ['True', '']
2026-06-05 16:59:59,073 articletxt/1832.txt
2026-06-05 16:59:59,096 TITLE: Peracetic acid pretreatment improves biogas production from anaerobic digestion of sewage sludge by promoting organic matter release, conversion and affecting microbial community
2026-06-05 16:59:59,096 1
2026-06-05 17:00:04,779 ['true', '']
2026-06-05 17:00:04,779 2
2026-06-05 17:00:06,156 ['True', '']
2026-06-05 17:00:06,156 3
2026-06-05 17:00:07,425 ['False', '']
2026-06-05 17:00:07,425 4
2026-06-05 17:00:08,752 ['True', '']
2026-06-05 17:00:08,752 5
2026-06-05 17:00:10,077 ['True', '']
2026-06-05 17:00:10,077 6
2026-06-05 17:00:11,393 ['True', '']
2026-06-05 17:00:11,393 7
2026-06-05 17:00:12,747 ['False', '']
2026-06-05 17:00:12,748 8
2026-06-05 17:00:14,103 ['False', '']
2026-06-05 17:00:14,103 9
2026-06-05 17:00:15,423 ['True', '']
2026-06-05 17:00:15,423 10
2026-06-05 17:00:16,798 ['True', '']
2026-06-05 17:00:16,798 11
2026-06-05 17:00:18,183 ['True', '']
2026-06-05 17:00:18,183 12
2026-06-05 17:00:19,501 ['True', '']
2026-06-05 17:00:19,501 13
2026-06-05 17:00:20,802 ['True', '']
2026-06-05 17:00:20,802 14
2026-06-05 17:00:22,151 ['True', '']
2026-06-05 17:00:22,151 58
2026-06-05 17:00:23,524 ['True', '']
2026-06-05 17:00:23,524 articletxt/860.txt
2026-06-05 17:00:23,548 TITLE: Evaluation of thermal, ultrasonic and alkali pretreatments on mixed-microalgal biomass to enhance anaerobic methane production
2026-06-05 17:00:23,548 1
2026-06-05 17:00:27,470 ['true', '']
2026-06-05 17:00:27,470 2
2026-06-05 17:00:28,162 ['False', '']
2026-06-05 17:00:28,163 3
2026-06-05 17:00:28,862 ['False', '']
2026-06-05 17:00:28,862 4
2026-06-05 17:00:29,613 ['false', '']
2026-06-05 17:00:29,614 5
2026-06-05 17:00:30,349 ['True', '']
2026-06-05 17:00:30,349 6
2026-06-05 17:00:31,097 ['True', '']
2026-06-05 17:00:31,097 7
2026-06-05 17:00:31,816 ['True', '']
2026-06-05 17:00:31,816 8
2026-06-05 17:00:32,524 ['false', '']
2026-06-05 17:00:32,525 9
2026-06-05 17:00:33,261 ['True', '']
2026-06-05 17:00:33,261 10
2026-06-05 17:00:34,006 ['True', '']
2026-06-05 17:00:34,006 11
2026-06-05 17:00:34,806 ['False', '']
2026-06-05 17:00:34,806 12
2026-06-05 17:00:35,509 ['True', '']
2026-06-05 17:00:35,509 13
2026-06-05 17:00:36,235 ['false', '']
2026-06-05 17:00:36,235 14
2026-06-05 17:00:37,002 ['false', '']
2026-06-05 17:00:37,002 58
2026-06-05 17:00:37,728 ['True', '']
2026-06-05 17:00:37,729 articletxt/1127.txt
2026-06-05 17:00:37,752 TITLE: Enhanced simultaneous saccharification and fermentation of Napier grass and Napier silage for two stage bio-hydrogen and methane production using organosolv and hydrothermal
2026-06-05 17:00:37,752 1
2026-06-05 17:00:42,847 ['False', '']
2026-06-05 17:00:42,847 2
2026-06-05 17:00:43,587 ['True', '']
2026-06-05 17:00:43,587 3
2026-06-05 17:00:44,316 ['True', '']
2026-06-05 17:00:44,316 4
2026-06-05 17:00:45,049 ['True', '']
2026-06-05 17:00:45,050 5
2026-06-05 17:00:45,751 ['True', '']
2026-06-05 17:00:45,751 6
2026-06-05 17:00:46,453 ['True', '']
2026-06-05 17:00:46,453 7
2026-06-05 17:00:47,206 ['False', '']
2026-06-05 17:00:47,206 8
2026-06-05 17:00:47,900 ['True', '']
2026-06-05 17:00:47,900 9
2026-06-05 17:00:48,802 ['true', '']
2026-06-05 17:00:48,802 10
2026-06-05 17:00:49,542 ['True', '']
2026-06-05 17:00:49,542 11
2026-06-05 17:00:50,303 ['True', '']
2026-06-05 17:00:50,303 12
2026-06-05 17:00:51,045 ['True', '']
2026-06-05 17:00:51,045 13
2026-06-05 17:00:51,850 ['True', '']
2026-06-05 17:00:51,850 14
2026-06-05 17:00:52,688 ['True', '']
2026-06-05 17:00:52,688 58
2026-06-05 17:00:53,459 ['True', '']
2026-06-05 17:00:53,459 articletxt/676.txt
2026-06-05 17:00:53,461 TITLE: Improving the methane production from zucchini stem by response surface methodology and different pretreatments
2026-06-05 17:00:53,462 1
2026-06-05 17:00:57,049 ['false', '']
2026-06-05 17:00:57,049 2
2026-06-05 17:00:58,425 ['True', '']
2026-06-05 17:00:58,425 3
2026-06-05 17:00:59,852 ['True', '']
2026-06-05 17:00:59,852 4
2026-06-05 17:01:01,239 ['True', '']
2026-06-05 17:01:01,239 5
2026-06-05 17:01:02,653 ['True', '']
2026-06-05 17:01:02,654 6
2026-06-05 17:01:04,088 ['False', '']
2026-06-05 17:01:04,088 7
2026-06-05 17:01:05,510 ['False', '']
2026-06-05 17:01:05,533 8
2026-06-05 17:01:07,028 ['False', '']
2026-06-05 17:01:07,029 9
2026-06-05 17:01:08,492 ['true', '']
2026-06-05 17:01:08,492 10
2026-06-05 17:01:09,916 ['True', '']
2026-06-05 17:01:09,916 11
2026-06-05 17:01:11,380 ['False', '']
2026-06-05 17:01:11,380 12
2026-06-05 17:01:12,750 ['True', '']
2026-06-05 17:01:12,751 13
2026-06-05 17:01:14,146 ['True', '']
2026-06-05 17:01:14,147 14
2026-06-05 17:01:15,653 ['True', '']
2026-06-05 17:01:15,653 58
2026-06-05 17:01:17,096 ['True', '']
2026-06-05 17:01:17,097 articletxt/1101.txt
2026-06-05 17:01:17,140 TITLE: The effects of waste-activated sludge pretreatment using hydrodynamic cavitation for methane production
2026-06-05 17:01:17,140 1
2026-06-05 17:01:19,663 ['True', '']
2026-06-05 17:01:19,663 2
2026-06-05 17:01:20,989 ['False', '']
2026-06-05 17:01:20,989 3
2026-06-05 17:01:22,349 ['False', '']
2026-06-05 17:01:22,349 4
2026-06-05 17:01:23,751 ['False', '']
2026-06-05 17:01:23,751 5
2026-06-05 17:01:25,128 ['True', '']
2026-06-05 17:01:25,128 6
2026-06-05 17:01:26,484 ['False', '']
2026-06-05 17:01:26,484 7
2026-06-05 17:01:27,850 ['True', '']
2026-06-05 17:01:27,850 8
2026-06-05 17:01:29,230 ['True', '']
2026-06-05 17:01:29,230 9
2026-06-05 17:01:30,616 ['false', '']
2026-06-05 17:01:30,616 10
2026-06-05 17:01:31,946 ['True', '']
2026-06-05 17:01:31,947 11
2026-06-05 17:01:33,363 ['false', '']
2026-06-05 17:01:33,363 12
2026-06-05 17:01:34,696 ['True', '']
2026-06-05 17:01:34,696 13
2026-06-05 17:01:36,046 ['True', '']
2026-06-05 17:01:36,046 14
2026-06-05 17:01:37,467 ['True', '']
2026-06-05 17:01:37,467 58
2026-06-05 17:01:38,808 ['True', '']
2026-06-05 17:01:38,831 articletxt/201.txt
2026-06-05 17:01:38,832 TITLE: Conjoint effect of microwave irradiation and metal nanoparticles on biogas augmentation from anaerobic digestion of green algae
2026-06-05 17:01:38,832 1
2026-06-05 17:01:41,996 ['true', '']
2026-06-05 17:01:41,996 2
2026-06-05 17:01:43,033 ['True', '']
2026-06-05 17:01:43,033 3
2026-06-05 17:01:44,067 ['False', '']
2026-06-05 17:01:44,090 4
2026-06-05 17:01:45,111 ['True', '']
2026-06-05 17:01:45,111 5
2026-06-05 17:01:46,088 ['True', '']
2026-06-05 17:01:46,088 6
2026-06-05 17:01:47,087 ['True', '']
2026-06-05 17:01:47,087 7
2026-06-05 17:01:48,097 ['True', '']
2026-06-05 17:01:48,098 8
2026-06-05 17:01:49,060 ['True', '']
2026-06-05 17:01:49,060 9
2026-06-05 17:01:50,065 ['True', '']
2026-06-05 17:01:50,065 10
2026-06-05 17:01:51,070 ['True', '']
2026-06-05 17:01:51,070 11
2026-06-05 17:01:52,044 ['false', '']
2026-06-05 17:01:52,044 12
2026-06-05 17:01:53,016 ['True', '']
2026-06-05 17:01:53,016 13
2026-06-05 17:01:54,002 ['True', '']
2026-06-05 17:01:54,002 14
2026-06-05 17:01:55,041 ['True', '']
2026-06-05 17:01:55,041 58
2026-06-05 17:01:56,071 ['True', '']
2026-06-05 17:01:56,072 articletxt/1683.txt
2026-06-05 17:01:56,074 TITLE: Process design and economic evaluation for methane and electricity production from Agave bagasse using different pretreatments
2026-06-05 17:01:56,074 1
2026-06-05 17:01:59,466 ['True', '']
2026-06-05 17:01:59,466 2
2026-06-05 17:02:00,665 ['True', '']
2026-06-05 17:02:00,665 3
2026-06-05 17:02:01,853 ['True', '']
2026-06-05 17:02:01,853 4
2026-06-05 17:02:03,037 ['True', '']
2026-06-05 17:02:03,037 5
2026-06-05 17:02:04,246 ['True', '']
2026-06-05 17:02:04,246 6
2026-06-05 17:02:05,461 ['True', '']
2026-06-05 17:02:05,461 7
2026-06-05 17:02:06,717 ['False', '']
2026-06-05 17:02:06,717 8
2026-06-05 17:02:07,995 ['True', '']
2026-06-05 17:02:07,995 9
2026-06-05 17:02:09,259 ['True', '']
2026-06-05 17:02:09,259 10
2026-06-05 17:02:10,486 ['True', '']
2026-06-05 17:02:10,486 11
2026-06-05 17:02:11,775 ['true', '']
2026-06-05 17:02:11,775 12
2026-06-05 17:02:13,001 ['True', '']
2026-06-05 17:02:13,001 13
2026-06-05 17:02:14,227 ['True', '']
2026-06-05 17:02:14,227 14
2026-06-05 17:02:15,493 ['True', '']
2026-06-05 17:02:15,493 58
2026-06-05 17:02:16,741 ['True', '']
2026-06-05 17:02:16,742 articletxt/1117.txt
2026-06-05 17:02:16,745 TITLE: Enhancing methane production from dewatered waste activated sludge through alkaline and photocatalytic pretreatment
2026-06-05 17:02:16,745 1
2026-06-05 17:02:22,767 ['true', '']
2026-06-05 17:02:22,767 2
2026-06-05 17:02:24,523 ['True', '']
2026-06-05 17:02:24,523 3
2026-06-05 17:02:26,200 ['True', '']
2026-06-05 17:02:26,200 4
2026-06-05 17:02:27,990 ['True', '']
2026-06-05 17:02:27,991 5
2026-06-05 17:02:29,706 ['True', '']
2026-06-05 17:02:29,706 6
2026-06-05 17:02:31,404 ['False', '']
2026-06-05 17:02:31,404 7
2026-06-05 17:02:33,121 ['True', '']
2026-06-05 17:02:33,121 8
2026-06-05 17:02:34,855 ['False', '']
2026-06-05 17:02:34,855 9
2026-06-05 17:02:36,718 ['True', '']
2026-06-05 17:02:36,718 10
2026-06-05 17:02:38,497 ['True', '']
2026-06-05 17:02:38,497 11
2026-06-05 17:02:40,204 ['false', '']
2026-06-05 17:02:40,227 12
2026-06-05 17:02:41,936 ['True', '']
2026-06-05 17:02:41,936 13
2026-06-05 17:02:43,644 ['True', '']
2026-06-05 17:02:43,644 14
2026-06-05 17:02:45,357 ['True', '']
2026-06-05 17:02:45,357 58
2026-06-05 17:02:47,115 ['True', '']
2026-06-05 17:02:47,115 articletxt/105.txt
2026-06-05 17:02:47,117 TITLE: Accelerated high-solids anaerobic digestion of sewage sludge using low-temperature thermal pretreatment
2026-06-05 17:02:47,117 1
2026-06-05 17:02:52,295 ['true', '']
2026-06-05 17:02:52,295 2
2026-06-05 17:02:53,112 ['False', '']
2026-06-05 17:02:53,112 3
2026-06-05 17:02:53,927 ['False', '']
2026-06-05 17:02:53,928 4
2026-06-05 17:02:54,793 ['True', '']
2026-06-05 17:02:54,793 5
2026-06-05 17:02:55,716 ['True', '']
2026-06-05 17:02:55,716 6
2026-06-05 17:02:56,571 ['True', '']
2026-06-05 17:02:56,571 7
2026-06-05 17:02:57,436 ['True', '']
2026-06-05 17:02:57,436 8
2026-06-05 17:02:58,331 ['True', '']
2026-06-05 17:02:58,331 9
2026-06-05 17:02:59,234 ['false', '']
2026-06-05 17:02:59,234 10
2026-06-05 17:03:00,171 ['True', '']
2026-06-05 17:03:00,171 11
2026-06-05 17:03:01,114 ['false', '']
2026-06-05 17:03:01,115 12
2026-06-05 17:03:01,987 ['True', '']
2026-06-05 17:03:01,987 13
2026-06-05 17:03:02,811 ['True', '']
2026-06-05 17:03:02,811 14
2026-06-05 17:03:03,760 ['True', '']
2026-06-05 17:03:03,760 58
2026-06-05 17:03:04,695 ['True', '']
2026-06-05 17:03:04,696 articletxt/761.txt
2026-06-05 17:03:04,698 TITLE: Influence of pretreatment conditions on lignocellulosic fractions and methane production from grape pomace
2026-06-05 17:03:04,698 1
2026-06-05 17:03:09,895 ['True', '']
2026-06-05 17:03:09,896 2
2026-06-05 17:03:10,740 ['True', '']
2026-06-05 17:03:10,741 3
2026-06-05 17:03:11,563 ['False', '']
2026-06-05 17:03:11,563 4
2026-06-05 17:03:12,387 ['True', '']
2026-06-05 17:03:12,388 5
2026-06-05 17:03:13,202 ['True', '']
2026-06-05 17:03:13,202 6
2026-06-05 17:03:14,023 ['False', '']
2026-06-05 17:03:14,023 7
2026-06-05 17:03:14,923 ['False', '']
2026-06-05 17:03:14,925 8
2026-06-05 17:03:15,761 ['True', '']
2026-06-05 17:03:15,762 9
2026-06-05 17:03:16,652 ['True', '']
2026-06-05 17:03:16,652 10
2026-06-05 17:03:17,530 ['True', '']
2026-06-05 17:03:17,530 11
2026-06-05 17:03:18,432 ['True', '']
2026-06-05 17:03:18,432 12
2026-06-05 17:03:19,282 ['True', '']
2026-06-05 17:03:19,282 13
2026-06-05 17:03:20,185 ['false', '']
2026-06-05 17:03:20,185 14
2026-06-05 17:03:21,084 ['True', '']
2026-06-05 17:03:21,084 58
2026-06-05 17:03:21,916 ['True', '']
2026-06-05 17:03:21,916 articletxt/1749.txt
2026-06-05 17:03:21,918 TITLE: Impact of the thermo-alkaline pretreatment on the anaerobic digestion of poly(butylene adipate-co-terephthalate) (PBAT) and poly(lactic acid) (PLA) blended plastics
2026-06-05 17:03:21,918 1
2026-06-05 17:03:27,407 ['True', '']
2026-06-05 17:03:27,407 2
2026-06-05 17:03:28,556 ['False', '']
2026-06-05 17:03:28,556 3
2026-06-05 17:03:29,719 ['True', '']
2026-06-05 17:03:29,720 4
2026-06-05 17:03:30,921 ['True', '']
2026-06-05 17:03:30,921 5
2026-06-05 17:03:32,077 ['True', '']
2026-06-05 17:03:32,077 6
2026-06-05 17:03:33,258 ['False', '']
2026-06-05 17:03:33,258 7
2026-06-05 17:03:34,426 ['True', '']
2026-06-05 17:03:34,426 8
2026-06-05 17:03:35,624 ['True', '']
2026-06-05 17:03:35,624 9
2026-06-05 17:03:36,880 ['True', '']
2026-06-05 17:03:36,881 10
2026-06-05 17:03:38,077 ['True', '']
2026-06-05 17:03:38,077 11
2026-06-05 17:03:39,265 ['false', '']
2026-06-05 17:03:39,265 12
2026-06-05 17:03:40,456 ['True', '']
2026-06-05 17:03:40,456 13
2026-06-05 17:03:41,592 ['True', '']
2026-06-05 17:03:41,592 14
2026-06-05 17:03:42,826 ['True', '']
2026-06-05 17:03:42,826 58
2026-06-05 17:03:44,032 ['True', '']
2026-06-05 17:03:44,033 articletxt/1325.txt
2026-06-05 17:03:44,035 TITLE: Biorefinery for efficient xanthan gum, ethanol, and biogas production from potato crop residues
2026-06-05 17:03:44,035 1
2026-06-05 17:03:48,901 ['true', '']
2026-06-05 17:03:48,901 2
2026-06-05 17:03:50,564 ['False', '']
2026-06-05 17:03:50,564 3
2026-06-05 17:03:52,250 ['False', '']
2026-06-05 17:03:52,250 4
2026-06-05 17:03:53,860 ['True', '']
2026-06-05 17:03:53,861 5
2026-06-05 17:03:55,442 ['True', '']
2026-06-05 17:03:55,442 6
2026-06-05 17:03:57,020 ['True', '']
2026-06-05 17:03:57,020 7
2026-06-05 17:03:58,607 ['False', '']
2026-06-05 17:03:58,607 8
2026-06-05 17:04:00,234 ['True', '']
2026-06-05 17:04:00,234 9
2026-06-05 17:04:01,871 ['TRUE', '']
2026-06-05 17:04:01,871 10
2026-06-05 17:04:03,510 ['True', '']
2026-06-05 17:04:03,510 11
2026-06-05 17:04:05,148 ['True', '']
2026-06-05 17:04:05,148 12
2026-06-05 17:04:06,751 ['True', '']
2026-06-05 17:04:06,751 13
2026-06-05 17:04:08,390 ['True', '']
2026-06-05 17:04:08,390 14
2026-06-05 17:04:10,063 ['True', '']
2026-06-05 17:04:10,063 58
2026-06-05 17:04:11,679 ['True', '']
2026-06-05 17:04:11,680 articletxt/1358.txt
2026-06-05 17:04:11,703 TITLE: Assess a new strategy and develop a new mixer to improve anaerobic microbial activities and clean biogas production
2026-06-05 17:04:11,703 1
2026-06-05 17:04:16,449 ['true', '']
2026-06-05 17:04:16,449 2
2026-06-05 17:04:18,031 ['True', '']
2026-06-05 17:04:18,031 3
2026-06-05 17:04:19,609 ['True', '']
2026-06-05 17:04:19,609 4
2026-06-05 17:04:21,191 ['True', '']
2026-06-05 17:04:21,191 5
2026-06-05 17:04:22,788 ['True', '']
2026-06-05 17:04:22,789 6
2026-06-05 17:04:24,343 ['False', '']
2026-06-05 17:04:24,344 7
2026-06-05 17:04:25,900 ['True', '']
2026-06-05 17:04:25,900 8
2026-06-05 17:04:27,504 ['True', '']
2026-06-05 17:04:27,504 9
2026-06-05 17:04:29,072 ['True', '']
2026-06-05 17:04:29,073 10
2026-06-05 17:04:30,706 ['True', '']
2026-06-05 17:04:30,706 11
2026-06-05 17:04:32,362 ['True', '']
2026-06-05 17:04:32,362 12
2026-06-05 17:04:33,875 ['True', '']
2026-06-05 17:04:33,876 13
2026-06-05 17:04:35,464 ['True', '']
2026-06-05 17:04:35,465 14
2026-06-05 17:04:37,103 ['True', '']
2026-06-05 17:04:37,104 58
2026-06-05 17:04:38,687 ['True', '']
2026-06-05 17:04:38,687 articletxt/542.txt
2026-06-05 17:04:38,710 TITLE: Enhancing volatile fatty acid (VFA) and bio-methane production from lawn grass with pretreatment
2026-06-05 17:04:38,710 1
2026-06-05 17:04:42,532 ['True', '']
2026-06-05 17:04:42,532 2
2026-06-05 17:04:44,106 ['True', '']
2026-06-05 17:04:44,107 3
2026-06-05 17:04:45,676 ['True', '']
2026-06-05 17:04:45,676 4
2026-06-05 17:04:47,316 ['false', '']
2026-06-05 17:04:47,316 5
2026-06-05 17:04:48,892 ['True', '']
2026-06-05 17:04:48,892 6
2026-06-05 17:04:50,515 ['True', '']
2026-06-05 17:04:50,515 7
2026-06-05 17:04:52,128 ['True', '']
2026-06-05 17:04:52,128 8
2026-06-05 17:04:53,722 ['True', '']
2026-06-05 17:04:53,723 9
2026-06-05 17:04:55,343 ['True', '']
2026-06-05 17:04:55,344 10
2026-06-05 17:04:56,976 ['True', '']
2026-06-05 17:04:56,976 11
2026-06-05 17:04:58,560 ['True', '']
2026-06-05 17:04:58,560 12
2026-06-05 17:05:00,234 ['True', '']
2026-06-05 17:05:00,234 13
2026-06-05 17:05:01,881 ['True', '']
2026-06-05 17:05:01,881 14
2026-06-05 17:05:03,575 ['True', '']
2026-06-05 17:05:03,575 58
2026-06-05 17:05:05,164 ['True', '']
2026-06-05 17:05:05,174 articletxt/768.txt
2026-06-05 17:05:05,174 TITLE: Examining the mechanisms of short-term solubilization of ground food waste for high-rate anaerobic digestion
2026-06-05 17:05:05,174 1
2026-06-05 17:05:09,094 ['True', '']
2026-06-05 17:05:09,094 2
2026-06-05 17:05:09,771 ['True', '']
2026-06-05 17:05:09,771 3
2026-06-05 17:05:10,421 ['True', '']
2026-06-05 17:05:10,421 4
2026-06-05 17:05:11,092 ['True', '']
2026-06-05 17:05:11,092 5
2026-06-05 17:05:11,769 ['True', '']
2026-06-05 17:05:11,769 6
2026-06-05 17:05:12,467 ['True', '']
2026-06-05 17:05:12,467 7
2026-06-05 17:05:13,141 ['True', '']
2026-06-05 17:05:13,141 8
2026-06-05 17:05:13,839 ['True', '']
2026-06-05 17:05:13,840 9
2026-06-05 17:05:14,540 ['false', '']
2026-06-05 17:05:14,540 10
2026-06-05 17:05:15,222 ['True', '']
2026-06-05 17:05:15,222 11
2026-06-05 17:05:15,886 ['true', '']
2026-06-05 17:05:15,886 12
2026-06-05 17:05:16,562 ['True', '']
2026-06-05 17:05:16,562 13
2026-06-05 17:05:17,240 ['True', '']
2026-06-05 17:05:17,241 14
2026-06-05 17:05:17,977 ['True', '']
2026-06-05 17:05:17,977 58
2026-06-05 17:05:18,699 ['True', '']
2026-06-05 17:05:18,700 articletxt/1569.txt
2026-06-05 17:05:18,724 TITLE: Enhancement of anaerobic digestion efficiency of wastewater sludge and olive waste: Synergistic effect of co-digestion and ultrasonic/microwave sludge pre-treatment
2026-06-05 17:05:18,724 1
2026-06-05 17:05:22,591 ['True', '']
2026-06-05 17:05:22,591 2
2026-06-05 17:05:23,183 ['True', '']
2026-06-05 17:05:23,183 3
2026-06-05 17:05:23,827 ['False', '']
2026-06-05 17:05:23,828 4
2026-06-05 17:05:24,438 ['True', '']
2026-06-05 17:05:24,440 5
2026-06-05 17:05:25,087 ['True', '']
2026-06-05 17:05:25,087 6
2026-06-05 17:05:25,741 ['True', '']
2026-06-05 17:05:25,741 7
2026-06-05 17:05:26,415 ['True', '']
2026-06-05 17:05:26,416 8
2026-06-05 17:05:27,034 ['false', '']
2026-06-05 17:05:27,035 9
2026-06-05 17:05:27,712 ['false', '']
2026-06-05 17:05:27,712 10
2026-06-05 17:05:28,363 ['True', '']
2026-06-05 17:05:28,363 11
2026-06-05 17:05:29,077 ['false', '']
2026-06-05 17:05:29,077 12
2026-06-05 17:05:29,716 ['True', '']
2026-06-05 17:05:29,716 13
2026-06-05 17:05:30,419 ['false', '']
2026-06-05 17:05:30,420 14
2026-06-05 17:05:31,104 ['True', '']
2026-06-05 17:05:31,104 58
2026-06-05 17:05:31,784 ['True', '']
2026-06-05 17:05:31,784 articletxt/526.txt
2026-06-05 17:05:31,808 TITLE: Increased solubilization of excess sludge does not always result in enhanced anaerobic digestion efficiency
2026-06-05 17:05:31,808 1
2026-06-05 17:05:34,057 ['false', '']
2026-06-05 17:05:34,057 2
2026-06-05 17:05:35,151 ['True', '']
2026-06-05 17:05:35,151 3
2026-06-05 17:05:36,230 ['False', '']
2026-06-05 17:05:36,231 4
2026-06-05 17:05:37,323 ['True', '']
2026-06-05 17:05:37,323 5
2026-06-05 17:05:38,392 ['True', '']
2026-06-05 17:05:38,392 6
2026-06-05 17:05:39,447 ['False', '']
2026-06-05 17:05:39,447 7
2026-06-05 17:05:40,596 ['True', '']
2026-06-05 17:05:40,596 8
2026-06-05 17:05:41,699 ['True', '']
2026-06-05 17:05:41,699 9
2026-06-05 17:05:42,840 ['true', '']
2026-06-05 17:05:42,840 10
2026-06-05 17:05:43,964 ['True', '']
2026-06-05 17:05:43,964 11
2026-06-05 17:05:45,025 ['False', '']
2026-06-05 17:05:45,025 12
2026-06-05 17:05:46,109 ['True', '']
2026-06-05 17:05:46,109 13
2026-06-05 17:05:47,152 ['True', '']
2026-06-05 17:05:47,152 14
2026-06-05 17:05:48,243 ['True', '']
2026-06-05 17:05:48,243 58
2026-06-05 17:05:49,370 ['True', '']
2026-06-05 17:05:49,371 articletxt/106.txt
2026-06-05 17:05:49,373 TITLE: Pretreatment of sugarcane bagasse with dilute citric acid and enzymatic hydrolysis: Use of black liquor and solid fraction for biogas production
2026-06-05 17:05:49,373 1
2026-06-05 17:05:55,331 ['True', '']
2026-06-05 17:05:55,331 2
2026-06-05 17:05:56,998 ['True', '']
2026-06-05 17:05:56,998 3
2026-06-05 17:05:58,649 ['True', '']
2026-06-05 17:05:58,649 4
2026-06-05 17:06:00,297 ['True', '']
2026-06-05 17:06:00,297 5
2026-06-05 17:06:01,958 ['True', '']
2026-06-05 17:06:01,958 6
2026-06-05 17:06:03,614 ['True', '']
2026-06-05 17:06:03,614 7
2026-06-05 17:06:05,310 ['False', '']
2026-06-05 17:06:05,310 8
2026-06-05 17:06:06,932 ['True', '']
2026-06-05 17:06:06,932 9
2026-06-05 17:06:08,686 ['True', '']
2026-06-05 17:06:08,686 10
2026-06-05 17:06:10,371 ['True', '']
2026-06-05 17:06:10,371 11
2026-06-05 17:06:12,002 ['True', '']
2026-06-05 17:06:12,002 12
2026-06-05 17:06:13,590 ['True', '']
2026-06-05 17:06:13,590 13
2026-06-05 17:06:15,247 ['True', '']
2026-06-05 17:06:15,248 14
2026-06-05 17:06:16,957 ['True', '']
2026-06-05 17:06:16,957 58
2026-06-05 17:06:18,591 ['True', '']
2026-06-05 17:06:18,592 articletxt/588.txt
2026-06-05 17:06:18,615 TITLE: Assessment of pretreatment and digestion temperature on anaerobic digestion of whiskey byproducts and microbial taxonomy
2026-06-05 17:06:18,615 1
2026-06-05 17:06:24,965 ['true', '']
2026-06-05 17:06:24,965 2
2026-06-05 17:06:25,844 ['True', '']
2026-06-05 17:06:25,844 3
2026-06-05 17:06:26,678 ['True', '']
2026-06-05 17:06:26,679 4
2026-06-05 17:06:27,592 ['True', '']
2026-06-05 17:06:27,592 5
2026-06-05 17:06:28,413 ['True', '']
2026-06-05 17:06:28,414 6
2026-06-05 17:06:29,291 ['True', '']
2026-06-05 17:06:29,291 7
2026-06-05 17:06:30,131 ['False', '']
2026-06-05 17:06:30,131 8
2026-06-05 17:06:31,030 ['True', '']
2026-06-05 17:06:31,030 9
2026-06-05 17:06:31,951 ['TRUE', '']
2026-06-05 17:06:31,951 10
2026-06-05 17:06:32,834 ['True', '']
2026-06-05 17:06:32,835 11
2026-06-05 17:06:33,759 ['false', '']
2026-06-05 17:06:33,759 12
2026-06-05 17:06:34,584 ['True', '']
2026-06-05 17:06:34,584 13
2026-06-05 17:06:35,408 ['True', '']
2026-06-05 17:06:35,408 14
2026-06-05 17:06:36,352 ['True', '']
2026-06-05 17:06:36,352 58
2026-06-05 17:06:37,167 ['True', '']
2026-06-05 17:06:37,168 articletxt/333.txt
2026-06-05 17:06:37,170 TITLE: Chemical pretreatment of lignocellulosic agroindustrial waste for methane production
2026-06-05 17:06:37,171 1
2026-06-05 17:06:44,876 ['True', '']
2026-06-05 17:06:44,876 2
2026-06-05 17:06:45,856 ['True', '']
2026-06-05 17:06:45,856 3
2026-06-05 17:06:46,827 ['True', '']
2026-06-05 17:06:46,827 4
2026-06-05 17:06:47,787 ['True', '']
2026-06-05 17:06:47,788 5
2026-06-05 17:06:48,750 ['True', '']
2026-06-05 17:06:48,750 6
2026-06-05 17:06:49,762 ['False', '']
2026-06-05 17:06:49,762 7
2026-06-05 17:06:50,752 ['False', '']
2026-06-05 17:06:50,752 8
2026-06-05 17:06:51,713 ['False', '']
2026-06-05 17:06:51,713 9
2026-06-05 17:06:52,711 ['TRUE', '']
2026-06-05 17:06:52,711 10
2026-06-05 17:06:53,740 ['True', '']
2026-06-05 17:06:53,741 11
2026-06-05 17:06:54,773 ['false', '']
2026-06-05 17:06:54,774 12
2026-06-05 17:06:55,721 ['True', '']
2026-06-05 17:06:55,721 13
2026-06-05 17:06:56,728 ['True', '']
2026-06-05 17:06:56,728 14
2026-06-05 17:06:57,774 ['True', '']
2026-06-05 17:06:57,774 58
2026-06-05 17:06:58,745 ['True', '']
2026-06-05 17:06:58,745 articletxt/652.txt
2026-06-05 17:06:58,747 TITLE: Enhanced solid-state anaerobic digestion of corn stover by alkaline pretreatment
2026-06-05 17:06:58,747 1
2026-06-05 17:07:02,058 ['false', '']
2026-06-05 17:07:02,058 2
2026-06-05 17:07:03,215 ['True', '']
2026-06-05 17:07:03,215 3
2026-06-05 17:07:04,359 ['False', '']
2026-06-05 17:07:04,360 4
2026-06-05 17:07:05,522 ['True', '']
2026-06-05 17:07:05,522 5
2026-06-05 17:07:06,684 ['True', '']
2026-06-05 17:07:06,684 6
2026-06-05 17:07:07,909 ['False', '']
2026-06-05 17:07:07,909 7
2026-06-05 17:07:09,107 ['True', '']
2026-06-05 17:07:09,107 8
2026-06-05 17:07:10,304 ['false', '']
2026-06-05 17:07:10,304 9
2026-06-05 17:07:11,610 ['True', '']
2026-06-05 17:07:11,610 10
2026-06-05 17:07:12,789 ['True', '']
2026-06-05 17:07:12,789 11
2026-06-05 17:07:13,980 ['false', '']
2026-06-05 17:07:13,980 12
2026-06-05 17:07:15,099 ['True', '']
2026-06-05 17:07:15,099 13
2026-06-05 17:07:16,304 ['True', '']
2026-06-05 17:07:16,304 14
2026-06-05 17:07:17,491 ['True', '']
2026-06-05 17:07:17,491 58
2026-06-05 17:07:18,704 ['True', '']
2026-06-05 17:07:18,705 articletxt/1515.txt
2026-06-05 17:07:18,728 TITLE: Effect of pretreatments on cellulosic composition and morphology of pine needle for possible utilization as substrate for anaerobic digestion
2026-06-05 17:07:18,729 1
2026-06-05 17:07:23,304 ['True', '']
2026-06-05 17:07:23,304 2
2026-06-05 17:07:24,655 ['True', '']
2026-06-05 17:07:24,655 3
2026-06-05 17:07:25,948 ['True', '']
2026-06-05 17:07:25,948 4
2026-06-05 17:07:27,234 ['True', '']
2026-06-05 17:07:27,235 5
2026-06-05 17:07:28,597 ['True', '']
2026-06-05 17:07:28,597 6
2026-06-05 17:07:29,939 ['True', '']
2026-06-05 17:07:29,939 7
2026-06-05 17:07:31,260 ['False', '']
2026-06-05 17:07:31,260 8
2026-06-05 17:07:32,553 ['True', '']
2026-06-05 17:07:32,553 9
2026-06-05 17:07:33,910 ['True', '']
2026-06-05 17:07:33,911 10
2026-06-05 17:07:35,226 ['True', '']
2026-06-05 17:07:35,226 11
2026-06-05 17:07:36,602 ['false', '']
2026-06-05 17:07:36,603 12
2026-06-05 17:07:37,851 ['True', '']
2026-06-05 17:07:37,851 13
2026-06-05 17:07:39,162 ['True', '']
2026-06-05 17:07:39,162 14
2026-06-05 17:07:40,556 ['True', '']
2026-06-05 17:07:40,556 58
2026-06-05 17:07:41,872 ['True', '']
2026-06-05 17:07:41,872 articletxt/1556.txt
2026-06-05 17:07:41,874 TITLE: Agave tequilana bagasse for methane production in batch and sequencing batch reactors: Acid catalyst effect, batch optimization and stability of the semi-continuous process
2026-06-05 17:07:41,874 1
2026-06-05 17:07:46,020 ['false', '']
2026-06-05 17:07:46,021 2
2026-06-05 17:07:47,050 ['True', '']
2026-06-05 17:07:47,050 3
2026-06-05 17:07:47,992 ['True', '']
2026-06-05 17:07:47,992 4
2026-06-05 17:07:48,976 ['True', '']
2026-06-05 17:07:48,977 5
2026-06-05 17:07:49,957 ['True', '']
2026-06-05 17:07:49,957 6
2026-06-05 17:07:50,933 ['True', '']
2026-06-05 17:07:50,935 7
2026-06-05 17:07:51,936 ['False', '']
2026-06-05 17:07:51,936 8
2026-06-05 17:07:52,937 ['True', '']
2026-06-05 17:07:52,937 9
2026-06-05 17:07:54,001 ['True', '']
2026-06-05 17:07:54,002 10
2026-06-05 17:07:54,960 ['True', '']
2026-06-05 17:07:54,960 11
2026-06-05 17:07:55,984 ['True', '']
2026-06-05 17:07:55,984 12
2026-06-05 17:07:57,014 ['True', '']
2026-06-05 17:07:57,014 13
2026-06-05 17:07:58,060 ['True', '']
2026-06-05 17:07:58,061 14
2026-06-05 17:07:59,116 ['True', '']
2026-06-05 17:07:59,116 58
2026-06-05 17:08:00,085 ['True', '']
2026-06-05 17:08:00,085 articletxt/409.txt
2026-06-05 17:08:00,088 TITLE: Continuous anaerobic digestion of zucchini stem after pretreatment
2026-06-05 17:08:00,088 1
2026-06-05 17:08:04,031 ['false', '']
2026-06-05 17:08:04,031 2
2026-06-05 17:08:04,784 ['True', '']
2026-06-05 17:08:04,784 3
2026-06-05 17:08:05,520 ['True', '']
2026-06-05 17:08:05,520 4
2026-06-05 17:08:06,328 ['True', '']
2026-06-05 17:08:06,328 5
2026-06-05 17:08:07,114 ['True', '']
2026-06-05 17:08:07,115 6
2026-06-05 17:08:07,916 ['False', '']
2026-06-05 17:08:07,916 7
2026-06-05 17:08:08,718 ['True', '']
2026-06-05 17:08:08,718 8
2026-06-05 17:08:09,469 ['True', '']
2026-06-05 17:08:09,469 9
2026-06-05 17:08:10,334 ['true', '']
2026-06-05 17:08:10,334 10
2026-06-05 17:08:11,148 ['True', '']
2026-06-05 17:08:11,149 11
2026-06-05 17:08:11,949 ['False', '']
2026-06-05 17:08:11,949 12
2026-06-05 17:08:12,689 ['True', '']
2026-06-05 17:08:12,689 13
2026-06-05 17:08:13,407 ['True', '']
2026-06-05 17:08:13,407 14
2026-06-05 17:08:14,194 ['True', '']
2026-06-05 17:08:14,194 58
2026-06-05 17:08:14,930 ['True', '']
2026-06-05 17:08:14,953 articletxt/815.txt
2026-06-05 17:08:14,954 TITLE: Understanding the role of mechanical pretreatment before anaerobic digestion: Lab-scale investigations
2026-06-05 17:08:14,954 1
2026-06-05 17:08:19,390 ['True', '']
2026-06-05 17:08:19,390 2
2026-06-05 17:08:20,685 ['True', '']
2026-06-05 17:08:20,685 3
2026-06-05 17:08:21,900 ['False', '']
2026-06-05 17:08:21,900 4
2026-06-05 17:08:23,187 ['True', '']
2026-06-05 17:08:23,187 5
2026-06-05 17:08:24,416 ['True', '']
2026-06-05 17:08:24,416 6
2026-06-05 17:08:25,673 ['False', '']
2026-06-05 17:08:25,673 7
2026-06-05 17:08:27,005 ['True', '']
2026-06-05 17:08:27,005 8
2026-06-05 17:08:28,293 ['True', '']
2026-06-05 17:08:28,293 9
2026-06-05 17:08:29,644 ['True', '']
2026-06-05 17:08:29,644 10
2026-06-05 17:08:30,852 ['True', '']
2026-06-05 17:08:30,853 11
2026-06-05 17:08:32,160 ['True', '']
2026-06-05 17:08:32,160 12
2026-06-05 17:08:33,420 ['True', '']
2026-06-05 17:08:33,421 13
2026-06-05 17:08:34,681 ['True', '']
2026-06-05 17:08:34,681 14
2026-06-05 17:08:35,965 ['True', '']
2026-06-05 17:08:35,965 58
2026-06-05 17:08:37,194 ['True', '']
2026-06-05 17:08:37,195 articletxt/833.txt
2026-06-05 17:08:37,197 TITLE: Enhanced mesophilic anaerobic digestion of food waste by thermal pretreatment: Substrate versus digestate heating
2026-06-05 17:08:37,197 1
2026-06-05 17:08:40,715 ['true', '']
2026-06-05 17:08:40,716 2
2026-06-05 17:08:42,055 ['False', '']
2026-06-05 17:08:42,056 3
2026-06-05 17:08:43,361 ['True', '']
2026-06-05 17:08:43,361 4
2026-06-05 17:08:44,766 ['True', '']
2026-06-05 17:08:44,766 5
2026-06-05 17:08:46,115 ['True', '']
2026-06-05 17:08:46,115 6
2026-06-05 17:08:47,417 ['True', '']
2026-06-05 17:08:47,417 7
2026-06-05 17:08:48,701 ['True', '']
2026-06-05 17:08:48,701 8
2026-06-05 17:08:50,020 ['True', '']
2026-06-05 17:08:50,020 9
2026-06-05 17:08:51,370 ['TRUE', '']
2026-06-05 17:08:51,370 10
2026-06-05 17:08:52,758 ['True', '']
2026-06-05 17:08:52,758 11
2026-06-05 17:08:54,086 ['True', '']
2026-06-05 17:08:54,086 12
2026-06-05 17:08:55,414 ['True', '']
2026-06-05 17:08:55,414 13
2026-06-05 17:08:56,728 ['True', '']
2026-06-05 17:08:56,728 14
2026-06-05 17:08:58,065 ['True', '']
2026-06-05 17:08:58,065 58
2026-06-05 17:08:59,394 ['True', '']
2026-06-05 17:08:59,394 articletxt/1424.txt
2026-06-05 17:08:59,418 TITLE: Fractionation of sugarcane bagasse using hydrothermal and advanced oxidative pretreatments for bioethanol and biogas production in lignocellulose biorefineries
2026-06-05 17:08:59,418 1
2026-06-05 17:09:09,044 ['false', '']
2026-06-05 17:09:09,044 2
2026-06-05 17:09:10,562 ['True', '']
2026-06-05 17:09:10,562 3
2026-06-05 17:09:12,036 ['True', '']
2026-06-05 17:09:12,036 4
2026-06-05 17:09:13,723 ['True', '']
2026-06-05 17:09:13,723 5
2026-06-05 17:09:15,253 ['True', '']
2026-06-05 17:09:15,254 6
2026-06-05 17:09:16,822 ['False', '']
2026-06-05 17:09:16,822 7
2026-06-05 17:09:18,344 ['True', '']
2026-06-05 17:09:18,344 8
2026-06-05 17:09:19,845 ['False', '']
2026-06-05 17:09:19,845 9
2026-06-05 17:09:21,462 ['True', '']
2026-06-05 17:09:21,462 10
2026-06-05 17:09:22,985 ['True', '']
2026-06-05 17:09:22,985 11
2026-06-05 17:09:24,563 ['True', '']
2026-06-05 17:09:24,563 12
2026-06-05 17:09:26,134 ['True', '']
2026-06-05 17:09:26,134 13
2026-06-05 17:09:27,596 ['True', '']
2026-06-05 17:09:27,596 14
2026-06-05 17:09:29,169 ['True', '']
2026-06-05 17:09:29,169 58
2026-06-05 17:09:30,674 ['True', '']
2026-06-05 17:09:30,674 articletxt/1132.txt
2026-06-05 17:09:30,698 TITLE: Improving biogas production from different parts of spruce tree using leading pretreatments
2026-06-05 17:09:30,698 1
2026-06-05 17:09:36,005 ['false', '']
2026-06-05 17:09:36,006 2
2026-06-05 17:09:36,967 ['True', '']
2026-06-05 17:09:36,967 3
2026-06-05 17:09:37,850 ['False', '']
2026-06-05 17:09:37,850 4
2026-06-05 17:09:38,848 ['True', '']
2026-06-05 17:09:38,848 5
2026-06-05 17:09:39,823 ['True', '']
2026-06-05 17:09:39,823 6
2026-06-05 17:09:40,837 ['True', '']
2026-06-05 17:09:40,837 7
2026-06-05 17:09:41,759 ['False', '']
2026-06-05 17:09:41,760 8
2026-06-05 17:09:42,729 ['True', '']
2026-06-05 17:09:42,729 9
2026-06-05 17:09:43,686 ['false', '']
2026-06-05 17:09:43,686 10
2026-06-05 17:09:44,646 ['True', '']
2026-06-05 17:09:44,646 11
2026-06-05 17:09:45,618 ['True', '']
2026-06-05 17:09:45,618 12
2026-06-05 17:09:46,564 ['True', '']
2026-06-05 17:09:46,564 13
2026-06-05 17:09:47,552 ['True', '']
2026-06-05 17:09:47,552 14
2026-06-05 17:09:48,612 ['True', '']
2026-06-05 17:09:48,612 58
2026-06-05 17:09:49,525 ['True', '']
2026-06-05 17:09:49,525 articletxt/837.txt
2026-06-05 17:09:49,549 TITLE: Kinetics of thermophilic batch anaerobic digestion of thermal hydrolysed waste activated sludge
2026-06-05 17:09:49,549 1
2026-06-05 17:09:53,145 ['true', '']
2026-06-05 17:09:53,146 2
2026-06-05 17:09:54,585 ['False', '']
2026-06-05 17:09:54,586 3
2026-06-05 17:09:56,011 ['True', '']
2026-06-05 17:09:56,011 4
2026-06-05 17:09:57,471 ['True', '']
2026-06-05 17:09:57,471 5
2026-06-05 17:09:58,882 ['False', '']
2026-06-05 17:09:58,882 6
2026-06-05 17:10:00,327 ['True', '']
2026-06-05 17:10:00,328 7
2026-06-05 17:10:01,789 ['True', '']
2026-06-05 17:10:01,789 8
2026-06-05 17:10:03,190 ['false', '']
2026-06-05 17:10:03,190 9
2026-06-05 17:10:04,659 ['false', '']
2026-06-05 17:10:04,659 10
2026-06-05 17:10:06,145 ['True', '']
2026-06-05 17:10:06,145 11
2026-06-05 17:10:07,648 ['True', '']
2026-06-05 17:10:07,648 12
2026-06-05 17:10:09,032 ['True', '']
2026-06-05 17:10:09,033 13
2026-06-05 17:10:10,412 ['True', '']
2026-06-05 17:10:10,412 14
2026-06-05 17:10:11,905 ['True', '']
2026-06-05 17:10:11,905 58
2026-06-05 17:10:13,314 ['True', '']
2026-06-05 17:10:13,314 articletxt/1463.txt
2026-06-05 17:10:13,317 TITLE: Combined treatment of alkaline and disperser for improving solubilization and anaerobic biodegradability of dairy waste activated sludge
2026-06-05 17:10:13,317 1
2026-06-05 17:10:18,557 ['True', '']
2026-06-05 17:10:18,557 2
2026-06-05 17:10:19,476 ['True', '']
2026-06-05 17:10:19,476 3
2026-06-05 17:10:20,364 ['True', '']
2026-06-05 17:10:20,364 4
2026-06-05 17:10:21,294 ['True', '']
2026-06-05 17:10:21,294 5
2026-06-05 17:10:22,205 ['True', '']
2026-06-05 17:10:22,205 6
2026-06-05 17:10:23,172 ['False', '']
2026-06-05 17:10:23,172 7
2026-06-05 17:10:24,073 ['True', '']
2026-06-05 17:10:24,074 8
2026-06-05 17:10:24,950 ['True', '']
2026-06-05 17:10:24,950 9
2026-06-05 17:10:25,906 ['false', '']
2026-06-05 17:10:25,906 10
2026-06-05 17:10:26,864 ['True', '']
2026-06-05 17:10:26,864 11
2026-06-05 17:10:27,842 ['false', '']
2026-06-05 17:10:27,842 12
2026-06-05 17:10:28,750 ['True', '']
2026-06-05 17:10:28,750 13
2026-06-05 17:10:29,614 ['True', '']
2026-06-05 17:10:29,614 14
2026-06-05 17:10:30,597 ['True', '']
2026-06-05 17:10:30,597 58
2026-06-05 17:10:31,509 ['True', '']
2026-06-05 17:10:31,509 articletxt/1619.txt
2026-06-05 17:10:31,533 TITLE: TiO2 - chitosan thin film induced solar photocatalytic deflocculation of sludge for profitable bacterial pretreatment and biofuel production
2026-06-05 17:10:31,533 1
2026-06-05 17:10:36,567 ['true', '']
2026-06-05 17:10:36,567 2
2026-06-05 17:10:37,265 ['True', '']
2026-06-05 17:10:37,265 3
2026-06-05 17:10:37,962 ['True', '']
2026-06-05 17:10:37,962 4
2026-06-05 17:10:38,691 ['True', '']
2026-06-05 17:10:38,691 5
2026-06-05 17:10:39,411 ['True', '']
2026-06-05 17:10:39,411 6
2026-06-05 17:10:40,151 ['True', '']
2026-06-05 17:10:40,152 7
2026-06-05 17:10:40,820 ['True', '']
2026-06-05 17:10:40,820 8
2026-06-05 17:10:41,554 ['False', '']
2026-06-05 17:10:41,554 9
2026-06-05 17:10:42,303 ['True', '']
2026-06-05 17:10:42,303 10
2026-06-05 17:10:43,043 ['True', '']
2026-06-05 17:10:43,043 11
2026-06-05 17:10:43,776 ['True', '']
2026-06-05 17:10:43,777 12
2026-06-05 17:10:44,461 ['True', '']
2026-06-05 17:10:44,462 13
2026-06-05 17:10:45,157 ['True', '']
2026-06-05 17:10:45,157 14
2026-06-05 17:10:45,959 ['True', '']
2026-06-05 17:10:45,959 58
2026-06-05 17:10:46,709 ['True', '']
2026-06-05 17:10:46,709 articletxt/485.txt
2026-06-05 17:10:46,733 TITLE: Mechanical pretreatments of different agri-based feedstock in full-scale biogas plants under real operational conditions
2026-06-05 17:10:46,733 1
2026-06-05 17:10:51,707 ['True', '']
2026-06-05 17:10:51,707 2
2026-06-05 17:10:52,393 ['True', '']
2026-06-05 17:10:52,393 3
2026-06-05 17:10:53,046 ['True', '']
2026-06-05 17:10:53,046 4
2026-06-05 17:10:53,661 ['True', '']
2026-06-05 17:10:53,662 5
2026-06-05 17:10:54,335 ['True', '']
2026-06-05 17:10:54,335 6
2026-06-05 17:10:54,952 ['False', '']
2026-06-05 17:10:54,952 7
2026-06-05 17:10:55,657 ['True', '']
2026-06-05 17:10:55,657 8
2026-06-05 17:10:56,326 ['True', '']
2026-06-05 17:10:56,327 9
2026-06-05 17:10:57,034 ['false', '']
2026-06-05 17:10:57,056 10
2026-06-05 17:10:57,710 ['True', '']
2026-06-05 17:10:57,710 11
2026-06-05 17:10:58,376 ['false', '']
2026-06-05 17:10:58,376 12
2026-06-05 17:10:58,998 ['True', '']
2026-06-05 17:10:58,998 13
2026-06-05 17:10:59,600 ['True', '']
2026-06-05 17:10:59,600 14
2026-06-05 17:11:00,359 ['True', '']
2026-06-05 17:11:00,360 58
2026-06-05 17:11:01,037 ['True', '']
2026-06-05 17:11:01,038 articletxt/52.txt
2026-06-05 17:11:01,061 TITLE: Integration of subcritical water pretreatment and anaerobic digestion technologies for valorization of açai processing industries residues
2026-06-05 17:11:01,061 1
2026-06-05 17:11:07,674 ['True', '']
2026-06-05 17:11:07,674 2
2026-06-05 17:11:08,861 ['False', '']
2026-06-05 17:11:08,861 3
2026-06-05 17:11:10,005 ['True', '']
2026-06-05 17:11:10,006 4
2026-06-05 17:11:11,161 ['True', '']
2026-06-05 17:11:11,161 5
2026-06-05 17:11:12,279 ['True', '']
2026-06-05 17:11:12,279 6
2026-06-05 17:11:13,408 ['True', '']
2026-06-05 17:11:13,408 7
2026-06-05 17:11:14,541 ['True', '']
2026-06-05 17:11:14,541 8
2026-06-05 17:11:15,646 ['True', '']
2026-06-05 17:11:15,646 9
2026-06-05 17:11:16,830 ['true', '']
2026-06-05 17:11:16,831 10
2026-06-05 17:11:17,951 ['True', '']
2026-06-05 17:11:17,951 11
2026-06-05 17:11:19,098 ['false', '']
2026-06-05 17:11:19,098 12
2026-06-05 17:11:20,210 ['True', '']
2026-06-05 17:11:20,210 13
2026-06-05 17:11:21,325 ['True', '']
2026-06-05 17:11:21,325 14
2026-06-05 17:11:22,565 ['True', '']
2026-06-05 17:11:22,565 58
2026-06-05 17:11:23,654 ['True', '']
2026-06-05 17:11:23,655 articletxt/1115.txt
2026-06-05 17:11:23,678 TITLE: Synergistic pretreatment of waste activated sludge using CaO2 in combination with microwave irradiation to enhance methane production during anaerobic digestion
2026-06-05 17:11:23,678 1
2026-06-05 17:11:30,227 ['false', '']
2026-06-05 17:11:30,227 2
2026-06-05 17:11:31,378 ['True', '']
2026-06-05 17:11:31,378 3
2026-06-05 17:11:32,483 ['True', '']
2026-06-05 17:11:32,483 4
2026-06-05 17:11:33,538 ['True', '']
2026-06-05 17:11:33,538 5
2026-06-05 17:11:34,636 ['False', '']
2026-06-05 17:11:34,636 6
2026-06-05 17:11:35,706 ['False', '']
2026-06-05 17:11:35,729 7
2026-06-05 17:11:36,849 ['True', '']
2026-06-05 17:11:36,849 8
2026-06-05 17:11:37,963 ['False', '']
2026-06-05 17:11:37,963 9
2026-06-05 17:11:39,083 ['True', '']
2026-06-05 17:11:39,083 10
2026-06-05 17:11:40,168 ['False', '']
2026-06-05 17:11:40,168 11
2026-06-05 17:11:41,321 ['True', '']
2026-06-05 17:11:41,344 12
2026-06-05 17:11:42,485 ['True', '']
2026-06-05 17:11:42,485 13
2026-06-05 17:11:43,579 ['True', '']
2026-06-05 17:11:43,579 14
2026-06-05 17:11:44,748 ['True', '']
2026-06-05 17:11:44,748 58
2026-06-05 17:11:45,854 ['True', '']
2026-06-05 17:11:45,855 articletxt/1062.txt
2026-06-05 17:11:45,857 TITLE: Zero-valent iron enhanced methanogenic activity in anaerobic digestion of waste activated sludge after heat and alkali pretreatment
2026-06-05 17:11:45,857 1
2026-06-05 17:11:49,147 ['true', '']
2026-06-05 17:11:49,147 2
2026-06-05 17:11:50,291 ['True', '']
2026-06-05 17:11:50,291 3
2026-06-05 17:11:51,386 ['True', '']
2026-06-05 17:11:51,386 4
2026-06-05 17:11:52,562 ['false', '']
2026-06-05 17:11:52,562 5
2026-06-05 17:11:53,624 ['True', '']
2026-06-05 17:11:53,625 6
2026-06-05 17:11:54,756 ['True', '']
2026-06-05 17:11:54,756 7
2026-06-05 17:11:55,904 ['True', '']
2026-06-05 17:11:55,904 8
2026-06-05 17:11:57,011 ['false', '']
2026-06-05 17:11:57,011 9
2026-06-05 17:11:58,124 ['False', '']
2026-06-05 17:11:58,124 10
2026-06-05 17:11:59,230 ['True', '']
2026-06-05 17:11:59,230 11
2026-06-05 17:12:00,349 ['False', '']
2026-06-05 17:12:00,349 12
2026-06-05 17:12:01,467 ['True', '']
2026-06-05 17:12:01,468 13
2026-06-05 17:12:02,599 ['false', '']
2026-06-05 17:12:02,599 14
2026-06-05 17:12:03,737 ['True', '']
2026-06-05 17:12:03,737 58
2026-06-05 17:12:04,864 ['True', '']
2026-06-05 17:12:04,865 end
2026-06-05 17:12:04,865 1110: total time in seconds
2026-06-05 17:12:04,865 0.30844110349814097: total time in hours
2026-06-05 17:12:04,865 0.3491786077337445: time per article in minutes
