2026-06-05 16:14:58,558 start
2026-06-05 16:14:58,558 articletxt/16.txt
2026-06-05 16:14:58,558 TITLE: Mechanical pretreatment effects on macroalgae-derived biogas production in co-digestion with sludge in Ireland
2026-06-05 16:14:58,558 1
2026-06-05 16:15:01,460 ['True', '']
2026-06-05 16:15:01,460 2
2026-06-05 16:15:02,246 ['True', '']
2026-06-05 16:15:02,246 3
2026-06-05 16:15:03,036 ['True', '']
2026-06-05 16:15:03,036 4
2026-06-05 16:15:03,790 ['True', '']
2026-06-05 16:15:03,790 5
2026-06-05 16:15:04,534 ['True', '']
2026-06-05 16:15:04,534 6
2026-06-05 16:15:05,331 ['False', '']
2026-06-05 16:15:05,331 7
2026-06-05 16:15:06,078 ['True', '']
2026-06-05 16:15:06,078 8
2026-06-05 16:15:06,873 ['True', '']
2026-06-05 16:15:06,874 9
2026-06-05 16:15:07,666 ['false', '']
2026-06-05 16:15:07,667 10
2026-06-05 16:15:08,403 ['True', '']
2026-06-05 16:15:08,404 11
2026-06-05 16:15:09,197 ['false', '']
2026-06-05 16:15:09,197 12
2026-06-05 16:15:09,927 ['True', '']
2026-06-05 16:15:09,927 13
2026-06-05 16:15:10,724 ['True', '']
2026-06-05 16:15:10,724 14
2026-06-05 16:15:11,620 ['True', '']
2026-06-05 16:15:11,620 58
2026-06-05 16:15:12,433 ['True', '']
2026-06-05 16:15:12,457 articletxt/752.txt
2026-06-05 16:15:12,458 TITLE: Accelerated biomethane production from lignocellulosic biomass: Pretreated by mixed enzymes secreted by Trichoderma viride and Aspergillus sp.
2026-06-05 16:15:12,458 1
2026-06-05 16:15:18,104 ['True', '']
2026-06-05 16:15:18,105 2
2026-06-05 16:15:19,501 ['True', '']
2026-06-05 16:15:19,501 3
2026-06-05 16:15:20,952 ['False', '']
2026-06-05 16:15:20,952 4
2026-06-05 16:15:22,414 ['false', '']
2026-06-05 16:15:22,415 5
2026-06-05 16:15:23,828 ['True', '']
2026-06-05 16:15:23,829 6
2026-06-05 16:15:25,304 ['True', '']
2026-06-05 16:15:25,304 7
2026-06-05 16:15:26,770 ['True', '']
2026-06-05 16:15:26,770 8
2026-06-05 16:15:28,199 ['True', '']
2026-06-05 16:15:28,200 9
2026-06-05 16:15:29,664 ['True', '']
2026-06-05 16:15:29,664 10
2026-06-05 16:15:31,068 ['True', '']
2026-06-05 16:15:31,068 11
2026-06-05 16:15:32,568 ['true', '']
2026-06-05 16:15:32,568 12
2026-06-05 16:15:34,037 ['True', '']
2026-06-05 16:15:34,037 13
2026-06-05 16:15:35,446 ['True', '']
2026-06-05 16:15:35,446 14
2026-06-05 16:15:36,919 ['True', '']
2026-06-05 16:15:36,919 58
2026-06-05 16:15:38,297 ['True', '']
2026-06-05 16:15:38,297 articletxt/1798.txt
2026-06-05 16:15:38,297 TITLE: Biological pre-hydrolysis and thermal pretreatment applied for anaerobic digestion improvement: Kinetic study and statistical variable selection
2026-06-05 16:15:38,298 1
2026-06-05 16:15:42,892 ['True', '']
2026-06-05 16:15:42,892 2
2026-06-05 16:15:44,374 ['False', '']
2026-06-05 16:15:44,374 3
2026-06-05 16:15:45,824 ['True', '']
2026-06-05 16:15:45,824 4
2026-06-05 16:15:47,269 ['false', '']
2026-06-05 16:15:47,269 5
2026-06-05 16:15:48,742 ['false', '']
2026-06-05 16:15:48,742 6
2026-06-05 16:15:50,226 ['True', '']
2026-06-05 16:15:50,226 7
2026-06-05 16:15:51,676 ['True', '']
2026-06-05 16:15:51,676 8
2026-06-05 16:15:53,171 ['false', '']
2026-06-05 16:15:53,171 9
2026-06-05 16:15:54,718 ['True', '']
2026-06-05 16:15:54,718 10
2026-06-05 16:15:56,143 ['True', '']
2026-06-05 16:15:56,143 11
2026-06-05 16:15:57,622 ['True', '']
2026-06-05 16:15:57,622 12
2026-06-05 16:15:59,041 ['True', '']
2026-06-05 16:15:59,041 13
2026-06-05 16:16:00,506 ['True', '']
2026-06-05 16:16:00,506 14
2026-06-05 16:16:01,970 ['True', '']
2026-06-05 16:16:01,970 58
2026-06-05 16:16:03,394 ['True', '']
2026-06-05 16:16:03,394 articletxt/1608.txt
2026-06-05 16:16:03,394 TITLE: Enhanced digestibility and fermentability of sugarcane bagasse in biofuel production by surfactant-assisted dilute acid pretreatment
2026-06-05 16:16:03,394 1
2026-06-05 16:16:08,376 ['True', '']
2026-06-05 16:16:08,376 2
2026-06-05 16:16:09,207 ['True', '']
2026-06-05 16:16:09,207 3
2026-06-05 16:16:09,907 ['True', '']
2026-06-05 16:16:09,907 4
2026-06-05 16:16:10,646 ['True', '']
2026-06-05 16:16:10,647 5
2026-06-05 16:16:11,394 ['True', '']
2026-06-05 16:16:11,394 6
2026-06-05 16:16:12,128 ['True', '']
2026-06-05 16:16:12,128 7
2026-06-05 16:16:12,850 ['False', '']
2026-06-05 16:16:12,850 8
2026-06-05 16:16:13,622 ['True', '']
2026-06-05 16:16:13,623 9
2026-06-05 16:16:14,461 ['true', '']
2026-06-05 16:16:14,461 10
2026-06-05 16:16:15,226 ['False', '']
2026-06-05 16:16:15,226 11
2026-06-05 16:16:15,994 ['true', '']
2026-06-05 16:16:15,994 12
2026-06-05 16:16:16,720 ['True', '']
2026-06-05 16:16:16,720 13
2026-06-05 16:16:17,456 ['True', '']
2026-06-05 16:16:17,456 14
2026-06-05 16:16:18,245 ['True', '']
2026-06-05 16:16:18,245 58
2026-06-05 16:16:18,954 ['True', '']
2026-06-05 16:16:18,954 articletxt/553.txt
2026-06-05 16:16:18,954 TITLE: Comparison between ensilage and fungal pretreatment for storage of giant reed and subsequent methane production
2026-06-05 16:16:18,954 1
2026-06-05 16:16:23,252 ['True', '']
2026-06-05 16:16:23,252 2
2026-06-05 16:16:24,410 ['True', '']
2026-06-05 16:16:24,410 3
2026-06-05 16:16:25,536 ['True', '']
2026-06-05 16:16:25,537 4
2026-06-05 16:16:26,713 ['false', '']
2026-06-05 16:16:26,713 5
2026-06-05 16:16:27,891 ['True', '']
2026-06-05 16:16:27,892 6
2026-06-05 16:16:29,100 ['True', '']
2026-06-05 16:16:29,100 7
2026-06-05 16:16:30,307 ['True', '']
2026-06-05 16:16:30,307 8
2026-06-05 16:16:31,463 ['True', '']
2026-06-05 16:16:31,463 9
2026-06-05 16:16:32,657 ['True', '']
2026-06-05 16:16:32,658 10
2026-06-05 16:16:33,804 ['True', '']
2026-06-05 16:16:33,804 11
2026-06-05 16:16:34,979 ['True', '']
2026-06-05 16:16:34,979 12
2026-06-05 16:16:36,117 ['False', '']
2026-06-05 16:16:36,117 13
2026-06-05 16:16:37,277 ['True', '']
2026-06-05 16:16:37,277 14
2026-06-05 16:16:38,517 ['True', '']
2026-06-05 16:16:38,517 58
2026-06-05 16:16:39,699 ['True', '']
2026-06-05 16:16:39,700 articletxt/1617.txt
2026-06-05 16:16:39,724 TITLE: Surfactant assisted microwave disintegration of green marine macroalgae for enhanced anaerobic biodegradability and biomethane recovery
2026-06-05 16:16:39,724 1
2026-06-05 16:16:43,223 ['True', '']
2026-06-05 16:16:43,224 2
2026-06-05 16:16:44,626 ['True', '']
2026-06-05 16:16:44,626 3
2026-06-05 16:16:46,022 ['True', '']
2026-06-05 16:16:46,023 4
2026-06-05 16:16:47,454 ['True', '']
2026-06-05 16:16:47,455 5
2026-06-05 16:16:48,840 ['True', '']
2026-06-05 16:16:48,841 6
2026-06-05 16:16:50,254 ['True', '']
2026-06-05 16:16:50,254 7
2026-06-05 16:16:51,651 ['True', '']
2026-06-05 16:16:51,651 8
2026-06-05 16:16:53,018 ['True', '']
2026-06-05 16:16:53,018 9
2026-06-05 16:16:54,480 ['True', '']
2026-06-05 16:16:54,480 10
2026-06-05 16:16:55,867 ['False', '']
2026-06-05 16:16:55,867 11
2026-06-05 16:16:57,329 ['True', '']
2026-06-05 16:16:57,329 12
2026-06-05 16:16:58,687 ['True', '']
2026-06-05 16:16:58,687 13
2026-06-05 16:17:00,064 ['True', '']
2026-06-05 16:17:00,064 14
2026-06-05 16:17:01,515 ['True', '']
2026-06-05 16:17:01,515 58
2026-06-05 16:17:02,893 ['True', '']
2026-06-05 16:17:02,894 articletxt/937.txt
2026-06-05 16:17:02,917 TITLE: Assessment of organosolv, hydrothermal, and combined organosolv and hydrothermal with enzymatic pretreatment to increase the production of biogas from Napier grass and Napier silage
2026-06-05 16:17:02,917 1
2026-06-05 16:17:08,329 ['false', '']
2026-06-05 16:17:08,329 2
2026-06-05 16:17:09,507 ['False', '']
2026-06-05 16:17:09,507 3
2026-06-05 16:17:10,660 ['True', '']
2026-06-05 16:17:10,660 4
2026-06-05 16:17:11,815 ['True', '']
2026-06-05 16:17:11,815 5
2026-06-05 16:17:13,017 ['True', '']
2026-06-05 16:17:13,018 6
2026-06-05 16:17:14,142 ['False', '']
2026-06-05 16:17:14,165 7
2026-06-05 16:17:15,300 ['False', '']
2026-06-05 16:17:15,300 8
2026-06-05 16:17:16,456 ['True', '']
2026-06-05 16:17:16,456 9
2026-06-05 16:17:17,622 ['FALSE', '']
2026-06-05 16:17:17,622 10
2026-06-05 16:17:18,798 ['True', '']
2026-06-05 16:17:18,798 11
2026-06-05 16:17:19,979 ['false', '']
2026-06-05 16:17:19,979 12
2026-06-05 16:17:21,138 ['True', '']
2026-06-05 16:17:21,138 13
2026-06-05 16:17:22,335 ['True', '']
2026-06-05 16:17:22,335 14
2026-06-05 16:17:23,508 ['True', '']
2026-06-05 16:17:23,508 58
2026-06-05 16:17:24,639 ['True', '']
2026-06-05 16:17:24,640 articletxt/328.txt
2026-06-05 16:17:24,663 TITLE: Prerequisite – An electrohydrolysis pretreatment for anaerobic digestion of lignocellulose waste material
2026-06-05 16:17:24,663 1
2026-06-05 16:17:27,616 ['true', '']
2026-06-05 16:17:27,616 2
2026-06-05 16:17:28,453 ['True', '']
2026-06-05 16:17:28,453 3
2026-06-05 16:17:29,249 ['True', '']
2026-06-05 16:17:29,250 4
2026-06-05 16:17:30,023 ['True', '']
2026-06-05 16:17:30,023 5
2026-06-05 16:17:30,805 ['False', '']
2026-06-05 16:17:30,806 6
2026-06-05 16:17:31,578 ['True', '']
2026-06-05 16:17:31,579 7
2026-06-05 16:17:32,327 ['True', '']
2026-06-05 16:17:32,327 8
2026-06-05 16:17:33,109 ['True', '']
2026-06-05 16:17:33,109 9
2026-06-05 16:17:33,961 ['false', '']
2026-06-05 16:17:33,961 10
2026-06-05 16:17:34,722 ['True', '']
2026-06-05 16:17:34,722 11
2026-06-05 16:17:35,506 ['false', '']
2026-06-05 16:17:35,506 12
2026-06-05 16:17:36,257 ['True', '']
2026-06-05 16:17:36,257 13
2026-06-05 16:17:37,058 ['True', '']
2026-06-05 16:17:37,058 14
2026-06-05 16:17:37,935 ['True', '']
2026-06-05 16:17:37,935 58
2026-06-05 16:17:38,750 ['True', '']
2026-06-05 16:17:38,750 articletxt/87.txt
2026-06-05 16:17:38,753 TITLE: Mesophilic aerobic digestion: An efficient and inexpensive biological pretreatment to improve biogas production from highly-recalcitrant pinewood
2026-06-05 16:17:38,753 1
2026-06-05 16:17:43,019 ['false', '']
2026-06-05 16:17:43,019 2
2026-06-05 16:17:44,107 ['True', '']
2026-06-05 16:17:44,107 3
2026-06-05 16:17:45,167 ['False', '']
2026-06-05 16:17:45,168 4
2026-06-05 16:17:46,247 ['True', '']
2026-06-05 16:17:46,247 5
2026-06-05 16:17:47,365 ['True', '']
2026-06-05 16:17:47,365 6
2026-06-05 16:17:48,432 ['False', '']
2026-06-05 16:17:48,432 7
2026-06-05 16:17:49,509 ['True', '']
2026-06-05 16:17:49,509 8
2026-06-05 16:17:50,589 ['True', '']
2026-06-05 16:17:50,589 9
2026-06-05 16:17:51,676 ['TRUE', '']
2026-06-05 16:17:51,676 10
2026-06-05 16:17:52,745 ['True', '']
2026-06-05 16:17:52,745 11
2026-06-05 16:17:53,862 ['false', '']
2026-06-05 16:17:53,862 12
2026-06-05 16:17:54,986 ['True', '']
2026-06-05 16:17:54,986 13
2026-06-05 16:17:56,079 ['True', '']
2026-06-05 16:17:56,079 14
2026-06-05 16:17:57,229 ['True', '']
2026-06-05 16:17:57,229 58
2026-06-05 16:17:58,308 ['True', '']
2026-06-05 16:17:58,308 articletxt/2.txt
2026-06-05 16:17:58,332 TITLE: Effect of hydrothermal pretreatment on Miscanthus anaerobic digestion
2026-06-05 16:17:58,332 1
2026-06-05 16:18:01,944 ['True', '']
2026-06-05 16:18:01,945 2
2026-06-05 16:18:03,446 ['False', '']
2026-06-05 16:18:03,446 3
2026-06-05 16:18:04,989 ['True', '']
2026-06-05 16:18:04,989 4
2026-06-05 16:18:06,514 ['True', '']
2026-06-05 16:18:06,514 5
2026-06-05 16:18:08,072 ['True', '']
2026-06-05 16:18:08,072 6
2026-06-05 16:18:09,596 ['False', '']
2026-06-05 16:18:09,596 7
2026-06-05 16:18:11,124 ['True', '']
2026-06-05 16:18:11,124 8
2026-06-05 16:18:12,679 ['false', '']
2026-06-05 16:18:12,679 9
2026-06-05 16:18:14,331 ['false', '']
2026-06-05 16:18:14,331 10
2026-06-05 16:18:15,894 ['True', '']
2026-06-05 16:18:15,894 11
2026-06-05 16:18:17,445 ['true', '']
2026-06-05 16:18:17,445 12
2026-06-05 16:18:18,996 ['True', '']
2026-06-05 16:18:18,996 13
2026-06-05 16:18:20,528 ['True', '']
2026-06-05 16:18:20,528 14
2026-06-05 16:18:22,064 ['True', '']
2026-06-05 16:18:22,064 58
2026-06-05 16:18:23,604 ['True', '']
2026-06-05 16:18:23,604 articletxt/625.txt
2026-06-05 16:18:23,627 TITLE: Effect of ultrasonic assisted KOH pretreatment on physiochemical characteristic and anaerobic digestion performance of wheat straw
2026-06-05 16:18:23,628 1
2026-06-05 16:18:27,338 ['True', '']
2026-06-05 16:18:27,338 2
2026-06-05 16:18:28,920 ['false', '']
2026-06-05 16:18:28,920 3
2026-06-05 16:18:30,443 ['False', '']
2026-06-05 16:18:30,443 4
2026-06-05 16:18:31,976 ['false', '']
2026-06-05 16:18:31,976 5
2026-06-05 16:18:33,550 ['True', '']
2026-06-05 16:18:33,550 6
2026-06-05 16:18:35,119 ['False', '']
2026-06-05 16:18:35,119 7
2026-06-05 16:18:36,693 ['false', '']
2026-06-05 16:18:36,694 8
2026-06-05 16:18:38,236 ['false', '']
2026-06-05 16:18:38,237 9
2026-06-05 16:18:39,882 ['True', '']
2026-06-05 16:18:39,883 10
2026-06-05 16:18:41,420 ['True', '']
2026-06-05 16:18:41,420 11
2026-06-05 16:18:42,993 ['False', '']
2026-06-05 16:18:42,994 12
2026-06-05 16:18:44,587 ['True', '']
2026-06-05 16:18:44,587 13
2026-06-05 16:18:46,163 ['false', '']
2026-06-05 16:18:46,164 14
2026-06-05 16:18:47,785 ['True', '']
2026-06-05 16:18:47,786 58
2026-06-05 16:18:49,385 ['True', '']
2026-06-05 16:18:49,385 articletxt/189.txt
2026-06-05 16:18:49,409 TITLE: Evaluation of hydrothermal pretreatment for biological treatment of lignocellulosic feedstock (pepper plant and eggplant)
2026-06-05 16:18:49,409 1
2026-06-05 16:18:53,227 ['true', '']
2026-06-05 16:18:53,227 2
2026-06-05 16:18:53,824 ['False', '']
2026-06-05 16:18:53,824 3
2026-06-05 16:18:54,429 ['True', '']
2026-06-05 16:18:54,429 4
2026-06-05 16:18:55,108 ['True', '']
2026-06-05 16:18:55,109 5
2026-06-05 16:18:55,706 ['True', '']
2026-06-05 16:18:55,706 6
2026-06-05 16:18:56,328 ['True', '']
2026-06-05 16:18:56,328 7
2026-06-05 16:18:56,992 ['True', '']
2026-06-05 16:18:56,992 8
2026-06-05 16:18:57,633 ['True', '']
2026-06-05 16:18:57,633 9
2026-06-05 16:18:58,310 ['false', '']
2026-06-05 16:18:58,310 10
2026-06-05 16:18:58,972 ['True', '']
2026-06-05 16:18:58,973 11
2026-06-05 16:18:59,601 ['false', '']
2026-06-05 16:18:59,601 12
2026-06-05 16:19:00,240 ['True', '']
2026-06-05 16:19:00,240 13
2026-06-05 16:19:00,873 ['True', '']
2026-06-05 16:19:00,873 14
2026-06-05 16:19:01,576 ['True', '']
2026-06-05 16:19:01,576 58
2026-06-05 16:19:02,177 ['True', '']
2026-06-05 16:19:02,177 articletxt/1028.txt
2026-06-05 16:19:02,201 TITLE: Effect of inoculum pre-treatment on mesophilic hydrogen and methane production from food waste using two-stage anaerobic digestion
2026-06-05 16:19:02,201 1
2026-06-05 16:19:05,790 ['false', '']
2026-06-05 16:19:05,790 2
2026-06-05 16:19:07,235 ['True', '']
2026-06-05 16:19:07,235 3
2026-06-05 16:19:08,635 ['True', '']
2026-06-05 16:19:08,635 4
2026-06-05 16:19:10,056 ['false', '']
2026-06-05 16:19:10,056 5
2026-06-05 16:19:11,486 ['True', '']
2026-06-05 16:19:11,486 6
2026-06-05 16:19:12,901 ['True', '']
2026-06-05 16:19:12,901 7
2026-06-05 16:19:14,366 ['True', '']
2026-06-05 16:19:14,366 8
2026-06-05 16:19:15,736 ['false', '']
2026-06-05 16:19:15,736 9
2026-06-05 16:19:17,250 ['true', '']
2026-06-05 16:19:17,269 10
2026-06-05 16:19:18,657 ['True', '']
2026-06-05 16:19:18,657 11
2026-06-05 16:19:20,094 ['False', '']
2026-06-05 16:19:20,094 12
2026-06-05 16:19:21,473 ['True', '']
2026-06-05 16:19:21,473 13
2026-06-05 16:19:22,849 ['True', '']
2026-06-05 16:19:22,849 14
2026-06-05 16:19:24,302 ['True', '']
2026-06-05 16:19:24,302 58
2026-06-05 16:19:25,707 ['True', '']
2026-06-05 16:19:25,708 articletxt/1293.txt
2026-06-05 16:19:25,731 TITLE: Improvement of biogas production from pine wood by alkali pretreatment
2026-06-05 16:19:25,731 1
2026-06-05 16:19:27,995 ['false', '']
2026-06-05 16:19:27,995 2
2026-06-05 16:19:29,166 ['False', '']
2026-06-05 16:19:29,167 3
2026-06-05 16:19:30,331 ['False', '']
2026-06-05 16:19:30,334 4
2026-06-05 16:19:31,487 ['True', '']
2026-06-05 16:19:31,487 5
2026-06-05 16:19:32,643 ['True', '']
2026-06-05 16:19:32,643 6
2026-06-05 16:19:33,757 ['False', '']
2026-06-05 16:19:33,757 7
2026-06-05 16:19:34,928 ['False', '']
2026-06-05 16:19:34,928 8
2026-06-05 16:19:36,090 ['True', '']
2026-06-05 16:19:36,090 9
2026-06-05 16:19:37,314 ['false', '']
2026-06-05 16:19:37,314 10
2026-06-05 16:19:38,477 ['True', '']
2026-06-05 16:19:38,477 11
2026-06-05 16:19:39,694 ['False', '']
2026-06-05 16:19:39,694 12
2026-06-05 16:19:40,842 ['True', '']
2026-06-05 16:19:40,842 13
2026-06-05 16:19:42,033 ['True', '']
2026-06-05 16:19:42,033 14
2026-06-05 16:19:43,218 ['True', '']
2026-06-05 16:19:43,218 58
2026-06-05 16:19:44,415 ['True', '']
2026-06-05 16:19:44,415 articletxt/930.txt
2026-06-05 16:19:44,416 TITLE: The selection of pretreatment options for anaerobic digestion (AD): A case study in olive oil waste production
2026-06-05 16:19:44,416 1
2026-06-05 16:19:49,728 ['False', '']
2026-06-05 16:19:49,728 2
2026-06-05 16:19:50,792 ['True', '']
2026-06-05 16:19:50,792 3
2026-06-05 16:19:51,818 ['False', '']
2026-06-05 16:19:51,818 4
2026-06-05 16:19:52,892 ['True', '']
2026-06-05 16:19:52,892 5
2026-06-05 16:19:53,877 ['True', '']
2026-06-05 16:19:53,878 6
2026-06-05 16:19:54,836 ['False', '']
2026-06-05 16:19:54,836 7
2026-06-05 16:19:55,974 ['True', '']
2026-06-05 16:19:55,975 8
2026-06-05 16:19:57,009 ['True', '']
2026-06-05 16:19:57,009 9
2026-06-05 16:19:58,106 ['True', '']
2026-06-05 16:19:58,106 10
2026-06-05 16:19:59,144 ['True', '']
2026-06-05 16:19:59,144 11
2026-06-05 16:20:00,218 ['false', '']
2026-06-05 16:20:00,218 12
2026-06-05 16:20:01,236 ['True', '']
2026-06-05 16:20:01,236 13
2026-06-05 16:20:02,338 ['True', '']
2026-06-05 16:20:02,338 14
2026-06-05 16:20:03,442 ['True', '']
2026-06-05 16:20:03,443 58
2026-06-05 16:20:04,494 ['True', '']
2026-06-05 16:20:04,494 articletxt/1624.txt
2026-06-05 16:20:04,496 TITLE: Anaerobic bioprocessing of wastewater-derived duckweed: Maximizing product yields in a biorefinery value cascade
2026-06-05 16:20:04,497 1
2026-06-05 16:20:10,911 ['True', '']
2026-06-05 16:20:10,912 2
2026-06-05 16:20:11,953 ['True', '']
2026-06-05 16:20:11,953 3
2026-06-05 16:20:12,995 ['True', '']
2026-06-05 16:20:12,996 4
2026-06-05 16:20:14,046 ['True', '']
2026-06-05 16:20:14,046 5
2026-06-05 16:20:15,016 ['True', '']
2026-06-05 16:20:15,016 6
2026-06-05 16:20:16,050 ['True', '']
2026-06-05 16:20:16,050 7
2026-06-05 16:20:17,147 ['True', '']
2026-06-05 16:20:17,147 8
2026-06-05 16:20:18,185 ['True', '']
2026-06-05 16:20:18,185 9
2026-06-05 16:20:19,258 ['True', '']
2026-06-05 16:20:19,259 10
2026-06-05 16:20:20,292 ['True', '']
2026-06-05 16:20:20,292 11
2026-06-05 16:20:21,310 ['true', '']
2026-06-05 16:20:21,310 12
2026-06-05 16:20:22,342 ['True', '']
2026-06-05 16:20:22,342 13
2026-06-05 16:20:23,350 ['True', '']
2026-06-05 16:20:23,350 14
2026-06-05 16:20:24,422 ['True', '']
2026-06-05 16:20:24,422 58
2026-06-05 16:20:25,429 ['True', '']
2026-06-05 16:20:25,430 articletxt/1263.txt
2026-06-05 16:20:25,453 TITLE: Cleaner energy for cleaner production: Modeling and optimization of biogas generation from Carica papayas (Pawpaw) fruit peels
2026-06-05 16:20:25,453 1
2026-06-05 16:20:30,799 ['True', '']
2026-06-05 16:20:30,799 2
2026-06-05 16:20:31,936 ['False', '']
2026-06-05 16:20:31,936 3
2026-06-05 16:20:32,944 ['True', '']
2026-06-05 16:20:32,944 4
2026-06-05 16:20:34,048 ['True', '']
2026-06-05 16:20:34,048 5
2026-06-05 16:20:35,153 ['True', '']
2026-06-05 16:20:35,153 6
2026-06-05 16:20:36,277 ['False', '']
2026-06-05 16:20:36,277 7
2026-06-05 16:20:37,349 ['True', '']
2026-06-05 16:20:37,349 8
2026-06-05 16:20:38,444 ['True', '']
2026-06-05 16:20:38,444 9
2026-06-05 16:20:39,577 ['True', '']
2026-06-05 16:20:39,577 10
2026-06-05 16:20:40,639 ['True', '']
2026-06-05 16:20:40,639 11
2026-06-05 16:20:41,725 ['True', '']
2026-06-05 16:20:41,748 12
2026-06-05 16:20:42,846 ['True', '']
2026-06-05 16:20:42,846 13
2026-06-05 16:20:43,909 ['True', '']
2026-06-05 16:20:43,909 14
2026-06-05 16:20:45,044 ['True', '']
2026-06-05 16:20:45,045 58
2026-06-05 16:20:46,096 ['True', '']
2026-06-05 16:20:46,096 articletxt/1114.txt
2026-06-05 16:20:46,120 TITLE: Effect of hydrothermal pretreatment on two-stage anaerobic digestion of food waste and Enteromorpha: Digestion performance, bioenergy efficiency, and microbial community dynamics
2026-06-05 16:20:46,120 1
2026-06-05 16:20:52,032 ['True', '']
2026-06-05 16:20:52,033 2
2026-06-05 16:20:53,734 ['False', '']
2026-06-05 16:20:53,734 3
2026-06-05 16:20:55,364 ['True', '']
2026-06-05 16:20:55,364 4
2026-06-05 16:20:57,058 ['True', '']
2026-06-05 16:20:57,058 5
2026-06-05 16:20:58,750 ['True', '']
2026-06-05 16:20:58,750 6
2026-06-05 16:21:00,385 ['True', '']
2026-06-05 16:21:00,385 7
2026-06-05 16:21:02,003 ['True', '']
2026-06-05 16:21:02,003 8
2026-06-05 16:21:03,645 ['True', '']
2026-06-05 16:21:03,645 9
2026-06-05 16:21:05,307 ['false', '']
2026-06-05 16:21:05,307 10
2026-06-05 16:21:06,908 ['True', '']
2026-06-05 16:21:06,908 11
2026-06-05 16:21:08,609 ['false', '']
2026-06-05 16:21:08,609 12
2026-06-05 16:21:10,263 ['True', '']
2026-06-05 16:21:10,263 13
2026-06-05 16:21:11,915 ['True', '']
2026-06-05 16:21:11,915 14
2026-06-05 16:21:13,656 ['True', '']
2026-06-05 16:21:13,656 58
2026-06-05 16:21:15,315 ['True', '']
2026-06-05 16:21:15,315 articletxt/1832.txt
2026-06-05 16:21:15,330 TITLE: Peracetic acid pretreatment improves biogas production from anaerobic digestion of sewage sludge by promoting organic matter release, conversion and affecting microbial community
2026-06-05 16:21:15,330 1
2026-06-05 16:21:20,885 ['true', '']
2026-06-05 16:21:20,885 2
2026-06-05 16:21:22,238 ['True', '']
2026-06-05 16:21:22,238 3
2026-06-05 16:21:23,529 ['False', '']
2026-06-05 16:21:23,529 4
2026-06-05 16:21:24,803 ['True', '']
2026-06-05 16:21:24,803 5
2026-06-05 16:21:26,116 ['True', '']
2026-06-05 16:21:26,116 6
2026-06-05 16:21:27,497 ['True', '']
2026-06-05 16:21:27,497 7
2026-06-05 16:21:28,789 ['False', '']
2026-06-05 16:21:28,789 8
2026-06-05 16:21:30,096 ['False', '']
2026-06-05 16:21:30,097 9
2026-06-05 16:21:31,445 ['True', '']
2026-06-05 16:21:31,445 10
2026-06-05 16:21:32,734 ['True', '']
2026-06-05 16:21:32,734 11
2026-06-05 16:21:34,045 ['True', '']
2026-06-05 16:21:34,046 12
2026-06-05 16:21:35,379 ['True', '']
2026-06-05 16:21:35,379 13
2026-06-05 16:21:36,689 ['True', '']
2026-06-05 16:21:36,689 14
2026-06-05 16:21:38,074 ['True', '']
2026-06-05 16:21:38,074 58
2026-06-05 16:21:39,425 ['True', '']
2026-06-05 16:21:39,448 articletxt/860.txt
2026-06-05 16:21:39,469 TITLE: Evaluation of thermal, ultrasonic and alkali pretreatments on mixed-microalgal biomass to enhance anaerobic methane production
2026-06-05 16:21:39,469 1
2026-06-05 16:21:43,376 ['true', '']
2026-06-05 16:21:43,376 2
2026-06-05 16:21:44,089 ['False', '']
2026-06-05 16:21:44,090 3
2026-06-05 16:21:44,808 ['False', '']
2026-06-05 16:21:44,809 4
2026-06-05 16:21:45,604 ['false', '']
2026-06-05 16:21:45,604 5
2026-06-05 16:21:46,319 ['True', '']
2026-06-05 16:21:46,319 6
2026-06-05 16:21:47,023 ['True', '']
2026-06-05 16:21:47,023 7
2026-06-05 16:21:47,717 ['True', '']
2026-06-05 16:21:47,718 8
2026-06-05 16:21:48,396 ['false', '']
2026-06-05 16:21:48,396 9
2026-06-05 16:21:49,218 ['True', '']
2026-06-05 16:21:49,218 10
2026-06-05 16:21:49,920 ['True', '']
2026-06-05 16:21:49,920 11
2026-06-05 16:21:50,640 ['False', '']
2026-06-05 16:21:50,640 12
2026-06-05 16:21:51,354 ['True', '']
2026-06-05 16:21:51,354 13
2026-06-05 16:21:52,096 ['false', '']
2026-06-05 16:21:52,096 14
2026-06-05 16:21:52,925 ['false', '']
2026-06-05 16:21:52,925 58
2026-06-05 16:21:53,668 ['True', '']
2026-06-05 16:21:53,668 articletxt/1127.txt
2026-06-05 16:21:53,692 TITLE: Enhanced simultaneous saccharification and fermentation of Napier grass and Napier silage for two stage bio-hydrogen and methane production using organosolv and hydrothermal
2026-06-05 16:21:53,692 1
2026-06-05 16:21:58,767 ['False', '']
2026-06-05 16:21:58,767 2
2026-06-05 16:21:59,570 ['True', '']
2026-06-05 16:21:59,570 3
2026-06-05 16:22:00,287 ['True', '']
2026-06-05 16:22:00,287 4
2026-06-05 16:22:01,004 ['True', '']
2026-06-05 16:22:01,005 5
2026-06-05 16:22:01,685 ['True', '']
2026-06-05 16:22:01,685 6
2026-06-05 16:22:02,343 ['True', '']
2026-06-05 16:22:02,343 7
2026-06-05 16:22:03,082 ['False', '']
2026-06-05 16:22:03,082 8
2026-06-05 16:22:03,835 ['True', '']
2026-06-05 16:22:03,835 9
2026-06-05 16:22:04,641 ['true', '']
2026-06-05 16:22:04,641 10
2026-06-05 16:22:05,421 ['True', '']
2026-06-05 16:22:05,421 11
2026-06-05 16:22:06,152 ['True', '']
2026-06-05 16:22:06,152 12
2026-06-05 16:22:06,872 ['True', '']
2026-06-05 16:22:06,872 13
2026-06-05 16:22:07,566 ['True', '']
2026-06-05 16:22:07,566 14
2026-06-05 16:22:08,374 ['True', '']
2026-06-05 16:22:08,374 58
2026-06-05 16:22:09,152 ['True', '']
2026-06-05 16:22:09,153 articletxt/676.txt
2026-06-05 16:22:09,176 TITLE: Improving the methane production from zucchini stem by response surface methodology and different pretreatments
2026-06-05 16:22:09,177 1
2026-06-05 16:22:12,682 ['false', '']
2026-06-05 16:22:12,682 2
2026-06-05 16:22:14,072 ['True', '']
2026-06-05 16:22:14,072 3
2026-06-05 16:22:15,394 ['True', '']
2026-06-05 16:22:15,416 4
2026-06-05 16:22:16,814 ['True', '']
2026-06-05 16:22:16,815 5
2026-06-05 16:22:18,185 ['True', '']
2026-06-05 16:22:18,185 6
2026-06-05 16:22:19,590 ['False', '']
2026-06-05 16:22:19,590 7
2026-06-05 16:22:20,956 ['False', '']
2026-06-05 16:22:20,956 8
2026-06-05 16:22:22,433 ['False', '']
2026-06-05 16:22:22,433 9
2026-06-05 16:22:23,859 ['true', '']
2026-06-05 16:22:23,859 10
2026-06-05 16:22:25,282 ['True', '']
2026-06-05 16:22:25,282 11
2026-06-05 16:22:26,709 ['False', '']
2026-06-05 16:22:26,709 12
2026-06-05 16:22:28,143 ['True', '']
2026-06-05 16:22:28,143 13
2026-06-05 16:22:29,614 ['True', '']
2026-06-05 16:22:29,614 14
2026-06-05 16:22:31,115 ['True', '']
2026-06-05 16:22:31,115 58
2026-06-05 16:22:32,520 ['True', '']
2026-06-05 16:22:32,521 articletxt/1101.txt
2026-06-05 16:22:32,523 TITLE: The effects of waste-activated sludge pretreatment using hydrodynamic cavitation for methane production
2026-06-05 16:22:32,523 1
2026-06-05 16:22:35,039 ['True', '']
2026-06-05 16:22:35,040 2
2026-06-05 16:22:36,407 ['False', '']
2026-06-05 16:22:36,407 3
2026-06-05 16:22:37,754 ['False', '']
2026-06-05 16:22:37,754 4
2026-06-05 16:22:39,171 ['False', '']
2026-06-05 16:22:39,171 5
2026-06-05 16:22:40,518 ['True', '']
2026-06-05 16:22:40,518 6
2026-06-05 16:22:41,852 ['False', '']
2026-06-05 16:22:41,852 7
2026-06-05 16:22:43,151 ['True', '']
2026-06-05 16:22:43,151 8
2026-06-05 16:22:44,514 ['True', '']
2026-06-05 16:22:44,514 9
2026-06-05 16:22:45,948 ['false', '']
2026-06-05 16:22:45,949 10
2026-06-05 16:22:47,301 ['True', '']
2026-06-05 16:22:47,301 11
2026-06-05 16:22:48,614 ['false', '']
2026-06-05 16:22:48,615 12
2026-06-05 16:22:49,928 ['True', '']
2026-06-05 16:22:49,928 13
2026-06-05 16:22:51,276 ['True', '']
2026-06-05 16:22:51,276 14
2026-06-05 16:22:52,665 ['True', '']
2026-06-05 16:22:52,665 58
2026-06-05 16:22:54,033 ['True', '']
2026-06-05 16:22:54,034 articletxt/201.txt
2026-06-05 16:22:54,057 TITLE: Conjoint effect of microwave irradiation and metal nanoparticles on biogas augmentation from anaerobic digestion of green algae
2026-06-05 16:22:54,057 1
2026-06-05 16:22:57,226 ['true', '']
2026-06-05 16:22:57,227 2
2026-06-05 16:22:58,229 ['True', '']
2026-06-05 16:22:58,230 3
2026-06-05 16:22:59,201 ['False', '']
2026-06-05 16:22:59,201 4
2026-06-05 16:23:00,187 ['True', '']
2026-06-05 16:23:00,188 5
2026-06-05 16:23:01,175 ['True', '']
2026-06-05 16:23:01,176 6
2026-06-05 16:23:02,142 ['True', '']
2026-06-05 16:23:02,142 7
2026-06-05 16:23:03,131 ['True', '']
2026-06-05 16:23:03,131 8
2026-06-05 16:23:04,114 ['True', '']
2026-06-05 16:23:04,115 9
2026-06-05 16:23:05,149 ['True', '']
2026-06-05 16:23:05,149 10
2026-06-05 16:23:06,157 ['True', '']
2026-06-05 16:23:06,157 11
2026-06-05 16:23:07,101 ['false', '']
2026-06-05 16:23:07,101 12
2026-06-05 16:23:08,053 ['True', '']
2026-06-05 16:23:08,053 13
2026-06-05 16:23:09,031 ['True', '']
2026-06-05 16:23:09,031 14
2026-06-05 16:23:10,030 ['True', '']
2026-06-05 16:23:10,030 58
2026-06-05 16:23:11,000 ['True', '']
2026-06-05 16:23:11,001 articletxt/1683.txt
2026-06-05 16:23:11,024 TITLE: Process design and economic evaluation for methane and electricity production from Agave bagasse using different pretreatments
2026-06-05 16:23:11,024 1
2026-06-05 16:23:14,371 ['True', '']
2026-06-05 16:23:14,372 2
2026-06-05 16:23:15,569 ['True', '']
2026-06-05 16:23:15,569 3
2026-06-05 16:23:16,730 ['True', '']
2026-06-05 16:23:16,730 4
2026-06-05 16:23:17,904 ['True', '']
2026-06-05 16:23:17,904 5
2026-06-05 16:23:19,099 ['True', '']
2026-06-05 16:23:19,099 6
2026-06-05 16:23:20,324 ['True', '']
2026-06-05 16:23:20,324 7
2026-06-05 16:23:21,581 ['False', '']
2026-06-05 16:23:21,581 8
2026-06-05 16:23:22,790 ['True', '']
2026-06-05 16:23:22,790 9
2026-06-05 16:23:24,004 ['True', '']
2026-06-05 16:23:24,004 10
2026-06-05 16:23:25,213 ['True', '']
2026-06-05 16:23:25,213 11
2026-06-05 16:23:26,474 ['true', '']
2026-06-05 16:23:26,474 12
2026-06-05 16:23:27,598 ['True', '']
2026-06-05 16:23:27,598 13
2026-06-05 16:23:28,808 ['True', '']
2026-06-05 16:23:28,808 14
2026-06-05 16:23:30,098 ['True', '']
2026-06-05 16:23:30,098 58
2026-06-05 16:23:31,302 ['True', '']
2026-06-05 16:23:31,302 articletxt/1117.txt
2026-06-05 16:23:31,326 TITLE: Enhancing methane production from dewatered waste activated sludge through alkaline and photocatalytic pretreatment
2026-06-05 16:23:31,326 1
2026-06-05 16:23:37,308 ['true', '']
2026-06-05 16:23:37,308 2
2026-06-05 16:23:39,006 ['True', '']
2026-06-05 16:23:39,006 3
2026-06-05 16:23:40,709 ['True', '']
2026-06-05 16:23:40,709 4
2026-06-05 16:23:42,383 ['True', '']
2026-06-05 16:23:42,383 5
2026-06-05 16:23:44,110 ['True', '']
2026-06-05 16:23:44,110 6
2026-06-05 16:23:45,771 ['False', '']
2026-06-05 16:23:45,771 7
2026-06-05 16:23:47,463 ['True', '']
2026-06-05 16:23:47,463 8
2026-06-05 16:23:49,236 ['False', '']
2026-06-05 16:23:49,236 9
2026-06-05 16:23:50,989 ['True', '']
2026-06-05 16:23:50,990 10
2026-06-05 16:23:52,728 ['True', '']
2026-06-05 16:23:52,728 11
2026-06-05 16:23:54,392 ['false', '']
2026-06-05 16:23:54,392 12
2026-06-05 16:23:56,043 ['True', '']
2026-06-05 16:23:56,043 13
2026-06-05 16:23:57,741 ['True', '']
2026-06-05 16:23:57,741 14
2026-06-05 16:23:59,505 ['True', '']
2026-06-05 16:23:59,505 58
2026-06-05 16:24:01,243 ['True', '']
2026-06-05 16:24:01,244 articletxt/105.txt
2026-06-05 16:24:01,246 TITLE: Accelerated high-solids anaerobic digestion of sewage sludge using low-temperature thermal pretreatment
2026-06-05 16:24:01,246 1
2026-06-05 16:24:06,356 ['true', '']
2026-06-05 16:24:06,356 2
2026-06-05 16:24:07,270 ['False', '']
2026-06-05 16:24:07,270 3
2026-06-05 16:24:08,068 ['False', '']
2026-06-05 16:24:08,068 4
2026-06-05 16:24:08,910 ['True', '']
2026-06-05 16:24:08,910 5
2026-06-05 16:24:09,772 ['True', '']
2026-06-05 16:24:09,772 6
2026-06-05 16:24:10,652 ['True', '']
2026-06-05 16:24:10,652 7
2026-06-05 16:24:11,553 ['True', '']
2026-06-05 16:24:11,553 8
2026-06-05 16:24:12,431 ['True', '']
2026-06-05 16:24:12,431 9
2026-06-05 16:24:13,342 ['false', '']
2026-06-05 16:24:13,343 10
2026-06-05 16:24:14,195 ['True', '']
2026-06-05 16:24:14,195 11
2026-06-05 16:24:15,103 ['false', '']
2026-06-05 16:24:15,103 12
2026-06-05 16:24:15,967 ['True', '']
2026-06-05 16:24:15,968 13
2026-06-05 16:24:16,804 ['True', '']
2026-06-05 16:24:16,827 14
2026-06-05 16:24:17,750 ['True', '']
2026-06-05 16:24:17,751 58
2026-06-05 16:24:18,599 ['True', '']
2026-06-05 16:24:18,600 articletxt/761.txt
2026-06-05 16:24:18,602 TITLE: Influence of pretreatment conditions on lignocellulosic fractions and methane production from grape pomace
2026-06-05 16:24:18,602 1
2026-06-05 16:24:23,686 ['True', '']
2026-06-05 16:24:23,686 2
2026-06-05 16:24:24,508 ['True', '']
2026-06-05 16:24:24,508 3
2026-06-05 16:24:25,316 ['False', '']
2026-06-05 16:24:25,316 4
2026-06-05 16:24:26,201 ['True', '']
2026-06-05 16:24:26,201 5
2026-06-05 16:24:27,007 ['True', '']
2026-06-05 16:24:27,007 6
2026-06-05 16:24:27,849 ['False', '']
2026-06-05 16:24:27,849 7
2026-06-05 16:24:28,670 ['False', '']
2026-06-05 16:24:28,670 8
2026-06-05 16:24:29,482 ['True', '']
2026-06-05 16:24:29,482 9
2026-06-05 16:24:30,416 ['True', '']
2026-06-05 16:24:30,416 10
2026-06-05 16:24:31,279 ['True', '']
2026-06-05 16:24:31,280 11
2026-06-05 16:24:32,164 ['True', '']
2026-06-05 16:24:32,165 12
2026-06-05 16:24:33,034 ['True', '']
2026-06-05 16:24:33,034 13
2026-06-05 16:24:33,854 ['false', '']
2026-06-05 16:24:33,854 14
2026-06-05 16:24:34,765 ['True', '']
2026-06-05 16:24:34,766 58
2026-06-05 16:24:35,648 ['True', '']
2026-06-05 16:24:35,648 articletxt/1749.txt
2026-06-05 16:24:35,651 TITLE: Impact of the thermo-alkaline pretreatment on the anaerobic digestion of poly(butylene adipate-co-terephthalate) (PBAT) and poly(lactic acid) (PLA) blended plastics
2026-06-05 16:24:35,651 1
2026-06-05 16:24:41,051 ['True', '']
2026-06-05 16:24:41,051 2
2026-06-05 16:24:42,313 ['False', '']
2026-06-05 16:24:42,313 3
2026-06-05 16:24:43,441 ['True', '']
2026-06-05 16:24:43,441 4
2026-06-05 16:24:44,578 ['True', '']
2026-06-05 16:24:44,578 5
2026-06-05 16:24:45,714 ['True', '']
2026-06-05 16:24:45,714 6
2026-06-05 16:24:46,804 ['False', '']
2026-06-05 16:24:46,804 7
2026-06-05 16:24:47,991 ['True', '']
2026-06-05 16:24:47,991 8
2026-06-05 16:24:49,197 ['True', '']
2026-06-05 16:24:49,197 9
2026-06-05 16:24:50,405 ['True', '']
2026-06-05 16:24:50,405 10
2026-06-05 16:24:51,538 ['True', '']
2026-06-05 16:24:51,538 11
2026-06-05 16:24:52,780 ['false', '']
2026-06-05 16:24:52,781 12
2026-06-05 16:24:53,912 ['True', '']
2026-06-05 16:24:53,913 13
2026-06-05 16:24:55,074 ['True', '']
2026-06-05 16:24:55,074 14
2026-06-05 16:24:56,364 ['True', '']
2026-06-05 16:24:56,364 58
2026-06-05 16:24:57,512 ['True', '']
2026-06-05 16:24:57,512 articletxt/1325.txt
2026-06-05 16:24:57,536 TITLE: Biorefinery for efficient xanthan gum, ethanol, and biogas production from potato crop residues
2026-06-05 16:24:57,536 1
2026-06-05 16:25:02,247 ['true', '']
2026-06-05 16:25:02,248 2
2026-06-05 16:25:03,852 ['False', '']
2026-06-05 16:25:03,852 3
2026-06-05 16:25:05,388 ['False', '']
2026-06-05 16:25:05,388 4
2026-06-05 16:25:07,047 ['True', '']
2026-06-05 16:25:07,047 5
2026-06-05 16:25:08,657 ['True', '']
2026-06-05 16:25:08,658 6
2026-06-05 16:25:10,303 ['True', '']
2026-06-05 16:25:10,303 7
2026-06-05 16:25:11,904 ['False', '']
2026-06-05 16:25:11,904 8
2026-06-05 16:25:13,509 ['True', '']
2026-06-05 16:25:13,510 9
2026-06-05 16:25:15,177 ['TRUE', '']
2026-06-05 16:25:15,178 10
2026-06-05 16:25:16,781 ['True', '']
2026-06-05 16:25:16,781 11
2026-06-05 16:25:18,447 ['True', '']
2026-06-05 16:25:18,447 12
2026-06-05 16:25:20,093 ['True', '']
2026-06-05 16:25:20,093 13
2026-06-05 16:25:21,734 ['True', '']
2026-06-05 16:25:21,734 14
2026-06-05 16:25:23,413 ['True', '']
2026-06-05 16:25:23,413 58
2026-06-05 16:25:24,995 ['True', '']
2026-06-05 16:25:24,995 articletxt/1358.txt
2026-06-05 16:25:25,019 TITLE: Assess a new strategy and develop a new mixer to improve anaerobic microbial activities and clean biogas production
2026-06-05 16:25:25,019 1
2026-06-05 16:25:29,769 ['true', '']
2026-06-05 16:25:29,769 2
2026-06-05 16:25:31,342 ['True', '']
2026-06-05 16:25:31,342 3
2026-06-05 16:25:32,876 ['True', '']
2026-06-05 16:25:32,876 4
2026-06-05 16:25:34,436 ['True', '']
2026-06-05 16:25:34,436 5
2026-06-05 16:25:35,973 ['True', '']
2026-06-05 16:25:35,974 6
2026-06-05 16:25:37,509 ['False', '']
2026-06-05 16:25:37,509 7
2026-06-05 16:25:39,075 ['True', '']
2026-06-05 16:25:39,075 8
2026-06-05 16:25:40,608 ['True', '']
2026-06-05 16:25:40,608 9
2026-06-05 16:25:42,171 ['True', '']
2026-06-05 16:25:42,171 10
2026-06-05 16:25:43,779 ['True', '']
2026-06-05 16:25:43,779 11
2026-06-05 16:25:45,393 ['True', '']
2026-06-05 16:25:45,393 12
2026-06-05 16:25:46,903 ['True', '']
2026-06-05 16:25:46,903 13
2026-06-05 16:25:48,460 ['True', '']
2026-06-05 16:25:48,460 14
2026-06-05 16:25:50,019 ['True', '']
2026-06-05 16:25:50,019 58
2026-06-05 16:25:51,613 ['True', '']
2026-06-05 16:25:51,613 articletxt/542.txt
2026-06-05 16:25:51,636 TITLE: Enhancing volatile fatty acid (VFA) and bio-methane production from lawn grass with pretreatment
2026-06-05 16:25:51,637 1
2026-06-05 16:25:55,400 ['True', '']
2026-06-05 16:25:55,400 2
2026-06-05 16:25:56,974 ['True', '']
2026-06-05 16:25:56,974 3
2026-06-05 16:25:58,513 ['True', '']
2026-06-05 16:25:58,513 4
2026-06-05 16:26:00,098 ['false', '']
2026-06-05 16:26:00,099 5
2026-06-05 16:26:01,669 ['True', '']
2026-06-05 16:26:01,669 6
2026-06-05 16:26:03,239 ['True', '']
2026-06-05 16:26:03,240 7
2026-06-05 16:26:04,848 ['True', '']
2026-06-05 16:26:04,848 8
2026-06-05 16:26:06,403 ['True', '']
2026-06-05 16:26:06,403 9
2026-06-05 16:26:08,047 ['True', '']
2026-06-05 16:26:08,048 10
2026-06-05 16:26:09,628 ['True', '']
2026-06-05 16:26:09,628 11
2026-06-05 16:26:11,260 ['True', '']
2026-06-05 16:26:11,261 12
2026-06-05 16:26:12,800 ['True', '']
2026-06-05 16:26:12,800 13
2026-06-05 16:26:14,402 ['True', '']
2026-06-05 16:26:14,402 14
2026-06-05 16:26:16,048 ['True', '']
2026-06-05 16:26:16,048 58
2026-06-05 16:26:17,632 ['True', '']
2026-06-05 16:26:17,633 articletxt/768.txt
2026-06-05 16:26:17,657 TITLE: Examining the mechanisms of short-term solubilization of ground food waste for high-rate anaerobic digestion
2026-06-05 16:26:17,657 1
2026-06-05 16:26:21,460 ['True', '']
2026-06-05 16:26:21,460 2
2026-06-05 16:26:22,128 ['True', '']
2026-06-05 16:26:22,128 3
2026-06-05 16:26:22,792 ['True', '']
2026-06-05 16:26:22,793 4
2026-06-05 16:26:23,533 ['True', '']
2026-06-05 16:26:23,533 5
2026-06-05 16:26:24,186 ['True', '']
2026-06-05 16:26:24,186 6
2026-06-05 16:26:24,804 ['True', '']
2026-06-05 16:26:24,804 7
2026-06-05 16:26:25,494 ['True', '']
2026-06-05 16:26:25,494 8
2026-06-05 16:26:26,139 ['True', '']
2026-06-05 16:26:26,139 9
2026-06-05 16:26:26,829 ['false', '']
2026-06-05 16:26:26,829 10
2026-06-05 16:26:27,497 ['True', '']
2026-06-05 16:26:27,497 11
2026-06-05 16:26:28,190 ['true', '']
2026-06-05 16:26:28,190 12
2026-06-05 16:26:28,800 ['True', '']
2026-06-05 16:26:28,800 13
2026-06-05 16:26:29,490 ['True', '']
2026-06-05 16:26:29,490 14
2026-06-05 16:26:30,210 ['True', '']
2026-06-05 16:26:30,210 58
2026-06-05 16:26:30,884 ['True', '']
2026-06-05 16:26:30,884 articletxt/1569.txt
2026-06-05 16:26:30,907 TITLE: Enhancement of anaerobic digestion efficiency of wastewater sludge and olive waste: Synergistic effect of co-digestion and ultrasonic/microwave sludge pre-treatment
2026-06-05 16:26:30,908 1
2026-06-05 16:26:34,749 ['True', '']
2026-06-05 16:26:34,749 2
2026-06-05 16:26:35,387 ['True', '']
2026-06-05 16:26:35,387 3
2026-06-05 16:26:35,987 ['False', '']
2026-06-05 16:26:35,987 4
2026-06-05 16:26:36,597 ['True', '']
2026-06-05 16:26:36,597 5
2026-06-05 16:26:37,232 ['True', '']
2026-06-05 16:26:37,232 6
2026-06-05 16:26:37,873 ['True', '']
2026-06-05 16:26:37,873 7
2026-06-05 16:26:38,512 ['True', '']
2026-06-05 16:26:38,512 8
2026-06-05 16:26:39,108 ['false', '']
2026-06-05 16:26:39,108 9
2026-06-05 16:26:39,782 ['false', '']
2026-06-05 16:26:39,783 10
2026-06-05 16:26:40,545 ['True', '']
2026-06-05 16:26:40,545 11
2026-06-05 16:26:41,204 ['false', '']
2026-06-05 16:26:41,204 12
2026-06-05 16:26:41,870 ['True', '']
2026-06-05 16:26:41,870 13
2026-06-05 16:26:42,516 ['false', '']
2026-06-05 16:26:42,517 14
2026-06-05 16:26:43,207 ['True', '']
2026-06-05 16:26:43,207 58
2026-06-05 16:26:43,861 ['True', '']
2026-06-05 16:26:43,861 articletxt/526.txt
2026-06-05 16:26:43,884 TITLE: Increased solubilization of excess sludge does not always result in enhanced anaerobic digestion efficiency
2026-06-05 16:26:43,885 1
2026-06-05 16:26:46,142 ['false', '']
2026-06-05 16:26:46,143 2
2026-06-05 16:26:47,246 ['True', '']
2026-06-05 16:26:47,247 3
2026-06-05 16:26:48,324 ['False', '']
2026-06-05 16:26:48,324 4
2026-06-05 16:26:49,411 ['True', '']
2026-06-05 16:26:49,412 5
2026-06-05 16:26:50,490 ['True', '']
2026-06-05 16:26:50,490 6
2026-06-05 16:26:51,556 ['False', '']
2026-06-05 16:26:51,556 7
2026-06-05 16:26:52,662 ['True', '']
2026-06-05 16:26:52,662 8
2026-06-05 16:26:53,750 ['True', '']
2026-06-05 16:26:53,750 9
2026-06-05 16:26:54,882 ['true', '']
2026-06-05 16:26:54,882 10
2026-06-05 16:26:55,982 ['True', '']
2026-06-05 16:26:55,982 11
2026-06-05 16:26:57,052 ['False', '']
2026-06-05 16:26:57,053 12
2026-06-05 16:26:58,126 ['True', '']
2026-06-05 16:26:58,126 13
2026-06-05 16:26:59,185 ['True', '']
2026-06-05 16:26:59,185 14
2026-06-05 16:27:00,295 ['True', '']
2026-06-05 16:27:00,295 58
2026-06-05 16:27:01,371 ['True', '']
2026-06-05 16:27:01,372 articletxt/106.txt
2026-06-05 16:27:01,396 TITLE: Pretreatment of sugarcane bagasse with dilute citric acid and enzymatic hydrolysis: Use of black liquor and solid fraction for biogas production
2026-06-05 16:27:01,396 1
2026-06-05 16:27:07,330 ['True', '']
2026-06-05 16:27:07,330 2
2026-06-05 16:27:08,967 ['True', '']
2026-06-05 16:27:08,967 3
2026-06-05 16:27:10,566 ['True', '']
2026-06-05 16:27:10,566 4
2026-06-05 16:27:12,168 ['True', '']
2026-06-05 16:27:12,168 5
2026-06-05 16:27:13,745 ['True', '']
2026-06-05 16:27:13,745 6
2026-06-05 16:27:15,403 ['True', '']
2026-06-05 16:27:15,403 7
2026-06-05 16:27:17,086 ['False', '']
2026-06-05 16:27:17,086 8
2026-06-05 16:27:18,699 ['True', '']
2026-06-05 16:27:18,699 9
2026-06-05 16:27:20,347 ['True', '']
2026-06-05 16:27:20,348 10
2026-06-05 16:27:22,016 ['True', '']
2026-06-05 16:27:22,016 11
2026-06-05 16:27:23,632 ['True', '']
2026-06-05 16:27:23,632 12
2026-06-05 16:27:25,288 ['True', '']
2026-06-05 16:27:25,288 13
2026-06-05 16:27:26,879 ['True', '']
2026-06-05 16:27:26,880 14
2026-06-05 16:27:28,567 ['True', '']
2026-06-05 16:27:28,567 58
2026-06-05 16:27:30,155 ['True', '']
2026-06-05 16:27:30,155 articletxt/588.txt
2026-06-05 16:27:30,179 TITLE: Assessment of pretreatment and digestion temperature on anaerobic digestion of whiskey byproducts and microbial taxonomy
2026-06-05 16:27:30,179 1
2026-06-05 16:27:36,493 ['true', '']
2026-06-05 16:27:36,493 2
2026-06-05 16:27:37,293 ['True', '']
2026-06-05 16:27:37,293 3
2026-06-05 16:27:38,081 ['True', '']
2026-06-05 16:27:38,081 4
2026-06-05 16:27:39,040 ['True', '']
2026-06-05 16:27:39,040 5
2026-06-05 16:27:39,875 ['True', '']
2026-06-05 16:27:39,875 6
2026-06-05 16:27:40,723 ['True', '']
2026-06-05 16:27:40,723 7
2026-06-05 16:27:41,562 ['False', '']
2026-06-05 16:27:41,562 8
2026-06-05 16:27:42,356 ['True', '']
2026-06-05 16:27:42,356 9
2026-06-05 16:27:43,285 ['TRUE', '']
2026-06-05 16:27:43,285 10
2026-06-05 16:27:44,129 ['True', '']
2026-06-05 16:27:44,149 11
2026-06-05 16:27:45,007 ['false', '']
2026-06-05 16:27:45,007 12
2026-06-05 16:27:45,866 ['True', '']
2026-06-05 16:27:45,866 13
2026-06-05 16:27:46,652 ['True', '']
2026-06-05 16:27:46,652 14
2026-06-05 16:27:47,574 ['True', '']
2026-06-05 16:27:47,574 58
2026-06-05 16:27:48,451 ['True', '']
2026-06-05 16:27:48,451 articletxt/333.txt
2026-06-05 16:27:48,475 TITLE: Chemical pretreatment of lignocellulosic agroindustrial waste for methane production
2026-06-05 16:27:48,475 1
2026-06-05 16:27:56,076 ['True', '']
2026-06-05 16:27:56,076 2
2026-06-05 16:27:57,048 ['True', '']
2026-06-05 16:27:57,048 3
2026-06-05 16:27:57,990 ['True', '']
2026-06-05 16:27:57,990 4
2026-06-05 16:27:58,933 ['True', '']
2026-06-05 16:27:58,933 5
2026-06-05 16:27:59,889 ['True', '']
2026-06-05 16:27:59,889 6
2026-06-05 16:28:00,898 ['False', '']
2026-06-05 16:28:00,899 7
2026-06-05 16:28:01,891 ['False', '']
2026-06-05 16:28:01,891 8
2026-06-05 16:28:02,829 ['False', '']
2026-06-05 16:28:02,829 9
2026-06-05 16:28:03,822 ['TRUE', '']
2026-06-05 16:28:03,823 10
2026-06-05 16:28:04,768 ['True', '']
2026-06-05 16:28:04,768 11
2026-06-05 16:28:05,769 ['false', '']
2026-06-05 16:28:05,769 12
2026-06-05 16:28:06,713 ['True', '']
2026-06-05 16:28:06,713 13
2026-06-05 16:28:07,724 ['True', '']
2026-06-05 16:28:07,724 14
2026-06-05 16:28:08,739 ['True', '']
2026-06-05 16:28:08,739 58
2026-06-05 16:28:09,677 ['True', '']
2026-06-05 16:28:09,678 articletxt/652.txt
2026-06-05 16:28:09,701 TITLE: Enhanced solid-state anaerobic digestion of corn stover by alkaline pretreatment
2026-06-05 16:28:09,701 1
2026-06-05 16:28:12,952 ['false', '']
2026-06-05 16:28:12,952 2
2026-06-05 16:28:14,103 ['True', '']
2026-06-05 16:28:14,103 3
2026-06-05 16:28:15,271 ['False', '']
2026-06-05 16:28:15,271 4
2026-06-05 16:28:16,466 ['True', '']
2026-06-05 16:28:16,466 5
2026-06-05 16:28:17,569 ['True', '']
2026-06-05 16:28:17,569 6
2026-06-05 16:28:18,655 ['False', '']
2026-06-05 16:28:18,655 7
2026-06-05 16:28:19,840 ['True', '']
2026-06-05 16:28:19,841 8
2026-06-05 16:28:20,971 ['false', '']
2026-06-05 16:28:20,971 9
2026-06-05 16:28:22,140 ['True', '']
2026-06-05 16:28:22,140 10
2026-06-05 16:28:23,277 ['True', '']
2026-06-05 16:28:23,277 11
2026-06-05 16:28:24,440 ['false', '']
2026-06-05 16:28:24,440 12
2026-06-05 16:28:25,523 ['True', '']
2026-06-05 16:28:25,523 13
2026-06-05 16:28:26,648 ['True', '']
2026-06-05 16:28:26,649 14
2026-06-05 16:28:27,813 ['True', '']
2026-06-05 16:28:27,813 58
2026-06-05 16:28:28,998 ['True', '']
2026-06-05 16:28:28,999 articletxt/1515.txt
2026-06-05 16:28:29,023 TITLE: Effect of pretreatments on cellulosic composition and morphology of pine needle for possible utilization as substrate for anaerobic digestion
2026-06-05 16:28:29,023 1
2026-06-05 16:28:33,504 ['True', '']
2026-06-05 16:28:33,504 2
2026-06-05 16:28:34,854 ['True', '']
2026-06-05 16:28:34,854 3
2026-06-05 16:28:36,124 ['True', '']
2026-06-05 16:28:36,124 4
2026-06-05 16:28:37,417 ['True', '']
2026-06-05 16:28:37,417 5
2026-06-05 16:28:38,739 ['True', '']
2026-06-05 16:28:38,739 6
2026-06-05 16:28:40,070 ['True', '']
2026-06-05 16:28:40,071 7
2026-06-05 16:28:41,394 ['False', '']
2026-06-05 16:28:41,394 8
2026-06-05 16:28:42,718 ['True', '']
2026-06-05 16:28:42,718 9
2026-06-05 16:28:44,063 ['True', '']
2026-06-05 16:28:44,063 10
2026-06-05 16:28:45,380 ['True', '']
2026-06-05 16:28:45,380 11
2026-06-05 16:28:46,693 ['false', '']
2026-06-05 16:28:46,693 12
2026-06-05 16:28:47,932 ['True', '']
2026-06-05 16:28:47,932 13
2026-06-05 16:28:49,257 ['True', '']
2026-06-05 16:28:49,257 14
2026-06-05 16:28:50,617 ['True', '']
2026-06-05 16:28:50,640 58
2026-06-05 16:28:51,940 ['True', '']
2026-06-05 16:28:51,941 articletxt/1556.txt
2026-06-05 16:28:51,943 TITLE: Agave tequilana bagasse for methane production in batch and sequencing batch reactors: Acid catalyst effect, batch optimization and stability of the semi-continuous process
2026-06-05 16:28:51,944 1
2026-06-05 16:28:56,117 ['false', '']
2026-06-05 16:28:56,117 2
2026-06-05 16:28:57,113 ['True', '']
2026-06-05 16:28:57,113 3
2026-06-05 16:28:58,095 ['True', '']
2026-06-05 16:28:58,095 4
2026-06-05 16:28:59,064 ['True', '']
2026-06-05 16:28:59,064 5
2026-06-05 16:28:59,982 ['True', '']
2026-06-05 16:28:59,982 6
2026-06-05 16:29:00,878 ['True', '']
2026-06-05 16:29:00,878 7
2026-06-05 16:29:01,885 ['False', '']
2026-06-05 16:29:01,885 8
2026-06-05 16:29:02,879 ['True', '']
2026-06-05 16:29:02,880 9
2026-06-05 16:29:03,915 ['True', '']
2026-06-05 16:29:03,915 10
2026-06-05 16:29:04,965 ['True', '']
2026-06-05 16:29:04,965 11
2026-06-05 16:29:05,958 ['True', '']
2026-06-05 16:29:05,958 12
2026-06-05 16:29:06,906 ['True', '']
2026-06-05 16:29:06,908 13
2026-06-05 16:29:07,855 ['True', '']
2026-06-05 16:29:07,855 14
2026-06-05 16:29:08,830 ['True', '']
2026-06-05 16:29:08,830 58
2026-06-05 16:29:09,805 ['True', '']
2026-06-05 16:29:09,805 articletxt/409.txt
2026-06-05 16:29:09,829 TITLE: Continuous anaerobic digestion of zucchini stem after pretreatment
2026-06-05 16:29:09,829 1
2026-06-05 16:29:13,737 ['false', '']
2026-06-05 16:29:13,737 2
2026-06-05 16:29:14,502 ['True', '']
2026-06-05 16:29:14,502 3
2026-06-05 16:29:15,211 ['True', '']
2026-06-05 16:29:15,211 4
2026-06-05 16:29:15,962 ['True', '']
2026-06-05 16:29:15,962 5
2026-06-05 16:29:16,737 ['True', '']
2026-06-05 16:29:16,737 6
2026-06-05 16:29:17,501 ['False', '']
2026-06-05 16:29:17,501 7
2026-06-05 16:29:18,279 ['True', '']
2026-06-05 16:29:18,279 8
2026-06-05 16:29:19,059 ['True', '']
2026-06-05 16:29:19,059 9
2026-06-05 16:29:19,865 ['true', '']
2026-06-05 16:29:19,865 10
2026-06-05 16:29:20,599 ['True', '']
2026-06-05 16:29:20,600 11
2026-06-05 16:29:21,396 ['False', '']
2026-06-05 16:29:21,397 12
2026-06-05 16:29:22,166 ['True', '']
2026-06-05 16:29:22,166 13
2026-06-05 16:29:22,942 ['True', '']
2026-06-05 16:29:22,942 14
2026-06-05 16:29:23,766 ['True', '']
2026-06-05 16:29:23,767 58
2026-06-05 16:29:24,535 ['True', '']
2026-06-05 16:29:24,536 articletxt/815.txt
2026-06-05 16:29:24,537 TITLE: Understanding the role of mechanical pretreatment before anaerobic digestion: Lab-scale investigations
2026-06-05 16:29:24,537 1
2026-06-05 16:29:28,942 ['True', '']
2026-06-05 16:29:28,942 2
2026-06-05 16:29:30,208 ['True', '']
2026-06-05 16:29:30,208 3
2026-06-05 16:29:31,477 ['False', '']
2026-06-05 16:29:31,477 4
2026-06-05 16:29:32,744 ['True', '']
2026-06-05 16:29:32,744 5
2026-06-05 16:29:33,950 ['True', '']
2026-06-05 16:29:33,950 6
2026-06-05 16:29:35,195 ['False', '']
2026-06-05 16:29:35,195 7
2026-06-05 16:29:36,391 ['True', '']
2026-06-05 16:29:36,391 8
2026-06-05 16:29:37,648 ['True', '']
2026-06-05 16:29:37,648 9
2026-06-05 16:29:38,976 ['True', '']
2026-06-05 16:29:38,976 10
2026-06-05 16:29:40,224 ['True', '']
2026-06-05 16:29:40,224 11
2026-06-05 16:29:41,498 ['True', '']
2026-06-05 16:29:41,498 12
2026-06-05 16:29:42,674 ['True', '']
2026-06-05 16:29:42,674 13
2026-06-05 16:29:43,893 ['True', '']
2026-06-05 16:29:43,893 14
2026-06-05 16:29:45,200 ['True', '']
2026-06-05 16:29:45,200 58
2026-06-05 16:29:46,407 ['True', '']
2026-06-05 16:29:46,407 articletxt/833.txt
2026-06-05 16:29:46,430 TITLE: Enhanced mesophilic anaerobic digestion of food waste by thermal pretreatment: Substrate versus digestate heating
2026-06-05 16:29:46,431 1
2026-06-05 16:29:49,831 ['true', '']
2026-06-05 16:29:49,831 2
2026-06-05 16:29:51,160 ['False', '']
2026-06-05 16:29:51,160 3
2026-06-05 16:29:52,407 ['True', '']
2026-06-05 16:29:52,407 4
2026-06-05 16:29:53,736 ['True', '']
2026-06-05 16:29:53,736 5
2026-06-05 16:29:55,078 ['True', '']
2026-06-05 16:29:55,078 6
2026-06-05 16:29:56,385 ['True', '']
2026-06-05 16:29:56,386 7
2026-06-05 16:29:57,726 ['True', '']
2026-06-05 16:29:57,726 8
2026-06-05 16:29:59,019 ['True', '']
2026-06-05 16:29:59,020 9
2026-06-05 16:30:00,381 ['TRUE', '']
2026-06-05 16:30:00,381 10
2026-06-05 16:30:01,774 ['True', '']
2026-06-05 16:30:01,775 11
2026-06-05 16:30:03,076 ['True', '']
2026-06-05 16:30:03,076 12
2026-06-05 16:30:04,355 ['True', '']
2026-06-05 16:30:04,355 13
2026-06-05 16:30:05,619 ['True', '']
2026-06-05 16:30:05,619 14
2026-06-05 16:30:06,998 ['True', '']
2026-06-05 16:30:06,998 58
2026-06-05 16:30:08,290 ['True', '']
2026-06-05 16:30:08,291 articletxt/1424.txt
2026-06-05 16:30:08,293 TITLE: Fractionation of sugarcane bagasse using hydrothermal and advanced oxidative pretreatments for bioethanol and biogas production in lignocellulose biorefineries
2026-06-05 16:30:08,293 1
2026-06-05 16:30:17,678 ['false', '']
2026-06-05 16:30:17,679 2
2026-06-05 16:30:19,139 ['True', '']
2026-06-05 16:30:19,139 3
2026-06-05 16:30:20,614 ['True', '']
2026-06-05 16:30:20,614 4
2026-06-05 16:30:22,053 ['True', '']
2026-06-05 16:30:22,053 5
2026-06-05 16:30:23,516 ['True', '']
2026-06-05 16:30:23,516 6
2026-06-05 16:30:24,999 ['False', '']
2026-06-05 16:30:24,999 7
2026-06-05 16:30:26,534 ['True', '']
2026-06-05 16:30:26,535 8
2026-06-05 16:30:28,044 ['False', '']
2026-06-05 16:30:28,044 9
2026-06-05 16:30:29,650 ['True', '']
2026-06-05 16:30:29,651 10
2026-06-05 16:30:31,175 ['True', '']
2026-06-05 16:30:31,175 11
2026-06-05 16:30:32,717 ['True', '']
2026-06-05 16:30:32,717 12
2026-06-05 16:30:34,247 ['True', '']
2026-06-05 16:30:34,247 13
2026-06-05 16:30:35,751 ['True', '']
2026-06-05 16:30:35,751 14
2026-06-05 16:30:37,249 ['True', '']
2026-06-05 16:30:37,249 58
2026-06-05 16:30:38,689 ['True', '']
2026-06-05 16:30:38,689 articletxt/1132.txt
2026-06-05 16:30:38,712 TITLE: Improving biogas production from different parts of spruce tree using leading pretreatments
2026-06-05 16:30:38,713 1
2026-06-05 16:30:43,930 ['false', '']
2026-06-05 16:30:43,930 2
2026-06-05 16:30:44,898 ['True', '']
2026-06-05 16:30:44,899 3
2026-06-05 16:30:45,790 ['False', '']
2026-06-05 16:30:45,790 4
2026-06-05 16:30:46,760 ['True', '']
2026-06-05 16:30:46,760 5
2026-06-05 16:30:47,678 ['True', '']
2026-06-05 16:30:47,678 6
2026-06-05 16:30:48,631 ['True', '']
2026-06-05 16:30:48,631 7
2026-06-05 16:30:49,547 ['False', '']
2026-06-05 16:30:49,548 8
2026-06-05 16:30:50,519 ['True', '']
2026-06-05 16:30:50,519 9
2026-06-05 16:30:51,491 ['false', '']
2026-06-05 16:30:51,491 10
2026-06-05 16:30:52,425 ['True', '']
2026-06-05 16:30:52,425 11
2026-06-05 16:30:53,347 ['True', '']
2026-06-05 16:30:53,347 12
2026-06-05 16:30:54,239 ['True', '']
2026-06-05 16:30:54,239 13
2026-06-05 16:30:55,231 ['True', '']
2026-06-05 16:30:55,231 14
2026-06-05 16:30:56,177 ['True', '']
2026-06-05 16:30:56,177 58
2026-06-05 16:30:57,101 ['True', '']
2026-06-05 16:30:57,102 articletxt/837.txt
2026-06-05 16:30:57,104 TITLE: Kinetics of thermophilic batch anaerobic digestion of thermal hydrolysed waste activated sludge
2026-06-05 16:30:57,104 1
2026-06-05 16:31:00,645 ['true', '']
2026-06-05 16:31:00,645 2
2026-06-05 16:31:02,052 ['False', '']
2026-06-05 16:31:02,052 3
2026-06-05 16:31:03,447 ['True', '']
2026-06-05 16:31:03,447 4
2026-06-05 16:31:04,906 ['True', '']
2026-06-05 16:31:04,906 5
2026-06-05 16:31:06,322 ['False', '']
2026-06-05 16:31:06,322 6
2026-06-05 16:31:07,732 ['True', '']
2026-06-05 16:31:07,732 7
2026-06-05 16:31:09,109 ['True', '']
2026-06-05 16:31:09,109 8
2026-06-05 16:31:10,572 ['false', '']
2026-06-05 16:31:10,572 9
2026-06-05 16:31:11,995 ['false', '']
2026-06-05 16:31:11,995 10
2026-06-05 16:31:13,456 ['True', '']
2026-06-05 16:31:13,457 11
2026-06-05 16:31:14,847 ['True', '']
2026-06-05 16:31:14,847 12
2026-06-05 16:31:16,214 ['True', '']
2026-06-05 16:31:16,214 13
2026-06-05 16:31:17,565 ['True', '']
2026-06-05 16:31:17,566 14
2026-06-05 16:31:19,047 ['True', '']
2026-06-05 16:31:19,047 58
2026-06-05 16:31:20,506 ['True', '']
2026-06-05 16:31:20,506 articletxt/1463.txt
2026-06-05 16:31:20,509 TITLE: Combined treatment of alkaline and disperser for improving solubilization and anaerobic biodegradability of dairy waste activated sludge
2026-06-05 16:31:20,509 1
2026-06-05 16:31:25,686 ['True', '']
2026-06-05 16:31:25,686 2
2026-06-05 16:31:26,621 ['True', '']
2026-06-05 16:31:26,621 3
2026-06-05 16:31:27,636 ['True', '']
2026-06-05 16:31:27,636 4
2026-06-05 16:31:28,597 ['True', '']
2026-06-05 16:31:28,597 5
2026-06-05 16:31:29,520 ['True', '']
2026-06-05 16:31:29,520 6
2026-06-05 16:31:30,415 ['False', '']
2026-06-05 16:31:30,415 7
2026-06-05 16:31:31,323 ['True', '']
2026-06-05 16:31:31,323 8
2026-06-05 16:31:32,253 ['True', '']
2026-06-05 16:31:32,253 9
2026-06-05 16:31:33,230 ['false', '']
2026-06-05 16:31:33,231 10
2026-06-05 16:31:34,172 ['True', '']
2026-06-05 16:31:34,172 11
2026-06-05 16:31:35,194 ['false', '']
2026-06-05 16:31:35,194 12
2026-06-05 16:31:36,053 ['True', '']
2026-06-05 16:31:36,053 13
2026-06-05 16:31:36,997 ['True', '']
2026-06-05 16:31:36,998 14
2026-06-05 16:31:37,994 ['True', '']
2026-06-05 16:31:37,994 58
2026-06-05 16:31:38,935 ['True', '']
2026-06-05 16:31:38,936 articletxt/1619.txt
2026-06-05 16:31:38,979 TITLE: TiO2 - chitosan thin film induced solar photocatalytic deflocculation of sludge for profitable bacterial pretreatment and biofuel production
2026-06-05 16:31:38,979 1
2026-06-05 16:31:43,977 ['true', '']
2026-06-05 16:31:43,978 2
2026-06-05 16:31:44,679 ['True', '']
2026-06-05 16:31:44,679 3
2026-06-05 16:31:45,358 ['True', '']
2026-06-05 16:31:45,358 4
2026-06-05 16:31:46,088 ['True', '']
2026-06-05 16:31:46,088 5
2026-06-05 16:31:46,789 ['True', '']
2026-06-05 16:31:46,789 6
2026-06-05 16:31:47,485 ['True', '']
2026-06-05 16:31:47,485 7
2026-06-05 16:31:48,225 ['True', '']
2026-06-05 16:31:48,225 8
2026-06-05 16:31:49,001 ['False', '']
2026-06-05 16:31:49,024 9
2026-06-05 16:31:49,811 ['True', '']
2026-06-05 16:31:49,812 10
2026-06-05 16:31:50,547 ['True', '']
2026-06-05 16:31:50,547 11
2026-06-05 16:31:51,314 ['True', '']
2026-06-05 16:31:51,315 12
2026-06-05 16:31:52,015 ['True', '']
2026-06-05 16:31:52,015 13
2026-06-05 16:31:52,738 ['True', '']
2026-06-05 16:31:52,738 14
2026-06-05 16:31:53,512 ['True', '']
2026-06-05 16:31:53,512 58
2026-06-05 16:31:54,327 ['True', '']
2026-06-05 16:31:54,349 articletxt/485.txt
2026-06-05 16:31:54,351 TITLE: Mechanical pretreatments of different agri-based feedstock in full-scale biogas plants under real operational conditions
2026-06-05 16:31:54,351 1
2026-06-05 16:31:59,290 ['True', '']
2026-06-05 16:31:59,291 2
2026-06-05 16:31:59,981 ['True', '']
2026-06-05 16:31:59,981 3
2026-06-05 16:32:00,592 ['True', '']
2026-06-05 16:32:00,592 4
2026-06-05 16:32:01,252 ['True', '']
2026-06-05 16:32:01,253 5
2026-06-05 16:32:01,871 ['True', '']
2026-06-05 16:32:01,872 6
2026-06-05 16:32:02,505 ['False', '']
2026-06-05 16:32:02,505 7
2026-06-05 16:32:03,153 ['True', '']
2026-06-05 16:32:03,153 8
2026-06-05 16:32:03,856 ['True', '']
2026-06-05 16:32:03,856 9
2026-06-05 16:32:04,496 ['false', '']
2026-06-05 16:32:04,496 10
2026-06-05 16:32:05,114 ['True', '']
2026-06-05 16:32:05,114 11
2026-06-05 16:32:05,803 ['false', '']
2026-06-05 16:32:05,803 12
2026-06-05 16:32:06,423 ['True', '']
2026-06-05 16:32:06,424 13
2026-06-05 16:32:07,043 ['True', '']
2026-06-05 16:32:07,043 14
2026-06-05 16:32:07,773 ['True', '']
2026-06-05 16:32:07,773 58
2026-06-05 16:32:08,420 ['True', '']
2026-06-05 16:32:08,421 articletxt/52.txt
2026-06-05 16:32:08,445 TITLE: Integration of subcritical water pretreatment and anaerobic digestion technologies for valorization of açai processing industries residues
2026-06-05 16:32:08,445 1
2026-06-05 16:32:15,027 ['True', '']
2026-06-05 16:32:15,027 2
2026-06-05 16:32:16,176 ['False', '']
2026-06-05 16:32:16,176 3
2026-06-05 16:32:17,365 ['True', '']
2026-06-05 16:32:17,365 4
2026-06-05 16:32:18,601 ['True', '']
2026-06-05 16:32:18,601 5
2026-06-05 16:32:19,677 ['True', '']
2026-06-05 16:32:19,677 6
2026-06-05 16:32:20,766 ['True', '']
2026-06-05 16:32:20,766 7
2026-06-05 16:32:21,874 ['True', '']
2026-06-05 16:32:21,897 8
2026-06-05 16:32:23,073 ['True', '']
2026-06-05 16:32:23,073 9
2026-06-05 16:32:24,229 ['true', '']
2026-06-05 16:32:24,229 10
2026-06-05 16:32:25,340 ['True', '']
2026-06-05 16:32:25,340 11
2026-06-05 16:32:26,546 ['false', '']
2026-06-05 16:32:26,546 12
2026-06-05 16:32:27,687 ['True', '']
2026-06-05 16:32:27,687 13
2026-06-05 16:32:28,795 ['True', '']
2026-06-05 16:32:28,795 14
2026-06-05 16:32:30,012 ['True', '']
2026-06-05 16:32:30,013 58
2026-06-05 16:32:31,140 ['True', '']
2026-06-05 16:32:31,140 articletxt/1115.txt
2026-06-05 16:32:31,164 TITLE: Synergistic pretreatment of waste activated sludge using CaO2 in combination with microwave irradiation to enhance methane production during anaerobic digestion
2026-06-05 16:32:31,164 1
2026-06-05 16:32:37,675 ['false', '']
2026-06-05 16:32:37,675 2
2026-06-05 16:32:38,776 ['True', '']
2026-06-05 16:32:38,776 3
2026-06-05 16:32:39,867 ['True', '']
2026-06-05 16:32:39,868 4
2026-06-05 16:32:40,978 ['True', '']
2026-06-05 16:32:40,978 5
2026-06-05 16:32:42,029 ['False', '']
2026-06-05 16:32:42,029 6
2026-06-05 16:32:43,088 ['False', '']
2026-06-05 16:32:43,090 7
2026-06-05 16:32:44,203 ['True', '']
2026-06-05 16:32:44,203 8
2026-06-05 16:32:45,307 ['False', '']
2026-06-05 16:32:45,307 9
2026-06-05 16:32:46,435 ['True', '']
2026-06-05 16:32:46,435 10
2026-06-05 16:32:47,458 ['False', '']
2026-06-05 16:32:47,458 11
2026-06-05 16:32:48,583 ['True', '']
2026-06-05 16:32:48,606 12
2026-06-05 16:32:49,717 ['True', '']
2026-06-05 16:32:49,717 13
2026-06-05 16:32:50,810 ['True', '']
2026-06-05 16:32:50,811 14
2026-06-05 16:32:51,912 ['True', '']
2026-06-05 16:32:51,912 58
2026-06-05 16:32:53,076 ['True', '']
2026-06-05 16:32:53,076 articletxt/1062.txt
2026-06-05 16:32:53,100 TITLE: Zero-valent iron enhanced methanogenic activity in anaerobic digestion of waste activated sludge after heat and alkali pretreatment
2026-06-05 16:32:53,100 1
2026-06-05 16:32:56,308 ['true', '']
2026-06-05 16:32:56,308 2
2026-06-05 16:32:57,404 ['True', '']
2026-06-05 16:32:57,404 3
2026-06-05 16:32:58,493 ['True', '']
2026-06-05 16:32:58,493 4
2026-06-05 16:32:59,606 ['false', '']
2026-06-05 16:32:59,606 5
2026-06-05 16:33:00,721 ['True', '']
2026-06-05 16:33:00,721 6
2026-06-05 16:33:01,842 ['True', '']
2026-06-05 16:33:01,843 7
2026-06-05 16:33:02,952 ['True', '']
2026-06-05 16:33:02,952 8
2026-06-05 16:33:04,042 ['false', '']
2026-06-05 16:33:04,042 9
2026-06-05 16:33:05,185 ['False', '']
2026-06-05 16:33:05,185 10
2026-06-05 16:33:06,262 ['True', '']
2026-06-05 16:33:06,262 11
2026-06-05 16:33:07,367 ['False', '']
2026-06-05 16:33:07,368 12
2026-06-05 16:33:08,433 ['True', '']
2026-06-05 16:33:08,433 13
2026-06-05 16:33:09,544 ['false', '']
2026-06-05 16:33:09,545 14
2026-06-05 16:33:10,659 ['True', '']
2026-06-05 16:33:10,659 58
2026-06-05 16:33:11,760 ['True', '']
2026-06-05 16:33:11,760 end
2026-06-05 16:33:11,760 1093: total time in seconds
2026-06-05 16:33:11,761 0.3036673267682393: total time in hours
