2026-06-05 17:12:04,865 start
2026-06-05 17:12:04,865 articletxt/16.txt
2026-06-05 17:12:04,866 TITLE: Mechanical pretreatment effects on macroalgae-derived biogas production in co-digestion with sludge in Ireland
2026-06-05 17:12:04,866 1
2026-06-05 17:12:20,192 ['True\n', '']
2026-06-05 17:12:20,192 2
2026-06-05 17:12:24,512 ['False\n', '']
2026-06-05 17:12:24,513 3
2026-06-05 17:12:28,862 ['False\n', '']
2026-06-05 17:12:28,862 4
2026-06-05 17:12:33,223 ['False\n', '']
2026-06-05 17:12:33,223 5
2026-06-05 17:12:37,614 ['False\n', '']
2026-06-05 17:12:37,614 6
2026-06-05 17:12:41,994 ['False\n', '']
2026-06-05 17:12:41,994 7
2026-06-05 17:12:46,334 ['False\n', '']
2026-06-05 17:12:46,334 8
2026-06-05 17:12:50,687 ['False\n', '']
2026-06-05 17:12:50,687 9
2026-06-05 17:12:55,220 ['False\n', '']
2026-06-05 17:12:55,220 10
2026-06-05 17:12:59,597 ['False\n', '']
2026-06-05 17:12:59,597 11
2026-06-05 17:13:04,008 ['False\n', '']
2026-06-05 17:13:04,008 12
2026-06-05 17:13:08,391 ['False\n', '']
2026-06-05 17:13:08,391 13
2026-06-05 17:13:12,791 ['False\n', '']
2026-06-05 17:13:12,792 14
2026-06-05 17:13:17,230 ['False\n', '']
2026-06-05 17:13:17,230 58
2026-06-05 17:13:21,570 ['False\n', '']
2026-06-05 17:13:21,571 articletxt/752.txt
2026-06-05 17:13:21,571 TITLE: Accelerated biomethane production from lignocellulosic biomass: Pretreated by mixed enzymes secreted by Trichoderma viride and Aspergillus sp.
2026-06-05 17:13:21,571 1
2026-06-05 17:13:30,019 ['True\n', '']
2026-06-05 17:13:30,020 2
2026-06-05 17:13:38,356 ['False\n', '']
2026-06-05 17:13:38,356 3
2026-06-05 17:13:46,646 ['False\n', '']
2026-06-05 17:13:46,646 4
2026-06-05 17:13:54,983 ['False\n', '']
2026-06-05 17:13:54,983 5
2026-06-05 17:14:03,278 ['False\n', '']
2026-06-05 17:14:03,278 6
2026-06-05 17:14:11,648 ['False\n', '']
2026-06-05 17:14:11,648 7
2026-06-05 17:14:20,038 ['False\n', '']
2026-06-05 17:14:20,038 8
2026-06-05 17:14:28,418 ['False\n', '']
2026-06-05 17:14:28,418 9
2026-06-05 17:14:36,815 ['False\n', '']
2026-06-05 17:14:36,815 10
2026-06-05 17:14:45,239 ['False\n', '']
2026-06-05 17:14:45,239 11
2026-06-05 17:14:53,626 ['True\n', '']
2026-06-05 17:14:53,626 12
2026-06-05 17:15:02,017 ['False\n', '']
2026-06-05 17:15:02,017 13
2026-06-05 17:15:10,378 ['False\n', '']
2026-06-05 17:15:10,378 14
2026-06-05 17:15:18,854 ['False\n', '']
2026-06-05 17:15:18,854 58
2026-06-05 17:15:27,230 ['False\n', '']
2026-06-05 17:15:27,230 articletxt/1798.txt
2026-06-05 17:15:27,230 TITLE: Biological pre-hydrolysis and thermal pretreatment applied for anaerobic digestion improvement: Kinetic study and statistical variable selection
2026-06-05 17:15:27,230 1
2026-06-05 17:15:34,383 ['True\n', '']
2026-06-05 17:15:34,383 2
2026-06-05 17:15:41,398 ['True\n', '']
2026-06-05 17:15:41,398 3
2026-06-05 17:15:48,395 ['False\n', '']
2026-06-05 17:15:48,395 4
2026-06-05 17:15:55,509 ['False\n', '']
2026-06-05 17:15:55,509 5
2026-06-05 17:16:02,518 ['False\n', '']
2026-06-05 17:16:02,518 6
2026-06-05 17:16:09,497 ['False\n', '']
2026-06-05 17:16:09,497 7
2026-06-05 17:16:16,525 ['False\n', '']
2026-06-05 17:16:16,525 8
2026-06-05 17:16:23,563 ['False\n', '']
2026-06-05 17:16:23,563 9
2026-06-05 17:16:30,702 ['False\n', '']
2026-06-05 17:16:30,702 10
2026-06-05 17:16:37,726 ['False\n', '']
2026-06-05 17:16:37,726 11
2026-06-05 17:16:44,752 ['False\n', '']
2026-06-05 17:16:44,753 12
2026-06-05 17:16:51,773 ['False\n', '']
2026-06-05 17:16:51,773 13
2026-06-05 17:16:58,744 ['False\n', '']
2026-06-05 17:16:58,744 14
2026-06-05 17:17:05,823 ['False\n', '']
2026-06-05 17:17:05,823 58
2026-06-05 17:17:12,827 ['False\n', '']
2026-06-05 17:17:12,827 articletxt/1608.txt
2026-06-05 17:17:12,827 TITLE: Enhanced digestibility and fermentability of sugarcane bagasse in biofuel production by surfactant-assisted dilute acid pretreatment
2026-06-05 17:17:12,827 1
2026-06-05 17:17:20,137 ['True\n', '']
2026-06-05 17:17:20,137 2
2026-06-05 17:17:27,337 ['True\n', '']
2026-06-05 17:17:27,337 3
2026-06-05 17:17:34,563 ['False\n', '']
2026-06-05 17:17:34,564 4
2026-06-05 17:17:41,883 ['False\n', '']
2026-06-05 17:17:41,884 5
2026-06-05 17:17:49,133 ['False\n', '']
2026-06-05 17:17:49,133 6
2026-06-05 17:17:56,362 ['False\n', '']
2026-06-05 17:17:56,362 7
2026-06-05 17:18:03,633 ['True\n', '']
2026-06-05 17:18:03,633 8
2026-06-05 17:18:10,865 ['False\n', '']
2026-06-05 17:18:10,865 9
2026-06-05 17:18:18,166 ['False\n', '']
2026-06-05 17:18:18,166 10
2026-06-05 17:18:25,394 ['True\n', '']
2026-06-05 17:18:25,394 11
2026-06-05 17:18:32,674 ['False\n', '']
2026-06-05 17:18:32,674 12
2026-06-05 17:18:39,950 ['False\n', '']
2026-06-05 17:18:39,950 13
2026-06-05 17:18:47,214 ['False\n', '']
2026-06-05 17:18:47,214 14
2026-06-05 17:18:54,568 ['False\n', '']
2026-06-05 17:18:54,568 58
2026-06-05 17:19:01,731 ['False\n', '']
2026-06-05 17:19:01,731 articletxt/553.txt
2026-06-05 17:19:01,732 TITLE: Comparison between ensilage and fungal pretreatment for storage of giant reed and subsequent methane production
2026-06-05 17:19:01,732 1
2026-06-05 17:19:08,207 ['True\n', '']
2026-06-05 17:19:08,207 2
2026-06-05 17:19:14,588 ['False\n', '']
2026-06-05 17:19:14,588 3
2026-06-05 17:19:20,996 ['False\n', '']
2026-06-05 17:19:20,997 4
2026-06-05 17:19:27,352 ['False\n', '']
2026-06-05 17:19:27,352 5
2026-06-05 17:19:33,753 ['False\n', '']
2026-06-05 17:19:33,753 6
2026-06-05 17:19:40,158 ['False\n', '']
2026-06-05 17:19:40,158 7
2026-06-05 17:19:46,523 ['False\n', '']
2026-06-05 17:19:46,523 8
2026-06-05 17:19:52,860 ['False\n', '']
2026-06-05 17:19:52,860 9
2026-06-05 17:19:59,281 ['False\n', '']
2026-06-05 17:19:59,281 10
2026-06-05 17:20:05,660 ['False\n', '']
2026-06-05 17:20:05,660 11
2026-06-05 17:20:12,097 ['False\n', '']
2026-06-05 17:20:12,097 12
2026-06-05 17:20:18,443 ['True\n', '']
2026-06-05 17:20:18,466 13
2026-06-05 17:20:24,857 ['False\n', '']
2026-06-05 17:20:24,857 14
2026-06-05 17:20:31,314 ['False\n', '']
2026-06-05 17:20:31,315 58
2026-06-05 17:20:37,644 ['False\n', '']
2026-06-05 17:20:37,645 articletxt/1617.txt
2026-06-05 17:20:37,647 TITLE: Surfactant assisted microwave disintegration of green marine macroalgae for enhanced anaerobic biodegradability and biomethane recovery
2026-06-05 17:20:37,647 1
2026-06-05 17:20:42,974 ['True\n', '']
2026-06-05 17:20:42,974 2
2026-06-05 17:20:48,225 ['True\n', '']
2026-06-05 17:20:48,247 3
2026-06-05 17:20:53,511 ['False\n', '']
2026-06-05 17:20:53,511 4
2026-06-05 17:20:58,814 ['False\n', '']
2026-06-05 17:20:58,837 5
2026-06-05 17:21:04,152 ['True\n', '']
2026-06-05 17:21:04,152 6
2026-06-05 17:21:09,423 ['False\n', '']
2026-06-05 17:21:09,423 7
2026-06-05 17:21:14,709 ['False\n', '']
2026-06-05 17:21:14,709 8
2026-06-05 17:21:20,009 ['False\n', '']
2026-06-05 17:21:20,011 9
2026-06-05 17:21:25,437 ['False\n', '']
2026-06-05 17:21:25,437 10
2026-06-05 17:21:30,741 ['True\n', '']
2026-06-05 17:21:30,741 11
2026-06-05 17:21:36,064 ['False\n', '']
2026-06-05 17:21:36,066 12
2026-06-05 17:21:41,401 ['False\n', '']
2026-06-05 17:21:41,401 13
2026-06-05 17:21:46,755 ['False\n', '']
2026-06-05 17:21:46,778 14
2026-06-05 17:21:52,120 ['False\n', '']
2026-06-05 17:21:52,120 58
2026-06-05 17:21:57,405 ['False\n', '']
2026-06-05 17:21:57,428 articletxt/937.txt
2026-06-05 17:21:57,429 TITLE: Assessment of organosolv, hydrothermal, and combined organosolv and hydrothermal with enzymatic pretreatment to increase the production of biogas from Napier grass and Napier silage
2026-06-05 17:21:57,429 1
2026-06-05 17:22:05,300 ['True\n', '']
2026-06-05 17:22:05,300 2
2026-06-05 17:22:13,105 ['True\n', '']
2026-06-05 17:22:13,106 3
2026-06-05 17:22:20,810 ['False\n', '']
2026-06-05 17:22:20,810 4
2026-06-05 17:22:28,619 ['False\n', '']
2026-06-05 17:22:28,619 5
2026-06-05 17:22:36,373 ['False\n', '']
2026-06-05 17:22:36,373 6
2026-06-05 17:22:44,135 ['True\n', '']
2026-06-05 17:22:44,135 7
2026-06-05 17:22:51,983 ['True\n', '']
2026-06-05 17:22:51,983 8
2026-06-05 17:22:59,830 ['False\n', '']
2026-06-05 17:22:59,830 9
2026-06-05 17:23:07,642 ['False\n', '']
2026-06-05 17:23:07,643 10
2026-06-05 17:23:15,386 ['False\n', '']
2026-06-05 17:23:15,386 11
2026-06-05 17:23:23,208 ['False\n', '']
2026-06-05 17:23:23,208 12
2026-06-05 17:23:30,989 ['False\n', '']
2026-06-05 17:23:30,990 13
2026-06-05 17:23:38,720 ['False\n', '']
2026-06-05 17:23:38,720 14
2026-06-05 17:23:46,549 ['False\n', '']
2026-06-05 17:23:46,549 58
2026-06-05 17:23:54,398 ['False\n', '']
2026-06-05 17:23:54,398 articletxt/328.txt
2026-06-05 17:23:54,400 TITLE: Prerequisite – An electrohydrolysis pretreatment for anaerobic digestion of lignocellulose waste material
2026-06-05 17:23:54,400 1
2026-06-05 17:23:58,725 ['True\n', '']
2026-06-05 17:23:58,725 2
2026-06-05 17:24:02,972 ['False\n', '']
2026-06-05 17:24:02,972 3
2026-06-05 17:24:07,161 ['False\n', '']
2026-06-05 17:24:07,161 4
2026-06-05 17:24:11,412 ['False\n', '']
2026-06-05 17:24:11,412 5
2026-06-05 17:24:15,642 ['True\n', '']
2026-06-05 17:24:15,642 6
2026-06-05 17:24:19,887 ['False\n', '']
2026-06-05 17:24:19,887 7
2026-06-05 17:24:24,147 ['False\n', '']
2026-06-05 17:24:24,147 8
2026-06-05 17:24:28,308 ['False\n', '']
2026-06-05 17:24:28,308 9
2026-06-05 17:24:32,613 ['False\n', '']
2026-06-05 17:24:32,613 10
2026-06-05 17:24:36,870 ['False\n', '']
2026-06-05 17:24:36,870 11
2026-06-05 17:24:41,089 ['False\n', '']
2026-06-05 17:24:41,089 12
2026-06-05 17:24:45,241 ['False\n', '']
2026-06-05 17:24:45,241 13
2026-06-05 17:24:49,530 ['False\n', '']
2026-06-05 17:24:49,530 14
2026-06-05 17:24:53,840 ['False\n', '']
2026-06-05 17:24:53,840 58
2026-06-05 17:24:58,055 ['False\n', '']
2026-06-05 17:24:58,055 articletxt/87.txt
2026-06-05 17:24:58,078 TITLE: Mesophilic aerobic digestion: An efficient and inexpensive biological pretreatment to improve biogas production from highly-recalcitrant pinewood
2026-06-05 17:24:58,078 1
2026-06-05 17:25:04,376 ['True\n', '']
2026-06-05 17:25:04,376 2
2026-06-05 17:25:10,564 ['True\n', '']
2026-06-05 17:25:10,564 3
2026-06-05 17:25:16,672 ['True\n', '']
2026-06-05 17:25:16,672 4
2026-06-05 17:25:22,831 ['False\n', '']
2026-06-05 17:25:22,831 5
2026-06-05 17:25:28,997 ['False\n', '']
2026-06-05 17:25:28,997 6
2026-06-05 17:25:35,156 ['True\n', '']
2026-06-05 17:25:35,156 7
2026-06-05 17:25:41,328 ['False\n', '']
2026-06-05 17:25:41,328 8
2026-06-05 17:25:47,504 ['False\n', '']
2026-06-05 17:25:47,504 9
2026-06-05 17:25:53,728 ['False\n', '']
2026-06-05 17:25:53,729 10
2026-06-05 17:25:59,907 ['False\n', '']
2026-06-05 17:25:59,907 11
2026-06-05 17:26:06,052 ['False\n', '']
2026-06-05 17:26:06,053 12
2026-06-05 17:26:12,199 ['False\n', '']
2026-06-05 17:26:12,199 13
2026-06-05 17:26:18,343 ['False\n', '']
2026-06-05 17:26:18,370 14
2026-06-05 17:26:24,572 ['True\n', '']
2026-06-05 17:26:24,572 58
2026-06-05 17:26:30,705 ['False\n', '']
2026-06-05 17:26:30,705 articletxt/2.txt
2026-06-05 17:26:30,708 TITLE: Effect of hydrothermal pretreatment on Miscanthus anaerobic digestion
2026-06-05 17:26:30,708 1
2026-06-05 17:26:36,075 ['true\n', '']
2026-06-05 17:26:36,097 2
2026-06-05 17:26:41,371 ['True\n', '']
2026-06-05 17:26:41,371 3
2026-06-05 17:26:46,677 ['False\n', '']
2026-06-05 17:26:46,677 4
2026-06-05 17:26:51,951 ['False\n', '']
2026-06-05 17:26:51,951 5
2026-06-05 17:26:57,220 ['False\n', '']
2026-06-05 17:26:57,220 6
2026-06-05 17:27:02,509 ['False\n', '']
2026-06-05 17:27:02,509 7
2026-06-05 17:27:07,824 ['False\n', '']
2026-06-05 17:27:07,824 8
2026-06-05 17:27:13,090 ['False\n', '']
2026-06-05 17:27:13,090 9
2026-06-05 17:27:18,494 ['False\n', '']
2026-06-05 17:27:18,494 10
2026-06-05 17:27:23,806 ['False\n', '']
2026-06-05 17:27:23,829 11
2026-06-05 17:27:29,134 ['False\n', '']
2026-06-05 17:27:29,134 12
2026-06-05 17:27:34,402 ['False\n', '']
2026-06-05 17:27:34,402 13
2026-06-05 17:27:39,759 ['False\n', '']
2026-06-05 17:27:39,759 14
2026-06-05 17:27:45,190 ['False\n', '']
2026-06-05 17:27:45,190 58
2026-06-05 17:27:50,462 ['False\n', '']
2026-06-05 17:27:50,463 articletxt/625.txt
2026-06-05 17:27:50,486 TITLE: Effect of ultrasonic assisted KOH pretreatment on physiochemical characteristic and anaerobic digestion performance of wheat straw
2026-06-05 17:27:50,486 1
2026-06-05 17:27:56,115 ['True\n', '']
2026-06-05 17:27:56,115 2
2026-06-05 17:28:01,567 ['False\n', '']
2026-06-05 17:28:01,590 3
2026-06-05 17:28:07,000 ['True\n', '']
2026-06-05 17:28:07,000 4
2026-06-05 17:28:12,468 ['False\n', '']
2026-06-05 17:28:12,468 5
2026-06-05 17:28:17,904 ['False\n', '']
2026-06-05 17:28:17,904 6
2026-06-05 17:28:23,326 ['True\n', '']
2026-06-05 17:28:23,326 7
2026-06-05 17:28:28,825 ['False\n', '']
2026-06-05 17:28:28,825 8
2026-06-05 17:28:34,332 ['False\n', '']
2026-06-05 17:28:34,332 9
2026-06-05 17:28:39,870 ['False\n', '']
2026-06-05 17:28:39,870 10
2026-06-05 17:28:45,378 ['False\n', '']
2026-06-05 17:28:45,378 11
2026-06-05 17:28:50,852 ['False\n', '']
2026-06-05 17:28:50,852 12
2026-06-05 17:28:56,291 ['False\n', '']
2026-06-05 17:28:56,291 13
2026-06-05 17:29:01,731 ['False\n', '']
2026-06-05 17:29:01,754 14
2026-06-05 17:29:07,299 ['False\n', '']
2026-06-05 17:29:07,299 58
2026-06-05 17:29:12,706 ['False\n', '']
2026-06-05 17:29:12,706 articletxt/189.txt
2026-06-05 17:29:12,730 TITLE: Evaluation of hydrothermal pretreatment for biological treatment of lignocellulosic feedstock (pepper plant and eggplant)
2026-06-05 17:29:12,730 1
2026-06-05 17:29:18,463 ['True\n', '']
2026-06-05 17:29:18,463 2
2026-06-05 17:29:24,054 ['True\n', '']
2026-06-05 17:29:24,054 3
2026-06-05 17:29:29,644 ['False\n', '']
2026-06-05 17:29:29,644 4
2026-06-05 17:29:35,263 ['False\n', '']
2026-06-05 17:29:35,263 5
2026-06-05 17:29:40,893 ['False\n', '']
2026-06-05 17:29:40,916 6
2026-06-05 17:29:46,573 ['False\n', '']
2026-06-05 17:29:46,573 7
2026-06-05 17:29:52,230 ['False\n', '']
2026-06-05 17:29:52,252 8
2026-06-05 17:29:57,914 ['False\n', '']
2026-06-05 17:29:57,914 9
2026-06-05 17:30:03,594 ['False\n', '']
2026-06-05 17:30:03,594 10
2026-06-05 17:30:09,286 ['False\n', '']
2026-06-05 17:30:09,286 11
2026-06-05 17:30:15,075 ['False\n', '']
2026-06-05 17:30:15,075 12
2026-06-05 17:30:20,705 ['False\n', '']
2026-06-05 17:30:20,705 13
2026-06-05 17:30:26,324 ['False\n', '']
2026-06-05 17:30:26,325 14
2026-06-05 17:30:31,994 ['False\n', '']
2026-06-05 17:30:31,994 58
2026-06-05 17:30:37,676 ['False\n', '']
2026-06-05 17:30:37,676 articletxt/1028.txt
2026-06-05 17:30:37,677 TITLE: Effect of inoculum pre-treatment on mesophilic hydrogen and methane production from food waste using two-stage anaerobic digestion
2026-06-05 17:30:37,677 1
2026-06-05 17:30:43,201 ['true\n', '']
2026-06-05 17:30:43,221 2
2026-06-05 17:30:48,605 ['True\n', '']
2026-06-05 17:30:48,605 3
2026-06-05 17:30:53,934 ['False\n', '']
2026-06-05 17:30:53,934 4
2026-06-05 17:30:59,389 ['False\n', '']
2026-06-05 17:30:59,389 5
2026-06-05 17:31:04,700 ['False\n', '']
2026-06-05 17:31:04,723 6
2026-06-05 17:31:10,105 ['True\n', '']
2026-06-05 17:31:10,105 7
2026-06-05 17:31:15,541 ['False\n', '']
2026-06-05 17:31:15,564 8
2026-06-05 17:31:20,952 ['False\n', '']
2026-06-05 17:31:20,952 9
2026-06-05 17:31:26,410 ['False\n', '']
2026-06-05 17:31:26,410 10
2026-06-05 17:31:31,832 ['False\n', '']
2026-06-05 17:31:31,855 11
2026-06-05 17:31:37,288 ['False\n', '']
2026-06-05 17:31:37,289 12
2026-06-05 17:31:42,622 ['False\n', '']
2026-06-05 17:31:42,623 13
2026-06-05 17:31:47,997 ['False\n', '']
2026-06-05 17:31:47,997 14
2026-06-05 17:31:53,447 ['False\n', '']
2026-06-05 17:31:53,447 58
2026-06-05 17:31:58,775 ['False\n', '']
2026-06-05 17:31:58,776 articletxt/1293.txt
2026-06-05 17:31:58,799 TITLE: Improvement of biogas production from pine wood by alkali pretreatment
2026-06-05 17:31:58,799 1
2026-06-05 17:32:02,286 ['True\n', '']
2026-06-05 17:32:02,287 2
2026-06-05 17:32:05,692 ['True\n', '']
2026-06-05 17:32:05,692 3
2026-06-05 17:32:09,073 ['False\n', '']
2026-06-05 17:32:09,073 4
2026-06-05 17:32:12,512 ['False\n', '']
2026-06-05 17:32:12,513 5
2026-06-05 17:32:15,960 ['False\n', '']
2026-06-05 17:32:15,960 6
2026-06-05 17:32:19,387 ['True\n', '']
2026-06-05 17:32:19,387 7
2026-06-05 17:32:22,806 ['False\n', '']
2026-06-05 17:32:22,806 8
2026-06-05 17:32:26,206 ['False\n', '']
2026-06-05 17:32:26,206 9
2026-06-05 17:32:29,723 ['False\n', '']
2026-06-05 17:32:29,723 10
2026-06-05 17:32:33,154 ['False\n', '']
2026-06-05 17:32:33,154 11
2026-06-05 17:32:36,585 ['False\n', '']
2026-06-05 17:32:36,585 12
2026-06-05 17:32:39,972 ['False\n', '']
2026-06-05 17:32:39,973 13
2026-06-05 17:32:43,419 ['False\n', '']
2026-06-05 17:32:43,420 14
2026-06-05 17:32:46,927 ['False\n', '']
2026-06-05 17:32:46,927 58
2026-06-05 17:32:50,392 ['False\n', '']
2026-06-05 17:32:50,393 articletxt/930.txt
2026-06-05 17:32:50,393 TITLE: The selection of pretreatment options for anaerobic digestion (AD): A case study in olive oil waste production
2026-06-05 17:32:50,394 1
2026-06-05 17:32:58,437 ['false\n', '']
2026-06-05 17:32:58,438 2
2026-06-05 17:33:06,336 ['False\n', '']
2026-06-05 17:33:06,336 3
2026-06-05 17:33:14,215 ['True\n', '']
2026-06-05 17:33:14,215 4
2026-06-05 17:33:22,136 ['False\n', '']
2026-06-05 17:33:22,136 5
2026-06-05 17:33:30,078 ['False\n', '']
2026-06-05 17:33:30,078 6
2026-06-05 17:33:38,118 ['True\n', '']
2026-06-05 17:33:38,118 7
2026-06-05 17:33:46,048 ['False\n', '']
2026-06-05 17:33:46,048 8
2026-06-05 17:33:54,032 ['False\n', '']
2026-06-05 17:33:54,032 9
2026-06-05 17:34:01,997 ['False\n', '']
2026-06-05 17:34:01,997 10
2026-06-05 17:34:09,929 ['False\n', '']
2026-06-05 17:34:09,929 11
2026-06-05 17:34:17,909 ['False\n', '']
2026-06-05 17:34:17,909 12
2026-06-05 17:34:25,843 ['False\n', '']
2026-06-05 17:34:25,843 13
2026-06-05 17:34:33,840 ['False\n', '']
2026-06-05 17:34:33,840 14
2026-06-05 17:34:41,856 ['False\n', '']
2026-06-05 17:34:41,856 58
2026-06-05 17:34:49,807 ['False\n', '']
2026-06-05 17:34:49,807 articletxt/1624.txt
2026-06-05 17:34:49,831 TITLE: Anaerobic bioprocessing of wastewater-derived duckweed: Maximizing product yields in a biorefinery value cascade
2026-06-05 17:34:49,831 1
2026-06-05 17:34:59,512 ['true\n', '']
2026-06-05 17:34:59,512 2
2026-06-05 17:35:09,109 ['False\n', '']
2026-06-05 17:35:09,109 3
2026-06-05 17:35:18,651 ['False\n', '']
2026-06-05 17:35:18,652 4
2026-06-05 17:35:28,171 ['True\n', '']
2026-06-05 17:35:28,171 5
2026-06-05 17:35:37,746 ['False\n', '']
2026-06-05 17:35:37,746 6
2026-06-05 17:35:47,265 ['True\n', '']
2026-06-05 17:35:47,265 7
2026-06-05 17:35:56,877 ['True\n', '']
2026-06-05 17:35:56,877 8
2026-06-05 17:36:06,398 ['False\n', '']
2026-06-05 17:36:06,398 9
2026-06-05 17:36:16,115 ['False\n', '']
2026-06-05 17:36:16,115 10
2026-06-05 17:36:25,616 ['False\n', '']
2026-06-05 17:36:25,616 11
2026-06-05 17:36:35,221 ['False\n', '']
2026-06-05 17:36:35,221 12
2026-06-05 17:36:44,730 ['False\n', '']
2026-06-05 17:36:44,730 13
2026-06-05 17:36:54,298 ['False\n', '']
2026-06-05 17:36:54,298 14
2026-06-05 17:37:03,949 ['False\n', '']
2026-06-05 17:37:03,949 58
2026-06-05 17:37:13,495 ['False\n', '']
2026-06-05 17:37:13,496 articletxt/1263.txt
2026-06-05 17:37:13,519 TITLE: Cleaner energy for cleaner production: Modeling and optimization of biogas generation from Carica papayas (Pawpaw) fruit peels
2026-06-05 17:37:13,519 1
2026-06-05 17:37:21,580 ['True\n', '']
2026-06-05 17:37:21,581 2
2026-06-05 17:37:29,568 ['True\n', '']
2026-06-05 17:37:29,568 3
2026-06-05 17:37:37,465 ['False\n', '']
2026-06-05 17:37:37,465 4
2026-06-05 17:37:45,399 ['False\n', '']
2026-06-05 17:37:45,399 5
2026-06-05 17:37:53,331 ['False\n', '']
2026-06-05 17:37:53,331 6
2026-06-05 17:38:01,294 ['True\n', '']
2026-06-05 17:38:01,294 7
2026-06-05 17:38:09,251 ['True\n', '']
2026-06-05 17:38:09,251 8
2026-06-05 17:38:17,195 ['False\n', '']
2026-06-05 17:38:17,196 9
2026-06-05 17:38:25,216 ['False\n', '']
2026-06-05 17:38:25,216 10
2026-06-05 17:38:33,170 ['False\n', '']
2026-06-05 17:38:33,170 11
2026-06-05 17:38:41,175 ['False\n', '']
2026-06-05 17:38:41,176 12
2026-06-05 17:38:49,064 ['False\n', '']
2026-06-05 17:38:49,064 13
2026-06-05 17:38:56,964 ['False\n', '']
2026-06-05 17:38:56,964 14
2026-06-05 17:39:05,060 ['False\n', '']
2026-06-05 17:39:05,060 58
2026-06-05 17:39:13,039 ['False\n', '']
2026-06-05 17:39:13,039 articletxt/1114.txt
2026-06-05 17:39:13,063 TITLE: Effect of hydrothermal pretreatment on two-stage anaerobic digestion of food waste and Enteromorpha: Digestion performance, bioenergy efficiency, and microbial community dynamics
2026-06-05 17:39:13,063 1
2026-06-05 17:39:22,119 ['True\n', '']
2026-06-05 17:39:22,120 2
2026-06-05 17:39:31,064 ['True\n', '']
2026-06-05 17:39:31,064 3
2026-06-05 17:39:39,925 ['False\n', '']
2026-06-05 17:39:39,926 4
2026-06-05 17:39:48,856 ['False\n', '']
2026-06-05 17:39:48,856 5
2026-06-05 17:39:57,818 ['False\n', '']
2026-06-05 17:39:57,818 6
2026-06-05 17:40:06,765 ['True\n', '']
2026-06-05 17:40:06,765 7
2026-06-05 17:40:15,675 ['False\n', '']
2026-06-05 17:40:15,675 8
2026-06-05 17:40:24,616 ['False\n', '']
2026-06-05 17:40:24,616 9
2026-06-05 17:40:33,601 ['False\n', '']
2026-06-05 17:40:33,601 10
2026-06-05 17:40:42,550 ['False\n', '']
2026-06-05 17:40:42,551 11
2026-06-05 17:40:51,547 ['False\n', '']
2026-06-05 17:40:51,547 12
2026-06-05 17:41:00,513 ['False\n', '']
2026-06-05 17:41:00,513 13
2026-06-05 17:41:09,483 ['False\n', '']
2026-06-05 17:41:09,483 14
2026-06-05 17:41:18,526 ['False\n', '']
2026-06-05 17:41:18,526 58
2026-06-05 17:41:27,512 ['False\n', '']
2026-06-05 17:41:27,512 articletxt/1832.txt
2026-06-05 17:41:27,536 TITLE: Peracetic acid pretreatment improves biogas production from anaerobic digestion of sewage sludge by promoting organic matter release, conversion and affecting microbial community
2026-06-05 17:41:27,536 1
2026-06-05 17:41:35,802 ['false\n', '']
2026-06-05 17:41:35,802 2
2026-06-05 17:41:44,005 ['False\n', '']
2026-06-05 17:41:44,005 3
2026-06-05 17:41:52,127 ['False\n', '']
2026-06-05 17:41:52,127 4
2026-06-05 17:42:00,239 ['False\n', '']
2026-06-05 17:42:00,240 5
2026-06-05 17:42:08,422 ['False\n', '']
2026-06-05 17:42:08,422 6
2026-06-05 17:42:16,555 ['False\n', '']
2026-06-05 17:42:16,555 7
2026-06-05 17:42:24,670 ['True\n', '']
2026-06-05 17:42:24,671 8
2026-06-05 17:42:32,829 ['True\n', '']
2026-06-05 17:42:32,829 9
2026-06-05 17:42:41,047 ['false\n', '']
2026-06-05 17:42:41,047 10
2026-06-05 17:42:49,194 ['False\n', '']
2026-06-05 17:42:49,194 11
2026-06-05 17:42:57,427 ['False\n', '']
2026-06-05 17:42:57,427 12
2026-06-05 17:43:05,640 ['False\n', '']
2026-06-05 17:43:05,640 13
2026-06-05 17:43:13,851 ['False\n', '']
2026-06-05 17:43:13,851 14
2026-06-05 17:43:22,085 ['False\n', '']
2026-06-05 17:43:22,085 58
2026-06-05 17:43:30,204 ['False\n', '']
2026-06-05 17:43:30,204 articletxt/860.txt
2026-06-05 17:43:30,206 TITLE: Evaluation of thermal, ultrasonic and alkali pretreatments on mixed-microalgal biomass to enhance anaerobic methane production
2026-06-05 17:43:30,206 1
2026-06-05 17:43:36,101 ['False\n', '']
2026-06-05 17:43:36,101 2
2026-06-05 17:43:41,994 ['True\n', '']
2026-06-05 17:43:42,016 3
2026-06-05 17:43:47,861 ['True\n', '']
2026-06-05 17:43:47,861 4
2026-06-05 17:43:53,624 ['False\n', '']
2026-06-05 17:43:53,624 5
2026-06-05 17:43:59,382 ['False\n', '']
2026-06-05 17:43:59,382 6
2026-06-05 17:44:05,183 ['True\n', '']
2026-06-05 17:44:05,206 7
2026-06-05 17:44:11,095 ['False\n', '']
2026-06-05 17:44:11,117 8
2026-06-05 17:44:16,993 ['False\n', '']
2026-06-05 17:44:16,993 9
2026-06-05 17:44:23,008 ['False\n', '']
2026-06-05 17:44:23,009 10
2026-06-05 17:44:28,805 ['False\n', '']
2026-06-05 17:44:28,805 11
2026-06-05 17:44:34,704 ['False\n', '']
2026-06-05 17:44:34,704 12
2026-06-05 17:44:40,455 ['False\n', '']
2026-06-05 17:44:40,456 13
2026-06-05 17:44:46,356 ['False\n', '']
2026-06-05 17:44:46,357 14
2026-06-05 17:44:52,327 ['False\n', '']
2026-06-05 17:44:52,327 58
2026-06-05 17:44:58,119 ['False\n', '']
2026-06-05 17:44:58,142 articletxt/1127.txt
2026-06-05 17:44:58,163 TITLE: Enhanced simultaneous saccharification and fermentation of Napier grass and Napier silage for two stage bio-hydrogen and methane production using organosolv and hydrothermal
2026-06-05 17:44:58,163 1
2026-06-05 17:45:05,339 ['True\n', '']
2026-06-05 17:45:05,339 2
2026-06-05 17:45:12,430 ['True\n', '']
2026-06-05 17:45:12,430 3
2026-06-05 17:45:19,432 ['False\n', '']
2026-06-05 17:45:19,432 4
2026-06-05 17:45:26,609 ['False\n', '']
2026-06-05 17:45:26,609 5
2026-06-05 17:45:33,717 ['False\n', '']
2026-06-05 17:45:33,717 6
2026-06-05 17:45:40,774 ['True\n', '']
2026-06-05 17:45:40,774 7
2026-06-05 17:45:47,874 ['True\n', '']
2026-06-05 17:45:47,875 8
2026-06-05 17:45:55,001 ['False\n', '']
2026-06-05 17:45:55,001 9
2026-06-05 17:46:02,162 ['False\n', '']
2026-06-05 17:46:02,162 10
2026-06-05 17:46:09,241 ['False\n', '']
2026-06-05 17:46:09,241 11
2026-06-05 17:46:16,355 ['False\n', '']
2026-06-05 17:46:16,355 12
2026-06-05 17:46:23,435 ['False\n', '']
2026-06-05 17:46:23,436 13
2026-06-05 17:46:30,522 ['False\n', '']
2026-06-05 17:46:30,522 14
2026-06-05 17:46:37,767 ['False\n', '']
2026-06-05 17:46:37,767 58
2026-06-05 17:46:44,832 ['False\n', '']
2026-06-05 17:46:44,832 articletxt/676.txt
2026-06-05 17:46:44,835 TITLE: Improving the methane production from zucchini stem by response surface methodology and different pretreatments
2026-06-05 17:46:44,835 1
2026-06-05 17:46:50,207 ['True\n', '']
2026-06-05 17:46:50,207 2
2026-06-05 17:46:55,512 ['False\n', '']
2026-06-05 17:46:55,512 3
2026-06-05 17:47:00,815 ['False\n', '']
2026-06-05 17:47:00,815 4
2026-06-05 17:47:06,144 ['False\n', '']
2026-06-05 17:47:06,144 5
2026-06-05 17:47:11,524 ['False\n', '']
2026-06-05 17:47:11,524 6
2026-06-05 17:47:16,844 ['True\n', '']
2026-06-05 17:47:16,844 7
2026-06-05 17:47:22,255 ['False\n', '']
2026-06-05 17:47:22,255 8
2026-06-05 17:47:27,564 ['True\n', '']
2026-06-05 17:47:27,565 9
2026-06-05 17:47:32,951 ['False\n', '']
2026-06-05 17:47:32,951 10
2026-06-05 17:47:38,304 ['False\n', '']
2026-06-05 17:47:38,326 11
2026-06-05 17:47:43,661 ['False\n', '']
2026-06-05 17:47:43,661 12
2026-06-05 17:47:48,995 ['False\n', '']
2026-06-05 17:47:49,018 13
2026-06-05 17:47:54,339 ['False\n', '']
2026-06-05 17:47:54,361 14
2026-06-05 17:47:59,817 ['False\n', '']
2026-06-05 17:47:59,840 58
2026-06-05 17:48:05,248 ['False\n', '']
2026-06-05 17:48:05,248 articletxt/1101.txt
2026-06-05 17:48:05,251 TITLE: The effects of waste-activated sludge pretreatment using hydrodynamic cavitation for methane production
2026-06-05 17:48:05,251 1
2026-06-05 17:48:09,044 ['True\n', '']
2026-06-05 17:48:09,044 2
2026-06-05 17:48:12,746 ['True\n', '']
2026-06-05 17:48:12,746 3
2026-06-05 17:48:16,414 ['False\n', '']
2026-06-05 17:48:16,414 4
2026-06-05 17:48:20,139 ['True\n', '']
2026-06-05 17:48:20,139 5
2026-06-05 17:48:23,768 ['True\n', '']
2026-06-05 17:48:23,768 6
2026-06-05 17:48:27,440 ['True\n', '']
2026-06-05 17:48:27,441 7
2026-06-05 17:48:31,222 ['False\n', '']
2026-06-05 17:48:31,222 8
2026-06-05 17:48:34,855 ['False\n', '']
2026-06-05 17:48:34,856 9
2026-06-05 17:48:38,620 ['False\n', '']
2026-06-05 17:48:38,620 10
2026-06-05 17:48:42,318 ['False\n', '']
2026-06-05 17:48:42,318 11
2026-06-05 17:48:46,024 ['False\n', '']
2026-06-05 17:48:46,024 12
2026-06-05 17:48:49,706 ['False\n', '']
2026-06-05 17:48:49,706 13
2026-06-05 17:48:53,418 ['False\n', '']
2026-06-05 17:48:53,418 14
2026-06-05 17:48:57,201 ['False\n', '']
2026-06-05 17:48:57,201 58
2026-06-05 17:49:00,887 ['False\n', '']
2026-06-05 17:49:00,888 articletxt/201.txt
2026-06-05 17:49:00,911 TITLE: Conjoint effect of microwave irradiation and metal nanoparticles on biogas augmentation from anaerobic digestion of green algae
2026-06-05 17:49:00,911 1
2026-06-05 17:49:05,602 ['False\n', '']
2026-06-05 17:49:05,602 2
2026-06-05 17:49:10,166 ['True\n', '']
2026-06-05 17:49:10,166 3
2026-06-05 17:49:14,711 ['False\n', '']
2026-06-05 17:49:14,712 4
2026-06-05 17:49:19,302 ['False\n', '']
2026-06-05 17:49:19,302 5
2026-06-05 17:49:23,873 ['False\n', '']
2026-06-05 17:49:23,873 6
2026-06-05 17:49:28,397 ['False\n', '']
2026-06-05 17:49:28,397 7
2026-06-05 17:49:33,034 ['False\n', '']
2026-06-05 17:49:33,034 8
2026-06-05 17:49:37,651 ['False\n', '']
2026-06-05 17:49:37,652 9
2026-06-05 17:49:42,315 ['False\n', '']
2026-06-05 17:49:42,315 10
2026-06-05 17:49:46,921 ['False\n', '']
2026-06-05 17:49:46,921 11
2026-06-05 17:49:51,580 ['False\n', '']
2026-06-05 17:49:51,580 12
2026-06-05 17:49:56,137 ['False\n', '']
2026-06-05 17:49:56,137 13
2026-06-05 17:50:00,710 ['False\n', '']
2026-06-05 17:50:00,710 14
2026-06-05 17:50:05,416 ['False\n', '']
2026-06-05 17:50:05,416 58
2026-06-05 17:50:10,015 ['False\n', '']
2026-06-05 17:50:10,016 articletxt/1683.txt
2026-06-05 17:50:10,039 TITLE: Process design and economic evaluation for methane and electricity production from Agave bagasse using different pretreatments
2026-06-05 17:50:10,039 1
2026-06-05 17:50:15,081 ['True\n', '']
2026-06-05 17:50:15,082 2
2026-06-05 17:50:20,043 ['False\n', '']
2026-06-05 17:50:20,043 3
2026-06-05 17:50:24,945 ['False\n', '']
2026-06-05 17:50:24,946 4
2026-06-05 17:50:29,958 ['False\n', '']
2026-06-05 17:50:29,980 5
2026-06-05 17:50:34,973 ['False\n', '']
2026-06-05 17:50:34,973 6
2026-06-05 17:50:39,955 ['True\n', '']
2026-06-05 17:50:39,955 7
2026-06-05 17:50:45,019 ['True\n', '']
2026-06-05 17:50:45,019 8
2026-06-05 17:50:50,009 ['False\n', '']
2026-06-05 17:50:50,009 9
2026-06-05 17:50:55,070 ['False\n', '']
2026-06-05 17:50:55,070 10
2026-06-05 17:51:00,073 ['False\n', '']
2026-06-05 17:51:00,073 11
2026-06-05 17:51:05,134 ['True\n', '']
2026-06-05 17:51:05,134 12
2026-06-05 17:51:10,137 ['False\n', '']
2026-06-05 17:51:10,160 13
2026-06-05 17:51:15,127 ['False\n', '']
2026-06-05 17:51:15,127 14
2026-06-05 17:51:20,228 ['False\n', '']
2026-06-05 17:51:20,229 58
2026-06-05 17:51:25,243 ['False\n', '']
2026-06-05 17:51:25,266 articletxt/1117.txt
2026-06-05 17:51:25,267 TITLE: Enhancing methane production from dewatered waste activated sludge through alkaline and photocatalytic pretreatment
2026-06-05 17:51:25,267 1
2026-06-05 17:51:34,045 ['false\n', '']
2026-06-05 17:51:34,046 2
2026-06-05 17:51:42,734 ['False\n', '']
2026-06-05 17:51:42,735 3
2026-06-05 17:51:51,359 ['False\n', '']
2026-06-05 17:51:51,359 4
2026-06-05 17:52:00,048 ['False\n', '']
2026-06-05 17:52:00,048 5
2026-06-05 17:52:08,721 ['False\n', '']
2026-06-05 17:52:08,722 6
2026-06-05 17:52:17,353 ['True\n', '']
2026-06-05 17:52:17,354 7
2026-06-05 17:52:26,107 ['False\n', '']
2026-06-05 17:52:26,107 8
2026-06-05 17:52:34,728 ['True\n', '']
2026-06-05 17:52:34,728 9
2026-06-05 17:52:43,435 ['False\n', '']
2026-06-05 17:52:43,435 10
2026-06-05 17:52:52,058 ['False\n', '']
2026-06-05 17:52:52,058 11
2026-06-05 17:53:00,740 ['False\n', '']
2026-06-05 17:53:00,740 12
2026-06-05 17:53:09,326 ['False\n', '']
2026-06-05 17:53:09,327 13
2026-06-05 17:53:17,948 ['False\n', '']
2026-06-05 17:53:17,948 14
2026-06-05 17:53:26,686 ['False\n', '']
2026-06-05 17:53:26,687 58
2026-06-05 17:53:35,286 ['False\n', '']
2026-06-05 17:53:35,287 articletxt/105.txt
2026-06-05 17:53:35,310 TITLE: Accelerated high-solids anaerobic digestion of sewage sludge using low-temperature thermal pretreatment
2026-06-05 17:53:35,310 1
2026-06-05 17:53:42,912 ['False\n', '']
2026-06-05 17:53:42,912 2
2026-06-05 17:53:50,419 ['True\n', '']
2026-06-05 17:53:50,419 3
2026-06-05 17:53:57,929 ['False\n', '']
2026-06-05 17:53:57,929 4
2026-06-05 17:54:05,435 ['False\n', '']
2026-06-05 17:54:05,435 5
2026-06-05 17:54:12,979 ['False\n', '']
2026-06-05 17:54:12,979 6
2026-06-05 17:54:20,560 ['False\n', '']
2026-06-05 17:54:20,560 7
2026-06-05 17:54:28,108 ['False\n', '']
2026-06-05 17:54:28,108 8
2026-06-05 17:54:35,656 ['False\n', '']
2026-06-05 17:54:35,656 9
2026-06-05 17:54:43,242 ['False\n', '']
2026-06-05 17:54:43,242 10
2026-06-05 17:54:50,743 ['False\n', '']
2026-06-05 17:54:50,743 11
2026-06-05 17:54:58,345 ['False\n', '']
2026-06-05 17:54:58,346 12
2026-06-05 17:55:05,842 ['False\n', '']
2026-06-05 17:55:05,842 13
2026-06-05 17:55:13,432 ['False\n', '']
2026-06-05 17:55:13,433 14
2026-06-05 17:55:21,030 ['False\n', '']
2026-06-05 17:55:21,030 58
2026-06-05 17:55:28,567 ['False\n', '']
2026-06-05 17:55:28,567 articletxt/761.txt
2026-06-05 17:55:28,570 TITLE: Influence of pretreatment conditions on lignocellulosic fractions and methane production from grape pomace
2026-06-05 17:55:28,570 1
2026-06-05 17:55:36,145 ['True\n', '']
2026-06-05 17:55:36,145 2
2026-06-05 17:55:43,679 ['False\n', '']
2026-06-05 17:55:43,679 3
2026-06-05 17:55:51,156 ['False\n', '']
2026-06-05 17:55:51,156 4
2026-06-05 17:55:58,702 ['False\n', '']
2026-06-05 17:55:58,702 5
2026-06-05 17:56:06,318 ['False\n', '']
2026-06-05 17:56:06,318 6
2026-06-05 17:56:13,846 ['True\n', '']
2026-06-05 17:56:13,846 7
2026-06-05 17:56:21,399 ['False\n', '']
2026-06-05 17:56:21,399 8
2026-06-05 17:56:28,960 ['False.\n', '']
2026-06-05 17:56:28,961 9
2026-06-05 17:56:36,561 ['False\n', '']
2026-06-05 17:56:36,561 10
2026-06-05 17:56:44,154 ['False\n', '']
2026-06-05 17:56:44,154 11
2026-06-05 17:56:51,723 ['False\n', '']
2026-06-05 17:56:51,723 12
2026-06-05 17:56:59,256 ['False\n', '']
2026-06-05 17:56:59,256 13
2026-06-05 17:57:06,861 ['False\n', '']
2026-06-05 17:57:06,862 14
2026-06-05 17:57:14,467 ['False\n', '']
2026-06-05 17:57:14,468 58
2026-06-05 17:57:21,999 ['False\n', '']
2026-06-05 17:57:22,000 articletxt/1749.txt
2026-06-05 17:57:22,003 TITLE: Impact of the thermo-alkaline pretreatment on the anaerobic digestion of poly(butylene adipate-co-terephthalate) (PBAT) and poly(lactic acid) (PLA) blended plastics
2026-06-05 17:57:22,003 1
2026-06-05 17:57:30,134 ['false\n', '']
2026-06-05 17:57:30,135 2
2026-06-05 17:57:38,158 ['True\n', '']
2026-06-05 17:57:38,158 3
2026-06-05 17:57:46,117 ['False\n', '']
2026-06-05 17:57:46,117 4
2026-06-05 17:57:54,148 ['False\n', '']
2026-06-05 17:57:54,148 5
2026-06-05 17:58:02,123 ['False\n', '']
2026-06-05 17:58:02,123 6
2026-06-05 17:58:10,102 ['True\n', '']
2026-06-05 17:58:10,102 7
2026-06-05 17:58:18,135 ['False\n', '']
2026-06-05 17:58:18,136 8
2026-06-05 17:58:26,163 ['False\n', '']
2026-06-05 17:58:26,163 9
2026-06-05 17:58:34,220 ['False\n', '']
2026-06-05 17:58:34,220 10
2026-06-05 17:58:42,191 ['False\n', '']
2026-06-05 17:58:42,191 11
2026-06-05 17:58:50,214 ['False\n', '']
2026-06-05 17:58:50,214 12
2026-06-05 17:58:58,200 ['False\n', '']
2026-06-05 17:58:58,200 13
2026-06-05 17:59:06,166 ['False\n', '']
2026-06-05 17:59:06,166 14
2026-06-05 17:59:14,211 ['False\n', '']
2026-06-05 17:59:14,211 58
2026-06-05 17:59:22,209 ['False\n', '']
2026-06-05 17:59:22,210 articletxt/1325.txt
2026-06-05 17:59:22,212 TITLE: Biorefinery for efficient xanthan gum, ethanol, and biogas production from potato crop residues
2026-06-05 17:59:22,213 1
2026-06-05 17:59:29,402 ['True\n', '']
2026-06-05 17:59:29,402 2
2026-06-05 17:59:36,554 ['True\n', '']
2026-06-05 17:59:36,554 3
2026-06-05 17:59:43,630 ['False\n', '']
2026-06-05 17:59:43,631 4
2026-06-05 17:59:50,745 ['False\n', '']
2026-06-05 17:59:50,745 5
2026-06-05 17:59:57,852 ['False\n', '']
2026-06-05 17:59:57,853 6
2026-06-05 18:00:04,990 ['False\n', '']
2026-06-05 18:00:04,990 7
2026-06-05 18:00:12,080 ['True\n', '']
2026-06-05 18:00:12,080 8
2026-06-05 18:00:19,158 ['False\n', '']
2026-06-05 18:00:19,159 9
2026-06-05 18:00:26,313 ['False\n', '']
2026-06-05 18:00:26,313 10
2026-06-05 18:00:33,405 ['False\n', '']
2026-06-05 18:00:33,405 11
2026-06-05 18:00:40,613 ['False\n', '']
2026-06-05 18:00:40,613 12
2026-06-05 18:00:47,645 ['False\n', '']
2026-06-05 18:00:47,645 13
2026-06-05 18:00:54,732 ['False\n', '']
2026-06-05 18:00:54,732 14
2026-06-05 18:01:01,893 ['False\n', '']
2026-06-05 18:01:01,893 58
2026-06-05 18:01:09,053 ['False\n', '']
2026-06-05 18:01:09,054 articletxt/1358.txt
2026-06-05 18:01:09,056 TITLE: Assess a new strategy and develop a new mixer to improve anaerobic microbial activities and clean biogas production
2026-06-05 18:01:09,056 1
2026-06-05 18:01:16,130 ['true\n', '']
2026-06-05 18:01:16,130 2
2026-06-05 18:01:23,179 ['False\n', '']
2026-06-05 18:01:23,179 3
2026-06-05 18:01:30,185 ['False\n', '']
2026-06-05 18:01:30,185 4
2026-06-05 18:01:37,186 ['False\n', '']
2026-06-05 18:01:37,186 5
2026-06-05 18:01:44,189 ['False\n', '']
2026-06-05 18:01:44,189 6
2026-06-05 18:01:51,210 ['True\n', '']
2026-06-05 18:01:51,210 7
2026-06-05 18:01:58,247 ['False\n', '']
2026-06-05 18:01:58,247 8
2026-06-05 18:02:05,344 ['True\n', '']
2026-06-05 18:02:05,344 9
2026-06-05 18:02:12,408 ['False\n', '']
2026-06-05 18:02:12,408 10
2026-06-05 18:02:19,470 ['False\n', '']
2026-06-05 18:02:19,470 11
2026-06-05 18:02:26,562 ['False\n', '']
2026-06-05 18:02:26,562 12
2026-06-05 18:02:33,540 ['False\n', '']
2026-06-05 18:02:33,541 13
2026-06-05 18:02:40,621 ['False\n', '']
2026-06-05 18:02:40,621 14
2026-06-05 18:02:47,732 ['False\n', '']
2026-06-05 18:02:47,732 58
2026-06-05 18:02:54,791 ['False\n', '']
2026-06-05 18:02:54,791 articletxt/542.txt
2026-06-05 18:02:54,794 TITLE: Enhancing volatile fatty acid (VFA) and bio-methane production from lawn grass with pretreatment
2026-06-05 18:02:54,794 1
2026-06-05 18:03:00,387 ['True\n', '']
2026-06-05 18:03:00,387 2
2026-06-05 18:03:05,926 ['False\n', '']
2026-06-05 18:03:05,927 3
2026-06-05 18:03:11,455 ['False\n', '']
2026-06-05 18:03:11,456 4
2026-06-05 18:03:16,976 ['False\n', '']
2026-06-05 18:03:16,999 5
2026-06-05 18:03:22,523 ['False\n', '']
2026-06-05 18:03:22,523 6
2026-06-05 18:03:28,011 ['True\n', '']
2026-06-05 18:03:28,034 7
2026-06-05 18:03:33,617 ['True\n', '']
2026-06-05 18:03:33,617 8
2026-06-05 18:03:39,096 ['True\n', '']
2026-06-05 18:03:39,119 9
2026-06-05 18:03:44,733 ['False\n', '']
2026-06-05 18:03:44,734 10
2026-06-05 18:03:50,267 ['False\n', '']
2026-06-05 18:03:50,289 11
2026-06-05 18:03:55,855 ['False\n', '']
2026-06-05 18:03:55,855 12
2026-06-05 18:04:01,299 ['False\n', '']
2026-06-05 18:04:01,299 13
2026-06-05 18:04:06,943 ['False\n', '']
2026-06-05 18:04:06,944 14
2026-06-05 18:04:12,554 ['False\n', '']
2026-06-05 18:04:12,554 58
2026-06-05 18:04:18,033 ['False\n', '']
2026-06-05 18:04:18,033 articletxt/768.txt
2026-06-05 18:04:18,057 TITLE: Examining the mechanisms of short-term solubilization of ground food waste for high-rate anaerobic digestion
2026-06-05 18:04:18,057 1
2026-06-05 18:04:23,807 ['True\n', '']
2026-06-05 18:04:23,808 2
2026-06-05 18:04:29,404 ['False\n', '']
2026-06-05 18:04:29,404 3
2026-06-05 18:04:34,962 ['False\n', '']
2026-06-05 18:04:34,962 4
2026-06-05 18:04:40,680 ['False\n', '']
2026-06-05 18:04:40,680 5
2026-06-05 18:04:46,350 ['False\n', '']
2026-06-05 18:04:46,350 6
2026-06-05 18:04:52,017 ['False\n', '']
2026-06-05 18:04:52,017 7
2026-06-05 18:04:57,691 ['False\n', '']
2026-06-05 18:04:57,691 8
2026-06-05 18:05:03,331 ['False\n', '']
2026-06-05 18:05:03,331 9
2026-06-05 18:05:09,059 ['False\n', '']
2026-06-05 18:05:09,081 10
2026-06-05 18:05:14,730 ['False\n', '']
2026-06-05 18:05:14,731 11
2026-06-05 18:05:20,397 ['False\n', '']
2026-06-05 18:05:20,405 12
2026-06-05 18:05:26,041 ['False\n', '']
2026-06-05 18:05:26,041 13
2026-06-05 18:05:31,666 ['False\n', '']
2026-06-05 18:05:31,666 14
2026-06-05 18:05:37,332 ['False\n', '']
2026-06-05 18:05:37,332 58
2026-06-05 18:05:42,947 ['False\n', '']
2026-06-05 18:05:42,947 articletxt/1569.txt
2026-06-05 18:05:42,949 TITLE: Enhancement of anaerobic digestion efficiency of wastewater sludge and olive waste: Synergistic effect of co-digestion and ultrasonic/microwave sludge pre-treatment
2026-06-05 18:05:42,949 1
2026-06-05 18:05:48,797 ['true\n', '']
2026-06-05 18:05:48,797 2
2026-06-05 18:05:54,511 ['True\n', '']
2026-06-05 18:05:54,511 3
2026-06-05 18:06:00,153 ['True\n', '']
2026-06-05 18:06:00,176 4
2026-06-05 18:06:05,933 ['False\n', '']
2026-06-05 18:06:05,956 5
2026-06-05 18:06:11,590 ['False\n', '']
2026-06-05 18:06:11,605 6
2026-06-05 18:06:17,288 ['True\n', '']
2026-06-05 18:06:17,288 7
2026-06-05 18:06:23,021 ['False\n', '']
2026-06-05 18:06:23,021 8
2026-06-05 18:06:28,836 ['False\n', '']
2026-06-05 18:06:28,836 9
2026-06-05 18:06:34,619 ['False\n', '']
2026-06-05 18:06:34,620 10
2026-06-05 18:06:40,336 ['False\n', '']
2026-06-05 18:06:40,336 11
2026-06-05 18:06:46,105 ['False\n', '']
2026-06-05 18:06:46,105 12
2026-06-05 18:06:51,883 ['False\n', '']
2026-06-05 18:06:51,883 13
2026-06-05 18:06:57,594 ['False\n', '']
2026-06-05 18:06:57,594 14
2026-06-05 18:07:03,470 ['False\n', '']
2026-06-05 18:07:03,470 58
2026-06-05 18:07:09,229 ['False\n', '']
2026-06-05 18:07:09,229 articletxt/526.txt
2026-06-05 18:07:09,253 TITLE: Increased solubilization of excess sludge does not always result in enhanced anaerobic digestion efficiency
2026-06-05 18:07:09,253 1
2026-06-05 18:07:12,611 ['True\n', '']
2026-06-05 18:07:12,611 2
2026-06-05 18:07:15,916 ['False\n', '']
2026-06-05 18:07:15,916 3
2026-06-05 18:07:19,189 ['True\n', '']
2026-06-05 18:07:19,189 4
2026-06-05 18:07:22,476 ['False\n', '']
2026-06-05 18:07:22,476 5
2026-06-05 18:07:25,734 ['True\n', '']
2026-06-05 18:07:25,734 6
2026-06-05 18:07:28,975 ['True\n', '']
2026-06-05 18:07:28,975 7
2026-06-05 18:07:32,246 ['False\n', '']
2026-06-05 18:07:32,246 8
2026-06-05 18:07:35,491 ['False\n', '']
2026-06-05 18:07:35,491 9
2026-06-05 18:07:38,854 ['False\n', '']
2026-06-05 18:07:38,855 10
2026-06-05 18:07:42,164 ['False\n', '']
2026-06-05 18:07:42,164 11
2026-06-05 18:07:45,521 ['False\n', '']
2026-06-05 18:07:45,521 12
2026-06-05 18:07:48,811 ['False\n', '']
2026-06-05 18:07:48,812 13
2026-06-05 18:07:52,073 ['False\n', '']
2026-06-05 18:07:52,073 14
2026-06-05 18:07:55,436 ['False\n', '']
2026-06-05 18:07:55,436 58
2026-06-05 18:07:58,667 ['False\n', '']
2026-06-05 18:07:58,668 articletxt/106.txt
2026-06-05 18:07:58,669 TITLE: Pretreatment of sugarcane bagasse with dilute citric acid and enzymatic hydrolysis: Use of black liquor and solid fraction for biogas production
2026-06-05 18:07:58,669 1
2026-06-05 18:08:07,238 ['False\n', '']
2026-06-05 18:08:07,239 2
2026-06-05 18:08:15,721 ['True\n', '']
2026-06-05 18:08:15,721 3
2026-06-05 18:08:24,222 ['False\n', '']
2026-06-05 18:08:24,222 4
2026-06-05 18:08:32,746 ['False\n', '']
2026-06-05 18:08:32,746 5
2026-06-05 18:08:41,243 ['False\n', '']
2026-06-05 18:08:41,244 6
2026-06-05 18:08:49,747 ['False\n', '']
2026-06-05 18:08:49,747 7
2026-06-05 18:08:58,253 ['True\n', '']
2026-06-05 18:08:58,253 8
2026-06-05 18:09:06,758 ['False\n', '']
2026-06-05 18:09:06,758 9
2026-06-05 18:09:15,352 ['False\n', '']
2026-06-05 18:09:15,353 10
2026-06-05 18:09:23,829 ['False\n', '']
2026-06-05 18:09:23,829 11
2026-06-05 18:09:32,377 ['False\n', '']
2026-06-05 18:09:32,377 12
2026-06-05 18:09:40,826 ['False\n', '']
2026-06-05 18:09:40,827 13
2026-06-05 18:09:49,343 ['False\n', '']
2026-06-05 18:09:49,343 14
2026-06-05 18:09:57,980 ['False\n', '']
2026-06-05 18:09:57,980 58
2026-06-05 18:10:06,489 ['False\n', '']
2026-06-05 18:10:06,490 articletxt/588.txt
2026-06-05 18:10:06,514 TITLE: Assessment of pretreatment and digestion temperature on anaerobic digestion of whiskey byproducts and microbial taxonomy
2026-06-05 18:10:06,514 1
2026-06-05 18:10:15,931 ['True\n', '']
2026-06-05 18:10:15,931 2
2026-06-05 18:10:25,276 ['True\n', '']
2026-06-05 18:10:25,276 3
2026-06-05 18:10:34,578 ['False\n', '']
2026-06-05 18:10:34,578 4
2026-06-05 18:10:43,962 ['False\n', '']
2026-06-05 18:10:43,962 5
2026-06-05 18:10:53,277 ['False\n', '']
2026-06-05 18:10:53,277 6
2026-06-05 18:11:02,696 ['False\n', '']
2026-06-05 18:11:02,696 7
2026-06-05 18:11:12,109 ['True\n', '']
2026-06-05 18:11:12,109 8
2026-06-05 18:11:21,407 ['False\n', '']
2026-06-05 18:11:21,408 9
2026-06-05 18:11:30,822 ['False\n', '']
2026-06-05 18:11:30,822 10
2026-06-05 18:11:40,220 ['False\n', '']
2026-06-05 18:11:40,221 11
2026-06-05 18:11:49,631 ['False\n', '']
2026-06-05 18:11:49,631 12
2026-06-05 18:11:58,968 ['False\n', '']
2026-06-05 18:11:58,968 13
2026-06-05 18:12:08,337 ['False\n', '']
2026-06-05 18:12:08,337 14
2026-06-05 18:12:17,726 ['False\n', '']
2026-06-05 18:12:17,727 58
2026-06-05 18:12:27,089 ['False\n', '']
2026-06-05 18:12:27,089 articletxt/333.txt
2026-06-05 18:12:27,113 TITLE: Chemical pretreatment of lignocellulosic agroindustrial waste for methane production
2026-06-05 18:12:27,113 1
2026-06-05 18:12:38,380 ['True\n', '']
2026-06-05 18:12:38,380 2
2026-06-05 18:12:49,583 ['True\n', '']
2026-06-05 18:12:49,583 3
2026-06-05 18:13:00,712 ['False\n', '']
2026-06-05 18:13:00,712 4
2026-06-05 18:13:11,956 ['False\n', '']
2026-06-05 18:13:11,956 5
2026-06-05 18:13:23,108 ['False\n', '']
2026-06-05 18:13:23,108 6
2026-06-05 18:13:34,209 ['True\n', '']
2026-06-05 18:13:34,209 7
2026-06-05 18:13:45,355 ['True\n', '']
2026-06-05 18:13:45,355 8
2026-06-05 18:13:56,530 ['True\n', '']
2026-06-05 18:13:56,530 9
2026-06-05 18:14:07,705 ['False\n', '']
2026-06-05 18:14:07,705 10
2026-06-05 18:14:18,860 ['False\n', '']
2026-06-05 18:14:18,860 11
2026-06-05 18:14:30,039 ['False\n', '']
2026-06-05 18:14:30,039 12
2026-06-05 18:14:41,166 ['False\n', '']
2026-06-05 18:14:41,166 13
2026-06-05 18:14:52,331 ['False\n', '']
2026-06-05 18:14:52,332 14
2026-06-05 18:15:03,543 ['False\n', '']
2026-06-05 18:15:03,544 58
2026-06-05 18:15:14,685 ['False\n', '']
2026-06-05 18:15:14,685 articletxt/652.txt
2026-06-05 18:15:14,688 TITLE: Enhanced solid-state anaerobic digestion of corn stover by alkaline pretreatment
2026-06-05 18:15:14,688 1
2026-06-05 18:15:19,548 ['True\n', '']
2026-06-05 18:15:19,548 2
2026-06-05 18:15:24,324 ['False\n', '']
2026-06-05 18:15:24,324 3
2026-06-05 18:15:29,146 ['False\n', '']
2026-06-05 18:15:29,146 4
2026-06-05 18:15:33,966 ['False\n', '']
2026-06-05 18:15:33,966 5
2026-06-05 18:15:38,728 ['False\n', '']
2026-06-05 18:15:38,728 6
2026-06-05 18:15:43,629 ['True\n', '']
2026-06-05 18:15:43,629 7
2026-06-05 18:15:48,482 ['False\n', '']
2026-06-05 18:15:48,482 8
2026-06-05 18:15:53,318 ['False\n', '']
2026-06-05 18:15:53,319 9
2026-06-05 18:15:58,207 ['False\n', '']
2026-06-05 18:15:58,208 10
2026-06-05 18:16:03,040 ['False\n', '']
2026-06-05 18:16:03,040 11
2026-06-05 18:16:07,929 ['False\n', '']
2026-06-05 18:16:07,929 12
2026-06-05 18:16:12,712 ['False\n', '']
2026-06-05 18:16:12,712 13
2026-06-05 18:16:17,550 ['False\n', '']
2026-06-05 18:16:17,550 14
2026-06-05 18:16:22,449 ['False\n', '']
2026-06-05 18:16:22,450 58
2026-06-05 18:16:27,305 ['False\n', '']
2026-06-05 18:16:27,305 articletxt/1515.txt
2026-06-05 18:16:27,308 TITLE: Effect of pretreatments on cellulosic composition and morphology of pine needle for possible utilization as substrate for anaerobic digestion
2026-06-05 18:16:27,308 1
2026-06-05 18:16:33,904 ['True\n', '']
2026-06-05 18:16:33,905 2
2026-06-05 18:16:40,453 ['True\n', '']
2026-06-05 18:16:40,453 3
2026-06-05 18:16:46,953 ['False\n', '']
2026-06-05 18:16:46,953 4
2026-06-05 18:16:53,521 ['False\n', '']
2026-06-05 18:16:53,521 5
2026-06-05 18:17:00,029 ['False\n', '']
2026-06-05 18:17:00,030 6
2026-06-05 18:17:06,528 ['True\n', '']
2026-06-05 18:17:06,528 7
2026-06-05 18:17:13,075 ['True\n', '']
2026-06-05 18:17:13,075 8
2026-06-05 18:17:19,650 ['False\n', '']
2026-06-05 18:17:19,650 9
2026-06-05 18:17:26,232 ['False\n', '']
2026-06-05 18:17:26,232 10
2026-06-05 18:17:32,727 ['False\n', '']
2026-06-05 18:17:32,727 11
2026-06-05 18:17:39,218 ['False\n', '']
2026-06-05 18:17:39,219 12
2026-06-05 18:17:45,709 ['False\n', '']
2026-06-05 18:17:45,709 13
2026-06-05 18:17:52,188 ['False\n', '']
2026-06-05 18:17:52,189 14
2026-06-05 18:17:58,791 ['False\n', '']
2026-06-05 18:17:58,791 58
2026-06-05 18:18:05,350 ['False\n', '']
2026-06-05 18:18:05,350 articletxt/1556.txt
2026-06-05 18:18:05,352 TITLE: Agave tequilana bagasse for methane production in batch and sequencing batch reactors: Acid catalyst effect, batch optimization and stability of the semi-continuous process
2026-06-05 18:18:05,352 1
2026-06-05 18:18:11,656 ['True\n', '']
2026-06-05 18:18:11,656 2
2026-06-05 18:18:17,838 ['False\n', '']
2026-06-05 18:18:17,838 3
2026-06-05 18:18:24,077 ['False\n', '']
2026-06-05 18:18:24,077 4
2026-06-05 18:18:30,279 ['False\n', '']
2026-06-05 18:18:30,279 5
2026-06-05 18:18:36,498 ['False\n', '']
2026-06-05 18:18:36,520 6
2026-06-05 18:18:42,686 ['False\n', '']
2026-06-05 18:18:42,686 7
2026-06-05 18:18:48,917 ['True\n', '']
2026-06-05 18:18:48,917 8
2026-06-05 18:18:55,033 ['False\n', '']
2026-06-05 18:18:55,033 9
2026-06-05 18:19:01,282 ['False\n', '']
2026-06-05 18:19:01,282 10
2026-06-05 18:19:07,504 ['False\n', '']
2026-06-05 18:19:07,504 11
2026-06-05 18:19:13,765 ['False\n', '']
2026-06-05 18:19:13,765 12
2026-06-05 18:19:19,977 ['False\n', '']
2026-06-05 18:19:19,977 13
2026-06-05 18:19:26,159 ['False\n', '']
2026-06-05 18:19:26,159 14
2026-06-05 18:19:32,410 ['False\n', '']
2026-06-05 18:19:32,410 58
2026-06-05 18:19:38,569 ['False\n', '']
2026-06-05 18:19:38,570 articletxt/409.txt
2026-06-05 18:19:38,570 TITLE: Continuous anaerobic digestion of zucchini stem after pretreatment
2026-06-05 18:19:38,570 1
2026-06-05 18:19:44,544 ['True\n', '']
2026-06-05 18:19:44,544 2
2026-06-05 18:19:50,510 ['False\n', '']
2026-06-05 18:19:50,510 3
2026-06-05 18:19:56,422 ['False\n', '']
2026-06-05 18:19:56,437 4
2026-06-05 18:20:02,366 ['False\n', '']
2026-06-05 18:20:02,388 5
2026-06-05 18:20:08,323 ['False\n', '']
2026-06-05 18:20:08,323 6
2026-06-05 18:20:14,212 ['True\n', '']
2026-06-05 18:20:14,235 7
2026-06-05 18:20:20,145 ['False\n', '']
2026-06-05 18:20:20,168 8
2026-06-05 18:20:26,102 ['True\n', '']
2026-06-05 18:20:26,125 9
2026-06-05 18:20:32,154 ['False\n', '']
2026-06-05 18:20:32,177 10
2026-06-05 18:20:38,118 ['False\n', '']
2026-06-05 18:20:38,118 11
2026-06-05 18:20:44,079 ['False\n', '']
2026-06-05 18:20:44,101 12
2026-06-05 18:20:50,025 ['False\n', '']
2026-06-05 18:20:50,025 13
2026-06-05 18:20:55,927 ['False\n', '']
2026-06-05 18:20:55,927 14
2026-06-05 18:21:02,017 ['False\n', '']
2026-06-05 18:21:02,017 58
2026-06-05 18:21:07,933 ['False\n', '']
2026-06-05 18:21:07,934 articletxt/815.txt
2026-06-05 18:21:07,936 TITLE: Understanding the role of mechanical pretreatment before anaerobic digestion: Lab-scale investigations
2026-06-05 18:21:07,936 1
2026-06-05 18:21:14,727 ['True\n', '']
2026-06-05 18:21:14,727 2
2026-06-05 18:21:21,437 ['False\n', '']
2026-06-05 18:21:21,437 3
2026-06-05 18:21:28,081 ['False\n', '']
2026-06-05 18:21:28,081 4
2026-06-05 18:21:34,852 ['False\n', '']
2026-06-05 18:21:34,852 5
2026-06-05 18:21:41,490 ['False\n', '']
2026-06-05 18:21:41,491 6
2026-06-05 18:21:48,165 ['False\n', '']
2026-06-05 18:21:48,166 7
2026-06-05 18:21:54,869 ['False\n', '']
2026-06-05 18:21:54,870 8
2026-06-05 18:22:01,518 ['False\n', '']
2026-06-05 18:22:01,518 9
2026-06-05 18:22:08,273 ['False\n', '']
2026-06-05 18:22:08,273 10
2026-06-05 18:22:15,013 ['False\n', '']
2026-06-05 18:22:15,014 11
2026-06-05 18:22:21,672 ['False\n', '']
2026-06-05 18:22:21,673 12
2026-06-05 18:22:28,384 ['False\n', '']
2026-06-05 18:22:28,384 13
2026-06-05 18:22:35,123 ['False\n', '']
2026-06-05 18:22:35,123 14
2026-06-05 18:22:41,887 ['False\n', '']
2026-06-05 18:22:41,887 58
2026-06-05 18:22:48,527 ['False\n', '']
2026-06-05 18:22:48,527 articletxt/833.txt
2026-06-05 18:22:48,530 TITLE: Enhanced mesophilic anaerobic digestion of food waste by thermal pretreatment: Substrate versus digestate heating
2026-06-05 18:22:48,530 1
2026-06-05 18:22:53,836 ['false\n', '']
2026-06-05 18:22:53,859 2
2026-06-05 18:22:59,038 ['True\n', '']
2026-06-05 18:22:59,038 3
2026-06-05 18:23:04,292 ['False\n', '']
2026-06-05 18:23:04,292 4
2026-06-05 18:23:09,452 ['False\n', '']
2026-06-05 18:23:09,453 5
2026-06-05 18:23:14,602 ['False\n', '']
2026-06-05 18:23:14,602 6
2026-06-05 18:23:19,783 ['False\n', '']
2026-06-05 18:23:19,806 7
2026-06-05 18:23:24,996 ['False\n', '']
2026-06-05 18:23:24,996 8
2026-06-05 18:23:30,210 ['False\n', '']
2026-06-05 18:23:30,233 9
2026-06-05 18:23:35,526 ['False\n', '']
2026-06-05 18:23:35,526 10
2026-06-05 18:23:40,740 ['False\n', '']
2026-06-05 18:23:40,740 11
2026-06-05 18:23:45,956 ['False\n', '']
2026-06-05 18:23:45,979 12
2026-06-05 18:23:51,126 ['False\n', '']
2026-06-05 18:23:51,126 13
2026-06-05 18:23:56,280 ['False\n', '']
2026-06-05 18:23:56,280 14
2026-06-05 18:24:01,562 ['False\n', '']
2026-06-05 18:24:01,563 58
2026-06-05 18:24:06,785 ['False\n', '']
2026-06-05 18:24:06,786 articletxt/1424.txt
2026-06-05 18:24:06,810 TITLE: Fractionation of sugarcane bagasse using hydrothermal and advanced oxidative pretreatments for bioethanol and biogas production in lignocellulose biorefineries
2026-06-05 18:24:06,810 1
2026-06-05 18:24:20,531 ['true\n', '']
2026-06-05 18:24:20,532 2
2026-06-05 18:24:34,072 ['True\n', '']
2026-06-05 18:24:34,072 3
2026-06-05 18:24:47,619 ['False\n', '']
2026-06-05 18:24:47,619 4
2026-06-05 18:25:01,274 ['False\n', '']
2026-06-05 18:25:01,274 5
2026-06-05 18:25:14,857 ['False\n', '']
2026-06-05 18:25:14,857 6
2026-06-05 18:25:28,495 ['True\n', '']
2026-06-05 18:25:28,496 7
2026-06-05 18:25:42,127 ['False\n', '']
2026-06-05 18:25:42,127 8
2026-06-05 18:25:55,741 ['True\n', '']
2026-06-05 18:25:55,742 9
2026-06-05 18:26:09,434 ['False\n', '']
2026-06-05 18:26:09,434 10
2026-06-05 18:26:23,052 ['False\n', '']
2026-06-05 18:26:23,052 11
2026-06-05 18:26:36,680 ['False\n', '']
2026-06-05 18:26:36,680 12
2026-06-05 18:26:50,299 ['False\n', '']
2026-06-05 18:26:50,300 13
2026-06-05 18:27:03,970 ['False\n', '']
2026-06-05 18:27:03,971 14
2026-06-05 18:27:17,638 ['False\n', '']
2026-06-05 18:27:17,638 58
2026-06-05 18:27:31,170 ['False\n', '']
2026-06-05 18:27:31,171 articletxt/1132.txt
2026-06-05 18:27:31,194 TITLE: Improving biogas production from different parts of spruce tree using leading pretreatments
2026-06-05 18:27:31,194 1
2026-06-05 18:27:38,752 ['True\n', '']
2026-06-05 18:27:38,752 2
2026-06-05 18:27:46,244 ['True\n', '']
2026-06-05 18:27:46,244 3
2026-06-05 18:27:53,694 ['False\n', '']
2026-06-05 18:27:53,694 4
2026-06-05 18:28:01,132 ['False\n', '']
2026-06-05 18:28:01,132 5
2026-06-05 18:28:08,638 ['False\n', '']
2026-06-05 18:28:08,638 6
2026-06-05 18:28:16,092 ['True\n', '']
2026-06-05 18:28:16,092 7
2026-06-05 18:28:23,596 ['True\n', '']
2026-06-05 18:28:23,596 8
2026-06-05 18:28:30,997 ['False\n', '']
2026-06-05 18:28:30,997 9
2026-06-05 18:28:38,570 ['True\n', '']
2026-06-05 18:28:38,570 10
2026-06-05 18:28:46,060 ['False\n', '']
2026-06-05 18:28:46,060 11
2026-06-05 18:28:53,647 ['False\n', '']
2026-06-05 18:28:53,647 12
2026-06-05 18:29:01,061 ['False\n', '']
2026-06-05 18:29:01,061 13
2026-06-05 18:29:08,496 ['False\n', '']
2026-06-05 18:29:08,497 14
2026-06-05 18:29:16,071 ['False\n', '']
2026-06-05 18:29:16,071 58
2026-06-05 18:29:23,598 ['False\n', '']
2026-06-05 18:29:23,599 articletxt/837.txt
2026-06-05 18:29:23,623 TITLE: Kinetics of thermophilic batch anaerobic digestion of thermal hydrolysed waste activated sludge
2026-06-05 18:29:23,623 1
2026-06-05 18:29:28,985 ['True\n', '']
2026-06-05 18:29:28,985 2
2026-06-05 18:29:34,274 ['True\n', '']
2026-06-05 18:29:34,274 3
2026-06-05 18:29:39,492 ['False\n', '']
2026-06-05 18:29:39,492 4
2026-06-05 18:29:44,717 ['False\n', '']
2026-06-05 18:29:44,718 5
2026-06-05 18:29:49,870 ['True\n', '']
2026-06-05 18:29:49,892 6
2026-06-05 18:29:55,090 ['False\n', '']
2026-06-05 18:29:55,090 7
2026-06-05 18:30:00,292 ['False\n', '']
2026-06-05 18:30:00,292 8
2026-06-05 18:30:05,494 ['False\n', '']
2026-06-05 18:30:05,517 9
2026-06-05 18:30:10,805 ['False\n', '']
2026-06-05 18:30:10,805 10
2026-06-05 18:30:16,008 ['False\n', '']
2026-06-05 18:30:16,010 11
2026-06-05 18:30:21,297 ['False\n', '']
2026-06-05 18:30:21,320 12
2026-06-05 18:30:26,507 ['False\n', '']
2026-06-05 18:30:26,509 13
2026-06-05 18:30:31,713 ['False\n', '']
2026-06-05 18:30:31,713 14
2026-06-05 18:30:37,079 ['False\n', '']
2026-06-05 18:30:37,101 58
2026-06-05 18:30:42,377 ['False\n', '']
2026-06-05 18:30:42,400 articletxt/1463.txt
2026-06-05 18:30:42,401 TITLE: Combined treatment of alkaline and disperser for improving solubilization and anaerobic biodegradability of dairy waste activated sludge
2026-06-05 18:30:42,401 1
2026-06-05 18:30:50,034 ['True\n', '']
2026-06-05 18:30:50,035 2
2026-06-05 18:30:57,553 ['False\n', '']
2026-06-05 18:30:57,553 3
2026-06-05 18:31:05,033 ['False\n', '']
2026-06-05 18:31:05,033 4
2026-06-05 18:31:12,549 ['False\n', '']
2026-06-05 18:31:12,549 5
2026-06-05 18:31:20,050 ['False\n', '']
2026-06-05 18:31:20,050 6
2026-06-05 18:31:27,543 ['True\n', '']
2026-06-05 18:31:27,543 7
2026-06-05 18:31:35,073 ['False\n', '']
2026-06-05 18:31:35,074 8
2026-06-05 18:31:42,551 ['False\n', '']
2026-06-05 18:31:42,551 9
2026-06-05 18:31:50,192 ['False\n', '']
2026-06-05 18:31:50,192 10
2026-06-05 18:31:57,690 ['False\n', '']
2026-06-05 18:31:57,690 11
2026-06-05 18:32:05,338 ['False\n', '']
2026-06-05 18:32:05,338 12
2026-06-05 18:32:12,814 ['False\n', '']
2026-06-05 18:32:12,814 13
2026-06-05 18:32:20,314 ['False\n', '']
2026-06-05 18:32:20,314 14
2026-06-05 18:32:27,891 ['False\n', '']
2026-06-05 18:32:27,892 58
2026-06-05 18:32:35,439 ['False\n', '']
2026-06-05 18:32:35,440 articletxt/1619.txt
2026-06-05 18:32:35,463 TITLE: TiO2 - chitosan thin film induced solar photocatalytic deflocculation of sludge for profitable bacterial pretreatment and biofuel production
2026-06-05 18:32:35,463 1
2026-06-05 18:32:42,913 ['false\n', '']
2026-06-05 18:32:42,913 2
2026-06-05 18:32:50,209 ['False\n', '']
2026-06-05 18:32:50,209 3
2026-06-05 18:32:57,436 ['False\n', '']
2026-06-05 18:32:57,436 4
2026-06-05 18:33:04,739 ['False\n', '']
2026-06-05 18:33:04,740 5
2026-06-05 18:33:12,025 ['False\n', '']
2026-06-05 18:33:12,025 6
2026-06-05 18:33:19,322 ['False\n', '']
2026-06-05 18:33:19,322 7
2026-06-05 18:33:26,573 ['False\n', '']
2026-06-05 18:33:26,573 8
2026-06-05 18:33:33,823 ['True\n', '']
2026-06-05 18:33:33,823 9
2026-06-05 18:33:41,147 ['False\n', '']
2026-06-05 18:33:41,147 10
2026-06-05 18:33:48,456 ['False\n', '']
2026-06-05 18:33:48,456 11
2026-06-05 18:33:55,838 ['False\n', '']
2026-06-05 18:33:55,839 12
2026-06-05 18:34:03,068 ['False\n', '']
2026-06-05 18:34:03,068 13
2026-06-05 18:34:10,379 ['False\n', '']
2026-06-05 18:34:10,379 14
2026-06-05 18:34:17,742 ['False\n', '']
2026-06-05 18:34:17,742 58
2026-06-05 18:34:25,051 ['False\n', '']
2026-06-05 18:34:25,052 articletxt/485.txt
2026-06-05 18:34:25,054 TITLE: Mechanical pretreatments of different agri-based feedstock in full-scale biogas plants under real operational conditions
2026-06-05 18:34:25,054 1
2026-06-05 18:34:32,409 ['True\n', '']
2026-06-05 18:34:32,409 2
2026-06-05 18:34:39,668 ['False\n', '']
2026-06-05 18:34:39,668 3
2026-06-05 18:34:46,946 ['False\n', '']
2026-06-05 18:34:46,946 4
2026-06-05 18:34:54,255 ['False\n', '']
2026-06-05 18:34:54,255 5
2026-06-05 18:35:01,546 ['False\n', '']
2026-06-05 18:35:01,546 6
2026-06-05 18:35:08,848 ['False\n', '']
2026-06-05 18:35:08,848 7
2026-06-05 18:35:16,156 ['False\n', '']
2026-06-05 18:35:16,156 8
2026-06-05 18:35:23,460 ['False\n', '']
2026-06-05 18:35:23,460 9
2026-06-05 18:35:30,755 ['false\n', '']
2026-06-05 18:35:30,755 10
2026-06-05 18:35:38,130 ['False\n', '']
2026-06-05 18:35:38,130 11
2026-06-05 18:35:45,457 ['False\n', '']
2026-06-05 18:35:45,457 12
2026-06-05 18:35:52,747 ['False\n', '']
2026-06-05 18:35:52,747 13
2026-06-05 18:36:00,035 ['False\n', '']
2026-06-05 18:36:00,035 14
2026-06-05 18:36:07,386 ['False\n', '']
2026-06-05 18:36:07,386 58
2026-06-05 18:36:14,722 ['False\n', '']
2026-06-05 18:36:14,722 articletxt/52.txt
2026-06-05 18:36:14,725 TITLE: Integration of subcritical water pretreatment and anaerobic digestion technologies for valorization of açai processing industries residues
2026-06-05 18:36:14,725 1
2026-06-05 18:36:24,387 ['True\n', '']
2026-06-05 18:36:24,387 2
2026-06-05 18:36:33,944 ['True\n', '']
2026-06-05 18:36:33,944 3
2026-06-05 18:36:43,489 ['False\n', '']
2026-06-05 18:36:43,490 4
2026-06-05 18:36:53,040 ['False\n', '']
2026-06-05 18:36:53,040 5
2026-06-05 18:37:02,564 ['False\n', '']
2026-06-05 18:37:02,564 6
2026-06-05 18:37:12,153 ['False\n', '']
2026-06-05 18:37:12,153 7
2026-06-05 18:37:21,783 ['False\n', '']
2026-06-05 18:37:21,784 8
2026-06-05 18:37:31,318 ['False\n', '']
2026-06-05 18:37:31,318 9
2026-06-05 18:37:40,951 ['False\n', '']
2026-06-05 18:37:40,952 10
2026-06-05 18:37:50,502 ['False\n', '']
2026-06-05 18:37:50,502 11
2026-06-05 18:38:00,096 ['False\n', '']
2026-06-05 18:38:00,096 12
2026-06-05 18:38:09,615 ['False\n', '']
2026-06-05 18:38:09,615 13
2026-06-05 18:38:19,247 ['False\n', '']
2026-06-05 18:38:19,247 14
2026-06-05 18:38:28,935 ['False\n', '']
2026-06-05 18:38:28,935 58
2026-06-05 18:38:38,551 ['False\n', '']
2026-06-05 18:38:38,551 articletxt/1115.txt
2026-06-05 18:38:38,575 TITLE: Synergistic pretreatment of waste activated sludge using CaO2 in combination with microwave irradiation to enhance methane production during anaerobic digestion
2026-06-05 18:38:38,575 1
2026-06-05 18:38:48,277 ['false\n', '']
2026-06-05 18:38:48,278 2
2026-06-05 18:38:57,827 ['False\n', '']
2026-06-05 18:38:57,827 3
2026-06-05 18:39:07,303 ['False\n', '']
2026-06-05 18:39:07,303 4
2026-06-05 18:39:16,836 ['False\n', '']
2026-06-05 18:39:16,836 5
2026-06-05 18:39:26,354 ['True\n', '']
2026-06-05 18:39:26,354 6
2026-06-05 18:39:35,887 ['True\n', '']
2026-06-05 18:39:35,887 7
2026-06-05 18:39:45,406 ['False\n', '']
2026-06-05 18:39:45,407 8
2026-06-05 18:39:54,932 ['True\n', '']
2026-06-05 18:39:54,933 9
2026-06-05 18:40:04,512 ['false\n', '']
2026-06-05 18:40:04,512 10
2026-06-05 18:40:14,090 ['False\n', '']
2026-06-05 18:40:14,090 11
2026-06-05 18:40:23,707 ['False\n', '']
2026-06-05 18:40:23,708 12
2026-06-05 18:40:33,238 ['False\n', '']
2026-06-05 18:40:33,238 13
2026-06-05 18:40:42,828 ['False\n', '']
2026-06-05 18:40:42,828 14
2026-06-05 18:40:52,462 ['False\n', '']
2026-06-05 18:40:52,462 58
2026-06-05 18:41:02,037 ['False\n', '']
2026-06-05 18:41:02,038 articletxt/1062.txt
2026-06-05 18:41:02,062 TITLE: Zero-valent iron enhanced methanogenic activity in anaerobic digestion of waste activated sludge after heat and alkali pretreatment
2026-06-05 18:41:02,062 1
2026-06-05 18:41:07,016 ['false\n', '']
2026-06-05 18:41:07,016 2
2026-06-05 18:41:11,819 ['True\n', '']
2026-06-05 18:41:11,820 3
2026-06-05 18:41:16,618 ['False\n', '']
2026-06-05 18:41:16,618 4
2026-06-05 18:41:21,461 ['False\n', '']
2026-06-05 18:41:21,461 5
2026-06-05 18:41:26,294 ['False\n', '']
2026-06-05 18:41:26,294 6
2026-06-05 18:41:31,087 ['False\n', '']
2026-06-05 18:41:31,087 7
2026-06-05 18:41:35,900 ['False\n', '']
2026-06-05 18:41:35,900 8
2026-06-05 18:41:40,717 ['False\n', '']
2026-06-05 18:41:40,717 9
2026-06-05 18:41:45,589 ['False\n', '']
2026-06-05 18:41:45,589 10
2026-06-05 18:41:50,406 ['False\n', '']
2026-06-05 18:41:50,406 11
2026-06-05 18:41:55,250 ['False\n', '']
2026-06-05 18:41:55,250 12
2026-06-05 18:42:00,024 ['False\n', '']
2026-06-05 18:42:00,024 13
2026-06-05 18:42:04,887 ['False\n', '']
2026-06-05 18:42:04,887 14
2026-06-05 18:42:09,829 ['False\n', '']
2026-06-05 18:42:09,830 58
2026-06-05 18:42:14,688 ['False\n', '']
2026-06-05 18:42:14,689 end
2026-06-05 18:42:14,689 5409: total time in seconds
2026-06-05 18:42:14,689 1.5027286975251304: total time in hours
2026-06-05 18:42:14,689 1.7012022990850533: time per article in minutes
