2026-06-05 15:37:33,210 start
2026-06-05 15:37:33,211 articletxt/16.txt
2026-06-05 15:37:33,211 TITLE: Mechanical pretreatment effects on macroalgae-derived biogas production in co-digestion with sludge in Ireland
2026-06-05 15:37:33,211 1
2026-06-05 15:37:43,322 ['True', '']
2026-06-05 15:37:43,322 2
2026-06-05 15:37:44,140 ['True', '']
2026-06-05 15:37:44,140 3
2026-06-05 15:37:44,907 ['True', '']
2026-06-05 15:37:44,907 4
2026-06-05 15:37:45,663 ['True', '']
2026-06-05 15:37:45,663 5
2026-06-05 15:37:46,400 ['True', '']
2026-06-05 15:37:46,400 6
2026-06-05 15:37:47,189 ['False', '']
2026-06-05 15:37:47,189 7
2026-06-05 15:37:47,988 ['True', '']
2026-06-05 15:37:47,988 8
2026-06-05 15:37:48,726 ['True', '']
2026-06-05 15:37:48,726 9
