2026-06-10 20:14:07,258 start
2026-06-10 20:14:07,258 articletxt/16.txt
2026-06-10 20:14:07,282 Title of processing article: TITLE: Mechanical pretreatment effects on macroalgae-derived biogas production in co-digestion with sludge in Ireland
2026-06-10 20:14:19,785 [2, 10, 14]
2026-06-10 20:14:19,785 
2026-06-10 20:14:19,809 articletxt/752.txt
2026-06-10 20:14:19,810 Title of processing article: TITLE: Accelerated biomethane production from lignocellulosic biomass: Pretreated by mixed enzymes secreted by Trichoderma viride and Aspergillus sp.
2026-06-10 20:14:30,183 [2, 3, 4, 5, 6, 7, 8, 9, 10, 11, 12, 13, 14, 58]
2026-06-10 20:14:30,183 
2026-06-10 20:14:30,184 articletxt/1798.txt
2026-06-10 20:14:30,184 Title of processing article: TITLE: Biological pre-hydrolysis and thermal pretreatment applied for anaerobic digestion improvement: Kinetic study and statistical variable selection
2026-06-10 20:14:39,221 [1, 2, 3, 4, 5, 6, 7, 8, 9, 10, 11, 12, 13, 14, 58]
2026-06-10 20:14:39,222 
2026-06-10 20:14:39,222 articletxt/1608.txt
2026-06-10 20:14:39,223 Title of processing article: TITLE: Enhanced digestibility and fermentability of sugarcane bagasse in biofuel production by surfactant-assisted dilute acid pretreatment
2026-06-10 20:14:48,475 [2, 3, 4, 5, 6, 7, 8, 9, 10, 11, 12, 13, 14, 58]
2026-06-10 20:14:48,475 
2026-06-10 20:14:48,476 articletxt/553.txt
2026-06-10 20:14:48,476 Title of processing article: TITLE: Comparison between ensilage and fungal pretreatment for storage of giant reed and subsequent methane production
2026-06-10 20:14:56,602 [2, 6, 7, 9, 10, 11, 12, 13, 14, 58]
2026-06-10 20:14:56,602 
2026-06-10 20:14:56,602 articletxt/1617.txt
2026-06-10 20:14:56,603 Title of processing article: TITLE: Surfactant assisted microwave disintegration of green marine macroalgae for enhanced anaerobic biodegradability and biomethane recovery
2026-06-10 20:15:03,676 [2, 5, 6, 8, 9, 10, 11, 12, 13, 14, 15]
2026-06-10 20:15:03,676 
2026-06-10 20:15:03,677 articletxt/937.txt
2026-06-10 20:15:03,677 Title of processing article: TITLE: Assessment of organosolv, hydrothermal, and combined organosolv and hydrothermal with enzymatic pretreatment to increase the production of biogas from Napier grass and Napier silage
2026-06-10 20:15:13,039 [2, 6, 7, 12, 13, 14, 15]
2026-06-10 20:15:13,039 
2026-06-10 20:15:13,039 articletxt/328.txt
2026-06-10 20:15:13,039 Title of processing article: TITLE: Prerequisite – An electrohydrolysis pretreatment for anaerobic digestion of lignocellulose waste material
2026-06-10 20:15:18,586 [2, 6, 5, 1, 10]
2026-06-10 20:15:18,586 
2026-06-10 20:15:18,586 articletxt/87.txt
2026-06-10 20:15:18,587 Title of processing article: TITLE: Mesophilic aerobic digestion: An efficient and inexpensive biological pretreatment to improve biogas production from highly-recalcitrant pinewood
2026-06-10 20:15:26,783 [2, 3, 4, 5, 6, 7, 8, 9, 10, 11, 12, 13, 14, 58]
2026-06-10 20:15:26,783 
2026-06-10 20:15:26,783 articletxt/2.txt
2026-06-10 20:15:26,784 Title of processing article: TITLE: Effect of hydrothermal pretreatment on Miscanthus anaerobic digestion
2026-06-10 20:15:33,482 [2, 6, 7, 9, 10]
2026-06-10 20:15:33,482 
2026-06-10 20:15:33,482 articletxt/625.txt
2026-06-10 20:15:33,483 Title of processing article: TITLE: Effect of ultrasonic assisted KOH pretreatment on physiochemical characteristic and anaerobic digestion performance of wheat straw
2026-06-10 20:15:40,765 [2, 3, 6, 8, 9, 10, 11, 12, 13, 14, 58]
2026-06-10 20:15:40,765 
2026-06-10 20:15:40,766 articletxt/189.txt
2026-06-10 20:15:40,766 Title of processing article: TITLE: Evaluation of hydrothermal pretreatment for biological treatment of lignocellulosic feedstock (pepper plant and eggplant)
2026-06-10 20:15:48,401 [2, 3, 4, 5, 6, 7, 8, 9, 10, 11, 12, 13, 14, 15]
2026-06-10 20:15:48,402 
2026-06-10 20:15:48,402 articletxt/1028.txt
2026-06-10 20:15:48,402 Title of processing article: TITLE: Effect of inoculum pre-treatment on mesophilic hydrogen and methane production from food waste using two-stage anaerobic digestion
2026-06-10 20:15:55,103 [2, 6, 7, 9, 10]
2026-06-10 20:15:55,103 
2026-06-10 20:15:55,104 articletxt/1293.txt
2026-06-10 20:15:55,104 Title of processing article: TITLE: Improvement of biogas production from pine wood by alkali pretreatment
2026-06-10 20:15:59,720 [2, 6, 10]
2026-06-10 20:15:59,721 
2026-06-10 20:15:59,721 articletxt/930.txt
2026-06-10 20:15:59,721 Title of processing article: TITLE: The selection of pretreatment options for anaerobic digestion (AD): A case study in olive oil waste production
2026-06-10 20:16:09,776 [1, 2, 3, 4, 5, 6, 7, 8, 9, 10, 11, 12, 13, 14, 58]
2026-06-10 20:16:09,776 
2026-06-10 20:16:09,776 articletxt/1624.txt
2026-06-10 20:16:09,777 Title of processing article: TITLE: Anaerobic bioprocessing of wastewater-derived duckweed: Maximizing product yields in a biorefinery value cascade
2026-06-10 20:16:21,403 [2, 3, 4, 5, 6, 7, 8, 9, 10, 11, 12, 13, 14, 58]
2026-06-10 20:16:21,404 
2026-06-10 20:16:21,404 articletxt/1263.txt
2026-06-10 20:16:21,405 Title of processing article: TITLE: Cleaner energy for cleaner production: Modeling and optimization of biogas generation from Carica papayas (Pawpaw) fruit peels
2026-06-10 20:16:31,362 [2, 3, 4, 5, 6, 7, 8, 9, 10, 11, 12, 13, 14, 58]
2026-06-10 20:16:31,362 
2026-06-10 20:16:31,363 articletxt/1114.txt
2026-06-10 20:16:31,363 Title of processing article: TITLE: Effect of hydrothermal pretreatment on two-stage anaerobic digestion of food waste and Enteromorpha: Digestion performance, bioenergy efficiency, and microbial community dynamics
2026-06-10 20:16:42,355 [2, 3, 4, 5, 6, 7, 8, 9, 10, 11, 12, 13, 14, 15]
2026-06-10 20:16:42,355 
2026-06-10 20:16:42,356 articletxt/1832.txt
2026-06-10 20:16:42,356 Title of processing article: TITLE: Peracetic acid pretreatment improves biogas production from anaerobic digestion of sewage sludge by promoting organic matter release, conversion and affecting microbial community
2026-06-10 20:16:52,545 [2, 3, 4, 5, 6, 7, 8, 9, 10, 11, 12, 13, 14, 58]
2026-06-10 20:16:52,545 
2026-06-10 20:16:52,545 articletxt/860.txt
2026-06-10 20:16:52,546 Title of processing article: TITLE: Evaluation of thermal, ultrasonic and alkali pretreatments on mixed-microalgal biomass to enhance anaerobic methane production
2026-06-10 20:17:00,086 [2, 3, 6, 9, 10, 11, 12, 13, 14, 58]
2026-06-10 20:17:00,086 
2026-06-10 20:17:00,086 articletxt/1127.txt
2026-06-10 20:17:00,086 Title of processing article: TITLE: Enhanced simultaneous saccharification and fermentation of Napier grass and Napier silage for two stage bio-hydrogen and methane production using organosolv and hydrothermal
2026-06-10 20:17:08,628 [2, 6, 7, 11, 14]
2026-06-10 20:17:08,628 
2026-06-10 20:17:08,629 articletxt/676.txt
2026-06-10 20:17:08,629 Title of processing article: TITLE: Improving the methane production from zucchini stem by response surface methodology and different pretreatments
2026-06-10 20:17:15,440 [2, 6, 7, 8, 9, 10, 16]
2026-06-10 20:17:15,440 
2026-06-10 20:17:15,440 articletxt/1101.txt
2026-06-10 20:17:15,441 Title of processing article: TITLE: The effects of waste-activated sludge pretreatment using hydrodynamic cavitation for methane production
2026-06-10 20:17:20,700 [2, 4, 6, 8, 10, 11, 13, 14, 58]
2026-06-10 20:17:20,722 
2026-06-10 20:17:20,724 articletxt/201.txt
2026-06-10 20:17:20,724 Title of processing article: TITLE: Conjoint effect of microwave irradiation and metal nanoparticles on biogas augmentation from anaerobic digestion of green algae
2026-06-10 20:17:26,766 [2, 6, 8, 9, 10]
2026-06-10 20:17:26,766 
2026-06-10 20:17:26,766 articletxt/1683.txt
2026-06-10 20:17:26,767 Title of processing article: TITLE: Process design and economic evaluation for methane and electricity production from Agave bagasse using different pretreatments
2026-06-10 20:17:33,389 [2, 6, 7, 8, 9, 10, 11, 12]
2026-06-10 20:17:33,389 
2026-06-10 20:17:33,389 articletxt/1117.txt
2026-06-10 20:17:33,389 Title of processing article: TITLE: Enhancing methane production from dewatered waste activated sludge through alkaline and photocatalytic pretreatment
2026-06-10 20:17:44,094 [2, 3, 4, 5, 6, 7, 8, 9, 10, 11, 12, 13, 14, 15]
2026-06-10 20:17:44,094 
2026-06-10 20:17:44,094 articletxt/105.txt
2026-06-10 20:17:44,095 Title of processing article: TITLE: Accelerated high-solids anaerobic digestion of sewage sludge using low-temperature thermal pretreatment
2026-06-10 20:17:53,669 [2, 3, 4, 5, 6, 7, 8, 9, 10, 11, 12, 13, 14, 58]
2026-06-10 20:17:53,669 
2026-06-10 20:17:53,692 articletxt/761.txt
2026-06-10 20:17:53,693 Title of processing article: TITLE: Influence of pretreatment conditions on lignocellulosic fractions and methane production from grape pomace
2026-06-10 20:18:03,278 [2, 3, 4, 5, 6, 7, 8, 9, 10, 11, 12, 13, 14, 15]
2026-06-10 20:18:03,279 
2026-06-10 20:18:03,279 articletxt/1749.txt
2026-06-10 20:18:03,279 Title of processing article: TITLE: Impact of the thermo-alkaline pretreatment on the anaerobic digestion of poly(butylene adipate-co-terephthalate) (PBAT) and poly(lactic acid) (PLA) blended plastics
2026-06-10 20:18:12,715 [2, 6, 10, 14]
2026-06-10 20:18:12,715 
2026-06-10 20:18:12,715 articletxt/1325.txt
2026-06-10 20:18:12,716 Title of processing article: TITLE: Biorefinery for efficient xanthan gum, ethanol, and biogas production from potato crop residues
2026-06-10 20:18:21,625 [2, 6, 7, 8, 9, 10, 11, 12, 13, 14, 15]
2026-06-10 20:18:21,625 
2026-06-10 20:18:21,626 articletxt/1358.txt
2026-06-10 20:18:21,626 Title of processing article: TITLE: Assess a new strategy and develop a new mixer to improve anaerobic microbial activities and clean biogas production
2026-06-10 20:18:30,062 [2, 6, 7, 11, 14]
2026-06-10 20:18:30,063 
2026-06-10 20:18:30,063 articletxt/542.txt
2026-06-10 20:18:30,063 Title of processing article: TITLE: Enhancing volatile fatty acid (VFA) and bio-methane production from lawn grass with pretreatment
2026-06-10 20:18:37,541 [1, 2, 3, 4, 5, 6, 7, 8, 9, 10, 11, 12, 13, 14, 58]
2026-06-10 20:18:37,541 
2026-06-10 20:18:37,541 articletxt/768.txt
2026-06-10 20:18:37,542 Title of processing article: TITLE: Examining the mechanisms of short-term solubilization of ground food waste for high-rate anaerobic digestion
2026-06-10 20:18:45,152 [2, 3, 4, 5, 6, 7, 8, 9, 10, 11, 12, 13, 14, 58]
2026-06-10 20:18:45,152 
2026-06-10 20:18:45,153 articletxt/1569.txt
2026-06-10 20:18:45,153 Title of processing article: TITLE: Enhancement of anaerobic digestion efficiency of wastewater sludge and olive waste: Synergistic effect of co-digestion and ultrasonic/microwave sludge pre-treatment
2026-06-10 20:18:52,878 [2, 3, 4, 5, 6, 7, 8, 9, 10, 11, 12, 13, 14, 58]
2026-06-10 20:18:52,878 
2026-06-10 20:18:52,878 articletxt/526.txt
2026-06-10 20:18:52,879 Title of processing article: TITLE: Increased solubilization of excess sludge does not always result in enhanced anaerobic digestion efficiency
2026-06-10 20:18:57,548 [2, 3, 6, 8, 9, 10]
2026-06-10 20:18:57,548 
2026-06-10 20:18:57,548 articletxt/106.txt
2026-06-10 20:18:57,548 Title of processing article: TITLE: Pretreatment of sugarcane bagasse with dilute citric acid and enzymatic hydrolysis: Use of black liquor and solid fraction for biogas production
2026-06-10 20:19:08,036 [2, 3, 4, 5, 6, 7, 8, 9, 10, 11, 12, 13, 14, 58]
2026-06-10 20:19:08,036 
2026-06-10 20:19:08,037 articletxt/588.txt
2026-06-10 20:19:08,037 Title of processing article: TITLE: Assessment of pretreatment and digestion temperature on anaerobic digestion of whiskey byproducts and microbial taxonomy
2026-06-10 20:19:19,511 [2, 3, 4, 5, 6, 7, 8, 9, 10, 11, 12, 13, 14, 58]
2026-06-10 20:19:19,511 
2026-06-10 20:19:19,512 articletxt/333.txt
2026-06-10 20:19:19,512 Title of processing article: TITLE: Chemical pretreatment of lignocellulosic agroindustrial waste for methane production
2026-06-10 20:19:32,394 [2, 6, 7, 9, 10, 13, 14, 17]
2026-06-10 20:19:32,394 
2026-06-10 20:19:32,395 articletxt/652.txt
2026-06-10 20:19:32,395 Title of processing article: TITLE: Enhanced solid-state anaerobic digestion of corn stover by alkaline pretreatment
2026-06-10 20:19:38,512 [2, 6, 12, 14]
2026-06-10 20:19:38,512 
2026-06-10 20:19:38,512 articletxt/1515.txt
2026-06-10 20:19:38,512 Title of processing article: TITLE: Effect of pretreatments on cellulosic composition and morphology of pine needle for possible utilization as substrate for anaerobic digestion
2026-06-10 20:19:46,348 [2, 6, 7, 10]
2026-06-10 20:19:46,348 
2026-06-10 20:19:46,348 articletxt/1556.txt
2026-06-10 20:19:46,349 Title of processing article: TITLE: Agave tequilana bagasse for methane production in batch and sequencing batch reactors: Acid catalyst effect, batch optimization and stability of the semi-continuous process
2026-06-10 20:19:54,059 [2, 6, 7, 11, 14]
2026-06-10 20:19:54,059 
2026-06-10 20:19:54,059 articletxt/409.txt
2026-06-10 20:19:54,060 Title of processing article: TITLE: Continuous anaerobic digestion of zucchini stem after pretreatment
2026-06-10 20:20:01,330 [2, 6, 7, 10]
2026-06-10 20:20:01,330 
2026-06-10 20:20:01,330 articletxt/815.txt
2026-06-10 20:20:01,330 Title of processing article: TITLE: Understanding the role of mechanical pretreatment before anaerobic digestion: Lab-scale investigations
2026-06-10 20:20:10,010 [2, 3, 4, 5, 6, 7, 8, 9, 10, 11, 12, 13, 14, 58]
2026-06-10 20:20:10,010 
2026-06-10 20:20:10,010 articletxt/833.txt
2026-06-10 20:20:10,011 Title of processing article: TITLE: Enhanced mesophilic anaerobic digestion of food waste by thermal pretreatment: Substrate versus digestate heating
2026-06-10 20:20:17,143 [2, 3, 4, 5, 6, 7, 8, 9, 10, 11, 12, 13, 14, 58]
2026-06-10 20:20:17,143 
2026-06-10 20:20:17,143 articletxt/1424.txt
2026-06-10 20:20:17,143 Title of processing article: TITLE: Fractionation of sugarcane bagasse using hydrothermal and advanced oxidative pretreatments for bioethanol and biogas production in lignocellulose biorefineries
2026-06-10 20:20:32,615 [2, 3, 5, 7, 9, 10, 11, 13, 14, 17]
2026-06-10 20:20:32,615 
2026-06-10 20:20:32,615 articletxt/1132.txt
2026-06-10 20:20:32,616 Title of processing article: TITLE: Improving biogas production from different parts of spruce tree using leading pretreatments
2026-06-10 20:20:41,509 [2, 6, 7, 10, 11]
2026-06-10 20:20:41,509 
2026-06-10 20:20:41,510 articletxt/837.txt
2026-06-10 20:20:41,510 Title of processing article: TITLE: Kinetics of thermophilic batch anaerobic digestion of thermal hydrolysed waste activated sludge
2026-06-10 20:20:48,171 [2, 6, 8, 10, 14]
2026-06-10 20:20:48,171 
2026-06-10 20:20:48,172 articletxt/1463.txt
2026-06-10 20:20:48,172 Title of processing article: TITLE: Combined treatment of alkaline and disperser for improving solubilization and anaerobic biodegradability of dairy waste activated sludge
2026-06-10 20:20:57,678 [2, 3, 4, 5, 6, 7, 8, 9, 10, 11, 12, 13, 14, 58]
2026-06-10 20:20:57,678 
2026-06-10 20:20:57,679 articletxt/1619.txt
2026-06-10 20:20:57,679 Title of processing article: TITLE: TiO2 - chitosan thin film induced solar photocatalytic deflocculation of sludge for profitable bacterial pretreatment and biofuel production
2026-06-10 20:21:07,122 [1, 2, 3, 4, 5, 6, 7, 8, 9, 10, 11, 12, 13, 14, 58]
2026-06-10 20:21:07,122 
2026-06-10 20:21:07,123 articletxt/485.txt
2026-06-10 20:21:07,123 Title of processing article: TITLE: Mechanical pretreatments of different agri-based feedstock in full-scale biogas plants under real operational conditions
2026-06-10 20:21:16,438 [2, 3, 4, 5, 6, 7, 8, 9, 10, 11, 12, 13, 14, 58]
2026-06-10 20:21:16,438 
2026-06-10 20:21:16,438 articletxt/52.txt
2026-06-10 20:21:16,439 Title of processing article: TITLE: Integration of subcritical water pretreatment and anaerobic digestion technologies for valorization of açai processing industries residues
2026-06-10 20:21:28,125 [2, 3, 4, 5, 6, 7, 8, 9, 10, 11, 12, 13, 14, 15]
2026-06-10 20:21:28,125 
2026-06-10 20:21:28,126 articletxt/1115.txt
2026-06-10 20:21:28,126 Title of processing article: TITLE: Synergistic pretreatment of waste activated sludge using CaO2 in combination with microwave irradiation to enhance methane production during anaerobic digestion
2026-06-10 20:21:39,784 [2, 3, 4, 5, 6, 7, 8, 9, 10, 11, 12, 13, 14, 15]
2026-06-10 20:21:39,784 
2026-06-10 20:21:39,785 articletxt/1062.txt
2026-06-10 20:21:39,785 Title of processing article: TITLE: Zero-valent iron enhanced methanogenic activity in anaerobic digestion of waste activated sludge after heat and alkali pretreatment
2026-06-10 20:21:46,144 [2, 6, 8, 9, 10, 11, 13]
2026-06-10 20:21:46,145 
2026-06-10 20:21:46,145 end
2026-06-10 20:21:46,145 458: total time in seconds
2026-06-10 20:21:46,145 0.12746853477425046: total time in hours
2026-06-10 20:21:46,145 0.14430400163122695: time per article in minutes
