2026-05-29 17:01:16,134 HTTP Request: POST http://127.0.0.1:11434/api/generate "HTTP/1.1 200 OK"
2026-05-29 17:01:16,135 70 seconds of runtime
2026-05-29 17:01:16,135 Thinking Process:

1.  **Analyze the Request:**
    *   Input: A text description of a Hollander beater mechanical pretreatment process (id 0).
    *   Input: A list of 14 questions (qid) with specific criteria for determining if the description fits the question's criteria.
    *   Input Note: "You must identify the treatment from the questions provided above, it is possible that the description doesnt fit any questions."
    *   Output Constraint: "ONLY answer with the qid of the question and nothing else".
    *   Exception: "if the description doesn't fit any questions answer with -1".
    *   Context: Anaerobic digestion pretreatment.

2.  **Analyze the Description (id 0):**
    *   **Device:** Hollander beater mechanical pretreatment using a modified Hollander beater model (Reina).
    *   **Components:** Elliptic water raceway, bladed drum rotating at 580 RPM.
    *   **Mechanism:** Bed-plate with sharp grooves under the rotating wheel. Exercise cutting action. High pressure and speed reach under the drum beat the mixture.
    *   **Effects:** Reduces particle sizes, increases specific surface area. Facilitates digestion.

3.  **Analyze the Questions (Qid):**
    *   Qid 1: Does it mechanically alter the substrate (size reduction, disruption)? -> Yes, explicitly mentions "cutting action", "bladed drum", "reduces particle sizes".
    *   Qid 2: Does it describe thermal pretreatment? -> No (no heat mentioned).
    *   Qid 3: Ultrasound? -> No.
    *   Qid 4: Pressure-based pretreatment (excluding hydrothermal)? -> It mentions high pressure, but explicitly says "bladed drum rotating...". High pressure is a mechanical parameter but the core description is mechanical beater. However, "high pressure" is explicitly mentioned in the text ("high pressure and speed reach under the drum beat the mixture"). But Qid 1 is a stronger fit because it describes the *methodology* of mechanical treatment (Hollander beater) which inherently creates shear and pressure, but Qid 4 asks about *pressure-based pretreatment* specifically. Let's re-read Qid 4: "pressure-based pretreatment on a substrate (for example but not only: high-pressure homogenisation, pressure shock treatment, hydrodynamic cavitation, mechanical jet)". This fits the description. But does it explicitly describe *use* of pressure *as a pretreatment*? Yes, the beater works with high pressure. However, usually, Qid 1 is the primary match for "mechanical pretreatment". Let's look for the *best* match.
        *   Qid 1 asks about "mechanical treatment (e.g., grinding, milling, shredding, mixing, physical disruption, or similar)". The description fits "grinding, milling, shredding" (particle size reduction, cutting action, bed-plate grooves).
        *   Qid 4 asks about "pressure-based pretreatment". The text mentions "high pressure" but focuses on the mechanical action of the drum and raceway.
        *   The prompt asks "identify the treatment from the questions provided above". It implies I need to choose the question where the description fits. If multiple fit, pick one. Or if it fits one, answer that qid. The instruction says "ONLY answer with the qid of the question and nothing else". Usually in these types of tasks (classification), I need to find *the* question that matches best.
        *   Let's check Qid 1 again. "Identify any mechanical treatment... confirm... confirm it is a direct mechanical desintegration effect and not an indirect effect... exclude... pressure... Answer 'true' if conditions are met". Wait, the Qid 1 instruction block seems to contain the reasoning instruction for Qid 1, but the format provided in the prompt is "Does the methodology explicitly describe...".
        *   Actually, looking closely at the prompt structure:
            *   There is an intro: "the treatment described above refers to a treatment identified in a scientific article in the context of anaerobic digestion."
            *   Then there is a block with Qid 1 through Qid 14. Each has a question and instruction (for some).
            *   The prompt says: "identify the treatment from the questions provided above". It implies one of these questions is the correct classification or the description fits *one of these criteria*.
            *   Wait, reading the instruction: "if the description doesn't fit any questions answer with -1".
            *   This is a classification task. Usually, these tasks are binary (yes/no) or asking to select the specific question number that matches the description based on a specific logic provided in the Qid's instruction.
            *   Let's look at the format again.
            *   Qid 1: Instruction "Instructions for reasoning...". Then the question "Does the methodology explicitly describe...".
            *   Qid 2: ...
            *   The user wants me to determine which of the provided qids the description matches.
            *   Wait, the instruction says "identify the treatment from the questions provided above". This suggests I should pick the qid(s) that apply. However, the output constraint is "ONLY answer with the qid of the question and nothing else".
            *   In previous examples of similar prompts (often used in data annotation or classification), typically one qid is expected if the description is intended to match *one* specific criterion.
            *   Let's evaluate which qid is most accurate based on the description provided.
            *   Description: "A Hollander beater mechanical pretreatment... equipment... rotating wheel... bladed drum... cuting action... bed-plate with sharp grooves... reduces particle sizes...".
            *   Qid 1: "Does the methodology explicitly describe any physical process that mechanically alters the substrate (e.g., size reduction, structural disruption or similar)? Instructions for reasoning: 1.Identify any mechanical treatment... 2. Confirm... 3. Confirm it is a direct mechanical desintegration effect... 4. exclude freezing, or pressure to separate phases if that is the identified method 5.Answer 'true' if conditions are met, otherwise 'false'".
            *   Qid 2: Thermal? No.
            *   Qid 3: Ultrasound? No.
            *   Qid 4: Pressure-based (excluding hydrothermal)? Yes, mentions high pressure. But Qid 4 instructions are specific: "pressure-based pretreatment... not pressure generated incidentally by heating...". The text mentions high pressure but also mentions the Hollander beater as the *method*.
            *   Qid 5: Direct electrical application? No.
            *   Qid 6-13: Chemical/Enzyme/Microbial/External organic/etc.
            *   Qid 14: External organic material? No.

            *   The most specific fit is Qid 1. Why?
                *   It asks about "mechanical treatment... size reduction...".
                *   The text says: "reduces particle sizes... facilitated digestion".
                *   It says: "bladed drum... exercise a cutting action".
                *   It says: "high pressure" is part of the mechanism ("high pressure and speed reach under the drum").
            *   Does it fit Qid 4? The instruction for Qid 4 excludes "pressure generated incidentally by heating". It says "Do not consider drying as a valid pretreatment" (Qid 2).
            *   However, Qid 1 is the standard "Yes/False" for mechanical pretreatment identification. Qid 1 has reasoning instructions in the text provided *after* the question title "Does the methodology explicitly describe...". Actually, looking at the text, the text block for Qid 1 contains the reasoning instructions for *me* (the model) to solve the question if I were evaluating it. Wait, no. The text inside the JSON for Qid 1 includes: "Instructions for reasoning: 1... 2... 3... 4... 5... Answer 'true'...".
            *   Okay, Qid 1 is designed to handle "mechanical pretreatment".
            *   The description describes exactly a Hollander beater (mechanical pretreatment) that mechanically alters the substrate (particle size reduction).
            *   Therefore, Qid 1 is the correct tag. The other qids (2-14) describe thermal, ultrasound, electrical, chemical, etc. which are NOT described here.
            *   Wait, I need to check if the prompt implies multiple answers. "You must identify the treatment from the questions provided above". Usually means pick the one that applies.
            *   If the description fits Qid 1 perfectly, I should output 1.
            *   Does it fit Qid 4? "Does the methodology explicitly describe the use of pressure-based pretreatment". The text says "high pressure and speed". It does mention pressure. But the primary mechanism described in the *entirety* of the text is "mechanical pretreatment" (Hollander beater). Qid 1's reasoning is "Identify any mechanical treatment". This is the most direct fit.
            *   Why Qid 1 over Qid 4? Qid 4 specifically excludes "pressure generated incidentally by heating". While the text says "high pressure", the context is the *beater* mechanism. Qid 1 asks about mechanical treatment (size reduction, structural disruption). This is the core definition.
            *   Actually, looking at the instruction for the output: "ONLY answer with the qid of the question and nothing else".
            *   If I look at the format of other qids, they are just the question text + instruction block inside the JSON. I need to select the ID.
            *   The prompt asks me to identify the treatment. I should select the qid that corresponds to the treatment described.
            *   The text is clearly mechanical.
            *   Qid 1 is the one describing mechanical treatment (size reduction, cutting action).
            *   Therefore, the answer is 1.

4.  **Verify Constraints:**
    *   "ONLY answer with the qid of the question and nothing else".
    *   Output: "1" (or "-1" if no fit).
    *   Fits: Qid 1.

    Wait, let's double check Qid 1's instructions.
    "Instructions for reasoning: 1. Identify any mechanical treatment... 2. Confirm... 3. Confirm it is a direct mechanical desintegration effect... 4. exclude freezing, or pressure to separate phases if that is the identified method 5. Answer 'true' if conditions are met, otherwise 'false' "
    Wait, looking at the Qid text structure provided in the prompt:
    `[{'qid': 1, 'question': "...", 'question text is wrapped... '
    Wait, the text I see for Qid 1 is:
    `'qid': 1, 'question': "Does the methodology explicitly describe any physical process that mechanically alters the substrate (e.g., size reduction, structural disruption or similar)? Instructions for reasoning: 1.Identify any mechanical treatment (e.g., grinding, milling, shredding, mixing, physical disruption, or similar) applied to the substrate. 2. Confirm that the mechanical treatment is applied to the substrate and not to the inoculum or for analytical characterization. 3. confirm it is a direct mechanical desintegration effect and not an indirect effect from other procedure such as ultrasounds, pressure or similar 4. exclude freezing, or pressure to separate phases if that is the identified method 5.Answer 'true' if conditions are met, otherwise 'false' "`
    This looks like a prompt where Qid 1 *is* the instruction for evaluating the description.
    However, my task is to select which of the provided questions (1, 2, 3...) the description fits.
    Wait, the instructions say "identify the treatment from the questions provided above". This usually means I should select the qid that matches the description best.
    If the description matches Qid 1's criteria (Mechanical treatment, size reduction), I answer 1.

    Does it match Qid 4's criteria?
    Does it explicitly describe the use of pressure-based pretreatment? Yes ("high pressure").
    However, Qid 1 is the broader definition of mechanical pretreatment (Hollander beater).
    Usually in this dataset context (likely related to classification of pretreatment methods), "Mechanical" is Qid 1. "Thermal" is Qid 2. "Chemical" is Qid 6, 10. "Enzymatic" is Qid 11. "Physical" (Pressure) might be Qid 4.
    Let's check Qid 1's instruction again. It asks "Does the methodology explicitly describe...".
    The description *describes* a Hollander beater which is a mechanical pretreatment. It fits Qid 1 perfectly.
    Does it fit Qid 4 better? Qid 4 asks "Does the methodology explicitly describe the use of pressure-based pretreatment...". While pressure is there, the method is "Hollander beater".
    However, Qid 1 covers the "mechanical treatment... size reduction...".
    Qid 1 is the most descriptive of the mechanism described ("cutting action", "particle sizes").
    Therefore, Qid 1 is the correct classification.

    Wait, I need to check if there's any nuance where Qid 4 is *wrong* because of the "high pressure" part?
    Qid 4 instructions: "pressure-based pretreatment... (for example but not only: high-pressure homogenisation, pressure shock treatment, hydrodynamic cavitation, mechanical jet)".
    The text says "high pressure and speed reach under the drum". This sounds like pressure.
    However, Qid 1's instruction says "Answer 'true' if conditions are met...".
    If the description fits *both*, usually the most general/mechanical definition is preferred or it depends on the dataset convention.
    But wait, the prompt says "identify the treatment from the questions provided above". Singular. "the treatment".
    If I have to choose one, Qid 1 is the "Mechanical Pretreatment" category header. Qid 4 is a subset (Pressure).
    However, the text explicitly mentions "mechanical pretreatment" and "Hollander beater".
    Let's look at the reasoning in Qid 1: "Instructions for reasoning...".
    Wait, the prompt *gives* me the text of Qid 1 as well.
    Qid 1 text: "Does the methodology explicitly describe any physical process that mechanically alters the substrate...".
    This is the *target* question.
    I need to check if the description fits Qid 1.
    Description: "A Hollander beater mechanical pretreatment... bladed drum... rotating... cuting action... reduces particle sizes...".
    Qid 1 Question: "Does the methodology explicitly describe any physical process that mechanically alters the substrate (e.g., size reduction, structural disruption or similar)?"
    Match: YES. (Size reduction, cutting action).
    Does it fit Qid 2 (Thermal)? No.
    Does it fit Qid 3 (Ultrasound)? No.
    Does it fit Qid 4 (Pressure)? "high pressure" is mentioned.
    Does it fit Qid 14 (External organic material)? No.
    
    Okay, Qid 1 is the primary match for "Mechanical Pretreatment". Qid 4 might also apply technically, but Qid 1 is the general category and explicitly covers "size reduction, structural disruption" which is the core of the Hollander beater description (reduces particle size).
    Usually, in these tasks, Qid 1 is the "Mechanical" label. Qid 2 is "Thermal", Qid 6 is "Chemical", Qid 11 is "Enzymatic".
    If I can only pick one, Qid 1 is the correct one.

    Wait, I must check if the output should be the qid string or just the number. "ONLY answer with the qid of the question".
    I will output the number.

    Wait, I need to check if I should output the text "qid of the question" or just the number. "qid of the question" usually means the integer identifier (e.g., 1).
    However, the prompt says "ONLY answer with the qid of the question".
    In previous similar interactions (few-shot examples I can't see but infer from common behavior), if it's just Qid 1, I write "1".

    Wait, I need to check if there are any other potential matches.
    Qid 5: Direct electrical application. No (electricity used to run drum, but not direct application for pretreatment in the sense of heating/irradiation/electrolysis).
    Qid 6-13: Chemical, Fungi, Microbial. None described.
    Qid 14: External organic material. No.

    So it's between Qid 1 and Qid 4.
    Qid 1 covers "mechanical treatment (e.g., grinding, milling, shredding, mixing, physical disruption, or similar)".
    The text says "Hollander beater... mechanical pretreatment... bladed drum... exercise a cutting action... reduces particle sizes...".
    This fits Qid 1's example: "milling, shredding, physical disruption".
    Does it fit Qid 4? Qid 4 asks about "pressure-based pretreatment". The text says "high pressure".
    However, Qid 4's instructions exclude "pressure generated incidentally by heating...". The text mentions "high pressure" alongside "speed" and "mechanical".
    Usually, mechanical pretreatment is classified under Qid 1. Pressure is a parameter.
    Let's assume Qid 1 is the intended answer as it describes the "mechanical pretreatment" nature explicitly.
    Also, Qid 1 asks "Does the methodology explicitly describe...".
    The description explicitly says "mechanical pretreatment using a modified Hollander beater". This matches Qid 1 perfectly.
    Qid 4 is also a yes, but Qid 1 is the broader fit for the "methodology... mechanical".
    Wait, looking at the instruction "If the description doesn't fit any questions answer with -1".
    It seems Qid 1 is the best fit.

    Wait, I should check if the text explicitly mentions "pressure-based pretreatment" as a distinct category in the context of the questions.
    Qid 1 asks "Does the methodology explicitly describe any physical process that mechanically alters the substrate...".
    Qid 2 asks "Does the methodology explicitly describe the use of thermal pretreatment...".
    Qid 4 asks "Does the methodology explicitly describe the use of pressure-based pretreatment...".
    The text describes the mechanism (Hollander beater) which creates pressure/shear.
    However, in standard classification schemas for these datasets (like "anaerobic digestion pretreatment classification"), Mechanical pretreatment is often mapped to Qid 1.
    Let's look for clues in the reasoning instructions for Qid 1.
    "1. Identify any mechanical treatment... 2. Confirm... 3. confirm it is a direct mechanical desintegration effect...".
    Since this instruction block is *part* of the Qid text provided, Qid 1 is specifically designed to process this type of description (mechanical).
    Qid 4 instruction block is also specific.
    However, Qid 1 is the "Primary" mechanical classification.
    Given the description details size reduction and cutting action, Qid 1 is the strongest semantic match.

    Final check: Output format. "ONLY answer with the qid of the question and nothing else".
    So I will output "1".
    Wait, should I output the full text of the qid? No, just the id.
    Wait, I need to make sure I don't include the qid text like "Question: 1". Just the integer.

    Wait, looking at the user prompt again. "identify the treatment from the questions provided above".
    "it is possible that the description doesnt fit any questions."
    "If the description doesn't fit any questions answer with -1".
    Since it definitely fits Qid 1, I output 1.

    Wait, is there any chance I should output the question text of Qid 1?
    "ONLY answer with the qid of the question". Usually implies the number or the identifier.
    In this context, "qid" refers to the key. So `1`.
    Wait, sometimes these requests want the label.
    Okay, I'll stick with the number.

    Wait, I need to check if Qid 1's question text is the one I should output? No, "qid of the question".
    Okay.

    One more check: Does the description explicitly describe *pressure-based* pretreatment?
    "high pressure and speed reach under the drum beat the mixture".
    The text says "high pressure... reach under the drum".
    The description does mention pressure.
    However, does it describe "pressure-based pretreatment"?
    Qid 4 asks: "Does the methodology explicitly describe the use of pressure-based pretreatment on a substrate...".
    If the primary classification is Mechanical, Qid 1 is often the preferred label in these taxonomies (e.g., "Mechanical" vs "Thermal").
    If I check the reasoning in Qid 1: "Instructions for reasoning...". It seems Qid 1 is the specific question for "Mechanical Treatment" identification.
    So I select 1.
2026-05-29 17:01:16,136 1
