2026-05-29 16:53:52,961 articletxt/16.txt
2026-05-29 16:53:52,962 TITLE: Mechanical pretreatment effects on macroalgae-derived biogas production in co-digestion with sludge in Ireland Title of processing article
2026-05-29 16:55:27,540 HTTP Request: POST http://127.0.0.1:11434/api/generate "HTTP/1.1 200 OK"
2026-05-29 16:55:27,542 94 seconds of runtime
2026-05-29 16:55:27,542 The user wants me to identify all pretreatments applied to the substrates (seaweed biomass and sludge) based on the provided text, considering only the methodology section and focusing on actions that affect substrate properties (excluding drying, washing, and freezing for storage).

1.  **Analyze the text for specific pretreatment actions:**
    *   **Introduction:** Mentions "In this study indigenous Irish seaweeds have been considered as substrate for pretreatment prior to anaerobic digestion." Mentions "A pretreatment phase is generally necessary to break down the crystalline structure of any type of plant biomass". It also mentions "milling aims instead at reducing the particle sizes". Later it says "The Hollander beater has never been used as mechanical pretreatment machine on seaweed biomass." and mentions it "was applied to seaweed biomass in batch mode". This implies the Hollander beater is the mechanical pretreatment for the algae.
    *   **2.1 Pretreatment machine characteristics:** "The machine is made of an elliptic water raceway equipped with a bladed drum spinning at 580 RPM." "blades and grooves exercise a cutting action". "High pressure and speed reached under the drum beat the mixture."
    *   **2.2 Feedstock composition:** No pretreatment here.
    *   **2.3 Inoculum:** No pretreatment here.
    *   **2.4 Bioreactors preparation:** Mentions nitrogen flushing, water-baths. Not a pretreatment for the substrate.
    *   **2.5 Experimental methodologies:**
        *   **Experiment 1:** "The machine was fed using 1 kg wet of each spp. of macroalgal biomass... 1 kg wet of each spp... After 10 min of pretreatment, each treated reactor is prepared with 200 ml of algal pulp... with 200 ml of sludge." The machine action is clear (Hollander beater).
        *   **Experiment 1:** "The machine was fed using 1 kg wet of each spp. of macroalgal biomass and 20 L of water... The machine was fed using 1 kg wet of each spp... After 10 min of pretreatment, each treated reactor is prepared with 200 ml of algal pulp...".
        *   **Experiment 1:** "The water-bath temperature was set at 37 °C throughout the fermentation."
        *   **Experiment 2:** "The pretreatment was carried out on 1.6 kg of wet biomass with 20 L of water." (This confirms the Hollander beater again).
        *   **2.4 Bioreactors preparation:** Mentions flushing nitrogen, water-baths. Not a pretreatment for substrate.
        *   **2.6 Design of experiment:** Mentions DOE (Box-Behnken design).
    *   **3.2 Model estimation:** Mentions "The experimental set up... biogas analyser...".
    *   **3.1 Biogas production:** "Results of the biogas collections... are presented in Table 3". "The machine was fed using 1 kg wet of each spp. of macroalgal biomass... After 10 min of pretreatment, each treated reactor is prepared with 200 ml of algal pulp...".
    *   **3.3 Biogas yield's optimisation:** Discusses DOE and RSM.
    *   **3.4 Energy balance evaluation:** Discusses energy consumption.
    *   **Conclusion:** Summarizes findings.

2.  **Distinguish pretreatments from other actions:**
    *   The text explicitly mentions "pretreatment machine characteristics" for the Hollander beater.
    *   It mentions "milling" in general context in the Introduction ("The extent of the inhibition depends on the type of substrate. Milling aims instead at reducing the particle sizes and leads to an increase of specific surface area available to microorganisms."). However, in the "Materials and methods", the *specific* treatment applied to the seaweed is the "Hollander beater".
    *   The text compares the Hollander beater to "thermal pretreatment" (mentioned generally in literature) and "milling" (mentioned as the most used mechanical technique).
    *   The study *specifically* tested "a Hollander beater pretreatment". The question asks for pretreatments *identified* in this article. The article is about the effects of mechanical pretreatment using a Hollander beater on macroalgae.
    *   There is mention of "sludge" as an inoculum and substrate for digestion, but pretreatments are mentioned for sludge in the literature context (e.g., "chemical and thermal treatments are mainly used... Neyens et al... hydrogen peroxide... Appels et al... ultrasound"). However, the question asks for pretreatments *applied to the substrates* in *this* study (mechanical pretreatment effects on macroalgae).
    *   Wait, I need to check if the text describes any *other* specific pretreatments applied in this specific study.
    *   In 2.1 it says: "The pre-treatment machine consists of a modified Hollander beater...".
    *   In 2.2 it describes feeding.
    *   In 2.4 it describes bioreactor prep (flushing).
    *   In 2.5 it describes fermentation conditions.
    *   It does NOT mention "ultrasound", "chemical (H2O2, lime, etc)", or "thermal" specific treatment for the algae in *this* study. It only mentions the Hollander beater.
    *   However, the text mentions "thermal pretreatment is very effective at enhancing both biogas yields and methane production, however due to its high temperature requirements... Milling aims instead at reducing the particle sizes and leads to an increase of specific surface area available to microorganisms...". These are general statements, not necessarily treatments performed *in this study*. The prompt asks to "Identify ALL the different pretreatments applied to the substrates, by consider ALL actions applied that affect the properties of the substrates, even if not mentioned as a pretreatment... Do not include drying, washing and freezing for storage." and "Group all variations of the same pretreatment type into a SINGLE entry".
    *   Does the study perform drying, washing, or freezing? No.
    *   Does the study perform thermal pretreatment? No.
    *   Does the study perform milling? No, the study specifically used the Hollander beater.
    *   Are there variations of the Hollander beater treatment mentioned in the DOE section? Yes, "Beating Time (BT) of treated biomass" levels: 0, 5, 10 min. "Level 0... untreated biomass." "Level 5... treated for 5 min". "Level 10... treated for 10 min". This is a variation of the pretreatment condition (beating time), but it's still the same *type* of pretreatment (Hollander beater mechanical pretreatment).
    *   So, the only specific pretreatment *action* identified is the **Hollander beater** (commination/mechanical comminution). The variable is the *time* of beating.
    *   Is there any other pretreatment mentioned? "Inoculum" (sludge) acts as a starter, not a pretreatment for the algae.
    *   There is a mention of "co-digestion with sludge". Sludge has pathogens reduced by "thermal treatment" in the literature review context but sludge was used as inoculum.
    *   So, strictly speaking, for the *substrates* (seaweed), the treatment performed is **Hollander beater**.
    *   Are there different pretreatment *types* described as being *applied*?
        *   The text states: "This paper investigates the improvements provided by a Hollander beater pretreatment."
        *   It compares treated vs untreated.
        *   It compares Laminaria vs others.
        *   It does not describe applying chemical (pH, enzymes) or thermal (high temp) or physical (milling, ultrasound) to the seaweed in the methodology for this study. It *is* about mechanical pretreatment using the Hollander beater.
    *   However, looking at the methodology: "The machine was fed using 1 kg wet... After 10 min of pretreatment, each treated reactor is prepared...".
    *   So the "type" is **Mechanical comminution (Hollander beater)**.
    *   Is there any other? No.
    *   Wait, the prompt asks to "Identify ALL the different pretreatments applied to the substrates". If the article only discusses one specific machine, then there is only one pretreatment type.
    *   However, I need to check if there are variations described as "different pretreatments".
    *   Section 2.1: "The pre-treatment machine consists of a modified Hollander beater...".
    *   Section 2.5: "The machine was fed using... After 10 min of pretreatment...".
    *   Section 2.6: "Level 0 of factor BT represents untreated biomass... Level 5... treated for 5 min... Level 10... treated for 10 min".
    *   Section 3.3: "The numerical solutions identified by design-expert were... BT = 10 min...".
    *   Section 3.4: "Energy balance assessment... at the optimum condition found in the RSM which is sample 12 (10 min)."
    *   So, the treatment is consistently "Hollander beater".
    *   Are there variations like "low frequency ultrasound treatment" (mentioned in literature review by Appels et al. in 2.3)? The text mentions Appels et al. [32] in the context of sludge ultrasound. "Sludge's particles disintegration was efficiently achieved by Appels et al. [32] with 40% extra biogas obtained for low frequency ultrasound treatment at 37 °C." This is cited for sludge, not algae.
    *   The study focuses on **Hollander beater**.
    *   Are there any *other* actions mentioned as a treatment *during sample preparation* that could be considered a pretreatment?
        *   2.2: "algal biomass has been collected... treated the same day".
        *   2.4: "flushed for 2 min... nitrogen...". Not a pretreatment for the biomass properties affecting digestibility, just cleaning.
        *   2.5: "The moisture content of both untreated and treated material has been calculated... drying random weights... drying 200 ml of macralgal pulp... at 105 °C...". Wait. "The drying was performed at 105 °C...". This is the method to determine moisture content, not to *treat* the algae to pretreat it before digestion (unless the drying is part of the process, but the prompt says "Do not include drying, washing and freezing for storage." in the context of identifying *pretreatments*). The prompt asks for pretreatments *applied to the substrates* to improve them. Drying for storage is excluded. The drying at 105°C to calculate moisture is a measurement method, not a pretreatment.
    *   So the only pretreatment is the **Hollander beater comminution/mechanical**.
    *   Wait, does the text describe "co-composting" or similar? No.
    *   Does it describe "ultrasound"? No, that's for sludge.
    *   So, is the answer just one pretreatment?
    *   Yes, the Hollander beater mechanical pretreatment.
    *   Wait, I need to be careful. The prompt says "Identify ALL the different pretreatments applied to the substrates, by consider ALL actions applied that affect the properties of the substrates, even if not mentioned as a pretreatment".
    *   Actions applied to substrates (excluding drying/washing/freezing):
        *   Mechanical comminution (Hollander beater).
    *   Are there variations mentioned as different types? "Level 0... untreated". "Level 5... treated 5 min". "Level 10... treated 10 min". These are variations of the *same* pretreatment type (Hollander beater) under different time conditions. So I should group them.
    *   Wait, is "Level 0" considered a pretreatment? No, it's untreated. The prompt asks for *pretreatments applied*.
    *   So, only "Hollander beater mechanical pretreatment".
    *   Wait, is there any other machine mentioned? "The machine is made of an elliptic water raceway".
    *   Is there any other chemical treatment? "Chemical and thermal treatments are mainly used for dewaterability...". No, the study didn't use them.
    *   Wait, I missed one thing. In 2.3, "A 25 L tank of sludge was collected...". This is the inoculum, not the substrate pretreatment.
    *   In 2.5, "The purpose of the first experiment is to identify whether a benefit in treating the material exists... The machine was fed using 1 kg wet of each spp. of macroalgal biomass...".
    *   Is there any mention of "pasting" or "pre-grating"? The text says "milling aims instead at reducing the particle sizes...". The study used the Hollander beater (which is a type of milling/breaking).
    *   So, "Hollander beater" is the specific machine name used.
    *   I should check if there are multiple distinct pretreatments mentioned as being *tested* in the study.
    *   The text says "A pretreatment phase is generally necessary... In this study indigenous Irish seaweeds have been considered as substrate for pretreatment prior to anaerobic digestion." Then "This paper investigates the improvements provided by a Hollander beater pretreatment." Then "In this study it has been applied to seaweed biomass in batch mode." Then "The energy balance assessment...". Then "2.1... Hollander beater...".
    *   So, the only pretreatment applied *in this study* is the Hollander beater.
    *   However, looking at the "Rules": "Group all variations of the same pretreatment type into a SINGLE entry, Do NOT split a pretreatment type into multiple entries based on minor condition changes."
    *   This implies if "Hollander beater" is applied at different times (10 min, 5 min), it's still the same pretreatment type, so one entry for "Hollander beater".
    *   Wait, what if the "sludge" pretreatment (chemical/thermal) is considered? The text mentions sludge in the context of sludge digestion, but in 2.3, sludge is the inoculum. In 2.5, it says "Inoculum Digester sludge...". It does not mention applying sludge pretreatments to the seaweed. It mentions "co-digestion with sludge". So sludge is not a pretreated substrate for the seaweed.
    *   Wait, is there any mention of "drying"? "The moisture content of both untreated and treated material has been calculated... drying random weights... drying 200 ml of macralgal pulp in both the experiments." "The moisture content of untreated samples is a weighted average determined by drying random weights." This is a measurement step to calculate moisture content, not a pretreatment to degrade structure before digestion (except for the Hollander beater which mechanically breaks).
    *   So, "Drying" is explicitly excluded by the rules ("only exclude... drying").
    *   So, just "Hollander beater".
    *   Is it possible the user wants me to identify the general category "mechanical pretreatment" as well as the specific machine?
    *   The text says "This paper investigates the improvements provided by a Hollander beater pretreatment."
    *   So, description should focus on the Hollander beater.
    *   Are there any other actions? "flushed for 2 min into the reactors to clear up any residual trace of oxygen". This is reactor prep, not substrate pretreatment.
    *   So, only "Hollander beater".
    *   Wait, looking closely at the text: "The machine is made of an elliptic water raceway equipped with a bladed drum spinning at 580 RPM... A bed-plate with sharp grooves is located under the rotating wheel...". This describes the machine.
    *   "milling" is mentioned as a general technique in the introduction ("The most used mechanical technique is milling"). "However, milling has high energy requirements...". The study used the Hollander beater instead of milling (since it says "The Hollander beater has never been used as mechanical pretreatment machine on seaweed biomass").
    *   So, the study only applies the Hollander beater.
    *   So there is only one pretreatment type.
    *   Wait, is there any variation in the *description* of the pretreatment?
    *   "Hollander beater pretreatment".
    *   Is there any other? No.
    *   Wait, I need to check if "co-digestion" with sludge counts as a pretreatment? No, co-digestion is the process.
    *   So, the result should be a list containing one pretreatment: The Hollander beater.
    *   Let me double check if the text mentions "pasting" or "pre-digestion" or "pre-treatment" that could be considered *another* type applied.
    *   "The Hollander beater has never been used as mechanical pretreatment machine on seaweed biomass... in this study it has been applied to seaweed biomass...".
    *   Okay, so it's definitely just the Hollander beater.
    *   Wait, could "sludge" be considered a pretreatment for the seaweed? No, sludge is used as *inoculum* and *substrate*.
    *   Wait, the prompt says "Identify ALL the different pretreatments applied to the substrates...". "Identify ALL the different pretreatments applied to the substrates". Substrate 1: Seaweed. Substrate 2: Sludge (used as inoculum).
    *   Does the study apply a pretreatment to Sludge?
    *   In the Intro: "A variety of pretreatments can be applied on sludge singularly or in combination with others... chemical and thermal treatments are mainly used for dewaterability...".
    *   In 2.1: "The pre-treatment machine consists of a modified Hollander beater".
    *   In 2.5: "The purpose of the first experiment is to identify whether a benefit in treating the material exists...". This refers to "treating the material" (Seaweed).
    *   So, Sludge is not pretreated *in this study*. It is used as an inoculum and substrate.
    *   So only Seaweed gets pretreated.
    *   The pretreatment is the **Hollander beater** mechanical pretreatment.
    *   I will describe it as "Hollander beater mechanical comminution".
    *   Wait, is there any variation of "beating time"? That's a *level*, not a *different* pretreatment type. So I should combine all 0, 5, 10 min into the "Hollander beater" entry.
    *   The prompt asks for "ALL the different pretreatments applied to the substrates".
    *   If I find one type, I list one type.
    *   If the study tested multiple *types* (e.g. chemical + mechanical), I'd list both. Here it's mechanical only.
    *   So, entry count: 1.
    *   Description: "Mechanical comminution using a Hollander beater machine (model Reina) equipped with a rotating elliptical water raceway and bladed drum. Action involves blades and grooves exerting a cutting action while the high pressure and speed reached under the drum beat the mixture, effectively breaking down the crystalline structure and reducing particle size."

    *   Wait, I need to check if I missed any *other* pretreatment mentioned as being *applied* to the substrates in the text *regardless* of whether it was tested or general knowledge.
    *   "In our study digester sludge has been used to inoculate batch digesters..."
    *   "However, the sludge itself can be used as substrate for anaerobic digestion purposes and it currently constitutes the main organic waste..."
    *   This confirms sludge is not pretreated for the study.
    *   "This paper investigates the improvements provided by a Hollander beater pretreatment."
    *   So, confirmed. Only Hollander beater.

    *   Wait, I need to make sure I don't miss "moisture content calculation". The prompt says "only exclude... drying, washing and freezing for storage".
    *   The text says "The moisture content of both untreated and treated material has been calculated... drying random weights... drying 200 ml of macralgal pulp... at 105 °C".
    *   This is drying to calculate moisture. This is not a pretreatment applied *to the substrates* to enhance digestion (it's a measurement step). So exclude it.

    *   So, just the Hollander beater.

    *   Wait, looking at 2.6 "Design of experiment (DOE)... second order polynomials were fitted...". No pretreatment mentioned.
    *   Looking at 2.3 "Inoculum". "Digester sludge was used as inoculum".
    *   Looking at 2.4 "Bioreactors preparation". "flushed for 2 min". Not pretreatment.

    *   So, I will structure the JSON with one entry.
    *   "id": 0 or 1? The prompt example shows "id":0 and "id":1.
    *   So I need an ID. I can use 0 for the only entry.
    *   Description needs to be precise and include information from the text.
    *   Action: Hollander beater.
    *   Description: Mechanical comminution using a Hollander beater model (Reina) with an elliptical water raceway and a bladed drum rotating at 580 RPM with a bed-plate having sharp grooves. The process uses high pressure and speed to beat the mixture while the blades and grooves exercise a cutting action to reduce particle sizes and increase specific surface area for microorganisms.

    *   Wait, one detail in the text: "Level 0 of factor BT represents untreated biomass." "Level 5... treated for 5 min". "Level 10... treated for 10 min".
    *   This confirms it's the same machine type.
    *   Wait, is there any mention of "co-digestion" as a pretreatment? No.
    *   Is there any mention of "thermal pretreatment" being applied? The text mentions it in literature review ("thermal pretreatment is very effective... However..."). It also says "This paper investigates the improvements provided by a Hollander beater pretreatment." It does not apply thermal pretreatment to the seaweed.
    *   So, only the mechanical comminution.

    *   Wait, does the text mention "ultrasound" for sludge? Yes, "Appels et al. [32]... ultrasound treatment at 37 °C." but it says "in this study it has been applied to seaweed biomass...". So it's a general reference, not the actual pretreatment for this study.
    *   So I must stick to what was *actually applied in this study*.
    *   So, only "Hollander beater".

    *   Let me check if "co-digestion" counts as a pretreatment step in some contexts. No, co-digestion is mixing two substrates.
    *   So, only the Hollander beater.

    *   Wait, looking at the instruction: "Group all variations of the same pretreatment type into a SINGLE entry".
    *   This suggests if there were 3 levels of the *same* machine, it should be one entry with the description including the levels? Or just the description.
    *   "Group all variations... into a SINGLE entry".
    *   So if there are 0 min, 5 min, 10 min, but all are Hollander beater, then I should list "Hollander beater" once.
    *   Wait, "Level 0 of factor BT represents untreated biomass".
    *   Does "untreated" count as a pretreatment variation? No, it's a control.
    *   The treatment is "Hollander beater".
    *   I will put the description focusing on the Hollander beater.

    *   One more check: "The energy balance assessment at laboratory scale...".
    *   "In our study digester sludge has been used to inoculate batch digesters with the necessary microorganisms. However, the sludge itself can be used as substrate for anaerobic digestion purposes...".
    *   "The purpose of the first experiment is to identify whether a benefit in treating the material exists...". This refers to the seaweed "treating the material".
    *   So, only seaweed gets pretreated.
    *   So, one entry.

    *   Wait, I need to check if there are any variations in "beating time" treated as a different pretreatment. The instruction says "Group all variations of the same pretreatment type into a SINGLE entry". So 0, 5, 10 min are all the same pretreatment type (Hollander beater) under different conditions. So one entry for "Hollander beater".

    *   Wait, I should check if the "machine" is considered a pretreatment machine. Yes, "Hollander beater pretreatment".
    *   So description should be "Hollander beater mechanical comminution".
    *   Details: Modified Hollander beater (model Reina), elliptic water raceway, bladed drum spinning at 580 RPM, bed-plate with sharp grooves, double functionality of cutting and gap reduction, high pressure and speed to beat mixture, blades and grooves exercise cutting action.

    *   I will formulate the JSON.
    *   I need to ensure I don't include the drying (moisture measurement) as a pretreatment, only exclude it if it's part of the "dry, wash, freeze" list which is "drying". The prompt says "only exclude the following 3 and nothing else:drying, washing and freezing for storage".
    *   So "drying" is explicitly excluded. The moisture calculation is not a pretreatment action.
    *   So, no "moisture drying".

    *   Wait, is there any "pasting" mentioned? No.
    *   Is there any "pre-grating"? No.
    *   So, just Hollander beater.

    *   Wait, I should consider if "sludge" pretreatment is relevant.
    *   "A variety of pretreatments can be applied on sludge singularly... with the goals of improving the methane yield... and sludge's dewaterability".
    *   "In our study... digester sludge has been used to inoculate batch digesters...".
    *   "However, the sludge itself can be used as substrate... and it currently constitutes the main organic waste...".
    *   The study *uses* the sludge. It *does not* apply pretreatment to the sludge *for this study*.
    *   Wait, "The purpose of the first experiment is to identify whether a benefit in treating the material exists...". This is for the algal biomass.
    *   "The second experiment aims to find the optimal levels of factors such as... sludge amount (SA) per reactor".
    *   So, no sludge pretreatment in this study.
    *   So, only Algae (Seaweed) pretreatment with Hollander beater.

    *   Okay, ready to write JSON.
2026-05-29 16:55:27,542 {
  "pretreatments": [
    {
      "id": 0,
      "description": "A Hollander beater mechanical pretreatment using a modified Hollander beater model (Reina) equipped with an elliptic water raceway and a bladed drum rotating at 580 RPM. The process involves a bed-plate with sharp grooves located under the rotating wheel that exercises a cutting action while high pressure and speed reach under the drum beat the mixture. The blades and grooves reduce particle sizes and increase specific surface area available for microorganisms, facilitating digestion."
    }
  ]
}
