2026-05-29 17:21:49,366 articletxt/16.txt
2026-05-29 17:21:49,366 TITLE: Mechanical pretreatment effects on macroalgae-derived biogas production in co-digestion with sludge in Ireland Title of processing article
2026-05-29 17:23:24,969 HTTP Request: POST http://127.0.0.1:11434/api/generate "HTTP/1.1 200 OK"
2026-05-29 17:23:24,971 95 seconds of runtime
2026-05-29 17:23:24,971 The user wants me to identify all pretreatments applied to the substrates (seaweed biomass and sludge) based on the provided text, considering only the methodology section and focusing on actions that affect substrate properties (excluding drying, washing, and freezing for storage).

1.  **Analyze the text for specific pretreatment actions:**
    *   **Introduction:** Mentions "In this study indigenous Irish seaweeds have been considered as substrate for pretreatment prior to anaerobic digestion." Mentions "A pretreatment phase is generally necessary to break down the crystalline structure of any type of plant biomass". It also mentions "milling aims instead at reducing the particle sizes". Later it says "The Hollander beater has never been used as mechanical pretreatment machine on seaweed biomass." and mentions it "was applied to seaweed biomass in batch mode". This implies the Hollander beater is the mechanical pretreatment for the algae.
    *   **2.1 Pretreatment machine characteristics:** "The machine is made of an elliptic water raceway equipped with a bladed drum spinning at 580 RPM." "blades and grooves exercise a cutting action". "High pressure and speed reached under the drum beat the mixture."
    *   **2.2 Feedstock composition:** No pretreatment here.
    *   **2.3 Inoculum:** No pretreatment here.
    *   **2.4 Bioreactors preparation:** Mentions nitrogen flushing, water-baths. Not a pretreatment for the substrate.
    *   **2.5 Experimental methodologies:**
        *   **Experiment 1:** "The machine was fed using 1 kg wet of each spp. of macroalgal biomass... 1 kg wet of each spp... After 10 min of pretreatment, each treated reactor is prepared with 200 ml of algal pulp... with 200 ml of sludge." The machine action is clear (Hollander beater).
        *   **Experiment 1:** "The machine was fed using 1 kg wet of each spp. of macroalgal biomass and 20 L of water... The machine was fed using 1 kg wet of each spp... After 10 min of pretreatment, each treated reactor is prepared with 200 ml of algal pulp...".
        *   **Experiment 1:** "The water-bath temperature was set at 37 °C throughout the fermentation."
        *   **Experiment 2:** "The pretreatment was carried out on 1.6 kg of wet biomass with 20 L of water." (This confirms the Hollander beater again).
        *   **2.4 Bioreactors preparation:** Mentions flushing nitrogen, water-baths. Not a pretreatment for substrate.
        *   **2.6 Design of experiment:** Mentions DOE (Box-Behnken design).
    *   **3.2 Model estimation:** Mentions "The experimental set up... biogas analyser...".
    *   **3.1 Biogas production:** "Results of the biogas collections... are presented in Table 3". "The machine was fed using 1 kg wet of each spp. of macroalgal biomass... After 10 min of pretreatment, each treated reactor is prepared with 200 ml of algal pulp...".
    *   **3.3 Biogas yield's optimisation:** Discusses DOE and RSM.
    *   **3.4 Energy balance evaluation:** Discusses energy consumption.
    *   **Conclusion:** Summarizes findings.

2.  **Distinguish pretreatments from other actions:**
    *   The text explicitly mentions "pretreatment machine characteristics" for the Hollander beater.
    *   It mentions "milling" in general context in the Introduction ("The extent of the inhibition depends on the type of substrate. Milling aims instead at reducing the particle sizes and leads to an increase of specific surface area available to microorganisms."). However, in the "Materials and methods", the *specific* treatment applied to the seaweed is the "Hollander beater".
    *   The text compares the Hollander beater to "thermal pretreatment" (mentioned generally in literature) and "milling" (mentioned as the most used mechanical technique).
    *   The study *specifically* tested "a Hollander beater pretreatment". The question asks for pretreatments *identified* in this article. The article is about the effects of mechanical pretreatment using a Hollander beater on macroalgae.
    *   There is mention of "sludge" as an inoculum and substrate for digestion, but pretreatments are mentioned for sludge in the literature context (e.g., "chemical and thermal treatments are mainly used... Neyens et al... hydrogen peroxide... Appels et al... ultrasound"). However, the question asks for pretreatments *applied to the substrates* in *this* study (mechanical pretreatment effects on macroalgae).
    *   Wait, I need to check if the text describes any *other* specific pretreatments applied in this specific study.
    *   In 2.1 it says: "The pre-treatment machine consists of a modified Hollander beater...".
    *   In 2.2 it describes feeding.
    *   In 2.4 it describes bioreactor prep (flushing).
    *   In 2.5 it describes fermentation conditions.
    *   It does NOT mention "ultrasound", "chemical (H2O2, lime, etc)", or "thermal" specific treatment for the algae in *this* study. It only mentions the Hollander beater.
    *   However, the text mentions "thermal pretreatment is very effective at enhancing both biogas yields and methane production, however due to its high temperature requirements... Milling aims instead at reducing the particle sizes and leads to an increase of specific surface area available to microorganisms...". These are general statements, not necessarily treatments performed *in this study*. The prompt asks to "Identify ALL the different pretreatments applied to the substrates, by consider ALL actions applied that affect the properties of the substrates, even if not mentioned as a pretreatment... Do not include drying, washing and freezing for storage." and "Group all variations of the same pretreatment type into a SINGLE entry".
    *   Does the study perform drying, washing, or freezing? No.
    *   Does the study perform thermal pretreatment? No.
    *   Does the study perform milling? No, the study specifically used the Hollander beater.
    *   Are there variations of the Hollander beater treatment mentioned in the DOE section? Yes, "Beating Time (BT) of treated biomass" levels: 0, 5, 10 min. "Level 0... untreated biomass." "Level 5... treated for 5 min". "Level 10... treated for 10 min". This is a variation of the pretreatment condition (beating time), but it's still the same *type* of pretreatment (Hollander beater mechanical pretreatment).
    *   So, the only specific pretreatment *action* identified is the **Hollander beater** (commination/mechanical comminution). The variable is the *time* of beating.
    *   Is there any other pretreatment mentioned? "Inoculum" (sludge) acts as a starter, not a pretreatment for the algae.
    *   There is a mention of "co-digestion with sludge". Sludge has pathogens reduced by "thermal treatment" in the literature review context but sludge was used as inoculum.
    *   So, strictly speaking, for the *substrates* (seaweed), the treatment performed is **Hollander beater**.
    *   Are there different pretreatment *types* described as being *applied*?
        *   The text states: "This paper investigates the improvements provided by a Hollander beater pretreatment."
        *   It compares treated vs untreated.
        *   It compares Laminaria vs others.
        *   It does not describe applying chemical (pH, enzymes) or thermal (high temp) or physical (milling, ultrasound) to the seaweed in the methodology for this study. It *is* about mechanical pretreatment using the Hollander beater.
    *   However, looking at the methodology: "The machine was fed using 1 kg wet... After 10 min of pretreatment, each treated reactor is prepared...".
    *   So the "type" is **Mechanical comminution (Hollander beater)**.
    *   Is there any other? No.
    *   Wait, the prompt asks to "Identify ALL the different pretreatments applied to the substrates". If the article only discusses one specific machine, then there is only one pretreatment type.
    *   However, I need to check if there are variations described as "different pretreatments".
    *   Section 2.1: "The pre-treatment machine consists of a modified Hollander beater...".
    *   Section 2.5: "The machine was fed using... After 10 min of pretreatment...".
    *   Section 2.6: "Level 0 of factor BT represents untreated biomass... Level 5... treated for 5 min... Level 10... treated for 10 min".
    *   Section 3.3: "The numerical solutions identified by design-expert were... BT = 10 min...".
    *   Section 3.4: "Energy balance assessment... at the optimum condition found in the RSM which is sample 12 (10 min)."
    *   So, the treatment is consistently "Hollander beater".
    *   Are there variations like "low frequency ultrasound treatment" (mentioned in literature review by Appels et al. in 2.3)? The text mentions Appels et al. [32] in the context of sludge ultrasound. "Sludge's particles disintegration was efficiently achieved by Appels et al. [32] with 40% extra biogas obtained for low frequency ultrasound treatment at 37 °C." This is cited for sludge, not algae.
    *   The study focuses on **Hollander beater**.
    *   Are there any *other* actions mentioned as a treatment *during sample preparation* that could be considered a pretreatment?
        *   2.2: "algal biomass has been collected... treated the same day".
        *   2.4: "flushed for 2 min... nitrogen...". Not a pretreatment for the biomass properties affecting digestibility, just cleaning.
        *   2.5: "The moisture content of both untreated and treated material has been calculated... drying random weights... drying 200 ml of macralgal pulp... at 105 °C...". Wait. "The drying was performed at 105 °C...". This is the method to determine moisture content, not to *treat* the algae to pretreat it before digestion (unless the drying is part of the process, but the prompt says "Do not include drying, washing and freezing for storage." in the context of identifying *pretreatments*). The prompt asks for pretreatments *applied to the substrates* to improve them. Drying for storage is excluded. The drying at 105°C to calculate moisture is a measurement method, not a pretreatment.
    *   So the only pretreatment is the **Hollander beater comminution/mechanical**.
    *   Wait, does the text describe "co-composting" or similar? No.
    *   Does it describe "ultrasound"? No, that's for sludge.
    *   So, is the answer just one pretreatment?
    *   Yes, the Hollander beater mechanical pretreatment.
    *   Wait, I need to be careful. The prompt says "Identify ALL the different pretreatments applied to the substrates, by consider ALL actions applied that affect the properties of the substrates, even if not mentioned as a pretreatment".
    *   Actions applied to substrates (excluding drying/washing/freezing):
        *   Mechanical comminution (Hollander beater).
    *   Are there variations mentioned as different types? "Level 0... untreated". "Level 5... treated 5 min". "Level 10... treated 10 min". These are variations of the *same* pretreatment type (Hollander beater) under different time conditions. So I should group them.
    *   Wait, is "Level 0" considered a pretreatment? No, it's untreated. The prompt asks for *pretreatments applied*.
    *   So, only "Hollander beater mechanical pretreatment".
    *   Wait, is there any other machine mentioned? "The machine is made of an elliptic water raceway".
    *   Is there any other chemical treatment? "Chemical and thermal treatments are mainly used for dewaterability...". No, the study didn't use them.
    *   Wait, I missed one thing. In 2.3, "A 25 L tank of sludge was collected...". This is the inoculum, not the substrate pretreatment.
    *   In 2.5, "The purpose of the first experiment is to identify whether a benefit in treating the material exists... The machine was fed using 1 kg wet of each spp. of macroalgal biomass...".
    *   Is there any mention of "pasting" or "pre-grating"? The text says "milling aims instead at reducing the particle sizes...". The study used the Hollander beater (which is a type of milling/breaking).
    *   So, "Hollander beater" is the specific machine name used.
    *   I should check if there are multiple distinct pretreatments mentioned as being *tested* in the study.
    *   The text says "A pretreatment phase is generally necessary... In this study indigenous Irish seaweeds have been considered as substrate for pretreatment prior to anaerobic digestion." Then "This paper investigates the improvements provided by a Hollander beater pretreatment." Then "In this study it has been applied to seaweed biomass in batch mode." Then "The energy balance assessment...". Then "2.1... Hollander beater...".
    *   So, the only pretreatment applied *in this study* is the Hollander beater.
    *   However, looking at the "Rules": "Group all variations of the same pretreatment type into a SINGLE entry, Do NOT split a pretreatment type into multiple entries based on minor condition changes."
    *   This implies if "Hollander beater" is applied at different times (10 min, 5 min), it's still the same pretreatment type, so one entry for "Hollander beater".
    *   Wait, what if the "sludge" pretreatment (chemical/thermal) is considered? The text mentions sludge in the context of sludge digestion, but in 2.3, sludge is the inoculum. In 2.5, it says "Inoculum Digester sludge...". It does not mention applying sludge pretreatments to the seaweed. It mentions "co-digestion with sludge". So sludge is not a pretreated substrate for the seaweed.
    *   Wait, is there any mention of "drying"? "The moisture content of both untreated and treated material has been calculated... drying random weights... drying 200 ml of macralgal pulp in both the experiments." "The moisture content of untreated samples is a weighted average determined by drying random weights." This is a measurement step to calculate moisture content, not a pretreatment to degrade structure before digestion (except for the Hollander beater which mechanically breaks).
    *   So, "Drying" is explicitly excluded by the rules ("only exclude... drying").
    *   So, just "Hollander beater".
    *   Is it possible the user wants me to identify the general category "mechanical pretreatment" as well as the specific machine?
    *   The text says "This paper investigates the improvements provided by a Hollander beater pretreatment."
    *   So, description should focus on the Hollander beater.
    *   Are there any other actions? "flushed for 2 min into the reactors to clear up any residual trace of oxygen". This is reactor prep, not substrate pretreatment.
    *   So, only "Hollander beater".
    *   Wait, looking closely at the text: "The machine is made of an elliptic water raceway equipped with a bladed drum spinning at 580 RPM... A bed-plate with sharp grooves is located under the rotating wheel...". This describes the machine.
    *   "milling" is mentioned as a general technique in the introduction ("The most used mechanical technique is milling"). "However, milling has high energy requirements...". The study used the Hollander beater instead of milling (since it says "The Hollander beater has never been used as mechanical pretreatment machine on seaweed biomass").
    *   So, the study only applies the Hollander beater.
    *   So there is only one pretreatment type.
    *   Wait, is there any variation in the *description* of the pretreatment?
    *   "Hollander beater pretreatment".
    *   Is there any other? No.
    *   Wait, I need to check if "co-digestion" with sludge counts as a pretreatment? No, co-digestion is the process.
    *   So, the result should be a list containing one pretreatment: The Hollander beater.
    *   Let me double check if the text mentions "pasting" or "pre-digestion" or "pre-treatment" that could be considered *another* type applied.
    *   "The Hollander beater has never been used as mechanical pretreatment machine on seaweed biomass... in this study it has been applied to seaweed biomass...".
    *   Okay, so it's definitely just the Hollander beater.
    *   Wait, could "sludge" be considered a pretreatment for the seaweed? No, sludge is used as *inoculum* and *substrate*.
    *   Wait, the prompt says "Identify ALL the different pretreatments applied to the substrates...". "Identify ALL the different pretreatments applied to the substrates". Substrate 1: Seaweed. Substrate 2: Sludge (used as inoculum).
    *   Does the study apply a pretreatment to Sludge?
    *   In the Intro: "A variety of pretreatments can be applied on sludge singularly or in combination with others... chemical and thermal treatments are mainly used for dewaterability...".
    *   In 2.1: "The pre-treatment machine consists of a modified Hollander beater".
    *   In 2.5: "The purpose of the first experiment is to identify whether a benefit in treating the material exists...". This refers to "treating the material" (Seaweed).
    *   So, Sludge is not pretreated *in this study*. It is used as an inoculum and substrate.
    *   So only Seaweed gets pretreated.
    *   The pretreatment is the **Hollander beater** mechanical pretreatment.
    *   I will describe it as "Hollander beater mechanical comminution".
    *   Wait, is there any variation of "beating time"? That's a *level*, not a *different* pretreatment type. So I should combine all 0, 5, 10 min into the "Hollander beater" entry.
    *   The prompt asks for "ALL the different pretreatments applied to the substrates".
    *   If I find one type, I list one type.
    *   If the study tested multiple *types* (e.g. chemical + mechanical), I'd list both. Here it's mechanical only.
    *   So, entry count: 1.
    *   Description: "Mechanical comminution using a Hollander beater machine (model Reina) equipped with a rotating elliptical water raceway and bladed drum. Action involves blades and grooves exerting a cutting action while the high pressure and speed reached under the drum beat the mixture, effectively breaking down the crystalline structure and reducing particle size."

    *   Wait, I need to check if I missed any *other* pretreatment mentioned as being *applied* to the substrates in the text *regardless* of whether it was tested or general knowledge.
    *   "In our study digester sludge has been used to inoculate batch digesters..."
    *   "However, the sludge itself can be used as substrate for anaerobic digestion purposes and it currently constitutes the main organic waste..."
    *   This confirms sludge is not pretreated for the study.
    *   "This paper investigates the improvements provided by a Hollander beater pretreatment."
    *   So, confirmed. Only Hollander beater.

    *   Wait, I need to make sure I don't miss "moisture content calculation". The prompt says "only exclude... drying, washing and freezing for storage".
    *   The text says "The moisture content of both untreated and treated material has been calculated... drying random weights... drying 200 ml of macralgal pulp... at 105 °C".
    *   This is drying to calculate moisture. This is not a pretreatment applied *to the substrates* to enhance digestion (it's a measurement step). So exclude it.

    *   So, just the Hollander beater.

    *   Wait, looking at 2.6 "Design of experiment (DOE)... second order polynomials were fitted...". No pretreatment mentioned.
    *   Looking at 2.3 "Inoculum". "Digester sludge was used as inoculum".
    *   Looking at 2.4 "Bioreactors preparation". "flushed for 2 min". Not pretreatment.

    *   So, I will structure the JSON with one entry.
    *   "id": 0 or 1? The prompt example shows "id":0 and "id":1.
    *   So I need an ID. I can use 0 for the only entry.
    *   Description needs to be precise and include information from the text.
    *   Action: Hollander beater.
    *   Description: Mechanical comminution using a Hollander beater model (Reina) with an elliptical water raceway and a bladed drum rotating at 580 RPM with a bed-plate having sharp grooves. The process uses high pressure and speed to beat the mixture while the blades and grooves exercise a cutting action to reduce particle sizes and increase specific surface area for microorganisms.

    *   Wait, one detail in the text: "Level 0 of factor BT represents untreated biomass." "Level 5... treated for 5 min". "Level 10... treated for 10 min".
    *   This confirms it's the same machine type.
    *   Wait, is there any mention of "co-digestion" as a pretreatment? No.
    *   Is there any mention of "thermal pretreatment" being applied? The text mentions it in literature review ("thermal pretreatment is very effective... However..."). It also says "This paper investigates the improvements provided by a Hollander beater pretreatment." It does not apply thermal pretreatment to the seaweed.
    *   So, only the mechanical comminution.

    *   Wait, does the text mention "ultrasound" for sludge? Yes, "Appels et al. [32]... ultrasound treatment at 37 °C." but it says "in this study it has been applied to seaweed biomass...". So it's a general reference, not the actual pretreatment for this study.
    *   So I must stick to what was *actually applied in this study*.
    *   So, only "Hollander beater".

    *   Let me check if "co-digestion" counts as a pretreatment step in some contexts. No, co-digestion is mixing two substrates.
    *   So, only the Hollander beater.

    *   Wait, looking at the instruction: "Group all variations of the same pretreatment type into a SINGLE entry".
    *   This suggests if there were 3 levels of the *same* machine, it should be one entry with the description including the levels? Or just the description.
    *   "Group all variations... into a SINGLE entry".
    *   So if there are 0 min, 5 min, 10 min, but all are Hollander beater, then I should list "Hollander beater" once.
    *   Wait, "Level 0 of factor BT represents untreated biomass".
    *   Does "untreated" count as a pretreatment variation? No, it's a control.
    *   The treatment is "Hollander beater".
    *   I will put the description focusing on the Hollander beater.

    *   One more check: "The energy balance assessment at laboratory scale...".
    *   "In our study digester sludge has been used to inoculate batch digesters with the necessary microorganisms. However, the sludge itself can be used as substrate for anaerobic digestion purposes...".
    *   "The purpose of the first experiment is to identify whether a benefit in treating the material exists...". This refers to the seaweed "treating the material".
    *   So, only seaweed gets pretreated.
    *   So, one entry.

    *   Wait, I need to check if there are any variations in "beating time" treated as a different pretreatment. The instruction says "Group all variations of the same pretreatment type into a SINGLE entry". So 0, 5, 10 min are all the same pretreatment type (Hollander beater) under different conditions. So one entry for "Hollander beater".

    *   Wait, I should check if the "machine" is considered a pretreatment machine. Yes, "Hollander beater pretreatment".
    *   So description should be "Hollander beater mechanical comminution".
    *   Details: Modified Hollander beater (model Reina), elliptic water raceway, bladed drum spinning at 580 RPM, bed-plate with sharp grooves, double functionality of cutting and gap reduction, high pressure and speed to beat mixture, blades and grooves exercise cutting action.

    *   I will formulate the JSON.
    *   I need to ensure I don't include the drying (moisture measurement) as a pretreatment, only exclude it if it's part of the "dry, wash, freeze" list which is "drying". The prompt says "only exclude the following 3 and nothing else:drying, washing and freezing for storage".
    *   So "drying" is explicitly excluded. The moisture calculation is not a pretreatment action.
    *   So, no "moisture drying".

    *   Wait, is there any "pasting" mentioned? No.
    *   Is there any "pre-grating"? No.
    *   So, just Hollander beater.

    *   Wait, I should consider if "sludge" pretreatment is relevant.
    *   "A variety of pretreatments can be applied on sludge singularly... with the goals of improving the methane yield... and sludge's dewaterability".
    *   "In our study... digester sludge has been used to inoculate batch digesters...".
    *   "However, the sludge itself can be used as substrate... and it currently constitutes the main organic waste...".
    *   The study *uses* the sludge. It *does not* apply pretreatment to the sludge *for this study*.
    *   Wait, "The purpose of the first experiment is to identify whether a benefit in treating the material exists...". This is for the algal biomass.
    *   "The second experiment aims to find the optimal levels of factors such as... sludge amount (SA) per reactor".
    *   So, no sludge pretreatment in this study.
    *   So, only Algae (Seaweed) pretreatment with Hollander beater.

    *   Okay, ready to write JSON.
2026-05-29 17:23:24,971 {
  "pretreatments": [
    {
      "id": 0,
      "description": "A Hollander beater mechanical pretreatment using a modified Hollander beater model (Reina) equipped with an elliptic water raceway and a bladed drum rotating at 580 RPM. The process involves a bed-plate with sharp grooves located under the rotating wheel that exercises a cutting action while high pressure and speed reach under the drum beat the mixture. The blades and grooves reduce particle sizes and increase specific surface area available for microorganisms, facilitating digestion."
    }
  ]
}
2026-05-29 17:24:42,633 HTTP Request: POST http://127.0.0.1:11434/api/generate "HTTP/1.1 200 OK"
2026-05-29 17:24:42,635 77 seconds of runtime
2026-05-29 17:24:42,635 The user wants to identify which question (qid) from the provided list matches the description in item 1.

**Item 1 Description:**
'A Hollander beater mechanical pretreatment using a modified Hollander beater model (Reina) equipped with an elliptic water raceway and a bladed drum rotating at 580 RPM. The process involves a bed-plate with sharp grooves located under the rotating wheel that exercises a cutting action while high pressure and speed reach under the drum beat the mixture. The blades and grooves reduce particle sizes and increase specific surface area available for microorganisms, facilitating digestion.'

**Key characteristics of Item 1:**
1.  **Process:** Hollander beater pretreatment.
2.  **Mechanism:** Mechanical cutting action with sharp grooves/bed-plate.
3.  **Parameters:** Bladed drum rotating at 580 RPM, high pressure/speed reach under drum.
4.  **Effect:** Particle size reduction, increase specific surface area (substrate degradation/modification).
5.  **Nature:** Mechanical pretreatment of a substrate.

**Analysis of Qids:**

*   **qid 1:** "Does the methodology explicitly describe any physical process that mechanically alters the substrate (e.g., size reduction, structural disruption or similar)? Instructions for reasoning: 1.Identify any mechanical treatment (e.g., grinding, milling, shredding, mixing, physical disruption, or similar) applied to the substrate. 2. Confirm that the mechanical treatment is applied to the substrate and not to the inoculum or for analytical characterization. 3.confirm it is a direct mechanical desintegration effect and not an indirect effect from other procedure such as ultrasounds, pressure or similar 4. exclude freezing, or pressure to separate phases if that is the identified method 5.Answer 'true' if conditions are met, otherwise 'false' "
    *   **Match:** The description explicitly mentions "mechanical pretreatment", "bladed drum", "cutting action", "reduce particle sizes". This fits the definition of a physical/mechanical process applied to the substrate. It is not freezing, pressure separation, or chemical/ultrasound based.
    *   **Constraint:** Qid 1 asks specifically about physical processes modifying the substrate size/structure. Item 1 describes Hollander beater, which is a mechanical size-reduction/structural alteration process.
    *   **Constraint Check:** "exclude freezing, or pressure to separate phases if that is the identified method" - Item 1 mentions high pressure but in the context of the beater hitting the drum, not for separating phases (though it's a high pressure process, the prompt specifically mentions "mechanical treatment... applied to substrate"). The description says "high pressure and speed reach under the drum beat the mixture". This is more of a mechanical impact/treatment than separating phases. However, Item 1 specifically focuses on mechanical alteration.
    *   **Decision:** Qid 1 is the most direct match for "mechanical alters substrate" (size reduction, cutting action).

*   **qid 2:** "Does the methodology explicitly describe the use of thermal pretreatment... Do not consider drying as a valid pretreatment"
    *   **Match:** Item 1 is mechanical, not thermal.
    *   **Result:** false.

*   **qid 3:** "Does the methodology explicitly describe the use of ultrasound pretreatment...?"
    *   **Match:** "Exclude ... ultrasounds...". Item 1 is a Hollander beater, not ultrasound.
    *   **Result:** false.

*   **qid 4:** "Does the methodology explicitly describe the use of pressure-based pretreatment... (for example... hydrodynamic cavitation... and not pressure generated incidentally by heating...)"
    *   **Match:** The description mentions "high pressure and speed reach under the drum". This could be interpreted as pressure-based. However, Item 1 is primarily described as a "Hollander beater mechanical pretreatment". Qid 1 asks about *mechanical treatment*. Qid 4 asks about *pressure-based pretreatment*.
    *   **Conflict:** The description mentions "high pressure". However, standard Hollander beater operation is primarily mechanical shear/cutting, often relying on the impact from the drum.
    *   **Re-evaluating Qid 1:** Qid 1 covers "physical process that mechanically alters the substrate... direct mechanical desintegration effect". Item 1 describes exactly this: "blades and grooves reduce particle sizes", "cutting action", "high pressure and speed reach under the drum beat the mixture". Qid 1 explicitly allows physical disruption. It mentions "exclude freezing, or pressure to separate phases if that is the identified method". The prompt in Item 1 *is* about pressure reach under the drum (not separating phases).
    *   **Re-evaluating Qid 4:** Qid 4 explicitly asks if it is a pressure-based pretreatment *not* pressure generated incidentally. Item 1 says "high pressure... beat the mixture". Is this "pressure-based pretreatment"? Usually, Hollander beater is mechanical. The description says "mechanical pretreatment". Item 1 is asking for a classification in the user's instruction set. However, Qid 1 asks "Does the methodology explicitly describe any physical process that mechanically alters the substrate...". The description *is* the methodology.
    *   **Comparison:** The description explicitly says "Hollander beater mechanical pretreatment".
    *   **Qid 1 definition:** "physically alters substrate... size reduction". Qid 1 matches this best.
    *   **Qid 4 definition:** "pressure-based pretreatment... not pressure generated incidentally". If the pressure is a result of the drum beating (impact), it's often considered mechanical. The question says "mechanical pretreatment... (e.g. grinding, milling, shredding, mixing, physical disruption)". Item 1 says "mechanical pretreatment".
    *   **Selection:** Qid 1 covers "mechanical alters substrate" (size reduction/cutting). Qid 4 covers "pressure-based". While pressure is involved, the primary action is mechanical cutting. Qid 1 is the primary match for the "physical process that mechanically alters the substrate". Qid 1 instructions say "Answer true'if conditions are met". Condition 3 says "confirm it is a direct mechanical desintegration effect and not an indirect effect... such as ultrasounds, pressure or similar". Wait, the instructions for Qid 1 say "confirm it is a direct mechanical desintegration effect and not an indirect effect from other procedure such as ultrasounds, pressure or similar".
    *   **Wait, let me look closely at the rules provided.**
    *   The text provided contains 14 Qids (and some numbering is weird like 1, 14, 58).
    *   I need to select one Qid from the list.
    *   The description in item 1 is "mechanical pretreatment".
    *   Qid 1: "Identify any mechanical treatment... applied to the substrate... confirm it is a direct mechanical desintegration effect...".
    *   If I look at Qid 1 instructions: "Answer 'true' if conditions are met, otherwise 'false'".
    *   Wait, I don't need to answer true/false for Qid 1, I need to answer the Qid from the list provided in the text.
    *   Wait, the prompt says "You must identify the treatment from the list of questions provided above (in 2), it is possible that the description doesnt fit any questions. rules: -ONLY answer with the qid of the question and nothing else - if the description doesn't fit any questions answer with -1"
    *   So I need to output the QID of the matching question.
    *   The text provided has: `{'qid': 1, 'question': ...}`. This implies Qid 1 is the "Does the methodology explicitly describe any physical process that mechanically alters the substrate..." question.
    *   Item 1 describes a Hollander beater.
    *   Does this describe a mechanical treatment? Yes ("bladed drum rotating", "bed-plate with sharp grooves", "exercises a cutting action").
    *   Does it alter the substrate? Yes ("reduces particle sizes", "increase specific surface area").
    *   Is it applied to the substrate? Yes ("pretreatment... mixture").
    *   Is it direct mechanical? Yes.
    *   Does Qid 1 cover this? Yes, Qid 1 asks if the methodology explicitly describes *mechanical treatment*.
    *   Wait, looking at the text provided, `{'qid': 1, ...}`.
    *   So Qid 1 is the question: "Does the methodology explicitly describe any physical process that mechanically alters the substrate...".
    *   Since Item 1 is a description of a mechanical pretreatment, Qid 1 should be the answer.
    *   Is there a better fit?
    *   Qid 2: Thermal. (Item 1 is mechanical). No.
    *   Qid 3: Ultrasound. (Item 1 is Hollander beater). No.
    *   Qid 4: Pressure-based. Item 1 mentions "high pressure... beat the mixture". Qid 4 asks about pressure-based pretreatment *not* pressure incidentally by heating. Usually, mechanical energy (beater drum) counts as mechanical pressure, but Hollander beater is primarily mechanical shear. Qid 1 specifically asks for "physical process that mechanically alters the substrate". This matches the description better.
    *   Qid 5: Electrical application (exclude ultrasound/microwave). No.
    *   Qid 6: Alkaline. No.
    *   Qid 7: Acidic. No.
    *   Qid 8: Oxidizer. No.
    *   Qid 9: Solvent. No.
    *   Qid 10: Chemical. No.
    *   Qid 11: Enzyme. No.
    *   Qid 12: Fungi. No.
    *   Qid 13: Microbial. No.
    *   Qid 14: External organic material. No.
    *   Qid 58: Microaerobic. No.

    *   Between Qid 1 and Qid 4:
    *   Item 1 explicitly says "A Hollander beater **mechanical pretreatment**".
    *   Qid 1 asks "Does the methodology explicitly describe any physical process that mechanically alters the substrate...".
    *   Item 1 *is* the methodology description provided in point 1.
    *   So, does the description fit Qid 1? Yes.
    *   Does it fit Qid 4? It mentions "high pressure", but Qid 1 fits the "mechanical alteration of substrate" definition better, especially since Qid 1 instructions say "confirm it is a direct mechanical desintegration effect and not an indirect effect from other procedure such as ultrasounds, pressure or similar". Wait, Qid 1's instructions say "Instructions for reasoning: 1.Identify... 3.confirm it is a direct mechanical desintegration effect...". It asks me (the model) to answer true/false based on those.
    *   But the user wants me to identify the qid from the list.
    *   Since the description *is* a mechanical pretreatment, Qid 1 is the correct classification question ("Does the methodology... mechanically alters substrate").
    *   Since Item 1 is the description *of* a mechanical pretreatment.
    *   So the answer is Qid 1.

    *   Wait, let's re-read the Qid 1 instructions carefully. "Instructions for reasoning: 1.Identify any mechanical treatment... 2. Confirm... 3.confirm... 4. exclude... 5.Answer 'true' if conditions are met, otherwise 'false'".
    *   Wait, the user wants me to output the Qid.
    *   Since the description matches the criteria for Qid 1 ("Does the methodology explicitly describe any physical process that mechanically alters the substrate"), Qid 1 is the correct choice.
    *   Wait, the prompt says "You must identify the treatment from the list of questions provided above (in 2)... rules: -ONLY answer with the qid of the question and nothing else".
    *   Wait, the provided text has a list of Qids (1, 2, 3... up to 58).
    *   Wait, I see `{'qid': 1, ...}` in the text provided.
    *   So Qid 1 is the first question in the list.
    *   Does Item 1 describe a mechanical treatment? Yes.
    *   Does Item 1 describe a physical process that mechanically alters the substrate? Yes.
    *   So Qid 1 is the correct match.

    *   Wait, I need to check if there is any Qid that asks specifically about "Hollander beater" or "cutting action". No, the Qids are generic.
    *   The match is Qid 1.
    *   Wait, is there any reason to pick Qid 4? Qid 4 asks about "pressure-based pretreatment". Item 1 says "high pressure and speed... beat the mixture". This implies pressure.
    *   However, Qid 1's text says "physically alters the substrate... size reduction".
    *   Usually, Hollander beater classification: It's a mechanical physical process.
    *   The instruction in Item 1's description says "Instructions for reasoning" for Qid 1 (actually the user put Qid 1's instructions *inside* the text? No, the text says `1.{'id': 0, ...}, {'qid': 1, 'question': "Does the methodology explicitly describe any physical process..."}.
    *   Ah, I see. The text provided *is* the list of items.
    *   Item 1 (description) corresponds to `{'id': 0, 'description': ...}`.
    *   The text provided in the prompt has a section starting with `1.{'id': 0, ...}`, `2. [{'qid': 1...}]`, `3. {'qid': 2...}`.
    *   Wait, the input starts with `1.{'id': 0, 'description': 'A Hollander beater...'}`.
    *   Then it lists Qids 2, 3, 4, 5, 6... as separate items.
    *   So the list of Qids corresponds to the `{'qid': ...}` keys.
    *   The user asks: "You must identify the treatment from the list of questions provided above (in 2)...".
    *   The "list of questions" includes Qid 1 and the rest (2-58).
    *   Item 1 description describes a Hollander beater.
    *   Does it match Qid 1? Yes. Qid 1 asks if it describes a physical process that mechanically alters the substrate.
    *   Does it match Qid 4? Qid 4 asks if it describes pressure-based pretreatment.
    *   Qid 1 asks "Does the methodology explicitly describe any physical process that mechanically alters the substrate...".
    *   Item 1 *explicitly* describes a "Hollander beater mechanical pretreatment".
    *   Item 1 *explicitly* describes a "mechanical treatment" (Hollander beater).
    *   Item 1 description says "The process involves a bed-plate... exercises a cutting action". This is "direct mechanical desintegration".
    *   Qid 1 conditions: "Identify any mechanical treatment... confirm it is a direct mechanical desintegration effect... Answer 'true' if conditions are met".
    *   So Qid 1 is a "True" or "False" question.
    *   But the instruction says "You must identify the treatment from the list of questions provided above (in 2)... rules: -ONLY answer with the qid of the question and nothing else".
    *   I am acting as a classifier.
    *   Since the description matches the criteria for Qid 1 (mechanical alteration of substrate), Qid 1 is the correct answer.
    *   Wait, the instruction says "if the description doesn't fit any questions answer with -1".
    *   Since it fits Qid 1, I answer Qid 1.

    *   Wait, I need to make sure I don't need to answer "true" or "false" to the user.
    *   "rules: -ONLY answer with the qid of the question and nothing else"
    *   So I must output `1` (or the qid string).
    *   Wait, the qid in the text is `1`.
    *   The text provided in the prompt starts with `1.{'id': 0...}`.
    *   Then `2. [{'qid': 1...}]`.
    *   Wait, the input has `1.{'id': 0, ...}` as the first item.
    *   Then `2. [{'qid': 1...}]`.
    *   Then `3. {'qid': 2...}`.
    *   Wait, the Qid key is `qid`.
    *   The first item is `{'id': 0, ...}`.
    *   The second item is `{'qid': 1, 'question': ...}`.
    *   The Qids range from 1 to 58.
    *   The question asks: "identify the treatment from the list of questions provided above (in 2)".
    *   Actually, looking closely at the input text:
    *   `1.{'id': 0, 'description': '...'},` (This is description 1).
    *   `2. [{'qid': 1, 'question': "Does the methodology explicitly describe any physical process...", ...}, ...]` (This is Qid 1).
    *   Wait, the text provided in the prompt is:
    *   `1.{'id': 0, 'description': '...'} `
    *   `2. [{'qid': 1, 'question': "..." }]`
    *   `3. {'qid': 2...`
    *   It seems Qid 1, 2, 3... are the list of questions to choose from.
    *   Item 1 (description) is a *description of the treatment*.
    *   I need to match the description to one of the Qids (1-58).
    *   Item 1 describes a Hollander beater.
    *   This fits Qid 1 ("mechanically alters substrate").
    *   It doesn't fit Qid 4 ("pressure-based").
    *   So Qid 1.
    *   Wait, looking at the instruction "if the description doesn't fit any questions answer with -1".
    *   Does it fit Qid 1?
    *   Qid 1 asks "Does the methodology explicitly describe any physical process that mechanically alters the substrate...".
    *   The description says "A Hollander beater mechanical pretreatment... using a bladed drum... exercises a cutting action... reduce particle sizes".
    *   This *is* a mechanical process that mechanically alters the substrate.
    *   So it matches Qid 1.
    *   Therefore, the output should be `1`.
    *   Wait, there's a risk. Some systems might want the *value* of the question text? No, "qid of the question".
    *   The Qid string is `1` (as per `{'qid': 1}`).
    *   So I should output `1`.

    *   Wait, I need to check if there is a Qid 0 or something.
    *   Item 1 starts with `1.{'id': 0...}`.
    *   Then `2. [{'qid': 1...}]`.
    *   The Qid is clearly marked `1`, `2`, `3` etc in the second item onwards.
    *   So I should output `1`.

    *   Let's check the reasoning for Qid 4 again.
    *   Item 1: "high pressure and speed reach under the drum beat the mixture".
    *   Qid 4: "pressure-based pretreatment... not pressure generated incidentally by heating".
    *   Is "bladed drum rotating at 580 RPM" high pressure? It's mechanical energy. High pressure could be interpreted as pressure (hydrostatic) or mechanical impact.
    *   However, Qid 1's definition says "physically alters substrate... size reduction...". Item 1 does exactly this ("reduces particle sizes").
    *   Qid 1 is the broader category of "mechanical treatment".
    *   Qid 1's instructions say "confirm it is a direct mechanical desintegration effect".
    *   Item 1 describes "mechanical pretreatment... reduce particle sizes".
    *   So Qid 1 is the correct match.
    *   Final check on formatting: "ONLY answer with the qid of the question and nothing else".
    *   So output `1`.

    *   Wait, is there any chance it's -1?
    *   Item 1 explicitly says "Hollander beater mechanical pretreatment".
    *   This is a physical process that mechanically alters the substrate.
    *   Qid 1 asks "Does the methodology explicitly describe any physical process that mechanically alters the substrate...".
    *   Yes, it does.
    *   So 1.

    *   Wait, let's verify if Qid 4 is a better fit.
    *   Qid 4 asks "Does the methodology explicitly describe the use of pressure-based pretreatment...".
    *   Item 1 mentions "high pressure".
    *   However, in anaerobic digestion classification, Hollander beater is typically classified under "Physical Pretreatment" or "Mechanical Pretreatment".
    *   Qid 1 covers "physical process... mechanically alters substrate".
    *   Qid 4 covers "pressure-based pretreatment".
    *   Since Qid 1 explicitly asks for "mechanical treatment" and the description describes "mechanical pretreatment", Qid 1 is the more accurate classification for the "mechanical treatment" part.
    *   Also, Item 1 says "A Hollander beater **mechanical pretreatment**".
    *   Qid 1 asks if methodology describes "mechanically alters substrate".
    *   This is a direct match.
    *   So `1`.

    *   Wait, one more check. Is there any instruction "Do not consider drying as a valid pretreatment"? (In Qid 2).
    *   Item 1 is not drying.
    *   Okay, `1` is the answer.
    *   Wait, the Qid in the text for the item `2. [{'qid': 1...}]` is `1`.
    *   The Qid for the item `3. {'qid': 2...}` is `2`.
    *   So I output `1`.

    *   Wait, I noticed something in the text `2. [{'qid': 1, 'question': "Does the methodology explicitly describe any physical process...}`.
    *   This means Qid 1 corresponds to the question about "mechanically alters substrate".
    *   Since Item 1 describes a mechanical pretreatment, it matches Qid 1.
    *   So the answer is `1`.

    *   Wait, I need to ensure I don't add extra text.
    *   The instruction says "ONLY answer with the qid of the question and nothing else".
    *   So `1`.

    *   One nuance: The provided text has `{'qid': 1, ...}`.
    *   So the id is 1.
    *   Output `1`.
2026-05-29 17:24:42,635 1
2026-05-29 17:24:42,635 articletxt/752.txt
2026-05-29 17:24:42,678 TITLE: Accelerated biomethane production from lignocellulosic biomass: Pretreated by mixed enzymes secreted by Trichoderma viride and Aspergillus sp. Title of processing article
2026-05-29 17:26:59,067 HTTP Request: POST http://127.0.0.1:11434/api/generate "HTTP/1.1 200 OK"
2026-05-29 17:26:59,070 136 seconds of runtime
2026-05-29 17:26:59,070 The user wants me to identify all pretreatments applied to a substrate (specifically maize straw in this context) based on the provided text, specifically Section 2.
There is a strict constraint: "Identify ALL the different pretreatments applied to the substrates, by consider ALL actions applied that affect the properties of the substrates, even if not mentioned as a pretreatment: this includes potential treatments during sample preparation, only exclude the following 3 and nothing else:drying, washing and freezing for storage."
There is also a constraint to group all variations of the same pretreatment type into a SINGLE entry.

Let's scan the text for relevant sections.
The text is a scientific article titled "Accelerated biomethane production from lignocellulosic biomass: Pretreated by mixed enzymes secreted by Trichoderma viride and Aspergillus sp."
I need to look at the "Methods" section, specifically "Materials and methods" and "Results and discussion".

The "Materials and methods" section describes how the substrates were processed before the experiments began or during the experiment setup.

Relevant sections:
1.  **2.1 Cultivation of T. viride and Aspergillus sp.** - Fungi cultivation, but that's not substrate pretreatment.
2.  **2.2 Preparation of crude enzyme solution** - Describes enzyme production, not substrate.
3.  **2.3 Raw materials and inoculum** - Describes MS powder and inoculum.
4.  **2.4 Test design** - Describes the experimental setup.
    *   **2.4.1 Pretreatment**: This is a key section.
        *   "The different mixing ratios of ETv/EAs were set to the following treatments... 50 mL enzyme solution was separately added to a 1 L reagent bottle containing 9 g of dry yellow MS powder, pretreated in a 50 °C incubator for 6 days, and the control group was replaced with 50 mL of deionized water."
        *   This describes the enzymatic pretreatment.
        *   It involves specific ratios of enzymes (ETv/EAs).
        *   Treatments: 5/0, 4/1, 3/2, 2/3, 1/4, 0/5 (plus control with water).
        *   Wait, the prompt says "Consider only the methodology... Identify ALL the different pretreatments applied to the substrates".
        *   The text mentions "Raw materials" (2.3) - specifically "MS powder... dried in an oven... and then dried at 80 °C". This is sample preparation.
        *   The text mentions "The inoculated sludge was taken... To keep the microorganisms in "starved status", the inoculum was stored for more than two weeks before use". This is not a pretreatment of the substrate.
        *   The text mentions "Pre-treatment methods include physical methods, chemical methods, and biological methods." but in the context of biological pretreatment.
        *   Is there any other substrate preparation?
        *   Look at Section 2.3 Raw materials and inoculum. "The green MS used... and the dry yellow MS used...".
        *   Look at Section 2.4.1. The enzyme solution is applied to MS powder.
        *   There is "MS powder-wheat bran medium". This is the media for fermentation, not the substrate itself being treated.
        *   The "Preparation of crude enzyme solution" (2.2) involves the fungi being cultured, but not the substrate.
        *   The "Pretreatment" section specifically mentions applying enzymes to MS powder (9 g) to pretreat it for 6 days at 50°C.

    *   Wait, I need to check if there are other pretreatments mentioned.
    *   Scan for "drying", "washing", "freezing" or similar to ensure exclusion.
    *   In 2.3: "MS was chopped... dried in an oven at 105 °C... dried at 80 °C... ground...".
    *   In 2.4.1: "1 L reagent bottle containing 9 g of dry yellow MS powder, pretreated...". This is the only specific *pretreatment* step described.
    *   Wait, is the "MS powder" itself considered a pretreatment step? It says "MS powder-wheat bran medium... after inoculated... cultured... leached on a 180 r/min shaker...". Wait, looking at 2.2 Preparation of crude enzyme solution.
        *   "The enzyme-producing medium was MS powder-wheat bran medium...".
        *   "The medium used MS and wheat bran and other agricultural waste...".
        *   "After leached... centrifuged to obtain a crude enzyme solution".
        *   This 2.2 is about obtaining enzymes, not the substrate.
    *   Let's look at 2.3 again. "The green MS used...".
    *   2.3: "MS was chopped to small pieces of 5 ~ 8 cm by a manual chopper, dried in an oven at 105 °C for 20 min, and then dried at 80 °C until the moisture was below 10%. Finally, it was ground...".
    *   These drying and mashing actions affect the properties of the substrates (MS powder) to make it a viable substrate for the study (drying is often excluded from "pretreatment" in the context of "substrate pretreatment", but the prompt says "include potential treatments during sample preparation... except drying, washing and freezing").
    *   Wait, the prompt says "exclude the following 3 and nothing else: drying, washing and freezing for storage."
    *   However, standard substrate processing often involves drying. The exclusion rule seems to refer to the specific exclusion list *within* the instruction. I need to read the prompt carefully: "exclude the following 3 and nothing else:drying, washing and freezing for storage."
    *   This implies I should NOT describe or count drying, washing, or freezing as *pretreatment actions* if they are for storage.
    *   However, usually, in these tasks, "pretreatment" includes things like grinding, chopping, drying (if not storage).
    *   Wait, the prompt asks to "Identify ALL the different pretreatments applied to the substrates... this includes potential treatments during sample preparation... only exclude... drying, washing and freezing".
    *   Is drying (oven at 105°C or 80°C) considered a "pretreatment"? Yes, typically. Is washing a pretreatment? No. Is freezing? No.
    *   Let's look at the text again.
    *   "The green MS used... MS was chopped... dried in an oven... dried at 80 °C". This is sample preparation. Is this considered a pretreatment in the context of "anaerobic digestion with particular interest in the pretreatment"?
    *   Usually, "pretreatment" refers to the step *before* AD that aims to improve biodegradability. In the text, the "Pretreatment" section refers to applying enzymes.
    *   However, the prompt says "Identify ALL the different pretreatments... by consider ALL actions applied that affect the properties of the substrates".
    *   So if drying affects properties (removing moisture), it counts as preparation.
    *   Let's check if the "pretreatment" section (2.4.1) refers to the enzyme application. Yes.
    *   But the prompt asks to identify ALL different pretreatments applied to the substrates.
    *   There are two categories here:
        1.  **Biological Pretreatment (Enzymatic)**: Application of enzyme solutions to MS powder.
        2.  **Physical Preparation**: Chopping, drying, grinding.
        3.  **Environmental Pretreatment**: "The inoculum was stored for more than two weeks before use" (inoculum, not substrate).
    *   Wait, looking at the text "Pretreatment methods include physical methods, chemical methods, and biological methods. Straw utilization... requires safe pretreatment measures... biological pretreatment technology has become an important technology".
    *   The prompt says "Identify ALL the different pretreatments applied to the substrates...".
    *   Does the text distinguish between "pretreatment of biomass" vs "substrate preparation"?
    *   The text describes:
        1.  Fungi cultivation (not substrate).
        2.  MS powder preparation (chopping, drying).
        3.  Enzyme application (biological pretreatment).
    *   The prompt instruction "Include potential treatments during sample preparation... only exclude... drying, washing and freezing".
    *   So I need to extract:
        1.  Drying (oven at 105°C, 105°C/20 min, 80°C).
        2.  Grinding (chopper, Mini Plant Grinder).
        3.  **Enzymatic Pretreatment** (Application of enzymes, mixing ratios, temperature, time).
    *   Are there any other pretreatments? The text mentions "drying" in 2.3, but the prompt says "exclude... drying...". Wait, the prompt says "exclude the following 3 and nothing else: drying, washing and freezing for storage."
    *   Does this mean I should exclude drying from the list of *pretreatments* in the output?
    *   Or does it mean that drying *is* a pretreatment but I should not include it if it's for storage?
    *   Let's parse: "Identify ALL the different pretreatments applied to the substrates... this includes potential treatments during sample preparation... only exclude the following 3 and nothing else: drying, washing and freezing for storage."
    *   This instruction is slightly contradictory. If "exclude drying, washing and freezing" means I shouldn't list them.
    *   If the text *does* describe drying (2.3), should I include it as a pretreatment?
    *   Usually, "pretreatment" in biotech includes drying. But if the instruction says "exclude... drying...", I should exclude it from the list of "pretreatments" *actions* described in the *pretreatment context* of the methodology.
    *   However, looking at the instruction "Identify ALL the different pretreatments applied to the substrates". Drying is a form of preparation for AD, but is it a "pretreatment" method (like physical, chemical, biological)? Yes.
    *   But if the instruction says "exclude drying... for storage", then drying (unless it's drying for storage) might be ambiguous.
    *   Wait, the prompt asks for "pretreatments".
    *   Common interpretation: The instruction "exclude... drying, washing and freezing for storage" implies I should *exclude* these three specific activities from the list of pretreatments.
    *   So I should only list things that are *not* drying/washing/freezing/storage.
    *   Let's look at 2.3: "MS was chopped... dried...".
        *   Chopping: Yes.
        *   Drying (oven): This is drying. The instruction says exclude drying. So I should exclude drying from the list, even if it's part of preparation, if the exclusion instruction overrides it?
        *   Wait, "this includes potential treatments during sample preparation, only exclude the following 3...". This means I should include sample preparation actions *except* drying, washing, freezing.
        *   So Chopping is included. Drying is excluded. Grinding is included.
    *   Let's check 2.4.1: "50 mL enzyme solution was separately added... pretreated in a 50 °C incubator...". This is the enzymatic pretreatment.
    *   Let's check if there are other pretreatments.
    *   In 2.2 "Preparation of crude enzyme solution": "The medium used MS and wheat bran...". This is medium preparation.
    *   In 2.3 "Raw materials...": "The green MS used in the enzyme-producing medium...". "MS was chopped to small pieces... dried... ground".
    *   So the main substrate processing actions are:
        1.  Chopping (physical).
        2.  Drying (chemical/physical - wait, exclude).
        3.  Grinding (physical).
    *   If drying is excluded, then chopping and grinding are included.
    *   Wait, "exclude the following 3 and nothing else: drying, washing and freezing for storage."
    *   This means if the text says "drying", I must not write "drying" in the list.
    *   However, "Chopping" and "Grounding" are not in the exclusion list.
    *   So I should list:
        1.  **Enzymatic Pretreatment** (using ETv/EAs at specific ratios in 50°C for 6 days).
        2.  **Sample Preparation** (Chopping and Grinding/Minimally).
    *   Wait, the prompt says "Identify ALL the different pretreatments applied to the substrates".
    *   In standard biotech literature, "drying" (105°C, 20 min) is often a form of drying for preservation before analysis or fermentation, but if it's part of the substrate prep for the *study*, is it a "pretreatment" to improve biodegradability? Yes, usually drying improves properties. But the instruction explicitly says exclude drying. So I should exclude it.
    *   Wait, but 2.4.1 says "pretreated in a 50 °C incubator". This is "enzymatic pretreatment".
    *   Are there any other pretreatments?
    *   The text mentions "MS was dried...". This is sample preparation.
    *   Let's re-read the exclusion carefully. "identify ALL the different pretreatments applied to the substrates... only exclude the following 3... drying, washing and freezing".
    *   Okay, I will focus on the enzyme application as the primary pretreatment.
    *   Is there anything else?
    *   Look at 2.4.1 again: "50 mL enzyme solution was separately added to a 1 L reagent bottle containing 9 g of dry yellow MS powder, pretreated in a 50 °C incubator for 6 days".
    *   Wait, the prompt asks to "Consider this article about anaerobic digestion with particular interest in the pretreatment".
    *   So the output should be focused on pretreatments.
    *   But the instruction says "Identify ALL the different pretreatments... include potential treatments during sample preparation... only exclude... drying...".
    *   This implies I should include the enzyme application, and the chopping/grinding.
    *   Wait, chopping/grinding are physical treatments to the substrate. Are they considered "pretreatments" in the context of the question?
    *   The prompt says "Identify ALL the different pretreatments".
    *   Usually, in this context, "pretreatment" refers to methods like enzymatic, chemical, physical (maceration, etc.) applied to the substrate to increase biodegradability.
    *   Drying is often not considered a pretreatment to *decrease* lignin/cellulose, but rather a preservation method. However, 2.3 describes drying MS powder.
    *   Given the exclusion instruction, I will focus on the activities that are *not* drying/washing/freezing/storage.
    *   So I will identify:
        1.  **Enzymatic Pretreatment** (Mixed enzymes from T. viride and A. sp., ratios, 50°C, 6 days).
        2.  **Physical Preparation** (Chopping, Grinding - these are part of sample preparation).
    *   Wait, the instruction says "Include potential treatments during sample preparation...".
    *   So yes, chopping and grinding should be included.
    *   However, "drying" is excluded.
    *   So I should list:
        1.  Chopping (MS to 5-8 cm pieces).
        2.  Grinding (FZ-102 Mini Plant Grinder).
        3.  Enzymatic Pretreatment (Application of enzyme solution).
    *   Wait, does the text mention *any other* pretreatment besides these?
    *   In 2.2 "Preparation of crude enzyme solution": "The medium used MS and wheat bran and other agricultural waste...". This is for enzyme production.
    *   In 2.4.1: "50 mL enzyme solution was separately added...". This is the enzymatic pretreatment.
    *   So the main pretreatment is the enzyme application.
    *   The sample preparation (chopping, drying - excluded, grinding) are physical actions.
    *   Let's check if "Enzymatic Pretreatment" is the only pretreatment.
    *   The prompt asks to "Identify ALL the different pretreatments".
    *   If drying is excluded, then the only pretreatment in the text is the enzymatic pretreatment and the physical preparation (chopping/grinding).
    *   However, in the context of the article, "pretreatment" usually refers to the enzymatic application.
    *   But the instruction explicitly says "Include potential treatments during sample preparation... only exclude... drying, washing and freezing".
    *   This implies chopping and grinding are relevant.
    *   Let's check the "Pretreatment" section title: "2.4.1 Pretreatment".
    *   The text under 2.4.1 describes "50 mL enzyme solution was separately added... pretreated in a 50 °C incubator...".
    *   The text under 2.3 describes drying. But I must exclude drying.
    *   So I should list the enzymatic pretreatment.
    *   Wait, is there a "Preparation of crude enzyme solution" step? That's for enzymes, not substrates.
    *   So the substrate pretreatment is:
        1.  Chopping and Grinding (Physical preparation).
        2.  Enzymatic Pretreatment (Biological pretreatment).
    *   But the prompt says "Identify ALL the different pretreatments applied to the substrates...".
    *   I need to be careful not to include "drying" even if it was mentioned in 2.3.
    *   Wait, does "drying" apply to the substrate? Yes, 2.3 says "dried in an oven at 105 °C... dried at 80 °C".
    *   So I must exclude "drying".
    *   But are there other physical pretreatments?
    *   The instruction says "Include potential treatments during sample preparation...".
    *   Chopping and Grinding are sample preparation steps.
    *   So I should include them.
    *   Let's verify the exclusion again: "exclude the following 3 and nothing else: drying, washing and freezing for storage."
    *   Okay.
    *   So my output should list:
        1.  **Enzymatic Pretreatment** (Applying ETv/EAs to MS powder at 50°C for 6 days at varying ratios).
        2.  **Physical Pretreatment (Preparation)** (Chopping MS to pieces, Grinding with FZ-102).
    *   Wait, does the instruction imply that "pretreatment" should *only* refer to the enzymatic application?
    *   "Consider only the methodology... Identify ALL the different pretreatments applied to the substrates...".
    *   Usually, in this specific context (reading comprehension task), "pretreatment" refers to the methods applied to the substrate (in this case, enzyme application).
    *   However, the instruction explicitly mentions "sample preparation... only exclude... drying, washing and freezing". This implies I need to identify things that are *not* excluded.
    *   Drying (oven) is mentioned in 2.3. So I will exclude drying from the "pretreatment" section if the instruction defines pretreatment to *exclude* drying.
    *   But I should include "Chopping" and "Grinding" as they are physical preparation that don't fall under drying/washing/freezing.
    *   Is "Chopping" a pretreatment?
    *   In this context, "pretreatment" is a broad category. The instruction is likely asking me to extract the *actions* described in the methodology that constitute a pretreatment step (even if technically sample prep, it affects the substrate properties like moisture, etc.).
    *   However, "drying" is explicitly excluded.
    *   So I should list:
        1.  **Enzymatic Pretreatment** (5/0 to 0/5 ratio, 50°C, 6 days).
        2.  **Physical Preparation** (Chopping, Grinding).
    *   Wait, is there anything else?
    *   Let's check if there are variations in physical treatment.
    *   2.4.1 "50 mL enzyme solution was separately added...".
    *   2.4.2 "MS was pretreated...".
    *   In 2.4.1, "50 mL enzyme solution was separately added... pretreated in a 50 °C incubator for 6 days".
    *   This is one type of pretreatment (Enzymatic).
    *   There is no variation in enzyme type, only ratios.
    *   Wait, "Group all variations of the same pretreatment type into a SINGLE entry, Do NOT split a pretreatment type into multiple entries based on minor condition changes."
    *   So Enzymatic Pretreatment (Enzymatic solution applied at varying ratios) is one type.
    *   Physical Preparation (Chopping/Grinding) is one type.
    *   Drying is excluded.
    *   So I have two entry types.
    *   However, are chopping and grinding considered pretreatments in this specific article?
    *   The article title says "Accelerated biomethane production... Pretreated by mixed enzymes".
    *   The main focus is on the enzymes.
    *   But the instruction says "Include potential treatments during sample preparation".
    *   So I should list them.
    *   Wait, I need to check if "Drying" refers to the *exclusion* or the *exclusion of the text description*.
    *   "only exclude the following 3 and nothing else: drying, washing and freezing for storage."
    *   So if the text says "dried", I cannot list it as a pretreatment action.
    *   So I will list:
        1.  **Enzymatic Pretreatment** (Mixed enzyme application).
        2.  **Physical Pretreatment (Sample Prep)** (Chopping/Grinding).
    *   Wait, I need to check if "Chopping" is explicitly in the text.
    *   "MS was chopped to small pieces of 5 ~ 8 cm". Yes.
    *   "Ground... FZ-102 Mini Plant Grinder". Yes.
    *   So these are physical actions.
    *   Is there a "Preparation of crude enzyme solution"? That's for enzymes, not substrate.
    *   Is there a "Pre-treatment" section in the text? Yes, 2.4.1 Pretreatment.
    *   Does the text under 2.4.1 describe the "physical" prep? No, it describes the enzyme prep.
    *   But 2.3 describes the MS preparation.
    *   So I should include the physical prep (chopping/grinding) as well.
    *   However, "Drying" is excluded. So even though MS is dried, I won't list it.
    *   So the list will be:
        1.  **Enzymatic Pretreatment** (Enzymes from T. viride and Aspergillus sp. applied to MS powder).
        2.  **Physical Preparation (Chopping/Grinding)** (MS was chopped and ground).
    *   Wait, is there a "Control" pretreatment? The text says "control group was replaced with 50 mL of deionized water".
    *   Deionized water is not a pretreatment (it's a negative control).
    *   So the pretreatments are the treatments involving enzymes.
    *   The prompt says "Identify ALL the different pretreatments applied to the substrates".
    *   So the enzymes are the pretreatment.
    *   The chopping/grinding is sample prep, not a pretreatment *for AD*.
    *   Wait, the instruction says "include potential treatments during sample preparation".
    *   So chopping/grinding counts as a "treatment during sample preparation" in the context of the prompt.
    *   But "pretreatment" in the article title implies the AD step.
    *   However, the prompt says "Identify ALL the different pretreatments applied to the substrates... this includes potential treatments during sample preparation...".
    *   This overrides the typical definition of "pretreatment" for the purpose of this task.
    *   So I should list the physical prep too.
    *   Wait, but is "drying" the only exclusion? "exclude the following 3... drying, washing and freezing for storage".
    *   So I should not list "Drying" or "Washing" or "Freezing" even if they occurred.
    *   So I should list Chopping and Grinding.
    *   Wait, is there anything else?
    *   "The inoculum was stored for more than two weeks before use". This is for the inoculum, not substrate.
    *   So the substrate actions are:
        1.  Chopping.
        2.  Drying (Excluded).
        3.  Grinding.
        4.  Enzymatic Application.
    *   Wait, but "drying" is in the exclusion list. So I cannot list it.
    *   So I have two items.
    *   However, "Physical Pretreatment" often includes drying, washing, etc.
    *   But here drying is excluded.
    *   So I will list Chopping and Grinding as a single entry? Or two?
    *   The instruction says "Group all variations of the same pretreatment type into a SINGLE entry".
    *   Chopping and Grinding are variations of the same physical preparation type (Physical Treatment/Preparation).
    *   So I can group them as "Physical Processing (Chopping/Grinding)".
    *   But wait, is "Drying" excluded? Yes.
    *   So I will list the Physical Processing (Chopping/Grinding) and Enzymatic Pretreatment.
    *   Wait, the prompt says "Identify ALL the different pretreatments".
    *   So:
        1.  **Enzymatic Pretreatment** (Mixed enzymes).
        2.  **Physical Pretreatment** (Chopping/Grinding).
    *   Wait, does the prompt imply I should only list the specific method mentioned in the "Pretreatment" section (2.4.1)?
    *   The instruction says "Consider only the methodology... Identify ALL the different pretreatments... this includes potential treatments during sample preparation".
    *   This implies I should extract the specific actions that are not excluded (drying/washing/freezing).
    *   So I will extract:
        1.  **Enzymatic Pretreatment** (Mixed enzymes from T. viride and A. sp. applied to MS powder at 50°C for 6 days, varying ratios).
        2.  **Physical Pretreatment** (MS was chopped to 5-8 cm pieces, ground with FZ-102 Mini Plant Grinder).
    *   Wait, I need to make sure I don't include "Drying" even if it was mentioned.
    *   The text says "dried in an oven at 105 °C for 20 min, and then dried at 80 °C".
    *   Since drying is excluded, I will not include "Drying" in the description.
    *   I will describe it as "Preparation" or similar to ensure it's clear it's physical prep.
    *   Actually, to be precise, I will list "Physical Processing (Chopping/Grinding)".
    *   Let's check if there are variations.
    *   There are no variations in the physical processing (chopping and grinding are standard).
    *   There are variations in the enzymatic treatment (ratios).
    *   So I will list:
        1.  **Enzymatic Pretreatment** (Mixed enzymes ratio variations).
        2.  **Physical Preparation** (Chopping/Grinding).
    *   Wait, the instruction says "Group all variations of the same pretreatment type into a SINGLE entry".
    *   So "Enzymatic Pretreatment" is one entry.
    *   "Physical Preparation" is another.
    *   Is "Physical Preparation" distinct enough? Yes.
    *   But I need to ensure I don't accidentally include drying.
    *   I will use "Physical Treatment" or "Physical Preparation".
    *   Let's check if "drying" is excluded from the *description* or the *type*.
    *   "exclude the following 3... drying, washing and freezing".
    *   So I cannot write "Drying".
    *   So I will write "Physical Preparation (Chopping/Grinding)".
    *   Wait, I need to check if "Chopping" is considered a "pretreatment".
    *   The prompt says "Include potential treatments during sample preparation".
    *   So yes.
    *   So my final list will be:
        1.  **Enzymatic Pretreatment** (Mixed enzymes, ratios, temp, time).
        2.  **Physical Processing** (Chopping/Grinding).
    *   Wait, I need to check if there is a "Control" treatment.
    *   The text says "control group was replaced with 50 mL of deionized water".
    *   This is not a pretreatment.
    *   So I won't include it.
    *   Wait, is there any other pretreatment?
    *   In 2.4.1: "MS powder... pretreated in a 50 °C incubator...".
    *   This is the enzymatic one.
    *   So the enzymatic one is definitely one.
    *   The physical processing is definitely another based on the exclusion rule.
    *   So I will list both.
    *   Let's check the text for "Pretreatment" vs "Processing".
    *   "Pretreatment methods include physical methods, chemical methods, and biological methods."
    *   So Physical Processing is a type of Pretreatment (Method).
    *   So I should list it as "Physical Pretreatment" or similar to reflect its classification.
    *   So I will list "Physical Pretreatment" (Chopping/Grinding).
    *   And "Biological Pretreatment" (Enzymatic).
    *   Wait, I need to check the output schema.
    *   "pretreatments": [{"id": 0, "description": string}, ...]
    *   I need to assign IDs 0, 1.
    *   Let's refine the descriptions.
    *   1. **Enzymatic Pretreatment**: Mixed enzymes from Trichoderma viride (ETv) and Aspergillus sp. (Ea) applied to MS powder in 50°C incubator for 6 days at ratios 5/0 to 0/5.
    *   2. **Physical Pretreatment**: MS chopped to 5-8 cm pieces and ground with FZ-102 Mini Plant Grinder.
    *   Wait, I need to check if the "Physical Pretreatment" is actually considered a pretreatment *to the substrate* in the context of the article's focus.
    *   The article title is about "Accelerated biomethane production... Pretreated by mixed enzymes".
    *   But the instruction says "Include potential treatments during sample preparation".
    *   So I will include it.
    *   Wait, does the exclusion rule "exclude the following 3... drying..." apply to the *description* of the pretreatment?
    *   Yes, I cannot list "Drying".
    *   So I will list "Physical Pretreatment".
    *   Let's make sure I capture the details.
    *   Enzymatic: 50°C, 6 days, ratios (ETv/Ea), MS powder.
    *   Physical: Chopping (5-8cm), Grinding (FZ-102), Oven drying (105°C, 20 min, 80°C). But wait, drying is excluded.
    *   So I will exclude drying in the description.
    *   So I will describe Physical Pretreatment as "Chopping and Grinding".
    *   Wait, but is "Grinding" a "pretreatment"?
    *   Yes, the instruction says "Include potential treatments during sample preparation".
    *   So yes.
    *   So my output will be:
    *   0: **Enzymatic Pretreatment**
    *   1: **Physical Pretreatment (Chopping/Grinding)**
    *   Wait, I need to ensure "Enzymatic Pretreatment" is specific.
    *   "Mixed enzymes (ETv/Ea) at 50°C for 6 days at ratios 5/0, 4/1, 3/2, 2/3, 1/4, 0/5".
    *   And "Physical Pretreatment": "MS chopped to 5-8 cm, ground with FZ-102".
    *   Wait, is "Physical Pretreatment" a valid identifier?
    *   I will use "Physical Pretreatment" as the description field content.
    *   And "Enzymatic Pretreatment".
    *   Wait, the prompt says "Only include the following 3... drying...".
    *   So I must not include drying.
    *   I must not include washing.
    *   I must not include freezing.
    *   So I will list these two.
    *   Wait, is there a "Control" pretreatment?
    *   The text says "control group was replaced with 50 mL of deionized water".
    *   This is not a pretreatment.
    *   So I won't list it.
    *   So I will list:
        1. **Enzymatic Pretreatment**
        2. **Physical Pretreatment**
    *   Wait, is there a distinction between "Physical Pretreatment" and "Preparation"?
    *   The prompt says "Identify ALL the different pretreatments".
    *   In the text, 2.4.1 is titled "Pretreatment".
    *   2.3 mentions "drying".
    *   So I will focus on the actions.
    *   Let's check the instruction again: "Group all variations of the same pretreatment type into a SINGLE entry".
    *   So Enzymatic Pretreatment is one.
    *   Physical Pretreatment is another.
    *   So I need to make sure I don't split them.
    *   Okay.
    *   Wait, I need to check if "drying" is mentioned in the *description* of the Enzymatic Pretreatment.
    *   The text says "pretreated in a 50 °C incubator".
    *   It doesn't mention drying before this.
    *   So I can describe it as "Enzymatic Pretreatment".
    *   For Physical Pretreatment, I will describe "Chopping and Grinding".
    *   I need to check if "Physical Pretreatment" is a valid identifier.
    *   No, I need to assign "id" to each entry.
    *   So I will assign id 0 to Enzymatic, id 1 to Physical.
    *   Wait, I need to check if the prompt requires me to list *excluded* items.
    *   No, "only exclude the following 3... drying...".
    *   So I must not include drying.
    *   So I will not list "Drying" even though the text mentions it.
    *   So I will list:
        1.  **Enzymatic Pretreatment** (Mixed enzymes, ratios, time, temperature).
        2.  **Physical Pretreatment** (Chopping/Grinding).
    *   Wait, is "Physical Pretreatment" too generic?
    *   The prompt says "Group all variations of the same pretreatment type into a SINGLE entry".
    *   So "Physical Pretreatment" (Chopping/Grinding) is one type.
    *   So I can describe it as "Physical Pretreatment (MS Chopping/Grinding)".
    *   Okay.
    *   Wait, I need to check if there is any other pretreatment.
    *   In 2.2 "Preparation of crude enzyme solution".
    *   "The enzyme-producing medium was MS powder-wheat bran medium".
    *   This is medium prep, not substrate prep.
    *   So I will focus on MS.
    *   Okay.
    *   Wait, I need to check if "drying" in 2.3 should be mentioned.
    *   No, "only exclude... drying...".
    *   So I will not mention drying.
    *   I will mention "Chopping" and "Grinding".
    *   Okay.
    *   Final check on constraints:
        *   Return ONLY valid JSON.
        *   Do not include explanations.
        *   Do not include markdown.
        *   Schema: {"pretreatments": [{"id":0...}, ...]}
        *   Only include items that are *pretreatments* (actions affecting substrate properties that are NOT drying/washing/freezing/storage).
        *   So Enzymatic Pretreatment (yes).
        *   Physical Prep (Chopping/Grinding) (yes).
        *   (Excluded: Drying, Washing, Freezing).
        *   So my list will be correct.
2026-05-29 17:26:59,071 {
  "pretreatments": [
    {
      "id": 0,
      "description": "Enzymatic Pretreatment: Mixed enzymes secreted by Trichoderma viride (ETv) and Aspergillus sp. (Ea) applied to maize straw (MS) powder in a 50 °C incubator for 6 days at varying ratios (ETv/Ea = 5/0, 4/1, 3/2, 2/3, 1/4, 0/5, 0/5)."
    },
    {
      "id": 1,
      "description": "Physical Pretreatment: Maize straw chopped into small pieces (5-8 cm) and ground using a FZ-102 Mini Plant Grinder before processing."
    }
  ]
}
