2026-05-29 17:03:21,459 HTTP Request: POST http://127.0.0.1:11434/api/generate "HTTP/1.1 200 OK"
2026-05-29 17:03:21,462 77 seconds of runtime
2026-05-29 17:03:21,462 The user wants to identify which question (qid) from the provided list matches the description in item 1.

**Item 1 Description:**
'A Hollander beater mechanical pretreatment using a modified Hollander beater model (Reina) equipped with an elliptic water raceway and a bladed drum rotating at 580 RPM. The process involves a bed-plate with sharp grooves located under the rotating wheel that exercises a cutting action while high pressure and speed reach under the drum beat the mixture. The blades and grooves reduce particle sizes and increase specific surface area available for microorganisms, facilitating digestion.'

**Key characteristics of Item 1:**
1.  **Process:** Hollander beater pretreatment.
2.  **Mechanism:** Mechanical cutting action with sharp grooves/bed-plate.
3.  **Parameters:** Bladed drum rotating at 580 RPM, high pressure/speed reach under drum.
4.  **Effect:** Particle size reduction, increase specific surface area (substrate degradation/modification).
5.  **Nature:** Mechanical pretreatment of a substrate.

**Analysis of Qids:**

*   **qid 1:** "Does the methodology explicitly describe any physical process that mechanically alters the substrate (e.g., size reduction, structural disruption or similar)? Instructions for reasoning: 1.Identify any mechanical treatment (e.g., grinding, milling, shredding, mixing, physical disruption, or similar) applied to the substrate. 2. Confirm that the mechanical treatment is applied to the substrate and not to the inoculum or for analytical characterization. 3.confirm it is a direct mechanical desintegration effect and not an indirect effect from other procedure such as ultrasounds, pressure or similar 4. exclude freezing, or pressure to separate phases if that is the identified method 5.Answer 'true' if conditions are met, otherwise 'false' "
    *   **Match:** The description explicitly mentions "mechanical pretreatment", "bladed drum", "cutting action", "reduce particle sizes". This fits the definition of a physical/mechanical process applied to the substrate. It is not freezing, pressure separation, or chemical/ultrasound based.
    *   **Constraint:** Qid 1 asks specifically about physical processes modifying the substrate size/structure. Item 1 describes Hollander beater, which is a mechanical size-reduction/structural alteration process.
    *   **Constraint Check:** "exclude freezing, or pressure to separate phases if that is the identified method" - Item 1 mentions high pressure but in the context of the beater hitting the drum, not for separating phases (though it's a high pressure process, the prompt specifically mentions "mechanical treatment... applied to substrate"). The description says "high pressure and speed reach under the drum beat the mixture". This is more of a mechanical impact/treatment than separating phases. However, Item 1 specifically focuses on mechanical alteration.
    *   **Decision:** Qid 1 is the most direct match for "mechanical alters substrate" (size reduction, cutting action).

*   **qid 2:** "Does the methodology explicitly describe the use of thermal pretreatment... Do not consider drying as a valid pretreatment"
    *   **Match:** Item 1 is mechanical, not thermal.
    *   **Result:** false.

*   **qid 3:** "Does the methodology explicitly describe the use of ultrasound pretreatment...?"
    *   **Match:** "Exclude ... ultrasounds...". Item 1 is a Hollander beater, not ultrasound.
    *   **Result:** false.

*   **qid 4:** "Does the methodology explicitly describe the use of pressure-based pretreatment... (for example... hydrodynamic cavitation... and not pressure generated incidentally by heating...)"
    *   **Match:** The description mentions "high pressure and speed reach under the drum". This could be interpreted as pressure-based. However, Item 1 is primarily described as a "Hollander beater mechanical pretreatment". Qid 1 asks about *mechanical treatment*. Qid 4 asks about *pressure-based pretreatment*.
    *   **Conflict:** The description mentions "high pressure". However, standard Hollander beater operation is primarily mechanical shear/cutting, often relying on the impact from the drum.
    *   **Re-evaluating Qid 1:** Qid 1 covers "physical process that mechanically alters the substrate... direct mechanical desintegration effect". Item 1 describes exactly this: "blades and grooves reduce particle sizes", "cutting action", "high pressure and speed reach under the drum beat the mixture". Qid 1 explicitly allows physical disruption. It mentions "exclude freezing, or pressure to separate phases if that is the identified method". The prompt in Item 1 *is* about pressure reach under the drum (not separating phases).
    *   **Re-evaluating Qid 4:** Qid 4 explicitly asks if it is a pressure-based pretreatment *not* pressure generated incidentally. Item 1 says "high pressure... beat the mixture". Is this "pressure-based pretreatment"? Usually, Hollander beater is mechanical. The description says "mechanical pretreatment". Item 1 is asking for a classification in the user's instruction set. However, Qid 1 asks "Does the methodology explicitly describe any physical process that mechanically alters the substrate...". The description *is* the methodology.
    *   **Comparison:** The description explicitly says "Hollander beater mechanical pretreatment".
    *   **Qid 1 definition:** "physically alters substrate... size reduction". Qid 1 matches this best.
    *   **Qid 4 definition:** "pressure-based pretreatment... not pressure generated incidentally". If the pressure is a result of the drum beating (impact), it's often considered mechanical. The question says "mechanical pretreatment... (e.g. grinding, milling, shredding, mixing, physical disruption)". Item 1 says "mechanical pretreatment".
    *   **Selection:** Qid 1 covers "mechanical alters substrate" (size reduction/cutting). Qid 4 covers "pressure-based". While pressure is involved, the primary action is mechanical cutting. Qid 1 is the primary match for the "physical process that mechanically alters the substrate". Qid 1 instructions say "Answer true'if conditions are met". Condition 3 says "confirm it is a direct mechanical desintegration effect and not an indirect effect... such as ultrasounds, pressure or similar". Wait, the instructions for Qid 1 say "confirm it is a direct mechanical desintegration effect and not an indirect effect from other procedure such as ultrasounds, pressure or similar".
    *   **Wait, let me look closely at the rules provided.**
    *   The text provided contains 14 Qids (and some numbering is weird like 1, 14, 58).
    *   I need to select one Qid from the list.
    *   The description in item 1 is "mechanical pretreatment".
    *   Qid 1: "Identify any mechanical treatment... applied to the substrate... confirm it is a direct mechanical desintegration effect...".
    *   If I look at Qid 1 instructions: "Answer 'true' if conditions are met, otherwise 'false'".
    *   Wait, I don't need to answer true/false for Qid 1, I need to answer the Qid from the list provided in the text.
    *   Wait, the prompt says "You must identify the treatment from the list of questions provided above (in 2), it is possible that the description doesnt fit any questions. rules: -ONLY answer with the qid of the question and nothing else - if the description doesn't fit any questions answer with -1"
    *   So I need to output the QID of the matching question.
    *   The text provided has: `{'qid': 1, 'question': ...}`. This implies Qid 1 is the "Does the methodology explicitly describe any physical process that mechanically alters the substrate..." question.
    *   Item 1 describes a Hollander beater.
    *   Does this describe a mechanical treatment? Yes ("bladed drum rotating", "bed-plate with sharp grooves", "exercises a cutting action").
    *   Does it alter the substrate? Yes ("reduces particle sizes", "increase specific surface area").
    *   Is it applied to the substrate? Yes ("pretreatment... mixture").
    *   Is it direct mechanical? Yes.
    *   Does Qid 1 cover this? Yes, Qid 1 asks if the methodology explicitly describes *mechanical treatment*.
    *   Wait, looking at the text provided, `{'qid': 1, ...}`.
    *   So Qid 1 is the question: "Does the methodology explicitly describe any physical process that mechanically alters the substrate...".
    *   Since Item 1 is a description of a mechanical pretreatment, Qid 1 should be the answer.
    *   Is there a better fit?
    *   Qid 2: Thermal. (Item 1 is mechanical). No.
    *   Qid 3: Ultrasound. (Item 1 is Hollander beater). No.
    *   Qid 4: Pressure-based. Item 1 mentions "high pressure... beat the mixture". Qid 4 asks about pressure-based pretreatment *not* pressure incidentally by heating. Usually, mechanical energy (beater drum) counts as mechanical pressure, but Hollander beater is primarily mechanical shear. Qid 1 specifically asks for "physical process that mechanically alters the substrate". This matches the description better.
    *   Qid 5: Electrical application (exclude ultrasound/microwave). No.
    *   Qid 6: Alkaline. No.
    *   Qid 7: Acidic. No.
    *   Qid 8: Oxidizer. No.
    *   Qid 9: Solvent. No.
    *   Qid 10: Chemical. No.
    *   Qid 11: Enzyme. No.
    *   Qid 12: Fungi. No.
    *   Qid 13: Microbial. No.
    *   Qid 14: External organic material. No.
    *   Qid 58: Microaerobic. No.

    *   Between Qid 1 and Qid 4:
    *   Item 1 explicitly says "A Hollander beater **mechanical pretreatment**".
    *   Qid 1 asks "Does the methodology explicitly describe any physical process that mechanically alters the substrate...".
    *   Item 1 *is* the methodology description provided in point 1.
    *   So, does the description fit Qid 1? Yes.
    *   Does it fit Qid 4? It mentions "high pressure", but Qid 1 fits the "mechanical alteration of substrate" definition better, especially since Qid 1 instructions say "confirm it is a direct mechanical desintegration effect and not an indirect effect from other procedure such as ultrasounds, pressure or similar". Wait, Qid 1's instructions say "Instructions for reasoning: 1.Identify... 3.confirm it is a direct mechanical desintegration effect...". It asks me (the model) to answer true/false based on those.
    *   But the user wants me to identify the qid from the list.
    *   Since the description *is* a mechanical pretreatment, Qid 1 is the correct classification question ("Does the methodology... mechanically alters substrate").
    *   Since Item 1 is the description *of* a mechanical pretreatment.
    *   So the answer is Qid 1.

    *   Wait, let's re-read the Qid 1 instructions carefully. "Instructions for reasoning: 1.Identify any mechanical treatment... 2. Confirm... 3.confirm... 4. exclude... 5.Answer 'true' if conditions are met, otherwise 'false'".
    *   Wait, the user wants me to output the Qid.
    *   Since the description matches the criteria for Qid 1 ("Does the methodology explicitly describe any physical process that mechanically alters the substrate"), Qid 1 is the correct choice.
    *   Wait, the prompt says "You must identify the treatment from the list of questions provided above (in 2)... rules: -ONLY answer with the qid of the question and nothing else".
    *   Wait, the provided text has a list of Qids (1, 2, 3... up to 58).
    *   Wait, I see `{'qid': 1, ...}` in the text provided.
    *   So Qid 1 is the first question in the list.
    *   Does Item 1 describe a mechanical treatment? Yes.
    *   Does Item 1 describe a physical process that mechanically alters the substrate? Yes.
    *   So Qid 1 is the correct match.

    *   Wait, I need to check if there is any Qid that asks specifically about "Hollander beater" or "cutting action". No, the Qids are generic.
    *   The match is Qid 1.
    *   Wait, is there any reason to pick Qid 4? Qid 4 asks about "pressure-based pretreatment". Item 1 says "high pressure and speed... beat the mixture". This implies pressure.
    *   However, Qid 1's text says "physically alters the substrate... size reduction".
    *   Usually, Hollander beater classification: It's a mechanical physical process.
    *   The instruction in Item 1's description says "Instructions for reasoning" for Qid 1 (actually the user put Qid 1's instructions *inside* the text? No, the text says `1.{'id': 0, ...}, {'qid': 1, 'question': "Does the methodology explicitly describe any physical process..."}.
    *   Ah, I see. The text provided *is* the list of items.
    *   Item 1 (description) corresponds to `{'id': 0, 'description': ...}`.
    *   The text provided in the prompt has a section starting with `1.{'id': 0, ...}`, `2. [{'qid': 1...}]`, `3. {'qid': 2...}`.
    *   Wait, the input starts with `1.{'id': 0, 'description': 'A Hollander beater...'}`.
    *   Then it lists Qids 2, 3, 4, 5, 6... as separate items.
    *   So the list of Qids corresponds to the `{'qid': ...}` keys.
    *   The user asks: "You must identify the treatment from the list of questions provided above (in 2)...".
    *   The "list of questions" includes Qid 1 and the rest (2-58).
    *   Item 1 description describes a Hollander beater.
    *   Does it match Qid 1? Yes. Qid 1 asks if it describes a physical process that mechanically alters the substrate.
    *   Does it match Qid 4? Qid 4 asks if it describes pressure-based pretreatment.
    *   Qid 1 asks "Does the methodology explicitly describe any physical process that mechanically alters the substrate...".
    *   Item 1 *explicitly* describes a "Hollander beater mechanical pretreatment".
    *   Item 1 *explicitly* describes a "mechanical treatment" (Hollander beater).
    *   Item 1 description says "The process involves a bed-plate... exercises a cutting action". This is "direct mechanical desintegration".
    *   Qid 1 conditions: "Identify any mechanical treatment... confirm it is a direct mechanical desintegration effect... Answer 'true' if conditions are met".
    *   So Qid 1 is a "True" or "False" question.
    *   But the instruction says "You must identify the treatment from the list of questions provided above (in 2)... rules: -ONLY answer with the qid of the question and nothing else".
    *   I am acting as a classifier.
    *   Since the description matches the criteria for Qid 1 (mechanical alteration of substrate), Qid 1 is the correct answer.
    *   Wait, the instruction says "if the description doesn't fit any questions answer with -1".
    *   Since it fits Qid 1, I answer Qid 1.

    *   Wait, I need to make sure I don't need to answer "true" or "false" to the user.
    *   "rules: -ONLY answer with the qid of the question and nothing else"
    *   So I must output `1` (or the qid string).
    *   Wait, the qid in the text is `1`.
    *   The text provided in the prompt starts with `1.{'id': 0...}`.
    *   Then `2. [{'qid': 1...}]`.
    *   Wait, the input has `1.{'id': 0, ...}` as the first item.
    *   Then `2. [{'qid': 1...}]`.
    *   Then `3. {'qid': 2...}`.
    *   Wait, the Qid key is `qid`.
    *   The first item is `{'id': 0, ...}`.
    *   The second item is `{'qid': 1, 'question': ...}`.
    *   The Qids range from 1 to 58.
    *   The question asks: "identify the treatment from the list of questions provided above (in 2)".
    *   Actually, looking closely at the input text:
    *   `1.{'id': 0, 'description': '...'},` (This is description 1).
    *   `2. [{'qid': 1, 'question': "Does the methodology explicitly describe any physical process...", ...}, ...]` (This is Qid 1).
    *   Wait, the text provided in the prompt is:
    *   `1.{'id': 0, 'description': '...'} `
    *   `2. [{'qid': 1, 'question': "..." }]`
    *   `3. {'qid': 2...`
    *   It seems Qid 1, 2, 3... are the list of questions to choose from.
    *   Item 1 (description) is a *description of the treatment*.
    *   I need to match the description to one of the Qids (1-58).
    *   Item 1 describes a Hollander beater.
    *   This fits Qid 1 ("mechanically alters substrate").
    *   It doesn't fit Qid 4 ("pressure-based").
    *   So Qid 1.
    *   Wait, looking at the instruction "if the description doesn't fit any questions answer with -1".
    *   Does it fit Qid 1?
    *   Qid 1 asks "Does the methodology explicitly describe any physical process that mechanically alters the substrate...".
    *   The description says "A Hollander beater mechanical pretreatment... using a bladed drum... exercises a cutting action... reduce particle sizes".
    *   This *is* a mechanical process that mechanically alters the substrate.
    *   So it matches Qid 1.
    *   Therefore, the output should be `1`.
    *   Wait, there's a risk. Some systems might want the *value* of the question text? No, "qid of the question".
    *   The Qid string is `1` (as per `{'qid': 1}`).
    *   So I should output `1`.

    *   Wait, I need to check if there is a Qid 0 or something.
    *   Item 1 starts with `1.{'id': 0...}`.
    *   Then `2. [{'qid': 1...}]`.
    *   The Qid is clearly marked `1`, `2`, `3` etc in the second item onwards.
    *   So I should output `1`.

    *   Let's check the reasoning for Qid 4 again.
    *   Item 1: "high pressure and speed reach under the drum beat the mixture".
    *   Qid 4: "pressure-based pretreatment... not pressure generated incidentally by heating".
    *   Is "bladed drum rotating at 580 RPM" high pressure? It's mechanical energy. High pressure could be interpreted as pressure (hydrostatic) or mechanical impact.
    *   However, Qid 1's definition says "physically alters substrate... size reduction...". Item 1 does exactly this ("reduces particle sizes").
    *   Qid 1 is the broader category of "mechanical treatment".
    *   Qid 1's instructions say "confirm it is a direct mechanical desintegration effect".
    *   Item 1 describes "mechanical pretreatment... reduce particle sizes".
    *   So Qid 1 is the correct match.
    *   Final check on formatting: "ONLY answer with the qid of the question and nothing else".
    *   So output `1`.

    *   Wait, is there any chance it's -1?
    *   Item 1 explicitly says "Hollander beater mechanical pretreatment".
    *   This is a physical process that mechanically alters the substrate.
    *   Qid 1 asks "Does the methodology explicitly describe any physical process that mechanically alters the substrate...".
    *   Yes, it does.
    *   So 1.

    *   Wait, let's verify if Qid 4 is a better fit.
    *   Qid 4 asks "Does the methodology explicitly describe the use of pressure-based pretreatment...".
    *   Item 1 mentions "high pressure".
    *   However, in anaerobic digestion classification, Hollander beater is typically classified under "Physical Pretreatment" or "Mechanical Pretreatment".
    *   Qid 1 covers "physical process... mechanically alters substrate".
    *   Qid 4 covers "pressure-based pretreatment".
    *   Since Qid 1 explicitly asks for "mechanical treatment" and the description describes "mechanical pretreatment", Qid 1 is the more accurate classification for the "mechanical treatment" part.
    *   Also, Item 1 says "A Hollander beater **mechanical pretreatment**".
    *   Qid 1 asks if methodology describes "mechanically alters substrate".
    *   This is a direct match.
    *   So `1`.

    *   Wait, one more check. Is there any instruction "Do not consider drying as a valid pretreatment"? (In Qid 2).
    *   Item 1 is not drying.
    *   Okay, `1` is the answer.
    *   Wait, the Qid in the text for the item `2. [{'qid': 1...}]` is `1`.
    *   The Qid for the item `3. {'qid': 2...}` is `2`.
    *   So I output `1`.

    *   Wait, I noticed something in the text `2. [{'qid': 1, 'question': "Does the methodology explicitly describe any physical process...}`.
    *   This means Qid 1 corresponds to the question about "mechanically alters substrate".
    *   Since Item 1 describes a mechanical pretreatment, it matches Qid 1.
    *   So the answer is `1`.

    *   Wait, I need to ensure I don't add extra text.
    *   The instruction says "ONLY answer with the qid of the question and nothing else".
    *   So `1`.

    *   One nuance: The provided text has `{'qid': 1, ...}`.
    *   So the id is 1.
    *   Output `1`.
2026-05-29 17:03:21,462 1
