2026-05-29 17:10:51,000 HTTP Request: POST http://127.0.0.1:11434/api/generate "HTTP/1.1 200 OK"
2026-05-29 17:10:51,002 86 seconds of runtime
2026-05-29 17:10:51,002 The user wants to identify which question (qid) from the provided list matches the description in item 1.

**Item 1 Description:**
'A Hollander beater mechanical pretreatment using a modified Hollander beater model (Reina) equipped with an elliptic water raceway and a bladed drum rotating at 580 RPM. The process involves a bed-plate with sharp grooves located under the rotating wheel that exercises a cutting action while high pressure and speed reach under the drum beat the mixture. The blades and grooves reduce particle sizes and increase specific surface area available for microorganisms, facilitating digestion.'

**Key characteristics of Item 1:**
1.  **Process:** Hollander beater pretreatment.
2.  **Mechanism:** Mechanical cutting action with sharp grooves/bed-plate.
3.  **Parameters:** Bladed drum rotating at 580 RPM, high pressure/speed reach under drum.
4.  **Effect:** Particle size reduction, increase specific surface area (substrate degradation/modification).
5.  **Nature:** Mechanical pretreatment of a substrate.

**Analysis of Qids:**

*   **qid 1:** "Does the methodology explicitly describe any physical process that mechanically alters the substrate (e.g., size reduction, structural disruption or similar)? Instructions for reasoning: 1.Identify any mechanical treatment (e.g., grinding, milling, shredding, mixing, physical disruption, or similar) applied to the substrate. 2. Confirm that the mechanical treatment is applied to the substrate and not to the inoculum or for analytical characterization. 3.confirm it is a direct mechanical desintegration effect and not an indirect effect from other procedure such as ultrasounds, pressure or similar 4. exclude freezing, or pressure to separate phases if that is the identified method 5.Answer 'true' if conditions are met, otherwise 'false' "
    *   **Match:** The description explicitly mentions "mechanical pretreatment", "bladed drum", "cutting action", "reduce particle sizes". This fits the definition of a physical/mechanical process applied to the substrate. It is not freezing, pressure separation, or chemical/ultrasound based.
    *   **Constraint:** Qid 1 asks specifically about physical processes modifying the substrate size/structure. Item 1 describes Hollander beater, which is a mechanical size-reduction/structural alteration process.
    *   **Constraint Check:** "exclude freezing, or pressure to separate phases if that is the identified method" - Item 1 mentions high pressure but in the context of the beater hitting the drum, not for separating phases (though it's a high pressure process, the prompt specifically mentions "mechanical treatment... applied to substrate"). The description says "high pressure and speed reach under the drum beat the mixture". This is more of a mechanical impact/treatment than separating phases. However, Item 1 specifically focuses on mechanical alteration.
    *   **Decision:** Qid 1 is the most direct match for "mechanical alters substrate" (size reduction, cutting action).

*   **qid 2:** "Does the methodology explicitly describe the use of thermal pretreatment... Do not consider drying as a valid pretreatment"
    *   **Match:** Item 1 is mechanical, not thermal.
    *   **Result:** false.

*   **qid 3:** "Does the methodology explicitly describe the use of ultrasound pretreatment...?"
    *   **Match:** "Exclude ... ultrasounds...". Item 1 is a Hollander beater, not ultrasound.
    *   **Result:** false.

*   **qid 4:** "Does the methodology explicitly describe the use of pressure-based pretreatment... (for example... hydrodynamic cavitation... and not pressure generated incidentally by heating...)"
    *   **Match:** The description mentions "high pressure and speed reach under the drum". This could be interpreted as pressure-based. However, Item 1 is primarily described as a "Hollander beater mechanical pretreatment". Qid 1 asks about *mechanical treatment*. Qid 4 asks about *pressure-based pretreatment*.
    *   **Conflict:** The description mentions "high pressure". However, standard Hollander beater operation is primarily mechanical shear/cutting, often relying on the impact from the drum.
    *   **Re-evaluating Qid 1:** Qid 1 covers "physical process that mechanically alters the substrate... direct mechanical desintegration effect". Item 1 describes exactly this: "blades and grooves reduce particle sizes", "cutting action", "high pressure and speed reach under the drum beat the mixture". Qid 1 explicitly allows physical disruption. It mentions "exclude freezing, or pressure to separate phases if that is the identified method". The prompt in Item 1 *is* about pressure reach under the drum (not separating phases).
    *   **Re-evaluating Qid 4:** Qid 4 explicitly asks if it is a pressure-based pretreatment *not* pressure generated incidentally. Item 1 says "high pressure... beat the mixture". Is this "pressure-based pretreatment"? Usually, Hollander beater is mechanical. The description says "mechanical pretreatment". Item 1 is asking for a classification in the user's instruction set. However, Qid 1 asks "Does the methodology explicitly describe any physical process that mechanically alters the substrate...". The description *is* the methodology.
    *   **Comparison:** The description explicitly says "Hollander beater mechanical pretreatment".
    *   **Qid 1 definition:** "physically alters substrate... size reduction". Qid 1 matches this best.
    *   **Qid 4 definition:** "pressure-based pretreatment... not pressure generated incidentally". If the pressure is a result of the drum beating (impact), it's often considered mechanical. The question says "mechanical pretreatment... (e.g. grinding, milling, shredding, mixing, physical disruption)". Item 1 says "mechanical pretreatment".
    *   **Selection:** Qid 1 covers "mechanical alters substrate" (size reduction/cutting). Qid 4 covers "pressure-based". While pressure is involved, the primary action is mechanical cutting. Qid 1 is the primary match for the "physical process that mechanically alters the substrate". Qid 1 instructions say "Answer true'if conditions are met". Condition 3 says "confirm it is a direct mechanical desintegration effect and not an indirect effect... such as ultrasounds, pressure or similar". Wait, the instructions for Qid 1 say "confirm it is a direct mechanical desintegration effect and not an indirect effect from other procedure such as ultrasounds, pressure or similar".
    *   **Wait, let me look closely at the rules provided.**
    *   The text provided contains 14 Qids (and some numbering is weird like 1, 14, 58).
    *   I need to select one Qid from the list.
    *   The description in item 1 is "mechanical pretreatment".
    *   Qid 1: "Identify any mechanical treatment... applied to the substrate... confirm it is a direct mechanical desintegration effect...".
    *   If I look at Qid 1 instructions: "Answer 'true' if conditions are met, otherwise 'false'".
    *   Wait, I don't need to answer true/false for Qid 1, I need to answer the Qid from the list provided in the text.
    *   Wait, the prompt says "You must identify the treatment from the list of questions provided above (in 2), it is possible that the description doesnt fit any questions. rules: -ONLY answer with the qid of the question and nothing else - if the description doesn't fit any questions answer with -1"
    *   So I need to output the QID of the matching question.
    *   The text provided has: `{'qid': 1, 'question': ...}`. This implies Qid 1 is the "Does the methodology explicitly describe any physical process that mechanically alters the substrate..." question.
    *   Item 1 describes a Hollander beater.
    *   Does this describe a mechanical treatment? Yes ("bladed drum rotating", "bed-plate with sharp grooves", "exercises a cutting action").
    *   Does it alter the substrate? Yes ("reduces particle sizes", "increase specific surface area").
    *   Is it applied to the substrate? Yes ("pretreatment... mixture").
    *   Is it direct mechanical? Yes.
    *   Does Qid 1 cover this? Yes, Qid 1 asks if the methodology explicitly describes *mechanical treatment*.
    *   Wait, looking at the text provided, `{'qid': 1, ...}`.
    *   So Qid 1 is the question: "Does the methodology explicitly describe any physical process that mechanically alters the substrate...".
    *   Since Item 1 is a description of a mechanical pretreatment, Qid 1 should be the answer.
    *   Is there a better fit?
    *   Qid 2: Thermal. (Item 1 is mechanical). No.
    *   Qid 3: Ultrasound. (Item 1 is Hollander beater). No.
    *   Qid 4: Pressure-based. Item 1 mentions "high pressure... beat the mixture". Qid 4 asks about pressure-based pretreatment *not* pressure incidentally by heating. Usually, mechanical energy (beater drum) counts as mechanical pressure, but Hollander beater is primarily mechanical shear. Qid 1 specifically asks for "physical process that mechanically alters the substrate". This matches the description better.
    *   Qid 5: Electrical application (exclude ultrasound/microwave). No.
    *   Qid 6: Alkaline. No.
    *   Qid 7: Acidic. No.
    *   Qid 8: Oxidizer. No.
    *   Qid 9: Solvent. No.
    *   Qid 10: Chemical. No.
    *   Qid 11: Enzyme. No.
    *   Qid 12: Fungi. No.
    *   Qid 13: Microbial. No.
    *   Qid 14: External organic material. No.
    *   Qid 58: Microaerobic. No.

    *   Between Qid 1 and Qid 4:
    *   Item 1 explicitly says "A Hollander beater **mechanical pretreatment**".
    *   Qid 1 asks "Does the methodology explicitly describe any physical process that mechanically alters the substrate...".
    *   Item 1 *is* the methodology description provided in point 1.
    *   So, does the description fit Qid 1? Yes.
    *   Does it fit Qid 4? It mentions "high pressure", but Qid 1 fits the "mechanical alteration of substrate" definition better, especially since Qid 1 instructions say "confirm it is a direct mechanical desintegration effect and not an indirect effect from other procedure such as ultrasounds, pressure or similar". Wait, Qid 1's instructions say "Instructions for reasoning: 1.Identify... 3.confirm it is a direct mechanical desintegration effect...". It asks me (the model) to answer true/false based on those.
    *   But the user wants me to identify the qid from the list.
    *   Since the description *is* a mechanical pretreatment, Qid 1 is the correct classification question ("Does the methodology... mechanically alters substrate").
    *   Since Item 1 is the description *of* a mechanical pretreatment.
    *   So the answer is Qid 1.

    *   Wait, let's re-read the Qid 1 instructions carefully. "Instructions for reasoning: 1.Identify any mechanical treatment... 2. Confirm... 3.confirm... 4. exclude... 5.Answer 'true' if conditions are met, otherwise 'false'".
    *   Wait, the user wants me to output the Qid.
    *   Since the description matches the criteria for Qid 1 ("Does the methodology explicitly describe any physical process that mechanically alters the substrate"), Qid 1 is the correct choice.
    *   Wait, the prompt says "You must identify the treatment from the list of questions provided above (in 2)... rules: -ONLY answer with the qid of the question and nothing else".
    *   Wait, the provided text has a list of Qids (1, 2, 3... up to 58).
    *   Wait, I see `{'qid': 1, ...}` in the text provided.
    *   So Qid 1 is the first question in the list.
    *   Does Item 1 describe a mechanical treatment? Yes.
    *   Does Item 1 describe a physical process that mechanically alters the substrate? Yes.
    *   So Qid 1 is the correct match.

    *   Wait, I need to check if there is any Qid that asks specifically about "Hollander beater" or "cutting action". No, the Qids are generic.
    *   The match is Qid 1.
    *   Wait, is there any reason to pick Qid 4? Qid 4 asks about "pressure-based pretreatment". Item 1 says "high pressure and speed... beat the mixture". This implies pressure.
    *   However, Qid 1's text says "physically alters the substrate... size reduction".
    *   Usually, Hollander beater classification: It's a mechanical physical process.
    *   The instruction in Item 1's description says "Instructions for reasoning" for Qid 1 (actually the user put Qid 1's instructions *inside* the text? No, the text says `1.{'id': 0, ...}, {'qid': 1, 'question': "Does the methodology explicitly describe any physical process..."}.
    *   Ah, I see. The text provided *is* the list of items.
    *   Item 1 (description) corresponds to `{'id': 0, 'description': ...}`.
    *   The text provided in the prompt has a section starting with `1.{'id': 0, ...}`, `2. [{'qid': 1...}]`, `3. {'qid': 2...}`.
    *   Wait, the input starts with `1.{'id': 0, 'description': 'A Hollander beater...'}`.
    *   Then it lists Qids 2, 3, 4, 5, 6... as separate items.
    *   So the list of Qids corresponds to the `{'qid': ...}` keys.
    *   The user asks: "You must identify the treatment from the list of questions provided above (in 2)...".
    *   The "list of questions" includes Qid 1 and the rest (2-58).
    *   Item 1 description describes a Hollander beater.
    *   Does it match Qid 1? Yes. Qid 1 asks if it describes a physical process that mechanically alters the substrate.
    *   Does it match Qid 4? Qid 4 asks if it describes pressure-based pretreatment.
    *   Qid 1 asks "Does the methodology explicitly describe any physical process that mechanically alters the substrate...".
    *   Item 1 *explicitly* describes a "Hollander beater mechanical pretreatment".
    *   Item 1 *explicitly* describes a "mechanical treatment" (Hollander beater).
    *   Item 1 description says "The process involves a bed-plate... exercises a cutting action". This is "direct mechanical desintegration".
    *   Qid 1 conditions: "Identify any mechanical treatment... confirm it is a direct mechanical desintegration effect... Answer 'true' if conditions are met".
    *   So Qid 1 is a "True" or "False" question.
    *   But the instruction says "You must identify the treatment from the list of questions provided above (in 2)... rules: -ONLY answer with the qid of the question and nothing else".
    *   I am acting as a classifier.
    *   Since the description matches the criteria for Qid 1 (mechanical alteration of substrate), Qid 1 is the correct answer.
    *   Wait, the instruction says "if the description doesn't fit any questions answer with -1".
    *   Since it fits Qid 1, I answer Qid 1.

    *   Wait, I need to make sure I don't need to answer "true" or "false" to the user.
    *   "rules: -ONLY answer with the qid of the question and nothing else"
    *   So I must output `1` (or the qid string).
    *   Wait, the qid in the text is `1`.
    *   The text provided in the prompt starts with `1.{'id': 0...}`.
    *   Then `2. [{'qid': 1...}]`.
    *   Wait, the input has `1.{'id': 0, ...}` as the first item.
    *   Then `2. [{'qid': 1...}]`.
    *   Then `3. {'qid': 2...}`.
    *   Wait, the Qid key is `qid`.
    *   The first item is `{'id': 0, ...}`.
    *   The second item is `{'qid': 1, 'question': ...}`.
    *   The Qids range from 1 to 58.
    *   The question asks: "identify the treatment from the list of questions provided above (in 2)".
    *   Actually, looking closely at the input text:
    *   `1.{'id': 0, 'description': '...'},` (This is description 1).
    *   `2. [{'qid': 1, 'question': "Does the methodology explicitly describe any physical process...", ...}, ...]` (This is Qid 1).
    *   Wait, the text provided in the prompt is:
    *   `1.{'id': 0, 'description': '...'} `
    *   `2. [{'qid': 1, 'question': "..." }]`
    *   `3. {'qid': 2...`
    *   It seems Qid 1, 2, 3... are the list of questions to choose from.
    *   Item 1 (description) is a *description of the treatment*.
    *   I need to match the description to one of the Qids (1-58).
    *   Item 1 describes a Hollander beater.
    *   This fits Qid 1 ("mechanically alters substrate").
    *   It doesn't fit Qid 4 ("pressure-based").
    *   So Qid 1.
    *   Wait, looking at the instruction "if the description doesn't fit any questions answer with -1".
    *   Does it fit Qid 1?
    *   Qid 1 asks "Does the methodology explicitly describe any physical process that mechanically alters the substrate...".
    *   The description says "A Hollander beater mechanical pretreatment... using a bladed drum... exercises a cutting action... reduce particle sizes".
    *   This *is* a mechanical process that mechanically alters the substrate.
    *   So it matches Qid 1.
    *   Therefore, the output should be `1`.
    *   Wait, there's a risk. Some systems might want the *value* of the question text? No, "qid of the question".
    *   The Qid string is `1` (as per `{'qid': 1}`).
    *   So I should output `1`.

    *   Wait, I need to check if there is a Qid 0 or something.
    *   Item 1 starts with `1.{'id': 0...}`.
    *   Then `2. [{'qid': 1...}]`.
    *   The Qid is clearly marked `1`, `2`, `3` etc in the second item onwards.
    *   So I should output `1`.

    *   Let's check the reasoning for Qid 4 again.
    *   Item 1: "high pressure and speed reach under the drum beat the mixture".
    *   Qid 4: "pressure-based pretreatment... not pressure generated incidentally by heating".
    *   Is "bladed drum rotating at 580 RPM" high pressure? It's mechanical energy. High pressure could be interpreted as pressure (hydrostatic) or mechanical impact.
    *   However, Qid 1's definition says "physically alters substrate... size reduction...". Item 1 does exactly this ("reduces particle sizes").
    *   Qid 1 is the broader category of "mechanical treatment".
    *   Qid 1's instructions say "confirm it is a direct mechanical desintegration effect".
    *   Item 1 describes "mechanical pretreatment... reduce particle sizes".
    *   So Qid 1 is the correct match.
    *   Final check on formatting: "ONLY answer with the qid of the question and nothing else".
    *   So output `1`.

    *   Wait, is there any chance it's -1?
    *   Item 1 explicitly says "Hollander beater mechanical pretreatment".
    *   This is a physical process that mechanically alters the substrate.
    *   Qid 1 asks "Does the methodology explicitly describe any physical process that mechanically alters the substrate...".
    *   Yes, it does.
    *   So 1.

    *   Wait, let's verify if Qid 4 is a better fit.
    *   Qid 4 asks "Does the methodology explicitly describe the use of pressure-based pretreatment...".
    *   Item 1 mentions "high pressure".
    *   However, in anaerobic digestion classification, Hollander beater is typically classified under "Physical Pretreatment" or "Mechanical Pretreatment".
    *   Qid 1 covers "physical process... mechanically alters substrate".
    *   Qid 4 covers "pressure-based pretreatment".
    *   Since Qid 1 explicitly asks for "mechanical treatment" and the description describes "mechanical pretreatment", Qid 1 is the more accurate classification for the "mechanical treatment" part.
    *   Also, Item 1 says "A Hollander beater **mechanical pretreatment**".
    *   Qid 1 asks if methodology describes "mechanically alters substrate".
    *   This is a direct match.
    *   So `1`.

    *   Wait, one more check. Is there any instruction "Do not consider drying as a valid pretreatment"? (In Qid 2).
    *   Item 1 is not drying.
    *   Okay, `1` is the answer.
    *   Wait, the Qid in the text for the item `2. [{'qid': 1...}]` is `1`.
    *   The Qid for the item `3. {'qid': 2...}` is `2`.
    *   So I output `1`.

    *   Wait, I noticed something in the text `2. [{'qid': 1, 'question': "Does the methodology explicitly describe any physical process...}`.
    *   This means Qid 1 corresponds to the question about "mechanically alters substrate".
    *   Since Item 1 describes a mechanical pretreatment, it matches Qid 1.
    *   So the answer is `1`.

    *   Wait, I need to ensure I don't add extra text.
    *   The instruction says "ONLY answer with the qid of the question and nothing else".
    *   So `1`.

    *   One nuance: The provided text has `{'qid': 1, ...}`.
    *   So the id is 1.
    *   Output `1`.
2026-05-29 17:10:51,002 1
2026-05-29 17:10:51,137 start
2026-05-29 17:10:51,137 articletxt/16.txt
2026-05-29 17:10:51,137 TITLE: Mechanical pretreatment effects on macroalgae-derived biogas production in co-digestion with sludge in Ireland
2026-05-29 17:10:51,137 1
2026-05-29 17:11:50,587 HTTP Request: POST http://127.0.0.1:11434/api/generate "HTTP/1.1 200 OK"
2026-05-29 17:11:50,590 59 seconds of runtime
2026-05-29 17:11:50,590 ['true', 'The user wants to know if the methodology section of the provided article explicitly describes a mechanical process that mechanically alters the substrate (pre-treatment) in the context of anaerobic digestion.\n\n**1. Identify any mechanical treatment applied to the substrate.**\nI need to scan the "2 Materials and methods" section for information about the physical treatment of the algae feedstock.\n- **2.1 Pretreatment machine characteristics:** "The pre-treatment machine consists of a modified Hollander beater... equipped with a bladed drum spinning at 580 RPM." "The machine was fed using 1 kg wet of each spp. of macroalgal biomass..."\n- **2.2 Feedstock composition:** Discusses species and chemical composition.\n- **2.3 Inoculum:** Discusses digester sludge.\n- **2.4 Bioreactors preparation:** Discusses setup.\n- **2.5 Experimental methodologies:**\n    - "The machine was fed using 1 kg wet of each spp. of macroalgal biomass and 20 L of water. After 10 min of pretreatment, each treated reactor is prepared with 200 ml of algal pulp..."\n    - "Because of its abundance, L. Digitata species has been selected for this experiment... Reactors for untreated biomass contain 15 g (wet) of Laminaria sp. while digesters of treated samples are filled with 200 ml of algal pulp... moisture content... drying... 105 °C until constant weight."\n\n**2. Confirm that the mechanical treatment is applied to the substrate and not to the inoculum or for analytical characterization.**\n- The Hollander beater (pre-treatment machine) processes the macralgal biomass (algae) in the "digesters of treated samples" (inoculum is separate).\n- "digesters of treated samples are filled with 200 ml of algal pulp" -> "After 10 min of pretreatment".\n- The machine "was fed using 1 kg wet of each spp. of macroalgal biomass".\n- The text states: "The Hollander beater has never been used as mechanical pretreatment machine on seaweed biomass. Seeing that this proposed pretreatment has already proved its effectiveness when applied to maize silage".\n- The method explicitly states: "The machine was fed using... macroalgal biomass".\n- The process involves a "bladed drum spinning at 580 RPM" with a "bed-plate with sharp grooves... located under the rotating wheel". "When the power is activated, blades and grooves exercise a cutting action".\n- This indicates size reduction or structural disruption of the substrate.\n\n**3. Confirm it is a direct mechanical desintegration effect and not an indirect effect from other procedures such as ultrasounds, pressure or similar.**\n- The description says: "The machine consists of a modified Hollander beater... elliptic water raceway equipped with a bladed drum spinning at 580 RPM."\n- "When the power is activated, blades and grooves exercise a cutting action".\n- "The extent of the inhibition depends on the type of substrate." (referring to inhibition from thermal pretreatment in general, but here mechanical).\n- "Milling aims instead at reducing the particle sizes". This is discussed in the Introduction.\n- The Hollander beater described: "blades and grooves exercise a cutting action". It physically disrupts the structure.\n- It does not explicitly mention ultrasounds, pressure, or similar in the Hollander beater description (though there might be a section about ultrasound elsewhere, the main description is Hollander beater).\n- In section 2.4, it mentions "nitrogen... flushed". "Water-baths were used...".\n- The methodology section specifically describes the Hollander beater\'s operation: "bladed drum spinning at 580 RPM... blades and grooves exercise a cutting action".\n- No mention of ultrasound treatment being applied to the Hollander beater process or used as the mechanical pretreatment.\n- No mention of pressure separation.\n\n**4. Exclude freezing, or pressure to separate phases if that is the identified method.**\n- The method uses a Hollander beater, which implies mechanical agitation/cutting, not freezing or pressure separation phases (though water is involved, it\'s mixing with water).\n- The text doesn\'t suggest freezing or phase separation methods as the core mechanical pretreatment.\n- It says "The water-bath temperature was set at 37 °C...". No freezing mentioned.\n\n**5. Answer \'true\' if conditions are met.**\n- **Identify mechanical treatment:** Yes, Hollander beater with a bladed drum cutting action.\n- **Applied to substrate:** Yes, "1 kg wet of each spp. of macroalgal biomass" was fed into the machine.\n- **Not applied to inoculum/analytical:** The treatment is applied *before* the fermentation (co-digestion). The substrate is the algae. The sludge is inoculum. The text distinguishes: "The machine was fed using... macroalgal biomass... After 10 min of pretreatment, each treated reactor is prepared...".\n- **Direct mechanical desintegration:** Yes, "blades and grooves exercise a cutting action".\n- **No indirect effect:** The specific machine description supports direct mechanical action.\n- **No freezing/pressure:** Not used in this specific description.\n\nWait, I need to check the constraint "You must be careful not to include cases where treatment are applied for example to the inoculum or for analytical purposes or similar."\n- The question asks about pretreatment applied *to the substrate* in the context of anaerobic digestion.\n- In section 2.5, it says: "The machine was fed using 1 kg wet of each spp. of macroalgal biomass and 20 L of water." -> This is substrate treatment.\n- "The water-bath temperature was set at 37 °C...".\n- "After 10 min of pretreatment, each treated reactor is prepared with 200 ml of algal pulp with 200 ml of sludge".\n- The text says: "A mechanical pretreatment phase is generally necessary...".\n- Does the Hollander beater count as a physical treatment in Section 2.1? Yes.\n- Is it applied to the substrate? Yes ("1 kg wet... biomass").\n- Is it mechanical? Yes ("bladed drum spinning", "blades and grooves exercise a cutting action").\n- Is it direct desintegration? Yes.\n- Are there conditions where it\'s not?\n- Section 2.5 mentions "milling" in the literature review of Introduction, but in Methods section, "The Hollander beater... increases biogas production."\n- Wait, looking closer at the text: "The Hollander beater has never been used as mechanical pretreatment machine on seaweed biomass." This is in the "Introduction".\n- The "Materials and methods" section (2.1) says: "The pre-treatment machine consists of a modified Hollander beater...".\n- So yes, the method describes the machine applied.\n- Is there any ambiguity about the machine being applied to the inoculum? No, the machine is described feeding "1 kg wet of each spp. of macroalgal biomass".\n- Is there any ambiguity about the machine being applied for analytical purposes? No, it\'s used to treat the biomass (feedstock) before digestion.\n- Is it a direct mechanical desintegration? The description says "blades and grooves exercise a cutting action".\n- Are there pressures? No pressure separation mentioned. No freezing mentioned.\n- Is the "1 hp" engine power used for the mechanical action? Yes.\n- Is the "cutting action" direct? Yes.\n- Conclusion: The methodology explicitly describes a mechanical process (Hollander beater with a cutting action on blades and grooves) applied to the substrate (macroalgal biomass) to alter its structure for digestion.\n\nTherefore, the answer should be \'true\'.\n\nLet me double check the "indirect effect" constraint.\nThe method says: "When the power is activated, blades and grooves exercise a cutting action while the high pressure and speed reached under the drum beat the mixture."\nThis is a direct mechanical action on the material (algae pulp).\nIs it a mechanical treatment? Yes.\nIs it on the substrate? Yes.\nIs it excluded from inoculum/analytical? The sludge is used for inoculation, the biomass is treated in digesters.\nIs it excluded from pressure/separation? No mention of pressure or separation as pretreatment method.\nIs it freezing? No.\n\nThe text explicitly discusses "milling" in the Introduction, but in Methods, it discusses the Hollander beater.\nThe question asks: "Does the methodology explicitly describe any physical process that mechanically alters the substrate (e.g., size reduction, structural disruption or similar)?"\nThe methodology describes the Hollander beater with a "bladed drum spinning at 580 RPM... blades and grooves exercise a cutting action".\nThis confirms a direct mechanical desintegration effect (cutting action) on the substrate.\nSo the answer is True.\n\nWait, check point 3: "confirm it is a direct mechanical desintegration effect and not an indirect effect from other procedure such as ultrasounds, pressure or similar".\nThe Hollander beater does not use ultrasound. It uses "bladed drum spinning at 580 RPM... cutting action".\nSo no ultrasound.\nIs there pressure? "high pressure and speed reached under the drum beat". This implies physical force but not phase separation via pressure (like vacuum extraction or high pressure liquid). It\'s a mechanical shear/cutting action.\nThe question asks to confirm it is a "direct mechanical desintegration effect". A cutting action is a direct mechanical action.\nSo True.\n\nOne detail: "The water-bath temperature was set at 37 °C throughout the fermentation." - This is the incubation/fermentation phase, not pretreatment.\nPretreatment is the step before digestion. "After 10 min of pretreatment, each treated reactor is prepared...".\nSo pretreatment happened.\n\nWait, the text says "In the literature many types of pretreatments have been performed on various substrates...".\nThis study investigates the Hollander beater.\nSo the methodology describes the process.\nDoes it exclude freezing or pressure?\nThe text says "blades and grooves exercise a cutting action".\nIt mentions "high pressure and speed reached under the drum beat". This is mechanical speed/pressure interaction. But is it "pressure to separate phases"? Usually separation implies liquid-liquid or gas-liquid separation. Cutting action is mechanical disruption.\nThe constraint says "exclude freezing, or pressure to separate phases if that is the identified method". The identified method is Hollander beater cutting. This is not pressure to separate phases.\nSo True.\n\nLet\'s verify the exact wording regarding the question requirements.\n"Instructions for reasoning: 1.Identify any mechanical treatment... 2. Confirm... 3. confirm it is a direct mechanical desintegration effect... 4. exclude freezing... 5. exclude... pressure to separate phases...".\nAnswer \'true\' if conditions are met.\nAnswer \'false\' otherwise.\nThe conditions are met.\nThe methodology explicitly describes a Hollander beater with cutting action applied to macroalgal biomass.\n\nOne check: "The Hollander beater has never been used as mechanical pretreatment machine on seaweed biomass." -> Introduction.\nThis implies the authors *intended* to use it as a pretreatment machine.\nDoes the methodology section explicitly describe it as mechanical treatment? Yes ("pre-treatment machine", "machine was fed...").\nSo the methodology does describe the application.\nThe exclusion clause "exclude freezing, or pressure to separate phases if that is the identified method" - The method is not using pressure to separate phases. It is using a cutter (Hollander beater).\n\nSo True.\n\nWait, looking at section 2.1 again. "The pre-treatment machine consists of a modified Hollander beater...".\nThen in 2.5: "The machine was fed using 1 kg wet of each spp. of macroalgal biomass...".\nThis confirms the machine feeds the substrate.\nThe machine description confirms the mechanical action ("blades and grooves exercise a cutting action").\nThe text says "After 10 min of pretreatment... treated samples".\nSo pretreatment happens.\nIs it an indirect effect? No, blades/cutting.\nIs it excluded from inoculum? Yes, sludge is used for inoculum (2.3).\nIs it excluded from analytical? Yes, the analysis uses the same reactor setup.\nThe specific constraint about "pressure to separate phases" - usually, Hollander beater is a high-speed cutter, not a pressure separation device like a centrifuge or pressurized system.\nSo True.\n\nWait, one small detail. "exclude freezing, or pressure to separate phases if that is the identified method".\nThis instruction is in the Instructions for reasoning, meaning: "Exclude methods that involve freezing or pressure to separate phases IF those are the *identified method*".\nIf the identified method IS freezing or pressure separation, then exclude.\nIf the identified method is NOT freezing or pressure separation, then include.\nThe identified method is mechanical cutting. Not freezing or pressure separation.\nSo I do not exclude it.\nThe instruction "exclude freezing, or pressure to separate phases if that is the identified method" means "Do not exclude it if the method is freezing/pressure separation".\nIt implies I should only say True if the method involves mechanical treatment that is NOT freezing/pressure separation.\nWait, the instruction "exclude freezing, or pressure to separate phases if that is the identified method" could be interpreted as: "If the method uses freezing/pressure separation, don\'t count it. If the method uses mechanical treatment, count it unless it is pressure separation."\nGiven the Hollander beater is a physical disruptor (cutting), not a pressure separation method, it fits the description.\n\nFinal check: Does the methodology explicitly describe the process?\nYes, Section 2.1 and 2.2 and 2.5.\nDoes it describe mechanical treatment applied to substrate? Yes.\nIs it a direct mechanical desintegration effect? Yes (blades and grooves exercise a cutting action).\nAre freezing/pressure separation methods included/excluded? No freezing/pressure separation methods used.\n\nSo True.\n\nOne potential pitfall: "The Hollander beater has never been used as mechanical pretreatment machine on seaweed biomass." (Introduction).\nThe question is "Does the methodology explicitly describe any physical process that mechanically alters the substrate...".\nIt doesn\'t ask if it *has been used* on seaweed in the *past* (Introduction says "never" but the study says it is being used).\nIt asks if the methodology describes it.\nSince the methodology describes it being used ("machine was fed..."), True.\nThe introduction text is about the study\'s context, but the methodology describes the actual experiment described.\nSo True.\n\nWait, is there any mention of ultrasound in the methodology?\nScan Section 2.\n2.1: Hollander beater.\n2.2: Feedstock.\n2.3: Inoculum.\n2.4: Bioreactors.\n2.5: Experimental methodologies.\n"Reactors with untreated biomass...".\n"The machine was fed...".\n"Water-baths...".\n"Biogas analyser...".\n"Sequential F-test...".\n"Design-Expert...".\nNo mention of ultrasound treatment as a mechanical pretreatment in the methodology.\nSection 2 mentions "Appels et al. [32] with 40% extra biogas obtained for low frequency ultrasound treatment at 37 °C" in the context of sludge, not the algae pretreatment.\nSo mechanical treatment = Hollander beater.\nSo True.\n\nDouble check the "exclude freezing, or pressure to separate phases if that is the identified method" constraint.\nInstruction: "exclude freezing, or pressure to separate phases if that is the identified method".\nInstruction 1: Identify any mechanical treatment.\nInstruction 3: confirm it is a direct mechanical desintegration effect and not an indirect effect from other procedure such as ultrasounds, pressure or similar.\nInstruction 4: exclude freezing, or pressure to separate phases if that is the identified method.\nInstruction 5: Answer \'true\' if conditions are met...\nInterpretation: If the method involves freezing or pressure separation, answer False. If it involves mechanical treatment, answer True.\nSince the method is Hollander beater (cutting), it is not freezing or pressure separation.\nAnswer True.']
2026-05-29 17:11:50,590 2
2026-05-29 17:12:55,556 HTTP Request: POST http://127.0.0.1:11434/api/generate "HTTP/1.1 200 OK"
2026-05-29 17:12:55,557 64 seconds of runtime
2026-05-29 17:12:55,558 ['False', 'The user wants to know if the methodology section of the provided article explicitly describes thermal pretreatment on a substrate, considering high temperatures as a disruption factor or inclusion in another treatment like chemical treatment at high temperature.\nI need to read only the methodology part of the article.\nI need to check if thermal pretreatment is discussed as a valid pretreatment option for anaerobic digestion of algae in the methodology.\nI need to determine if drying is considered a pretreatment (the prompt says "Do not consider drying as a valid pretreatment").\nI need to pay attention to whether thermal pretreatment is explicitly described, or if other forms (like chemical treatment at high temperature) are mentioned.\nThe prompt asks specifically: "Do the methodology explicitly describe the use of thermal pretreatment on a substrate... include high temperatures part of another treatment (such as but not only chemical treatment at high temperature)."\nAlso, "Do not consider drying as a valid pretreatment".\nI need to answer True or False, but the instructions say "Please do ONLY answer with true or false". Wait, looking at the system instructions, "Answer the stated question, in the context of pretreatment of anaerobic digestion with objectivity and no inference. Avoid false positives...". Then "Please do ONLY answer with true or false".\nThis is a bit contradictory if the question expects a "True" or "False" regarding a specific statement, but the prompt is a bit meta. Let me re-read the final instruction: "Answer the stated question, in the context of pretreatment of anaerobic digestion with objectivity and no inference. Avoid false positives by overinterpretation... Please do ONLY answer with true or false".\nSo the task is to determine if the answer to the question is "true" (the statement holds) or "false" (it does not hold).\n\nQuestion: Does the methodology explicitly describe the use of thermal pretreatment on a substrate, thermal pretreatment consider high temperatures to disrupt the substrate, include high temperatures part of another treatment (such as but not only chemical treatment at high temperature). Do not consider drying as a valid pretreatment.\nRead only the methodology part of the article.\n\nLet\'s look at Section 2.5 Experimental methodologies.\n"The most used physical treatment on lignocelluloses is the thermal pretreatment... However, thermal pretreatment is very effective at enhancing both biogas yields and methane production, however due to its high temperature requirements it is expensive to maintain...".\nThis is in the Introduction (Section 1) and Introduction to Materials? No, it\'s in Section 1 Introduction, not Section 2 Methods.\nThe prompt says "Read only the methodology part of the article."\nSo I should ignore Section 1 Introduction for the description of whether the methodology explicitly describes thermal pretreatment.\nLet\'s check Section 2 (Materials and methods).\n2.1 Pretreatment machine characteristics... Hollander beater...\n2.2 Feedstock composition...\n2.3 Inoculum...\n2.4 Bioreactors preparation...\n2.5 Experimental methodologies...\n2.6 Design of experiment (DOE)...\nThere is no mention of "thermal pretreatment" in Section 2 (Materials and methods).\nThe prompt asks: "Does the methodology explicitly describe the use of thermal pretreatment on a substrate...?"\nSince the methodology section (Section 2) describes using a Hollander beater (mechanical pretreatment) but not thermal pretreatment on the substrate (algal biomass), I would answer "False".\nHowever, the question asks "Do not consider drying as a valid pretreatment".\nThe prompt asks: "Does the methodology explicitly describe the use of thermal pretreatment...?"\nIf I search Section 2 for "thermal":\n2.1: "The most used physical treatment on lignocelluloses is the thermal pretreatment... Milling...".\nWait, in Section 1 Introduction, it talks about thermal pretreatment.\nIn Section 2 (Materials and methods), there is no mention of "thermal". It only talks about Hollander beater (mechanical), drying (drying 200 ml of macralgal pulp in both the experiments. This is drying).\nThe prompt says "Do not consider drying as a valid pretreatment".\nDoes the methodology describe thermal pretreatment *on a substrate*?\nThe methodology describes using the Hollander beater on the substrate (200 ml algal pulp). The description in 2.1 "The machine... equipped with a bladed drum spinning...".\nDoes it describe *thermal* pretreatment? No.\nHowever, I need to check if there is any *other* mention.\n"Analogous to chemical...".\n"The pre-treatment machine...".\nIn 2.5 "The moisture content of both untreated and treated material has been calculated...".\n"The second experiment aims to find the optimal levels of factors...".\nThere is no mention of thermal pretreatment in the Materials and Methods section. The Introduction mentions thermal pretreatment in general context, but the methodology itself (how they did it) uses Hollander beater.\nTherefore, the methodology does *not* explicitly describe the use of thermal pretreatment.\nSo the answer should be False.\n\nWait, I need to re-read the specific requirement: "Do the methodology explicitly describe the use of thermal pretreatment on a substrate... include high temperatures part of another treatment (such as but not only chemical treatment at high temperature)."\nThe methodology only describes mechanical pretreatment (Hollander beater).\nIt does not describe thermal pretreatment.\nDoes it describe chemical treatment at high temperature?\nIn the text: "Chemical and thermal treatments are mainly used for dewaterability improvements...". This is from the Introduction.\nThe methodology section does not describe thermal pretreatment of the algal biomass. It describes the Hollander beater.\nSo, does the methodology explicitly describe thermal pretreatment? No.\nSo the statement "The methodology explicitly describe the use of thermal pretreatment on a substrate..." is false.\n\nWait, I need to check if there\'s any hidden mention in the methodology.\n2.1 "The machine is made of...".\n2.2 Feedstock composition.\n2.3 Inoculum.\n2.4 Bioreactors.\n2.5 "The machine was fed...".\n2.6 "Conditions...".\nNo thermal pretreatment mentioned.\nIs "drying" mentioned as a pretreatment?\nIn 2.5 "The moisture content of both untreated and treated material has been calculated...".\n"treated samples... drying 200 ml of macralgal pulp... at 105 C".\nThe prompt says "Do not consider drying as a valid pretreatment".\nIf drying is considered a pretreatment (even though not by the methods described), then it is False. But the question asks about thermal pretreatment.\nWait, let\'s parse the question again.\n"Does the methodology explicitly describe the use of thermal pretreatment on a substrate...?"\nThe answer is No.\nSo I must output False.\n\nLet\'s check if there is any nuance.\n"Include high temperatures part of another treatment (such as but not only chemical treatment at high temperature)."\nIn Section 1, it says "In fact, they not only have low lignin...".\nIn Section 2, it says "The most used physical treatment on lignocelluloses is the thermal pretreatment...".\nWait, that was in the Introduction.\nThe prompt says "Read only the methodology part of the article."\nIf I read ONLY the methodology (Section 2), there is no mention of thermal pretreatment.\nSo the statement is False.\n\nOne more check: "Pretreatment should be understood as increasing bioavailability of the substrate... by some treatment before the incorporation in the digestion."\nThe methodology describes using the Hollander beater to increase bioavailability. This is mechanical pretreatment, not thermal.\nSo the methodology does not explicitly describe thermal pretreatment.\nThus, False.\n\nLet\'s check if there\'s any ambiguity.\nThe prompt asks "Do the methodology explicitly describe...".\nSince the methodology section (Section 2) does not mention thermal pretreatment, the answer is False.\nAlso, "Drying" is not considered a valid pretreatment in this context, but the main issue is thermal pretreatment.\nThe question asks about thermal pretreatment description in the methodology.\nSo False.\n\nWait, could the answer be "False" or "True"?\nThe statement in question: "Does the methodology explicitly describe the use of thermal pretreatment on a substrate...?"\nThis is a question, not a declarative statement. I need to answer True or False to indicate if the statement (the answer to the question) is valid?\nActually, the instruction says "Answer the stated question... Please do ONLY answer with true or false".\nThis means I need to answer the question (Yes/No) by saying True or False.\nWait, if the question is "Does...?", the answer is Yes or No.\nIf I answer True, it means "Yes, the methodology describes it".\nIf I answer False, it means "No, the methodology does not describe it".\nSince the methodology does not describe it, the answer is False.\nWait, let me check the phrasing.\n"Does the methodology explicitly describe...?"\n"Answer the stated question, ... in the context of pretreatment ... with objectivity and no inference."\n"Please do ONLY answer with true or false".\nSo I need to say True or False.\nIf the answer is No, then the response should be False.\n\nWait, I need to check if "thermal pretreatment" is mentioned in the methodology text provided in the prompt, even if implicitly.\nThe methodology text says: "The pre-treatment machine consists of a modified Hollander beater...".\nIt does not mention thermal pretreatment.\nSo it is False.\n\nWait, the prompt also says "You must be careful not to include cases where treatment are applied for example to the inoculum or for analytical purposes or similar."\nThis is a general instruction for reading the methodology.\nIn the methodology, they measure moisture content by drying (2.5).\n"treated samples... drying... 105 C".\nThis is not thermal pretreatment of substrate to disintegrate structure, but drying to measure moisture.\nSo no.\n\nFinal check.\nDoes the methodology explicitly describe the use of thermal pretreatment?\nNo. It describes mechanical pretreatment (Hollander beater).\nIt does not mention thermal pretreatment.\nSo the answer is False.\nOne caveat: The prompt asks "Do the methodology explicitly describe...".\nI will answer "False".\nWait, what if the instruction implies I should answer True or False about the *question*?\nUsually, "Answer the stated question... Please do ONLY answer with true or false" implies I should select True/False.\nIf the question is "Is it true that X?", then the answer is True/False.\nIf the question is "Does X happen?", the answer is True/False (where True = Yes, False = No).\nSo if X (thermal pretreatment usage) happens, I say True. If not, I say False.\nIt does not happen in the methodology.\nSo False.\n\nWait, let\'s look at the "Question" section again.\n"Does the methodology explicitly describe the use of thermal pretreatment on a substrate...?"\nThis is the content of the question I need to answer.\nIf the content of the statement is "The methodology explicitly describes...".\nIf this statement is true, answer True.\nIf this statement is false, answer False.\nSince the methodology does not describe it, the statement is false.\nSo I will answer False.\n\nWait, there\'s another instruction: "Read only the methodology part of the article."\nIn the methodology, is there any mention of thermal pretreatment as a *concept* or *type* of treatment?\n2.1: "The most used physical treatment on lignocelluloses is the thermal pretreatment, while the most used mechanical technique is milling [21]."\nWait, this is in the **Introduction** (Section 1), not Section 2 (Materials and Methods).\nThe prompt explicitly says "Read only the methodology part of the article."\nSo I should ignore the Introduction.\nIn Section 2, there is no mention of thermal pretreatment.\nThere is a mention of drying in 2.5, which is not thermal pretreatment (it\'s just drying).\nSo the answer is False.\n\nWait, does the methodology explicitly describe *thermal* pretreatment?\nMaybe the text "The most used physical treatment on lignocelluloses is the thermal pretreatment..." is in Section 1, and the user wants me to ignore it.\nBut wait, does the *methods* mention it?\nNo, they mention "Hollander beater".\nSo False.\n\nWait, I need to check if the prompt\'s "Question" section has a specific format.\n"Does the methodology explicitly describe...?"\nI need to answer True or False.\nIf the answer is "No", then I write "False".\n\nWait, let\'s look at the instruction: "Avoid false positives by overinterpretation: pay attention to the entire question, mention are not sufficient they should satisfy all the requirement from the questions."\nThe requirement is:\n1. Explicitly describe the use of thermal pretreatment on a substrate.\n2. High temperatures considered for disruption.\n3. Include high temperatures as part of another treatment (e.g., chemical at high temp).\n4. Do not consider drying as a valid pretreatment.\nSince the methodology section does not describe thermal pretreatment, the first requirement is not met by the methodology.\nThe answer is False.\n\nI will formulate the final output as False.\nWait, the instruction says "Answer the stated question, in the context of pretreatment of anaerobic digestion with objectivity and no inference. Avoid false positives by overinterpretation... You must consider feedstock processing as pretreatment too even though they might not be explicitly mentioned as pretreatment."\nOkay, feedstock processing as pretreatment.\nThe methodology says: "The pretreatment machine consists of a modified Hollander beater...".\nThis is feedstock processing (pretreatment).\nBut it is not thermal pretreatment.\nSo the statement "Does the methodology explicitly describe the use of thermal pretreatment...?" is False.\n\nWait, is there any chance that "Hollander beater" counts as thermal pretreatment in this context?\nNo, Hollander beater is mechanical (blades spinning).\nIs there any mention of "thermal pretreatment" in Section 2.5?\n"The moisture content of both untreated and treated material has been calculated to provide a comparison per gram of total solids...".\n"The moisture content of the treated samples was obtained by drying 200 ml of macralgal pulp... at 105 C".\nDrying is not thermal pretreatment (it\'s moisture reduction).\nSo False.\n\nOne more thing: "The pre-treatment machine...".\nIs there a chance that "Hollander beater" is considered a thermal pretreatment? No, it\'s mechanical.\nSo the methodology does not describe thermal pretreatment.\nTherefore, False.\n\nI\'ll write "False".\nWait, I need to check if the system instruction "Answer the stated question... Please do ONLY answer with true or false" overrides the need for a full sentence.\nUsually, I should just output "True" or "False".\nLet\'s double check the prompt requirements.\n"Answer the stated question, in the context of pretreatment of anaerobic digestion with objectivity and no inference. Avoid false positives by overinterpretation... Please do ONLY answer with true or false".\nOkay, I will output "False".\n\nWait, I should confirm if "thermal pretreatment" is mentioned in the methodology section *text provided*.\nSection 2 is "Materials and methods".\nContent:\n2.1 Pretreatment machine characteristics... "The most used physical treatment on lignocelluloses is the thermal pretreatment..." -> Wait, looking at the text provided in the prompt.\nText says:\n"In the literature many types of pretreatments have been performed... The most used physical treatment on lignocelluloses is the thermal pretreatment...".\nThis text is in Section 1 (Introduction) or Section 2?\nLet\'s re-read the text provided in the prompt carefully.\nThe prompt text has:\n"TITLE: ...\n1 Introduction...\n2 Materials and methods...\n2.1 Pretreatment machine characteristics...\nThe pre-treatment machine consists of a modified Hollander beater...".\nWait, in the provided text, Section 1 (Introduction) says: "In the literature many types of pretreatments have been performed... The most used physical treatment on lignocelluloses is the thermal pretreatment, while the most used mechanical technique is milling [21]."\nThen Section 2 (Materials and methods) starts.\nSo the statement "The most used physical treatment on lignocelluloses is the thermal pretreatment" is in Section 1 Introduction.\nIt is NOT in Section 2 Materials and Methods.\nSo the Methodology part does NOT describe thermal pretreatment.\nThe prompt says "Read only the methodology part of the article."\nSo I must ignore the Introduction text for the description of whether the methodology explicitly describes it.\nSo, the methodology does not describe thermal pretreatment.\nSo the answer is False.\n\nWait, I need to check if the prompt implies that I should answer based on the *whole article* or just the *methodology part*.\n"Read only the methodology part of the article."\nSo I must base my answer on Section 2.\nSection 2 does not mention thermal pretreatment.\nSo False.\n\nOkay, I\'m confident.\nWait, there is a nuance. "Do not consider drying as a valid pretreatment".\nThe methodology describes drying (2.5).\nBut the question is about thermal pretreatment.\nSo the fact that drying is mentioned does not affect the "Does the methodology describe thermal pretreatment?" question.\nThe fact that drying is mentioned implies that "drying" is a treatment, but not thermal pretreatment.\nSo the answer is still False.\nWait, does "thermal pretreatment" mean "chemical treatment at high temperature"?\nThe prompt says "include high temperatures part of another treatment (such as but not only chemical treatment at high temperature)".\nSo it\'s asking if the methodology describes *thermal* pretreatment (physical treatment, high temp) OR *chemical* pretreatment at high temp.\nSince the methodology describes mechanical pretreatment (Hollander beater) and not chemical or thermal, the answer is False.\n\nWait, I need to check if "Hollander beater" is considered a thermal method.\nNo, it is a mechanical method.\nSo False.\n\nFinal check.\nQuestion: "Does the methodology explicitly describe the use of thermal pretreatment on a substrate...?"\nAnswer: False.']
2026-05-29 17:12:55,558 3
2026-05-29 17:13:39,946 HTTP Request: POST http://127.0.0.1:11434/api/generate "HTTP/1.1 200 OK"
2026-05-29 17:13:39,947 44 seconds of runtime
2026-05-29 17:13:39,947 ['false', 'The user wants to know if the methodology section explicitly describes the use of ultrasound pretreatment on a substrate for anaerobic digestion.\n\n1.  **Analyze the Question:**\n    *   Context: Pretreatment in anaerobic digestion (increasing bioavailability).\n    *   Task: Determine if the methodology explicitly describes ultrasound pretreatment.\n    *   Constraints:\n        *   Read only the methodology part.\n        *   Answer in the context of pretreatment.\n        *   Be objective.\n        *   No inference (stick to what is explicitly described).\n        *   Avoid false positives (ensure all requirements from the question are met).\n        *   Consider feedstock processing as pretreatment (e.g., milling, grinding, beater).\n        *   Do NOT mention treatment for inoculum, analytical purposes, etc.\n        *   Final Output: ONLY "true" or "false".\n\n2.  **Scan the Methodology Section (2.1 - 2.6):**\n    *   **2.1 Pretreatment machine characteristics:** Mentions Hollander beater, model Reina, 580 RPM, 1 hp.\n    *   **2.2 Feedstock composition:** Lists algae species.\n    *   **2.3 Inoculum:** Mentions Digester sludge.\n    *   **2.4 Bioreactors preparation:** Describes valves, tubing, nitrogen flush, water-baths, analyzer.\n    *   **2.5 Experimental methodologies:**\n        *   *Experiment 1:* Mentions "The machine was fed using 1 kg wet of each spp." and "After 10 min of pretreatment". Does not mention ultrasound.\n        *   *Experiment 2:* Mentions "The pretreatment was carried out on 1.6 kg of wet biomass with 20 L of water. Because of its abundance, L. Digitata species has been selected..." It mentions "beating time (BT) of treated biomass".\n    *   **2.6 Design of experiment (DOE):** Describes RSM, factors (BT, T, SA).\n\n3.  **Evaluate for Ultrasound:**\n    *   Section 2.5 (Experimental methodologies): Does not mention "ultrasound".\n    *   Previous sections (Introduction): Mentions "ultrasound" in the Introduction and Background sections (e.g., "Sludge\'s particles disintegration was efficiently achieved by Appels et al. [32] with 40% extra biogas obtained for low frequency ultrasound treatment at 37 °C." However, this is in the Introduction/Background, not the "Methods" section).\n    *   The Introduction mentions ultrasound as a reference for sludge disintegration in a different context (Appels et al).\n    *   The Methods section mentions a Hollander beater.\n    *   Does the Methods section describe the use of ultrasound *on the substrate*? No. It describes the Hollander beater, a mechanical pretreatment.\n    *   The prompt asks specifically about the **methodology part of the article**.\n    *   The methods section describes: Hollander beater pretreatment (milling/comminution concept). It does not mention ultrasound.\n\n4.  **Confirming the Definition of Pretreatment in Methodology:**\n    *   The Methods section describes the Hollander beater.\n    *   The Introduction mentions ultrasound as a past/potential method ("low frequency ultrasound treatment").\n    *   The question asks if the methodology explicitly describes the use of ultrasound pretreatment on a substrate *in this study*.\n    *   The study uses mechanical pretreatment (Hollander beater).\n    *   Therefore, the Methods do not describe the use of ultrasound.\n\n5.  **Check for "Overinterpretation" or "False Positive":**\n    *   The user asks: "Does the methodology explicitly describe the use of ultrasound pretreatment on a substrate?"\n    *   Methodology text:\n        *   "2.1... Hollander beater..."\n        *   "2.5... The machine was fed..."\n        *   "2.6... RSM..."\n    *   There is no mention of "ultrasound", "sonication", "ultrasonic", "disintegration" (except potentially implied by milling/beater, but specifically ultrasound is not stated in methods).\n    *   The Introduction says: "Appels et al. [32] with 40% extra biogas obtained for low frequency ultrasound treatment at 37 °C." -> This is a citation of literature, not the methodology of this study.\n    *   The methods section mentions: "Milling aims instead at reducing the particle sizes... However, milling has high energy requirements..." -> Context of milling. The machine is a Hollander beater.\n    *   There is no mention of the specific parameter "ultrasound".\n\n6.  **Conclusion:** The methodology does not explicitly describe the use of ultrasound pretreatment. It describes mechanical pretreatment (Hollander beater).\n    *   Answer: False.\n\n7.  **Final Output Format:** "Answer the stated question... Please do ONLY answer with true or false". Wait, usually if the output is just "true" or "false", I shouldn\'t add extra text.\n    *   Wait, reading the instruction: "Answer the stated question, in the context of pretreatment of anaerobic digestion with objectivity and no inference... There is no need for complex reasoning. Please do ONLY answer with true or false".\n    *   Usually, this means the *final* response should be just "true" or "false".\n    *   Let\'s double check the instruction: "Avoid false positives by overinterpretation... You must be careful not to include cases where treatment are applied... You must consider feedstock processing as pretreatment too even though they might not be explicitly mentioned as pretreatment."\n    *   Since ultrasound is not mentioned in the Methods section (Section 2), it is False. The Introduction mentions it but that\'s not the Methods part of the study itself.\n    *   So the answer is False.\n\n    Wait, I need to check if "milling" is implied. The study says Hollander beater. Hollander beater is a mechanical grinder. The prompt defines pretreatment broadly. Ultrasound is a specific type of mechanical treatment often used for cell disruption, but not explicitly here. The machine is a "Hollander beater".\n    *   Does the Hollander beater count as "ultrasound"? No.\n    *   Is there any other pretreatment mentioned? No.\n    *   Therefore, the explicit description of ultrasound is absent in the methodology.\n\n    Final decision: False.\n\n    One more check: The prompt says "Read only the methodology part of the article."\n    In section 2.5, it lists the experimental methods.\n    2.1: Hollander beater.\n    2.5: Mentions beating time (BT).\n    No mention of ultrasound.\n\n    Therefore: False.\n\n    Wait, one nuance: The prompt says "You must consider feedstock processing as pretreatment too even though they might not be explicitly mentioned as pretreatment."\n    Does the Hollander beater count as "mechanical pretreatment" and does ultrasound count as an alternative?\n    The question is specifically "Does the methodology explicitly describe the use of ultrasound pretreatment".\n    Since ultrasound is not mentioned in Section 2, the answer remains False.\n\n    Wait, is there a subtle hint? "low frequency ultrasound treatment at 37 °C" is in the background/information about other studies (Appels et al [32]). The current study used a Hollander beater.\n    So, False.\n\n    Wait, I must ensure I don\'t confuse the question "Does the methodology explicitly describe the use of ultrasound pretreatment" with "Does the methodology describe any ultrasonic pretreatment".\n    There is absolutely no mention of ultrasound in the Methods section (Section 2).\n    So, False.\n\n    Wait, checking the "Answer the stated question" instruction again.\n    "Please do ONLY answer with true or false".\n    Okay.\n\n    Wait, could it be interpreted that "milling" or "beating" implies some ultrasonic-like action?\n    "Hollander beater has never been used... as mechanical pretreatment machine on seaweed". It is defined as a mechanical treatment.\n    Ultrasound is different.\n    So, False.\n\n    One constraint: "Answer the stated question... Avoid false positives... You must consider feedstock processing as pretreatment too".\n    If "beating" is considered "pretreatment", and ultrasound is *not* explicitly mentioned, then it is False that ultrasound is described.\n    The question is: "Does the methodology explicitly describe the use of ultrasound pretreatment".\n    It is asking about the *existence* of ultrasound pretreatment in the methods.\n    Since it is not there, the answer is False.\n\n    Wait, could the prompt imply that I should look for "ultrasonic" in the entire text provided?\n    Instruction: "Read only the methodology part of the article."\n    Instruction: "Avoid false positives by overinterpretation...".\n    The methodology is Section 2.\n    Section 2 mentions "Hollander beater".\n    Section 2 mentions "Milling" in the Introduction as a contrast ("The most used mechanical technique is milling [21]. Thermal pretreatment... most used mechanical technique is milling [21]...").\n    Wait, Section 2.1 is Pretreatment Machine Characteristics. Section 2.2 Feedstock. Section 2.3 Inoculum. Section 2.4 Bioreactors. Section 2.5 Experimental methodologies.\n    Section 2.5 mentions: "The machine was fed using 1 kg wet of each spp."\n    It does not mention ultrasound.\n    So the answer is False.\n\n    Wait, one detail: "You must be careful not to include cases where treatment are applied for example to the inoculum or for analytical purposes".\n    Is the sludge used as a substrate? Yes, but that is not ultrasonic treatment.\n    Is there any mention of ultrasound treatment *on* the substrate in the Methods?\n    No.\n    So False.\n\n    Final check.\n    Question: Does the methodology explicitly describe the use of ultrasound pretreatment on a substrate?\n    Answer: False.\n    Constraint: Only "true" or "false".\n\n    Wait, I need to check if there is a trick. Is "Hollander beater" considered a form of ultrasonic? No.\n    Is "low frequency ultrasound" mentioned? Yes, in the Introduction and a reference to Appels et al [32], but that is not the methodology of this paper (it\'s a comparison or prior work reference).\n    The question asks: "Does the methodology explicitly describe..."\n    Since ultrasound is not described in the methodology (Section 2), the answer is False.\n    Wait, is "mechanical pretreatment" in the question\'s definition referring to "ultrasonic"? No.\n    Okay.\n    One thing to check: Did I miss the word "ultrasound" in the text?\n    Scanning...\n    "Inoculum" (2.3) - "digester sludge"\n    "Bioreactors preparation" (2.4) - "nitrogen", "water-baths"\n    "Experimental methodologies" (2.5) - "Hollander beater", "beating time", "milling" (Intro), "RSM"\n    "Results" - no.\n    There is no word "ultrasound" in Section 2.\n    There is "low frequency ultrasound" in Reference [32] citation within the Introduction text ("An interesting review [31] shows the effect of thermal treatment temperature... Appels et al. [32] with 40% extra biogas obtained for low frequency ultrasound treatment at 37 °C.").\n    This is in the Introduction, not the Methodology.\n    So, strictly in Methodology, it is False.\n\n    Wait, the instruction says "Read only the methodology part of the article."\n    So I must ignore the Introduction/Conclusion references for the purpose of this check.\n    The methodology (Section 2) does not describe ultrasound.\n    So the answer is False.\n\n    Wait, one final check.\n    Does the definition of "pretreatment" in the prompt imply I need to look for any treatment?\n    "Read only the methodology part of the article."\n    "Does the methodology explicitly describe the use of ultrasound pretreatment..."\n    Answer is False because it does not.']
2026-05-29 17:13:39,947 4
