2026-05-29 14:45:50,309 articletxt/16.txt
2026-05-29 14:47:36,755 HTTP Request: POST http://127.0.0.1:11434/api/generate "HTTP/1.1 200 OK"
2026-05-29 14:47:36,756 106 seconds of runtime
2026-05-29 14:47:36,757 The user wants me to identify all pretreatments applied to the substrates (seaweed biomass and sludge) based on the provided text, considering only the methodology section and focusing on actions that affect substrate properties (excluding drying, washing, and freezing for storage).

1.  **Analyze the text for specific pretreatment actions:**
    *   **Introduction:** Mentions "In this study indigenous Irish seaweeds have been considered as substrate for pretreatment prior to anaerobic digestion." Mentions "A pretreatment phase is generally necessary to break down the crystalline structure of any type of plant biomass". It also mentions "milling aims instead at reducing the particle sizes". Later it says "The Hollander beater has never been used as mechanical pretreatment machine on seaweed biomass." and mentions it "was applied to seaweed biomass in batch mode". This implies the Hollander beater is the mechanical pretreatment for the algae.
    *   **2.1 Pretreatment machine characteristics:** "The machine is made of an elliptic water raceway equipped with a bladed drum spinning at 580 RPM." "blades and grooves exercise a cutting action". "High pressure and speed reached under the drum beat the mixture."
    *   **2.2 Feedstock composition:** No pretreatment here.
    *   **2.3 Inoculum:** No pretreatment here.
    *   **2.4 Bioreactors preparation:** Mentions nitrogen flushing, water-baths. Not a pretreatment for the substrate.
    *   **2.5 Experimental methodologies:**
        *   **Experiment 1:** "The machine was fed using 1 kg wet of each spp. of macroalgal biomass... 1 kg wet of each spp... After 10 min of pretreatment, each treated reactor is prepared with 200 ml of algal pulp... with 200 ml of sludge." The machine action is clear (Hollander beater).
        *   **Experiment 1:** "The machine was fed using 1 kg wet of each spp. of macroalgal biomass and 20 L of water... The machine was fed using 1 kg wet of each spp... After 10 min of pretreatment, each treated reactor is prepared with 200 ml of algal pulp...".
        *   **Experiment 1:** "The water-bath temperature was set at 37 °C throughout the fermentation."
        *   **Experiment 2:** "The pretreatment was carried out on 1.6 kg of wet biomass with 20 L of water." (This confirms the Hollander beater again).
        *   **2.4 Bioreactors preparation:** Mentions flushing nitrogen, water-baths. Not a pretreatment for substrate.
        *   **2.6 Design of experiment:** Mentions DOE (Box-Behnken design).
    *   **3.2 Model estimation:** Mentions "The experimental set up... biogas analyser...".
    *   **3.1 Biogas production:** "Results of the biogas collections... are presented in Table 3". "The machine was fed using 1 kg wet of each spp. of macroalgal biomass... After 10 min of pretreatment, each treated reactor is prepared with 200 ml of algal pulp...".
    *   **3.3 Biogas yield's optimisation:** Discusses DOE and RSM.
    *   **3.4 Energy balance evaluation:** Discusses energy consumption.
    *   **Conclusion:** Summarizes findings.

2.  **Distinguish pretreatments from other actions:**
    *   The text explicitly mentions "pretreatment machine characteristics" for the Hollander beater.
    *   It mentions "milling" in general context in the Introduction ("The extent of the inhibition depends on the type of substrate. Milling aims instead at reducing the particle sizes and leads to an increase of specific surface area available to microorganisms."). However, in the "Materials and methods", the *specific* treatment applied to the seaweed is the "Hollander beater".
    *   The text compares the Hollander beater to "thermal pretreatment" (mentioned generally in literature) and "milling" (mentioned as the most used mechanical technique).
    *   The study *specifically* tested "a Hollander beater pretreatment". The question asks for pretreatments *identified* in this article. The article is about the effects of mechanical pretreatment using a Hollander beater on macroalgae.
    *   There is mention of "sludge" as an inoculum and substrate for digestion, but pretreatments are mentioned for sludge in the literature context (e.g., "chemical and thermal treatments are mainly used... Neyens et al... hydrogen peroxide... Appels et al... ultrasound"). However, the question asks for pretreatments *applied to the substrates* in *this* study (mechanical pretreatment effects on macroalgae).
    *   Wait, I need to check if the text describes any *other* specific pretreatments applied in this specific study.
    *   In 2.1 it says: "The pre-treatment machine consists of a modified Hollander beater...".
    *   In 2.2 it describes feeding.
    *   In 2.4 it describes bioreactor prep (flushing).
    *   In 2.5 it describes fermentation conditions.
    *   It does NOT mention "ultrasound", "chemical (H2O2, lime, etc)", or "thermal" specific treatment for the algae in *this* study. It only mentions the Hollander beater.
    *   However, the text mentions "thermal pretreatment is very effective at enhancing both biogas yields and methane production, however due to its high temperature requirements... Milling aims instead at reducing the particle sizes and leads to an increase of specific surface area available to microorganisms...". These are general statements, not necessarily treatments performed *in this study*. The prompt asks to "Identify ALL the different pretreatments applied to the substrates, by consider ALL actions applied that affect the properties of the substrates, even if not mentioned as a pretreatment... Do not include drying, washing and freezing for storage." and "Group all variations of the same pretreatment type into a SINGLE entry".
    *   Does the study perform drying, washing, or freezing? No.
    *   Does the study perform thermal pretreatment? No.
    *   Does the study perform milling? No, the study specifically used the Hollander beater.
    *   Are there variations of the Hollander beater treatment mentioned in the DOE section? Yes, "Beating Time (BT) of treated biomass" levels: 0, 5, 10 min. "Level 0... untreated biomass." "Level 5... treated for 5 min". "Level 10... treated for 10 min". This is a variation of the pretreatment condition (beating time), but it's still the same *type* of pretreatment (Hollander beater mechanical pretreatment).
    *   So, the only specific pretreatment *action* identified is the **Hollander beater** (commination/mechanical comminution). The variable is the *time* of beating.
    *   Is there any other pretreatment mentioned? "Inoculum" (sludge) acts as a starter, not a pretreatment for the algae.
    *   There is a mention of "co-digestion with sludge". Sludge has pathogens reduced by "thermal treatment" in the literature review context but sludge was used as inoculum.
    *   So, strictly speaking, for the *substrates* (seaweed), the treatment performed is **Hollander beater**.
    *   Are there different pretreatment *types* described as being *applied*?
        *   The text states: "This paper investigates the improvements provided by a Hollander beater pretreatment."
        *   It compares treated vs untreated.
        *   It compares Laminaria vs others.
        *   It does not describe applying chemical (pH, enzymes) or thermal (high temp) or physical (milling, ultrasound) to the seaweed in the methodology for this study. It *is* about mechanical pretreatment using the Hollander beater.
    *   However, looking at the methodology: "The machine was fed using 1 kg wet... After 10 min of pretreatment, each treated reactor is prepared...".
    *   So the "type" is **Mechanical comminution (Hollander beater)**.
    *   Is there any other? No.
    *   Wait, the prompt asks to "Identify ALL the different pretreatments applied to the substrates". If the article only discusses one specific machine, then there is only one pretreatment type.
    *   However, I need to check if there are variations described as "different pretreatments".
    *   Section 2.1: "The pre-treatment machine consists of a modified Hollander beater...".
    *   Section 2.5: "The machine was fed using... After 10 min of pretreatment...".
    *   Section 2.6: "Level 0 of factor BT represents untreated biomass... Level 5... treated for 5 min... Level 10... treated for 10 min".
    *   Section 3.3: "The numerical solutions identified by design-expert were... BT = 10 min...".
    *   Section 3.4: "Energy balance assessment... at the optimum condition found in the RSM which is sample 12 (10 min)."
    *   So, the treatment is consistently "Hollander beater".
    *   Are there variations like "low frequency ultrasound treatment" (mentioned in literature review by Appels et al. in 2.3)? The text mentions Appels et al. [32] in the context of sludge ultrasound. "Sludge's particles disintegration was efficiently achieved by Appels et al. [32] with 40% extra biogas obtained for low frequency ultrasound treatment at 37 °C." This is cited for sludge, not algae.
    *   The study focuses on **Hollander beater**.
    *   Are there any *other* actions mentioned as a treatment *during sample preparation* that could be considered a pretreatment?
        *   2.2: "algal biomass has been collected... treated the same day".
        *   2.4: "flushed for 2 min... nitrogen...". Not a pretreatment for the biomass properties affecting digestibility, just cleaning.
        *   2.5: "The moisture content of both untreated and treated material has been calculated... drying random weights... drying 200 ml of macralgal pulp... at 105 °C...". Wait. "The drying was performed at 105 °C...". This is the method to determine moisture content, not to *treat* the algae to pretreat it before digestion (unless the drying is part of the process, but the prompt says "Do not include drying, washing and freezing for storage." in the context of identifying *pretreatments*). The prompt asks for pretreatments *applied to the substrates* to improve them. Drying for storage is excluded. The drying at 105°C to calculate moisture is a measurement method, not a pretreatment.
    *   So the only pretreatment is the **Hollander beater comminution/mechanical**.
    *   Wait, does the text describe "co-composting" or similar? No.
    *   Does it describe "ultrasound"? No, that's for sludge.
    *   So, is the answer just one pretreatment?
    *   Yes, the Hollander beater mechanical pretreatment.
    *   Wait, I need to be careful. The prompt says "Identify ALL the different pretreatments applied to the substrates, by consider ALL actions applied that affect the properties of the substrates, even if not mentioned as a pretreatment".
    *   Actions applied to substrates (excluding drying/washing/freezing):
        *   Mechanical comminution (Hollander beater).
    *   Are there variations mentioned as different types? "Level 0... untreated". "Level 5... treated 5 min". "Level 10... treated 10 min". These are variations of the *same* pretreatment type (Hollander beater) under different time conditions. So I should group them.
    *   Wait, is "Level 0" considered a pretreatment? No, it's untreated. The prompt asks for *pretreatments applied*.
    *   So, only "Hollander beater mechanical pretreatment".
    *   Wait, is there any other machine mentioned? "The machine is made of an elliptic water raceway".
    *   Is there any other chemical treatment? "Chemical and thermal treatments are mainly used for dewaterability...". No, the study didn't use them.
    *   Wait, I missed one thing. In 2.3, "A 25 L tank of sludge was collected...". This is the inoculum, not the substrate pretreatment.
    *   In 2.5, "The purpose of the first experiment is to identify whether a benefit in treating the material exists... The machine was fed using 1 kg wet of each spp. of macroalgal biomass...".
    *   Is there any mention of "pasting" or "pre-grating"? The text says "milling aims instead at reducing the particle sizes...". The study used the Hollander beater (which is a type of milling/breaking).
    *   So, "Hollander beater" is the specific machine name used.
    *   I should check if there are multiple distinct pretreatments mentioned as being *tested* in the study.
    *   The text says "A pretreatment phase is generally necessary... In this study indigenous Irish seaweeds have been considered as substrate for pretreatment prior to anaerobic digestion." Then "This paper investigates the improvements provided by a Hollander beater pretreatment." Then "In this study it has been applied to seaweed biomass in batch mode." Then "The energy balance assessment...". Then "2.1... Hollander beater...".
    *   So, the only pretreatment applied *in this study* is the Hollander beater.
    *   However, looking at the "Rules": "Group all variations of the same pretreatment type into a SINGLE entry, Do NOT split a pretreatment type into multiple entries based on minor condition changes."
    *   This implies if "Hollander beater" is applied at different times (10 min, 5 min), it's still the same pretreatment type, so one entry for "Hollander beater".
    *   Wait, what if the "sludge" pretreatment (chemical/thermal) is considered? The text mentions sludge in the context of sludge digestion, but in 2.3, sludge is the inoculum. In 2.5, it says "Inoculum Digester sludge...". It does not mention applying sludge pretreatments to the seaweed. It mentions "co-digestion with sludge". So sludge is not a pretreated substrate for the seaweed.
    *   Wait, is there any mention of "drying"? "The moisture content of both untreated and treated material has been calculated... drying random weights... drying 200 ml of macralgal pulp in both the experiments." "The moisture content of untreated samples is a weighted average determined by drying random weights." This is a measurement step to calculate moisture content, not a pretreatment to degrade structure before digestion (except for the Hollander beater which mechanically breaks).
    *   So, "Drying" is explicitly excluded by the rules ("only exclude... drying").
    *   So, just "Hollander beater".
    *   Is it possible the user wants me to identify the general category "mechanical pretreatment" as well as the specific machine?
    *   The text says "This paper investigates the improvements provided by a Hollander beater pretreatment."
    *   So, description should focus on the Hollander beater.
    *   Are there any other actions? "flushed for 2 min into the reactors to clear up any residual trace of oxygen". This is reactor prep, not substrate pretreatment.
    *   So, only "Hollander beater".
    *   Wait, looking closely at the text: "The machine is made of an elliptic water raceway equipped with a bladed drum spinning at 580 RPM... A bed-plate with sharp grooves is located under the rotating wheel...". This describes the machine.
    *   "milling" is mentioned as a general technique in the introduction ("The most used mechanical technique is milling"). "However, milling has high energy requirements...". The study used the Hollander beater instead of milling (since it says "The Hollander beater has never been used as mechanical pretreatment machine on seaweed biomass").
    *   So, the study only applies the Hollander beater.
    *   So there is only one pretreatment type.
    *   Wait, is there any variation in the *description* of the pretreatment?
    *   "Hollander beater pretreatment".
    *   Is there any other? No.
    *   Wait, I need to check if "co-digestion" with sludge counts as a pretreatment? No, co-digestion is the process.
    *   So, the result should be a list containing one pretreatment: The Hollander beater.
    *   Let me double check if the text mentions "pasting" or "pre-digestion" or "pre-treatment" that could be considered *another* type applied.
    *   "The Hollander beater has never been used as mechanical pretreatment machine on seaweed biomass... in this study it has been applied to seaweed biomass...".
    *   Okay, so it's definitely just the Hollander beater.
    *   Wait, could "sludge" be considered a pretreatment for the seaweed? No, sludge is used as *inoculum* and *substrate*.
    *   Wait, the prompt says "Identify ALL the different pretreatments applied to the substrates...". "Identify ALL the different pretreatments applied to the substrates". Substrate 1: Seaweed. Substrate 2: Sludge (used as inoculum).
    *   Does the study apply a pretreatment to Sludge?
    *   In the Intro: "A variety of pretreatments can be applied on sludge singularly or in combination with others... chemical and thermal treatments are mainly used for dewaterability...".
    *   In 2.1: "The pre-treatment machine consists of a modified Hollander beater".
    *   In 2.5: "The purpose of the first experiment is to identify whether a benefit in treating the material exists...". This refers to "treating the material" (Seaweed).
    *   So, Sludge is not pretreated *in this study*. It is used as an inoculum and substrate.
    *   So only Seaweed gets pretreated.
    *   The pretreatment is the **Hollander beater** mechanical pretreatment.
    *   I will describe it as "Hollander beater mechanical comminution".
    *   Wait, is there any variation of "beating time"? That's a *level*, not a *different* pretreatment type. So I should combine all 0, 5, 10 min into the "Hollander beater" entry.
    *   The prompt asks for "ALL the different pretreatments applied to the substrates".
    *   If I find one type, I list one type.
    *   If the study tested multiple *types* (e.g. chemical + mechanical), I'd list both. Here it's mechanical only.
    *   So, entry count: 1.
    *   Description: "Mechanical comminution using a Hollander beater machine (model Reina) equipped with a rotating elliptical water raceway and bladed drum. Action involves blades and grooves exerting a cutting action while the high pressure and speed reached under the drum beat the mixture, effectively breaking down the crystalline structure and reducing particle size."

    *   Wait, I need to check if I missed any *other* pretreatment mentioned as being *applied* to the substrates in the text *regardless* of whether it was tested or general knowledge.
    *   "In our study digester sludge has been used to inoculate batch digesters..."
    *   "However, the sludge itself can be used as substrate for anaerobic digestion purposes and it currently constitutes the main organic waste..."
    *   This confirms sludge is not pretreated for the study.
    *   "This paper investigates the improvements provided by a Hollander beater pretreatment."
    *   So, confirmed. Only Hollander beater.

    *   Wait, I need to make sure I don't miss "moisture content calculation". The prompt says "only exclude... drying, washing and freezing for storage".
    *   The text says "The moisture content of both untreated and treated material has been calculated... drying random weights... drying 200 ml of macralgal pulp... at 105 °C".
    *   This is drying to calculate moisture. This is not a pretreatment applied *to the substrates* to enhance digestion (it's a measurement step). So exclude it.

    *   So, just the Hollander beater.

    *   Wait, looking at 2.6 "Design of experiment (DOE)... second order polynomials were fitted...". No pretreatment mentioned.
    *   Looking at 2.3 "Inoculum". "Digester sludge was used as inoculum".
    *   Looking at 2.4 "Bioreactors preparation". "flushed for 2 min". Not pretreatment.

    *   So, I will structure the JSON with one entry.
    *   "id": 0 or 1? The prompt example shows "id":0 and "id":1.
    *   So I need an ID. I can use 0 for the only entry.
    *   Description needs to be precise and include information from the text.
    *   Action: Hollander beater.
    *   Description: Mechanical comminution using a Hollander beater model (Reina) with an elliptical water raceway and a bladed drum rotating at 580 RPM with a bed-plate having sharp grooves. The process uses high pressure and speed to beat the mixture while the blades and grooves exercise a cutting action to reduce particle sizes and increase specific surface area for microorganisms.

    *   Wait, one detail in the text: "Level 0 of factor BT represents untreated biomass." "Level 5... treated for 5 min". "Level 10... treated for 10 min".
    *   This confirms it's the same machine type.
    *   Wait, is there any mention of "co-digestion" as a pretreatment? No.
    *   Is there any mention of "thermal pretreatment" being applied? The text mentions it in literature review ("thermal pretreatment is very effective... However..."). It also says "This paper investigates the improvements provided by a Hollander beater pretreatment." It does not apply thermal pretreatment to the seaweed.
    *   So, only the mechanical comminution.

    *   Wait, does the text mention "ultrasound" for sludge? Yes, "Appels et al. [32]... ultrasound treatment at 37 °C." but it says "in this study it has been applied to seaweed biomass...". So it's a general reference, not the actual pretreatment for this study.
    *   So I must stick to what was *actually applied in this study*.
    *   So, only "Hollander beater".

    *   Let me check if "co-digestion" counts as a pretreatment step in some contexts. No, co-digestion is mixing two substrates.
    *   So, only the Hollander beater.

    *   Wait, looking at the instruction: "Group all variations of the same pretreatment type into a SINGLE entry".
    *   This suggests if there were 3 levels of the *same* machine, it should be one entry with the description including the levels? Or just the description.
    *   "Group all variations... into a SINGLE entry".
    *   So if there are 0 min, 5 min, 10 min, but all are Hollander beater, then I should list "Hollander beater" once.
    *   Wait, "Level 0 of factor BT represents untreated biomass".
    *   Does "untreated" count as a pretreatment variation? No, it's a control.
    *   The treatment is "Hollander beater".
    *   I will put the description focusing on the Hollander beater.

    *   One more check: "The energy balance assessment at laboratory scale...".
    *   "In our study digester sludge has been used to inoculate batch digesters with the necessary microorganisms. However, the sludge itself can be used as substrate for anaerobic digestion purposes...".
    *   "The purpose of the first experiment is to identify whether a benefit in treating the material exists...". This refers to the seaweed "treating the material".
    *   So, only seaweed gets pretreated.
    *   So, one entry.

    *   Wait, I need to check if there are any variations in "beating time" treated as a different pretreatment. The instruction says "Group all variations of the same pretreatment type into a SINGLE entry". So 0, 5, 10 min are all the same pretreatment type (Hollander beater) under different conditions. So one entry for "Hollander beater".

    *   Wait, I should check if the "machine" is considered a pretreatment machine. Yes, "Hollander beater pretreatment".
    *   So description should be "Hollander beater mechanical comminution".
    *   Details: Modified Hollander beater (model Reina), elliptic water raceway, bladed drum spinning at 580 RPM, bed-plate with sharp grooves, double functionality of cutting and gap reduction, high pressure and speed to beat mixture, blades and grooves exercise cutting action.

    *   I will formulate the JSON.
    *   I need to ensure I don't include the drying (moisture measurement) as a pretreatment, only exclude it if it's part of the "dry, wash, freeze" list which is "drying". The prompt says "only exclude the following 3 and nothing else:drying, washing and freezing for storage".
    *   So "drying" is explicitly excluded. The moisture calculation is not a pretreatment action.
    *   So, no "moisture drying".

    *   Wait, is there any "pasting" mentioned? No.
    *   Is there any "pre-grating"? No.
    *   So, just Hollander beater.

    *   Wait, I should consider if "sludge" pretreatment is relevant.
    *   "A variety of pretreatments can be applied on sludge singularly... with the goals of improving the methane yield... and sludge's dewaterability".
    *   "In our study... digester sludge has been used to inoculate batch digesters...".
    *   "However, the sludge itself can be used as substrate... and it currently constitutes the main organic waste...".
    *   The study *uses* the sludge. It *does not* apply pretreatment to the sludge *for this study*.
    *   Wait, "The purpose of the first experiment is to identify whether a benefit in treating the material exists...". This is for the algal biomass.
    *   "The second experiment aims to find the optimal levels of factors such as... sludge amount (SA) per reactor".
    *   So, no sludge pretreatment in this study.
    *   So, only Algae (Seaweed) pretreatment with Hollander beater.

    *   Okay, ready to write JSON.
2026-05-29 14:47:36,757 {
  "pretreatments": [
    {
      "id": 0,
      "description": "A Hollander beater mechanical pretreatment using a modified Hollander beater model (Reina) equipped with an elliptic water raceway and a bladed drum rotating at 580 RPM. The process involves a bed-plate with sharp grooves located under the rotating wheel that exercises a cutting action while high pressure and speed reach under the drum beat the mixture. The blades and grooves reduce particle sizes and increase specific surface area available for microorganisms, facilitating digestion."
    }
  ]
}
2026-05-29 14:48:45,883 HTTP Request: POST http://127.0.0.1:11434/api/generate "HTTP/1.1 200 OK"
2026-05-29 14:48:45,884 69 seconds of runtime
2026-05-29 14:48:45,884 Thinking Process:

1.  **Analyze the Request:**
    *   Input: A description of a "Hollander beater mechanical pretreatment" used in anaerobic digestion.
    *   Task: Identify which question (qid) from the provided list matches this description.
    *   Rules:
        *   Answer ONLY with the qid.
        *   If no match, answer with -1.
    *   Context: The treatment is a *pretreatment* of the substrate using a Hollander beater machine with specific mechanics (rotating wheel, bed-plate, cutting action).

2.  **Analyze the Description:**
    *   Mechanism: Modified Hollander beater model (Reina), elliptic water raceway, bladed drum.
    *   Rotation Speed: 580 RPM.
    *   Action: Bed-plate with sharp grooves (under the rotating wheel) exercises a cutting action while high pressure/speed reach under the drum.
    *   Effect: Reduce particle sizes, increase specific surface area, facilitate digestion (microorganisms).
    *   Type: Mechanical pretreatment.

3.  **Evaluate the Questions against the Description:**

    *   **Question 1 (qid 1):** "Does the methodology explicitly describe any physical process that mechanically alters the substrate (e.g., size reduction, structural disruption or similar)? Instructions for reasoning: 1.Identify any mechanical treatment... 2. Confirm that the mechanical treatment is applied to the substrate... 3. confirm it is a direct mechanical desintegration effect and not an indirect effect... 4. exclude freezing, or pressure to separate phases if that is the identified method 5.Answer 'true' if conditions are met, otherwise 'false'".
        *   **Analysis:**
            *   Is there mechanical treatment? Yes (Hollander beater, blades, grooves).
            *   Applied to substrate? Yes (substrate is the mixture).
            *   Direct mechanical desintegration? Yes (cutting action, grinding, milling logic).
            *   Excludes pressure/separation? The description says "high pressure and speed reach under the drum beat the mixture", but the primary action described is "exercise a cutting action... reduce particle sizes".
            *   This question asks "Does the methodology explicitly describe *any* physical process...". It is true.
            *   However, I need to check if the other questions in the list provide *better* matches, or if the instructions imply finding *the* specific qid where the question *is* "Does the article describe X".
            *   Wait, looking at the input format: It's a "question" list. The user wants me to identify *which* question the description fits.
            *   The description describes a *prevention* of the physical process. Wait, the question is asking "Does the methodology explicitly describe..."
            *   Let's check the other questions first.
        *   **Question 2 (qid 2):** Thermal pretreatment.
        *   **Question 3 (qid 3):** Ultrasound.
        *   **Question 4 (qid 4):** Pressure-based (except hydrothermal).
        *   **Question 5 (qid 5):** Electrical application.
        *   **Question 6 (qid 6):** Alkaline.
        *   **Question 7 (qid 7):** Acidic.
        *   **Question 8 (qid 8):** Oxidative.
        *   **Question 9 (qid 9):** Solvent.
        *   **Question 10 (qid 10):** Chemical (different from above).
        *   **Question 11 (qid 11):** Enzyme.
        *   **Question 12 (qid 12):** Fungi.
        *   **Question 13 (qid 13):** Microbial.
        *   **Question 14 (qid 14):** External organic material.
        *   **Question 58 (qid 58):** Microaerobic.
        *   **Question 15 (qid 15):** Nanoparticles (exclude photocatalysis).
        *   **Question 16 (qid 16):** Disinhibiting treatments (coagulants, biochar...).
        *   **Question 17 (qid 17):** Chelating agents.
        *   **Question 18 (qid 18):** Nutrients (exclude substrate/nutrient content/nano).
        *   **Reaction type:** The description talks about *mechanical pretreatment*. This matches Question 1's criteria, but Question 1 is a yes/no validation question ("Does it explicitly describe...").
        *   Wait, the prompt asks: "You must identify the treatment from the questions provided above, it is possible that the description doesnt fit any questions."
        *   The prompt asks me to "identify the treatment from the questions provided above". It implies I need to find the specific question number that addresses the description *directly* as a definition or yes/no match.
        *   Since the prompt asks "More specifically it refers to a pretreatment of the substrate. You must identify the treatment from the questions provided above..."
        *   Usually, in these tasks, if the text describes a specific treatment method (like mechanical grinding), and there is a question asking if that specific treatment is mentioned, I should look for that specific question (qid) if it matches.
        *   However, most questions in the list are Yes/No validation ("Does the methodology explicitly describe...").
        *   If the text describes mechanical pretreatment, the most fitting question is **qid 1** ("Does the methodology explicitly describe any physical process that mechanically alters the substrate...").
        *   Why?
            *   It mentions mechanical treatment.
            *   It mentions substrate alteration (size reduction).
            *   It mentions direct mechanical action.
            *   Question 1 explicitly checks for this.
            *   Questions 2-14 check specific types (thermal, ultrasound, pressure, electrical, etc.). Mechanical is the general category or distinct enough.
            *   Usually, for classification tasks where "identify the treatment from the questions" means "which question corresponds to this description", I need to check if the text *fits* the question content.
            *   The description is about a Hollander beater.
            *   Does it fit "Mechanical treatment"? Yes.
            *   Does it fit "Pressure-based"? Yes, "high pressure and speed reach under the drum beat the mixture". Wait, does it explicitly classify as mechanical? Yes, it says "mechanical pretreatment".
            *   Is there a specific qid for "mechanical treatment"?
            *   qid 1 covers "mechanical treatment (e.g., grinding, milling, shredding, mixing, physical disruption...)".
            *   The description says "bladed drum rotating... bed-plate... sharp grooves... exercises a cutting action". This fits "physical process that mechanically alters the substrate".
            *   Questions 2-14 check specific types. None of them (2-14) are "Mechanical Pretreatment".
            *   However, Q1 is the only one that broadly covers "physical process that mechanically alters the substrate".
            *   Is there a specific match for "Hollander beater" or "cutting action"? Q1 asks "Does it describe mechanical treatment?". The answer to this is "Yes". The description *is* a methodological description of this treatment.
            *   Therefore, qid 1 is the question that validates this description.
            *   Wait, looking at the structure of typical "Answer the question" prompts where the description is given and I must find the matching qid: If the description fits "mechanical", the qid is 1.
            *   Let's check if there are other candidates.
            *   Q15 (Nanoparticles) - No.
            *   Q6 (Alkaline) - No.
            *   Q7 (Acidic) - No.
            *   Q14 (Organic material) - No.
            *   Q20 (Batch reactor) - No (this is a type of digester, not pretreatment).
            *   The prompt asks: "identify the treatment from the questions provided above". This is slightly ambiguous. It could mean "find the qid where the answer to the question is 'true' (or relevant)". Given the instruction "ONLY answer with the qid of the question and nothing else", I must output a specific qid.
            *   Given the options, Q1 is the only one that addresses the nature of the treatment (physical/mechanical substrate alteration).
            *   Also, the prompt says "More specifically it refers to a pretreatment of the substrate." This aligns with Q1 ("mechanical treatment... applied to the substrate").
            *   So the answer is 1.

4.  **Double Check:**
    *   Question 1 asks: "Does the methodology explicitly describe any physical process that mechanically alters the substrate..."
    *   Description says: "A Hollander beater... equipped... process involves... exercises a cutting action... reduce particle sizes... increase specific surface area...".
    *   This is a direct match for "mechanical alteration of the substrate".
    *   So, Qid 1 is the correct identifier.

    *   Wait, is there a Qid that matches "Pretreatment" specifically as a general category?
    *   Q1 says "Does the methodology explicitly describe any physical process that mechanically alters the substrate (e.g., size reduction, structural disruption or similar)? ... Answer 'true' if conditions are met, otherwise 'false'".
    *   Since the description describes a mechanical pretreatment, it *does* explicitly describe this physical process. So the answer to the question "Does it...?" is "true".
    *   The task is to "identify the treatment from the questions provided above". This implies selecting the qid number.
    *   Usually, in such classification tasks, the input is the content, and the output is the question number that *best* fits or defines it.
    *   Q1 is the most comprehensive fit for "mechanical pretreatment" without specific exclusion (like Q2 for thermal, Q3 for ultrasound, Q14 for organic material).
    *   Wait, is there any possibility of qid 0? No.
    *   Is there any possibility of qid 58? No.
    *   Is there any possibility of qid 19? No.
    *   So, Qid 1 is the most logical answer.

    *   One caveat: Sometimes the instruction implies finding the specific Qid that *matches the text content* in a dataset context (e.g., Q1 is the question type, the text is the evidence). The text is about *mechanical pretreatment*. Q1 asks about mechanical pretreatment. Thus, Q1 is the match.
    *   Let's verify the instructions again: "ONLY answer with the qid of the question and nothing else".
    *   I will output "1".

    *   Wait, I need to ensure I didn't miss a Qid for "Hollander beater".
    *   Q1 includes "grinding, milling, shredding, mixing, physical disruption...". Hollander beater fits "physical disruption" and "shredding" (grinding particle sizes).
    *   Q22-C34... These are reactors.
    *   The prompt asks "identify the treatment from the questions provided above".
    *   Since Q1 is the only one that asks about the *mechanical nature* of the substrate treatment itself (as opposed to specific chemical/thermal agents), Q1 is the correct one.
    *   Wait, looking closer at Q1's instruction: "Instructions for reasoning: 1.Identify any mechanical treatment... 2. Confirm... 3. confirm it is a direct mechanical desintegration effect... 4. exclude freezing, or pressure... 5. Answer 'true' if conditions are met".
    *   The prompt asks me to "identify the treatment from the questions provided above".
    *   The description provided *is* the evidence. The question *is* the query.
    *   If the description matches Q1, then the answer to identify is 1.
    *   Why? Because the text describes the methodology of Q1's subject (mechanical pretreatment).
    *   Are there other specific treatment types listed in the other questions (Thermal, Ultrasound, Pressure, etc.)?
    *   No. The description is purely mechanical.
    *   Is it possible the answer is -1 because no specific question asks for "mechanical" (other than Q1)?
    *   No, Q1 is a general check for mechanical pretreatment. It is a valid match.
    *   I will select 1.

    *   Wait, I should check if there is a specific question for "Hollander". No.
    *   I should check if Q1 is the only one that covers "mechanical pretreatment". Yes.
    *   So, answer is 1.

    *   Wait, one more check. The prompt asks: "More specifically it refers to a pretreatment of the substrate. You must identify the treatment from the questions provided above".
    *   Does this imply I should output the Qid of the question that corresponds to the "treatment described above"?
    *   Yes.
    *   The treatment is Mechanical Pretreatment.
    *   Question 1 asks "Does the methodology explicitly describe any physical process that mechanically alters the substrate..."
    *   This matches perfectly.
    *   Answer: 1.

5.  **Final Confirmation:**
    *   Input: Description of mechanical pretreatment (Hollander beater).
    *   Task: Identify the matching Qid.
    *   Match: Qid 1 explicitly asks about mechanical treatment of the substrate.
    *   Output: 1.

    Wait, I need to be careful. Is it possible the instruction implies that since the description doesn't *fully* fit the Qid criteria (e.g., Q1 asks "Does it explicitly describe...", the answer depends on the text explicitly saying "mechanically alters substrate" etc., which the description does), I should answer 1?
    Yes, based on the provided text, the text *does* describe mechanical treatment.
    The instruction says: "You must identify the treatment from the questions provided above". This means I pick the question number.
    The only question that covers the core subject (mechanical pretreatment of substrate) is Q1.
    So, 1.

    One more check: Is it possible that "Q1" is the *type* of question and the "Additional_info" describes the context?
    Yes.
    The instruction says "Identify the treatment from the questions provided above".
    Since the description describes a mechanical pretreatment, Q1 is the one that asks about mechanical pretreatment.
    So 1.

    Wait, looking at the input, there is a `{'type': 'pretreatment'}` block in the JSON. This confirms it's a pretreatment question.
    The text says "A Hollander beater mechanical pretreatment".
    Q1 asks: "Does the methodology explicitly describe any physical process that mechanically alters the substrate...".
    This is the best fit.
    I will output 1.

    Wait, I should check if the prompt implies I need to answer the "Yes/No" or just the qid?
    "You must identify the treatment from the questions provided above, it is possible that the description doesnt fit any questions.
    rules:
    -ONLY answer with the qid of the question and nothing else"
    This means I output "1" or "-1".
    Since it fits, "1".

    Wait, one detail: The description mentions "High pressure and speed".
    Does that conflict with Q1?
    Q4 asks about Pressure-based pretreatment (exclude hydrothermal).
    Q1 says "mechanical treatment (e.g., grinding, milling, shredding, mixing, physical disruption...)"
    Q4 says "mechanical jet" but excludes pressure generated incidentally.
    The Hollander beater *does* use high pressure and speed. But Q1 is the catch-all for "mechanical treatment".
    Usually, in these classification tasks, "Mechanical Treatment" is the specific label here, which corresponds to Q1.
    Q4 is a subset of pressure-based. The description emphasizes "bladed drum... cutting action... mechanical pretreatment".
    Q1 is the broader correct category.
    So, 1.

    Final check: Does the description explicitly mention "mechanical treatment"? Yes ("mechanical pretreatment", "mechanically alters").
    So the answer is 1.

    Wait, is there any chance the answer is 19 (Disinhibition/Other treatments)? No.
    Is there any chance the answer is 15 (Nanoparticles)? No.
    Is there any chance the answer is 16 (Coagulants)? No.
    Is there any chance the answer is 20 (Batch reactor)? No.
    Is there any chance the answer is 1 (Mechanical)? Yes.

    Okay, I'm confident with 1.

    Wait, let me re-read the prompt carefully to ensure I'm not missing a nuance.
    "More speicifcally it refers to a pretreatment of the substrate. You must identify the treatment from the questions provided above"
    "rules: -ONLY answer with the qid of the question and nothing else"
    "if the description doesnt fit any questions answer with -1"
    The description fits Q1.
    So output 1.
    Wait, if the description fits the *topic* but not the *specific conditions* (e.g. if Q1 asks if it explicitly mentions "grinding" and it mentions "bladed drum", it still qualifies as mechanical treatment).
    Yes, "bladed drum" is physical process/mechanical treatment.
    So 1.

    Wait, I see "Additional_info" for type 'pretreatment' says: "Pretreatment should be understood as increasing bioavailability of the substrate, by some treatment before the incorporation in the digestion."
    This supports the intent.
    So Q1 (mechanical alteration of substrate) is the correct question.

    Decision: 1.
    Wait, I should check if there's a specific Qid for "Hollander beater". No.
    So Q1 is the only one that encompasses "mechanical".
    Okay.

    Wait, one last check. Is there any question that specifically mentions "Hollander"? No.
    So I must rely on the category.
    Category: Mechanical.
    Question about Mechanical: Q1.
    Answer: 1.

    Wait, is it possible that since the description *explicitly* describes the *methodology*, but the question asks "Does the methodology explicitly describe...", and the method is *mechanical*, then Q1 is the answer.
    The text says "mechanical pretreatment".
    The description says "bladed drum rotating... exercises a cutting action...".
    This fits Q1.
    So 1.

    Wait, I need to make sure I don't provide the qid as text, just the qid number.
    "ONLY answer with the qid of the question and nothing else"
    So just "1".
    If I output "Question 1" that is wrong.
    So just "1".
    Or if -1?
    "if the description doesnt fit any questions answer with -1"
    So "1" or "-1".

    Okay, I'm ready.
2026-05-29 14:48:45,884 1
2026-05-29 14:48:45,885 articletxt/752.txt
